******************************************************************************
            TI ARM Clang Linker PC v4.0.4                      
******************************************************************************
>> Linked Mon Jul 20 22:54:26 2026

OUTPUT FILE NAME:   <diansai2024.out>
ENTRY POINT SYMBOL: "_c_int00_noargs"  address: 00005129


MEMORY CONFIGURATION

         name            origin    length      used     unused   attr    fill
----------------------  --------  ---------  --------  --------  ----  --------
  FLASH                 00000000   00020000  00006968  00019698  R  X
  SRAM                  20200000   00008000  000007a5  0000785b  RW X
  BCR_CONFIG            41c00000   000000ff  00000000  000000ff  R   
  BSL_CONFIG            41c00100   00000080  00000000  00000080  R   


SEGMENT ALLOCATION MAP

run origin  load origin   length   init length attrs members
----------  ----------- ---------- ----------- ----- -------
00000000    00000000    000068b0   000068b0    r-x
  00000000    00000000    000000c0   000000c0    r-- .intvecs
  000000c0    000000c0    00005b30   00005b30    r-x .text
  00005bf0    00005bf0    00000cc0   00000cc0    r-- .rodata
00006910    00006910    00000058   00000058    r--
  00006910    00006910    00000048   00000048    r-- .cinit
  00006958    00006958    00000010   00000010    r-- .binit
20200000    20200000    00000548   00000000    rw-
  20200000    20200000    0000049d   00000000    rw- .bss
  202004a0    202004a0    000000a8   00000000    rw- .data
20200548    000068b0    00000060   00000060    r-x
  20200548    000068b0    00000060   00000060    r-x .TI.ramfunc
20207e00    20207e00    00000200   00000000    rw-
  20207e00    20207e00    00000200   00000000    rw- .stack


SECTION ALLOCATION MAP

 output                                  attributes/
section   page    origin      length       input sections
--------  ----  ----------  ----------   ----------------
.intvecs   0    00000000    000000c0     
                  00000000    000000c0     startup_mspm0g350x_ticlang.o (.intvecs)

.text      0    000000c0    00005b30     
                  000000c0    00000278     inv_mpu_dmp_motion_driver.o (.text.dmp_enable_feature)
                  00000338    00000238     inv_mpu_dmp_motion_driver.o (.text.dmp_set_tap_thresh)
                  00000570    00000234     key.o (.text.Key_Process)
                  000007a4    0000022c     inv_mpu.o (.text.mpu_reset_fifo)
                  000009d0    000001c0     ti_msp_dl_config.o (.text.SYSCFG_DL_GPIO_init)
                  00000b90    000001b4     pid.o (.text.PID_Calc)
                  00000d44    000001a0     inv_mpu.o (.text.mpu_set_bypass)
                  00000ee4    00000192     libclang_rt.builtins.a : adddf3.S.obj (.text.adddf3_subdf3)
                  00001076    00000002                            : aeabi_div0.c.obj (.text.__aeabi_idiv0)
                  00001078    00000188     No_Mcu_Ganv_Grayscale_Sensor.o (.text.No_MCU_Ganv_Sensor_Init)
                  00001200    00000178     inv_mpu_dmp_motion_driver.o (.text.dmp_set_orientation)
                  00001378    00000144     mpu6050.o (.text.MPU6050_Init)
                  000014bc    00000138     trace.o (.text.Control)
                  000015f4    00000134     mspm0_i2c.o (.text.mspm0_i2c_read)
                  00001728    00000130     trace.o (.text.Motor_Ctrl)
                  00001858    00000130     inv_mpu.o (.text.mpu_set_sensors)
                  00001988    00000128     inv_mpu.o (.text.mpu_init)
                  00001ab0    00000124     inv_mpu.o (.text.mpu_load_firmware)
                  00001bd4    0000010c     libclang_rt.builtins.a : divdf3.S.obj (.text.__divdf3)
                  00001ce0    00000104     driverlib.a : dl_timer.o (.text.DL_Timer_initFourCCPWMMode)
                  00001de4    00000100     inv_mpu.o (.text.mpu_lp_accel_mode)
                  00001ee4    000000fc     driverlib.a : dl_timer.o (.text.DL_Timer_initTimerMode)
                  00001fe0    000000fc     trace.o (.text.Trace_init)
                  000020dc    000000ec     inv_mpu.o (.text.mpu_set_sample_rate)
                  000021c8    000000e4     libclang_rt.builtins.a : muldf3.S.obj (.text.__muldf3)
                  000022ac    000000e4     inv_mpu.o (.text.mpu_set_accel_fsr)
                  00002390    000000d8     driverlib.a : dl_flashctl.o (.text.DL_FlashCTL_unprotectSector)
                  00002468    000000d8     libclang_rt.builtins.a : addsf3.S.obj (.text)
                  00002540    000000d4     inv_mpu.o (.text.set_int_enable)
                  00002614    000000d0     inv_mpu.o (.text.mpu_set_lpf)
                  000026e4    000000cc     motor.o (.text.Motor_Speed_Get)
                  000027b0    000000c4     inv_mpu.o (.text.mpu_set_gyro_fsr)
                  00002874    000000c4     mspm0_i2c.o (.text.mspm0_i2c_write)
                  00002938    000000bc     inv_mpu.o (.text.mpu_configure_fifo)
                  000029f4    000000b8     No_Mcu_Ganv_Grayscale_Sensor.o (.text.Get_Analog_value)
                  00002aac    000000b8     inv_mpu.o (.text.mpu_set_dmp_state)
                  00002b64    000000b4     trace.o (.text.GROUP1_IRQHandler)
                  00002c18    000000b4     flash.o (.text.writeToFlash)
                  00002ccc    000000b0     ti_msp_dl_config.o (.text.SYSCFG_DL_initPower)
                  00002d7c    000000ac     inv_mpu.o (.text.mpu_read_mem)
                  00002e28    000000ac     inv_mpu.o (.text.mpu_write_mem)
                  00002ed4    000000aa     No_Mcu_Ganv_Grayscale_Sensor.o (.text.normalizeAnalogValues)
                  00002f7e    00000002     --HOLE-- [fill = 0]
                  00002f80    000000a0     motor.o (.text.Motor_Encoder_Update)
                  00003020    0000009c     inv_mpu.o (.text.mpu_set_int_latched)
                  000030bc    00000098     inv_mpu_dmp_motion_driver.o (.text.dmp_set_fifo_rate)
                  00003154    00000098     main.o (.text.main)
                  000031ec    00000096     mpu6050.o (.text.inv_row_2_scale)
                  00003282    00000002     --HOLE-- [fill = 0]
                  00003284    00000090     trace.o (.text.Calculate_Position_Error)
                  00003314    00000090     motor.o (.text.Motor_Driver)
                  000033a4    00000090     motor.o (.text.Motor_Init)
                  00003434    0000008c     encoder.o (.text.Encoder_HandleGPIOA)
                  000034c0    0000008c     ti_msp_dl_config.o (.text.SYSCFG_DL_PWM_MOTOR_init)
                  0000354c    0000008c     libclang_rt.builtins.a : mulsf3.S.obj (.text.__mulsf3)
                  000035d8    00000088     adc.o (.text.adc_getValue)
                  00003660    00000084     clock.o (.text.__NVIC_SetPriority)
                  000036e4    00000084     ti_msp_dl_config.o (.text.__NVIC_SetPriority)
                  00003768    00000082     libclang_rt.builtins.a : divsf3.S.obj (.text.__divsf3)
                  000037ea    00000002     --HOLE-- [fill = 0]
                  000037ec    00000080     led.o (.text.LED_setAll)
                  0000386c    0000007c     encoder.o (.text.Encoder_Init)
                  000038e8    0000007c     libc.a : copy_decompress_lzss.c.obj (.text:decompress:lzss)
                  00003964    00000074     libclang_rt.builtins.a : comparedf2.c.obj (.text.__gedf2)
                  000039d8    00000008     ti_msp_dl_config.o (.text.SYSCFG_DL_DMA_init)
                  000039e0    00000074     libclang_rt.builtins.a : truncdfsf2.S.obj (.text.__truncdfsf2)
                  00003a54    00000074     inv_mpu.o (.text.mpu_get_accel_fsr)
                  00003ac8    00000072     No_Mcu_Ganv_Grayscale_Sensor.o (.text.No_MCU_Ganv_Sensor_Init_Frist)
                  00003b3a    00000002     --HOLE-- [fill = 0]
                  00003b3c    0000006c     ti_msp_dl_config.o (.text.SYSCFG_DL_ADC_VOLTAGE_init)
                  00003ba8    0000006c     No_Mcu_Ganv_Grayscale_Sensor.o (.text.convertAnalogToDigital)
                  00003c14    00000068     libclang_rt.builtins.a : comparedf2.c.obj (.text.__ledf2)
                  00003c7c    00000066     inv_mpu_dmp_motion_driver.o (.text.dmp_set_tap_axes)
                  00003ce2    00000002     --HOLE-- [fill = 0]
                  00003ce4    00000064     ti_msp_dl_config.o (.text.DL_ADC12_initSingleSample)
                  00003d48    00000062     libclang_rt.builtins.a : aeabi_dcmp.S.obj (.text.__aeabi_dcmp)
                  00003daa    00000002     --HOLE-- [fill = 0]
                  00003dac    00000062                            : aeabi_fcmp.S.obj (.text.__aeabi_fcmp)
                  00003e0e    00000002     --HOLE-- [fill = 0]
                  00003e10    00000060     inv_mpu_dmp_motion_driver.o (.text.dmp_enable_gyro_cal)
                  00003e70    00000060     mspm0_i2c.o (.text.mpu6050_i2c_sda_unlock)
                  00003ed0    00000060     inv_mpu.o (.text.mpu_get_gyro_fsr)
                  00003f30    0000005e     driverlib.a : dl_i2c.o (.text.DL_I2C_fillControllerTXFIFO)
                  00003f8e    00000002     --HOLE-- [fill = 0]
                  00003f90    0000005c     mspm0_i2c.o (.text.mspm0_i2c_enable)
                  00003fec    00000058     ti_msp_dl_config.o (.text.SYSCFG_DL_I2C_MPU6050_init)
                  00004044    00000058     ti_msp_dl_config.o (.text.SYSCFG_DL_I2C_OLED_init)
                  0000409c    00000058     key.o (.text.adjust_white_black)
                  000040f4    00000056     libclang_rt.builtins.a : aeabi_idivmod.S.obj (.text.__aeabi_idivmod)
                  0000414a    00000002     --HOLE-- [fill = 0]
                  0000414c    00000054     ti_msp_dl_config.o (.text.SYSCFG_DL_init)
                  000041a0    00000050     mspm0_i2c.o (.text.DL_GPIO_initPeripheralInputFunctionFeatures)
                  000041f0    00000050     ti_msp_dl_config.o (.text.DL_GPIO_initPeripheralInputFunctionFeatures)
                  00004240    00000050     mspm0_i2c.o (.text.DL_I2C_startControllerTransfer)
                  00004290    00000050     pid.o (.text.PID_Init)
                  000042e0    00000050     clock.o (.text.SysTick_Config)
                  00004330    00000050     ti_msp_dl_config.o (.text.SysTick_Config)
                  00004380    0000004c     driverlib.a : dl_dma.o (.text.DL_DMA_initChannel)
                  000043cc    0000004c     mspm0_i2c.o (.text.DL_GPIO_initDigitalInputFeatures)
                  00004418    0000004c     ti_msp_dl_config.o (.text.DL_GPIO_initDigitalInputFeatures)
                  00004464    0000004c     ti_msp_dl_config.o (.text.DL_UART_setBaudRateDivisor)
                  000044b0    0000004c     libc.a : cpy_tbl.c.obj (.text.copy_in)
                  000044fc    0000004c            : autoinit.c.obj (.text:__TI_auto_init_nopinit)
                  00004548    0000004a     ti_msp_dl_config.o (.text.DL_ADC12_configConversionMem)
                  00004592    00000002     --HOLE-- [fill = 0]
                  00004594    0000004a     libclang_rt.builtins.a : fixdfsi.S.obj (.text.__fixdfsi)
                  000045de    00000002     --HOLE-- [fill = 0]
                  000045e0    00000048     driverlib.a : dl_uart.o (.text.DL_UART_init)
                  00004628    00000048     ti_msp_dl_config.o (.text.SYSCFG_DL_UART_0_init)
                  00004670    00000048     inv_mpu_dmp_motion_driver.o (.text.dmp_enable_6x_lp_quat)
                  000046b8    00000048     inv_mpu_dmp_motion_driver.o (.text.dmp_enable_lp_quat)
                  00004700    00000048     mspm0_i2c.o (.text.mspm0_i2c_disable)
                  00004748    00000044     pid.o (.text.LimitMax)
                  0000478c    00000044     inv_mpu_dmp_motion_driver.o (.text.dmp_set_shake_reject_thresh)
                  000047d0    00000044     inv_mpu_dmp_motion_driver.o (.text.dmp_set_tap_count)
                  00004814    00000042     No_Mcu_Ganv_Grayscale_Sensor.o (.text.No_Mcu_Ganv_Sensor_Task_Without_tick)
                  00004856    00000002     --HOLE-- [fill = 0]
                  00004858    00000040     driverlib.a : dl_adc12.o (.text.DL_ADC12_setClockConfig)
                  00004898    00000040     ti_msp_dl_config.o (.text.SYSCFG_DL_UART_1_init)
                  000048d8    00000040     libclang_rt.builtins.a : aeabi_uidivmod.S.obj (.text.__aeabi_uidivmod)
                  00004918    00000040                            : extendsfdf2.S.obj (.text.__extendsfdf2)
                  00004958    0000003e     mpu6050.o (.text.inv_orientation_matrix_to_scalar)
                  00004996    00000002     --HOLE-- [fill = 0]
                  00004998    0000003c     driverlib.a : dl_i2c.o (.text.DL_I2C_flushControllerTXFIFO)
                  000049d4    0000003c     ti_msp_dl_config.o (.text.DL_Timer_setCounterControl)
                  00004a10    0000003c     No_Mcu_Ganv_Grayscale_Sensor.o (.text.Get_Anolog_Value)
                  00004a4c    0000003c     led.o (.text.LED_KEY_Blink_Update)
                  00004a88    0000003c     libclang_rt.builtins.a : floatsisf.S.obj (.text.__floatsisf)
                  00004ac4    0000003c                            : comparesf2.S.obj (.text.__gtsf2)
                  00004b00    0000003c     clock.o (.text.mspm0_delay_ms)
                  00004b3c    0000003c     uart.o (.text.uart0_send_string)
                  00004b78    0000003a     libclang_rt.builtins.a : comparesf2.S.obj (.text.__eqsf2)
                  00004bb2    00000002     --HOLE-- [fill = 0]
                  00004bb4    0000003a                            : muldsi3.S.obj (.text.__muldsi3)
                  00004bee    00000038     motor.o (.text.Motor_Pid_Init)
                  00004c26    00000002     --HOLE-- [fill = 0]
                  00004c28    00000038     libclang_rt.builtins.a : fixsfsi.S.obj (.text.__fixsfsi)
                  00004c60    00000034     led.o (.text.LED_off)
                  00004c94    00000034     led.o (.text.LED_toggle)
                  00004cc8    00000034     inv_mpu.o (.text.mpu_get_sample_rate)
                  00004cfc    00000034     flash.o (.text.readBlackFromFlash)
                  00004d30    00000034     flash.o (.text.readWhiteFromFlash)
                  00004d64    00000032     ti_msp_dl_config.o (.text.SYSCFG_DL_SYSCTL_init)
                  00004d96    00000032     inv_mpu_dmp_motion_driver.o (.text.dmp_set_shake_reject_time)
                  00004dc8    00000032     inv_mpu_dmp_motion_driver.o (.text.dmp_set_shake_reject_timeout)
                  00004dfa    00000002     --HOLE-- [fill = 0]
                  00004dfc    00000030     ti_msp_dl_config.o (.text.DL_DMA_setTransferSize)
                  00004e2c    00000030     inv_mpu_dmp_motion_driver.o (.text.dmp_set_tap_time)
                  00004e5c    00000030     inv_mpu_dmp_motion_driver.o (.text.dmp_set_tap_time_multi)
                  00004e8c    0000002c     ti_msp_dl_config.o (.text.DL_ADC12_setDMASamplesCnt)
                  00004eb8    0000002c     flash.o (.text.DL_FlashCTL_waitForCmdDone)
                  00004ee4    0000002c     ti_msp_dl_config.o (.text.SYSCFG_DL_TIMER_Encoder_init)
                  00004f10    0000002c     main.o (.text.__NVIC_EnableIRQ)
                  00004f3c    0000002c     libclang_rt.builtins.a : floatsidf.S.obj (.text.__floatsidf)
                  00004f68    0000002c     clock.o (.text.mspm0_get_clock_ms)
                  00004f94    0000002c     uart.o (.text.uart0_send_char)
                  00004fc0    00000028     mspm0_i2c.o (.text.DL_Common_updateReg)
                  00004fe8    00000028     ti_msp_dl_config.o (.text.DL_Common_updateReg)
                  00005010    00000028     main.o (.text.DL_DMA_setDestAddr)
                  00005038    00000028     main.o (.text.DL_DMA_setSrcAddr)
                  00005060    00000028     ti_msp_dl_config.o (.text.DL_I2C_setControllerRXFIFOThreshold)
                  00005088    00000028     ti_msp_dl_config.o (.text.DL_I2C_setControllerTXFIFOThreshold)
                  000050b0    00000028     ti_msp_dl_config.o (.text.SYSCFG_DL_DMA_CH0_init)
                  000050d8    00000028     delay.o (.text.Tick_delay)
                  00005100    00000028     libclang_rt.builtins.a : floatunsisf.S.obj (.text.__floatunsisf)
                  00005128    00000028     libc.a : boot_cortex_m.c.obj (.text:_c_int00_noargs)
                  00005150    00000026     main.o (.text.DL_DMA_enableChannel)
                  00005176    00000026     ti_msp_dl_config.o (.text.DL_I2C_setAnalogGlitchFilterPulseWidth)
                  0000519c    00000026     driverlib.a : dl_i2c.o (.text.DL_I2C_setClockConfig)
                  000051c2    00000002     --HOLE-- [fill = 0]
                  000051c4    00000024                 : dl_flashctl.o (.text.DL_FlashCTL_programMemoryFromRAM64)
                  000051e8    00000024     libclang_rt.builtins.a : floatunsidf.S.obj (.text.__floatunsidf)
                  0000520c    00000020     ti_msp_dl_config.o (.text.DL_GPIO_initPeripheralInputFunction)
                  0000522c    00000020     encoder.o (.text.Encoder_GetDelta)
                  0000524c    00000020     encoder.o (.text.Encoder_HandleGPIOB)
                  0000526c    00000020     libc.a : memcmp.c.obj (.text.memcmp)
                  0000528c    0000001e     ti_msp_dl_config.o (.text.DL_UART_setOversampling)
                  000052aa    0000001e     motor.o (.text.Motor_Calc)
                  000052c8    0000001e     delay.o (.text.delay_us)
                  000052e6    00000002     --HOLE-- [fill = 0]
                  000052e8    0000001c     ti_msp_dl_config.o (.text.DL_ADC12_enableDMA)
                  00005304    0000001c     ti_msp_dl_config.o (.text.DL_ADC12_enableDMATrigger)
                  00005320    0000001c     main.o (.text.DL_ADC12_startConversion)
                  0000533c    0000001c     encoder.o (.text.DL_GPIO_clearInterruptStatus)
                  00005358    0000001c     ti_msp_dl_config.o (.text.DL_GPIO_clearInterruptStatus)
                  00005374    0000001c     trace.o (.text.DL_GPIO_clearInterruptStatus)
                  00005390    0000001c     encoder.o (.text.DL_GPIO_disableInterrupt)
                  000053ac    0000001c     mspm0_i2c.o (.text.DL_GPIO_enableHiZ)
                  000053c8    0000001c     ti_msp_dl_config.o (.text.DL_GPIO_enableHiZ)
                  000053e4    0000001c     encoder.o (.text.DL_GPIO_enableInterrupt)
                  00005400    0000001c     ti_msp_dl_config.o (.text.DL_GPIO_enableInterrupt)
                  0000541c    0000001c     ti_msp_dl_config.o (.text.DL_GPIO_initPeripheralOutputFunction)
                  00005438    0000001c     ti_msp_dl_config.o (.text.DL_GPIO_setLowerPinsPolarity)
                  00005454    0000001c     mpu6050.o (.text.DL_I2C_getSDAStatus)
                  00005470    0000001c     mspm0_i2c.o (.text.DL_I2C_isControllerRXFIFOEmpty)
                  0000548c    0000001c     ti_msp_dl_config.o (.text.DL_SYSCTL_setMCLKDivider)
                  000054a8    0000001c     ti_msp_dl_config.o (.text.DL_SYSCTL_setSYSOSCFreq)
                  000054c4    0000001c     ti_msp_dl_config.o (.text.DL_SYSCTL_setULPCLKDivider)
                  000054e0    0000001c     driverlib.a : dl_timer.o (.text.DL_Timer_setCaptCompUpdateMethod)
                  000054fc    0000001c                 : dl_timer.o (.text.DL_Timer_setClockConfig)
                  00005518    0000001c     ti_msp_dl_config.o (.text.DL_UART_enableInterrupt)
                  00005534    0000001c     inv_mpu_dmp_motion_driver.o (.text.dmp_load_motion_driver_firmware)
                  00005550    00000018     ti_msp_dl_config.o (.text.DL_ADC12_enablePower)
                  00005568    00000018     ti_msp_dl_config.o (.text.DL_ADC12_reset)
                  00005580    00000018     ti_msp_dl_config.o (.text.DL_ADC12_setSampleTime0)
                  00005598    00000018     driverlib.a : dl_flashctl.o (.text.DL_FlashCTL_eraseMemoryFromRAM)
                  000055b0    00000018     mspm0_i2c.o (.text.DL_GPIO_enableOutput)
                  000055c8    00000018     ti_msp_dl_config.o (.text.DL_GPIO_enableOutput)
                  000055e0    00000018     ti_msp_dl_config.o (.text.DL_GPIO_enablePower)
                  000055f8    00000018     mspm0_i2c.o (.text.DL_GPIO_initDigitalOutput)
                  00005610    00000018     ti_msp_dl_config.o (.text.DL_GPIO_initDigitalOutput)
                  00005628    00000018     ti_msp_dl_config.o (.text.DL_GPIO_reset)
                  00005640    00000018     No_Mcu_Ganv_Grayscale_Sensor.o (.text.DL_GPIO_setPins)
                  00005658    00000018     led.o (.text.DL_GPIO_setPins)
                  00005670    00000018     motor.o (.text.DL_GPIO_setPins)
                  00005688    00000018     mspm0_i2c.o (.text.DL_GPIO_setPins)
                  000056a0    00000018     trace.o (.text.DL_GPIO_setPins)
                  000056b8    00000018     ti_msp_dl_config.o (.text.DL_GPIO_setUpperPinsPolarity)
                  000056d0    00000018     led.o (.text.DL_GPIO_togglePins)
                  000056e8    00000018     mspm0_i2c.o (.text.DL_I2C_clearInterruptStatus)
                  00005700    00000018     ti_msp_dl_config.o (.text.DL_I2C_enableAnalogGlitchFilter)
                  00005718    00000018     ti_msp_dl_config.o (.text.DL_I2C_enableController)
                  00005730    00000018     ti_msp_dl_config.o (.text.DL_I2C_enableControllerClockStretching)
                  00005748    00000018     mspm0_i2c.o (.text.DL_I2C_enablePower)
                  00005760    00000018     ti_msp_dl_config.o (.text.DL_I2C_enablePower)
                  00005778    00000018     mspm0_i2c.o (.text.DL_I2C_getRawInterruptStatus)
                  00005790    00000018     mspm0_i2c.o (.text.DL_I2C_reset)
                  000057a8    00000018     ti_msp_dl_config.o (.text.DL_I2C_reset)
                  000057c0    00000018     ti_msp_dl_config.o (.text.DL_I2C_setTimerPeriod)
                  000057d8    00000018     ti_msp_dl_config.o (.text.DL_SYSCTL_setBORThreshold)
                  000057f0    00000018     ti_msp_dl_config.o (.text.DL_Timer_enablePower)
                  00005808    00000018     ti_msp_dl_config.o (.text.DL_Timer_reset)
                  00005820    00000018     driverlib.a : dl_timer.o (.text.DL_Timer_setCaptureCompareOutCtl)
                  00005838    00000018     motor.o (.text.DL_Timer_startCounter)
                  00005850    00000018     ti_msp_dl_config.o (.text.DL_UART_enablePower)
                  00005868    00000018     uart.o (.text.DL_UART_isBusy)
                  00005880    00000018     ti_msp_dl_config.o (.text.DL_UART_reset)
                  00005898    00000018     led.o (.text.LED_KEY_Blink_Start)
                  000058b0    00000016     ti_msp_dl_config.o (.text.DL_ADC12_enableConversions)
                  000058c6    00000016     encoder.o (.text.DL_GPIO_readPins)
                  000058dc    00000016     key.o (.text.DL_GPIO_readPins)
                  000058f2    00000016     mspm0_i2c.o (.text.DL_GPIO_readPins)
                  00005908    00000016     trace.o (.text.DL_GPIO_readPins)
                  0000591e    00000016     mspm0_i2c.o (.text.DL_I2C_transmitControllerData)
                  00005934    00000016     ti_msp_dl_config.o (.text.DL_UART_enable)
                  0000594a    00000016     uart.o (.text.DL_UART_transmitData)
                  00005960    00000014     No_Mcu_Ganv_Grayscale_Sensor.o (.text.DL_GPIO_clearPins)
                  00005974    00000014     led.o (.text.DL_GPIO_clearPins)
                  00005988    00000014     motor.o (.text.DL_GPIO_clearPins)
                  0000599c    00000014     mspm0_i2c.o (.text.DL_GPIO_clearPins)
                  000059b0    00000014     ti_msp_dl_config.o (.text.DL_GPIO_clearPins)
                  000059c4    00000014     mspm0_i2c.o (.text.DL_I2C_getControllerStatus)
                  000059d8    00000014     mspm0_i2c.o (.text.DL_I2C_receiveControllerData)
                  000059ec    00000014     ti_msp_dl_config.o (.text.DL_I2C_resetControllerTransfer)
                  00005a00    00000014     ti_msp_dl_config.o (.text.DL_SYSCTL_disableSYSPLL)
                  00005a14    00000014     ti_msp_dl_config.o (.text.DL_Timer_enableClock)
                  00005a28    00000014     ti_msp_dl_config.o (.text.DL_Timer_setCCPDirection)
                  00005a3c    00000014     led.o (.text.LED_KEY_Blink_SetInterval)
                  00005a50    00000014     led.o (.text.LED_KEY_Blink_Stop)
                  00005a64    00000014     delay.o (.text.SysTick_Handler)
                  00005a78    00000014     clock.o (.text.SysTick_Init)
                  00005a8c    00000014     inv_mpu_dmp_motion_driver.o (.text.dmp_register_android_orient_cb)
                  00005aa0    00000014     inv_mpu_dmp_motion_driver.o (.text.dmp_register_tap_cb)
                  00005ab4    00000012     trace.o (.text.DL_GPIO_getPendingInterrupt)
                  00005ac6    00000012     driverlib.a : dl_uart.o (.text.DL_UART_setClockConfig)
                  00005ad8    00000012     libc.a : memcpy16.S.obj (.text:TI_memcpy_small)
                  00005aea    00000012            : copy_decompress_none.c.obj (.text:decompress:none)
                  00005afc    00000010     ti_msp_dl_config.o (.text.DL_SYSCTL_disableHFXT)
                  00005b0c    00000010     motor.o (.text.DL_Timer_getTimerCount)
                  00005b1c    00000010     driverlib.a : dl_timer.o (.text.DL_Timer_setCaptureCompareValue)
                  00005b2c    00000010     delay.o (.text.Tick_SysTickCallback)
                  00005b3c    00000010     libc.a : copy_zero_init.c.obj (.text:decompress:ZI)
                  00005b4c    0000000e     No_Mcu_Ganv_Grayscale_Sensor.o (.text.Get_Digtal_For_User)
                  00005b5a    0000000e     mpu6050.o (.text.tap_cb)
                  00005b68    0000000e     libc.a : memset16.S.obj (.text:TI_memset_small)
                  00005b76    0000000c     ti_msp_dl_config.o (.text.SYSCFG_DL_SYSTICK_init)
                  00005b82    00000002     --HOLE-- [fill = 0]
                  00005b84    0000000c     libclang_rt.builtins.a : aeabi_memset.S.obj (.text.__aeabi_memclr)
                  00005b90    0000000a     driverlib.a : dl_common.o (.text.DL_Common_delayCycles)
                  00005b9a    0000000a     led.o (.text.LED_init)
                  00005ba4    0000000a     mpu6050.o (.text.android_orient_cb)
                  00005bae    00000002     --HOLE-- [fill = 0]
                  00005bb0    00000008     libclang_rt.builtins.a : aeabi_memcpy.S.obj (.text.__aeabi_memcpy)
                  00005bb8    00000006     libc.a : exit.c.obj (.text:abort)
                  00005bbe    00000004     startup_mspm0g350x_ticlang.o (.text.Default_Handler)
                  00005bc2    00000004     libsysbm.a : hostexit.c.obj (.text.HOSTexit)
                  00005bc6    00000004     startup_mspm0g350x_ticlang.o (.text.Reset_Handler)
                  00005bca    00000002     --HOLE-- [fill = 0]
                  00005bcc    00000010     libc.a : boot_cortex_m.c.obj (.tramp._c_int00_noargs.1)
                  00005bdc    00000004            : pre_init.c.obj (.text._system_pre_init)
                  00005be0    00000010     driverlib.a : dl_flashctl.o (.tramp.DL_FlashCTL_executeCommandFromRAM.1)

.TI.ramfunc 
*          0    000068b0    00000060     RUN ADDR = 20200548
                  000068b0    00000060     driverlib.a : dl_flashctl.o (.TI.ramfunc)

.cinit     0    00006910    00000048     
                  00006910    00000022     (.cinit..data.load) [load image, compression = lzss]
                  00006932    00000002     --HOLE-- [fill = 0]
                  00006934    0000000c     (__TI_handler_table)
                  00006940    00000008     (.cinit..bss.load) [load image, compression = zero_init]
                  00006948    00000010     (__TI_cinit_table)

.rodata    0    00005bf0    00000cc0     
                  00005bf0    00000bf6     inv_mpu_dmp_motion_driver.o (.rodata.dmp_memory)
                  000067e6    00000002     ti_msp_dl_config.o (.rodata.gI2C_MPU6050ClockConfig)
                  000067e8    00000028     inv_mpu.o (.rodata.test)
                  00006810    0000001e     inv_mpu.o (.rodata.reg)
                  0000682e    00000002     ti_msp_dl_config.o (.rodata.gI2C_OLEDClockConfig)
                  00006830    00000018     ti_msp_dl_config.o (.rodata.gDMA_CH0Config)
                  00006848    00000014     ti_msp_dl_config.o (.rodata.gTIMER_EncoderTimerConfig)
                  0000685c    00000012     main.o (.rodata.str1.15159059442110792349.1)
                  0000686e    0000000c     inv_mpu.o (.rodata.hw)
                  0000687a    0000000a     ti_msp_dl_config.o (.rodata.gUART_0Config)
                  00006884    0000000a     ti_msp_dl_config.o (.rodata.gUART_1Config)
                  0000688e    00000002     ti_msp_dl_config.o (.rodata.gUART_0ClockConfig)
                  00006890    00000008     ti_msp_dl_config.o (.rodata.gADC_VOLTAGEClockConfig)
                  00006898    00000008     ti_msp_dl_config.o (.rodata.gPWM_MOTORConfig)
                  000068a0    00000004     led.o (.rodata.LED_PINS)
                  000068a4    00000004     trace.o (.rodata.str1.3042740987211059966.1)
                  000068a8    00000003     ti_msp_dl_config.o (.rodata.gPWM_MOTORClockConfig)
                  000068ab    00000003     ti_msp_dl_config.o (.rodata.gTIMER_EncoderClockConfig)
                  000068ae    00000002     ti_msp_dl_config.o (.rodata.gUART_1ClockConfig)

.init_array 
*          0    00000000    00000000     UNINITIALIZED

.binit     0    00006958    00000010     
                  00006958    00000010     (.binit)

.bss       0    20200000    0000049d     UNINITIALIZED
                  20200000    000000bc     (.common:gPWM_MOTORBackup)
                  202000bc    000000bc     (.common:gTIMER_EncoderBackup)
                  20200178    000000b0     (.common:sensor)
                  20200228    000000ac     (.common:motor_l)
                  202002d4    000000ac     (.common:motor_r)
                  20200380    00000050     (.common:ADC_VALUE)
                  202003d0    00000048     (.common:tracking_pid)
                  20200418    00000030     (.common:gUART_0Backup)
                  20200448    00000024     (.common:encL)
                  2020046c    00000024     (.common:encR)
                  20200490    00000004     (.common:long_pressed_key_time)
                  20200494    00000004     (.common:state)
                  20200498    00000004     (.common:tick_ms)
                  2020049c    00000001     (.common:Digtal)

.data      0    202004a0    000000a8     UNINITIALIZED
                  202004a0    0000002c     inv_mpu.o (.data.st)
                  202004cc    00000010     trace.o (.data.Anolog)
                  202004dc    00000010     trace.o (.data.black)
                  202004ec    00000010     inv_mpu_dmp_motion_driver.o (.data.dmp)
                  202004fc    00000010     trace.o (.data.white)
                  2020050c    0000000e     mpu6050.o (.data.hal)
                  2020051a    00000001     interrupt.o (.data.enable_group1_irq)
                  2020051b    00000001     key.o (.data.key_pressed)
                  2020051c    0000000c     led.o (.data.keyBlinkCtrl)
                  20200528    00000009     mpu6050.o (.data.gyro_orientation)
                  20200531    00000001     key.o (.data.long_err_flag)
                  20200532    00000002     --HOLE--
                  20200534    00000004     trace.o (.data.Control.last_loop_tick)
                  20200538    00000004     key.o (.data.Key_Process.last_blink_time)
                  2020053c    00000004     delay.o (.data.Tick)
                  20200540    00000004     trace.o (.data.base_target_speed)
                  20200544    00000004     key.o (.data.last_key_time)

.stack     0    20207e00    00000200     UNINITIALIZED
                  20207e00    00000004     libc.a : boot_cortex_m.c.obj (.stack)
                  20207e04    000001fc     --HOLE--

__llvm_prf_cnts 
*          0    20200000    00000000     UNINITIALIZED

__llvm_prf_bits 
*          0    20200000    00000000     UNINITIALIZED

MODULE SUMMARY

       Module                           code    ro data   rw data
       ------                           ----    -------   -------
    .\
       ti_msp_dl_config.o               3336    94        424    
       main.o                           342     18        0      
       startup_mspm0g350x_ticlang.o     8       192       0      
    +--+--------------------------------+-------+---------+---------+
       Total:                           3686    304       424    
                                                                 
    .\Driver\
       No_Mcu_Ganv_Grayscale_Sensor.o   1152    0         0      
       key.o                            674     0         18     
       encoder.o                        434     0         72     
       led.o                            434     4         12     
       flash.o                          328     0         0      
       adc.o                            136     0         80     
       uart.o                           150     0         0      
       delay.o                          106     0         4      
    +--+--------------------------------+-------+---------+---------+
       Total:                           3414    4         186    
                                                                 
    .\Drivers\MPU6050\
       inv_mpu_dmp_motion_driver.o      2470    3062      16     
       inv_mpu.o                        4336    82        44     
       mspm0_i2c.o                      1368    0         0      
       mpu6050.o                        588     0         23     
    +--+--------------------------------+-------+---------+---------+
       Total:                           8762    3144      83     
                                                                 
    .\Drivers\MSPM0\
       clock.o                          336     0         4      
       interrupt.o                      0       0         1      
    +--+--------------------------------+-------+---------+---------+
       Total:                           336     0         5      
                                                                 
    .\Motor\
       motor.o                          822     0         0      
    +--+--------------------------------+-------+---------+---------+
       Total:                           822     0         0      
                                                                 
    .\User\PID\
       pid.o                            584     0         0      
    +--+--------------------------------+-------+---------+---------+
       Total:                           584     0         0      
                                                                 
    .\User\trace\
       trace.o                          1284    4         649    
    +--+--------------------------------+-------+---------+---------+
       Total:                           1284    4         649    
                                                                 
    D:/ti/mspm0_sdk_2_10_00_04/source/ti/driverlib/lib/ticlang/m0p/mspm0g1x0x_g3x0x/driverlib.a
       dl_timer.o                       608     0         0      
       dl_flashctl.o                    484     0         0      
       dl_i2c.o                         192     0         0      
       dl_uart.o                        90      0         0      
       dl_dma.o                         76      0         0      
       dl_adc12.o                       64      0         0      
       dl_common.o                      10      0         0      
    +--+--------------------------------+-------+---------+---------+
       Total:                           1524    0         0      
                                                                 
    D:\ti\ccs2051\ccs\tools\compiler\ti-cgt-armllvm_4.0.4.LTS\lib\armv6m-ti-none-eabi/c/libc.a
       copy_decompress_lzss.c.obj       124     0         0      
       autoinit.c.obj                   76      0         0      
       cpy_tbl.c.obj                    76      0         0      
       boot_cortex_m.c.obj              56      0         0      
       memcmp.c.obj                     32      0         0      
       copy_decompress_none.c.obj       18      0         0      
       memcpy16.S.obj                   18      0         0      
       copy_zero_init.c.obj             16      0         0      
       memset16.S.obj                   14      0         0      
       exit.c.obj                       6       0         0      
       pre_init.c.obj                   4       0         0      
    +--+--------------------------------+-------+---------+---------+
       Total:                           440     0         0      
                                                                 
    D:\ti\ccs2051\ccs\tools\compiler\ti-cgt-armllvm_4.0.4.LTS\lib\armv6m-ti-none-eabi/c/libsysbm.a
       hostexit.c.obj                   4       0         0      
    +--+--------------------------------+-------+---------+---------+
       Total:                           4       0         0      
                                                                 
    D:\ti\ccs2051\ccs\tools\compiler\ti-cgt-armllvm_4.0.4.LTS\lib\armv6m-ti-none-eabi/libclang_rt.builtins.a
       adddf3.S.obj                     402     0         0      
       divdf3.S.obj                     268     0         0      
       muldf3.S.obj                     228     0         0      
       comparedf2.c.obj                 220     0         0      
       addsf3.S.obj                     216     0         0      
       mulsf3.S.obj                     140     0         0      
       divsf3.S.obj                     130     0         0      
       comparesf2.S.obj                 118     0         0      
       truncdfsf2.S.obj                 116     0         0      
       aeabi_dcmp.S.obj                 98      0         0      
       aeabi_fcmp.S.obj                 98      0         0      
       aeabi_idivmod.S.obj              86      0         0      
       fixdfsi.S.obj                    74      0         0      
       aeabi_uidivmod.S.obj             64      0         0      
       extendsfdf2.S.obj                64      0         0      
       floatsisf.S.obj                  60      0         0      
       muldsi3.S.obj                    58      0         0      
       fixsfsi.S.obj                    56      0         0      
       floatsidf.S.obj                  44      0         0      
       floatunsisf.S.obj                40      0         0      
       floatunsidf.S.obj                36      0         0      
       aeabi_memset.S.obj               12      0         0      
       aeabi_memcpy.S.obj               8       0         0      
       aeabi_div0.c.obj                 2       0         0      
    +--+--------------------------------+-------+---------+---------+
       Total:                           2638    0         0      
                                                                 
       Stack:                           0       0         512    
       Linker Generated:                0       86        0      
    +--+--------------------------------+-------+---------+---------+
       Grand Total:                     23494   3542      1859   


LINKER GENERATED COPY TABLES

__TI_cinit_table @ 00006948 records: 2, size/record: 8, table size: 16
	.data: load addr=00006910, load size=00000022 bytes, run addr=202004a0, run size=000000a8 bytes, compression=lzss
	.bss: load addr=00006940, load size=00000008 bytes, run addr=20200000, run size=0000049d bytes, compression=zero_init
binit @ 00006958 records: 1, size/record: 12, table size: 16
	.TI.ramfunc: load addr=000068b0, load size=00000060, run addr=20200548, run size=00000060, compression=none


LINKER GENERATED HANDLER TABLE

__TI_handler_table @ 00006934 records: 3, size/record: 4, table size: 12
	index: 0, handler: __TI_decompress_lzss
	index: 1, handler: __TI_decompress_none
	index: 2, handler: __TI_zero_init


FAR CALL TRAMPOLINES

callee name               trampoline name
   callee addr  tramp addr   call addr  call info
--------------  -----------  ---------  ----------------
_c_int00_noargs           $Tramp$TT$L$PI$$_c_int00_noargs
   00005129     00005bcc     00005bc6   startup_mspm0g350x_ticlang.o (.text.Reset_Handler)
DL_FlashCTL_executeCommandFromRAM  $Tramp$TT$L$PI$$DL_FlashCTL_executeCommandFromRAM
   20200549     00005be0     000051dc   driverlib.a : dl_flashctl.o (.text.DL_FlashCTL_programMemoryFromRAM64)
                             000055a6               : dl_flashctl.o (.text.DL_FlashCTL_eraseMemoryFromRAM)

[2 trampolines]
[3 trampoline calls]


GLOBAL SYMBOLS: SORTED ALPHABETICALLY BY Name 

address   name                                
-------   ----                                
00005bbf  ADC0_IRQHandler                     
00005bbf  ADC1_IRQHandler                     
20200380  ADC_VALUE                           
00005bbf  AES_IRQHandler                      
202004cc  Anolog                              
00005bc2  C$$EXIT                             
00005bbf  CANFD0_IRQHandler                   
00003285  Calculate_Position_Error            
000014bd  Control                             
00005bbf  DAC0_IRQHandler                     
00004859  DL_ADC12_setClockConfig             
00005b91  DL_Common_delayCycles               
00004381  DL_DMA_initChannel                  
00005599  DL_FlashCTL_eraseMemoryFromRAM      
000051c5  DL_FlashCTL_programMemoryFromRAM64  
00002391  DL_FlashCTL_unprotectSector         
00003f31  DL_I2C_fillControllerTXFIFO         
00004999  DL_I2C_flushControllerTXFIFO        
0000519d  DL_I2C_setClockConfig               
00001ce1  DL_Timer_initFourCCPWMMode          
00001ee5  DL_Timer_initTimerMode              
000054e1  DL_Timer_setCaptCompUpdateMethod    
00005821  DL_Timer_setCaptureCompareOutCtl    
00005b1d  DL_Timer_setCaptureCompareValue     
000054fd  DL_Timer_setClockConfig             
000045e1  DL_UART_init                        
00005ac7  DL_UART_setClockConfig              
00005bbf  DMA_IRQHandler                      
00005bbf  Default_Handler                     
2020049c  Digtal                              
0000522d  Encoder_GetDelta                    
00003435  Encoder_HandleGPIOA                 
0000524d  Encoder_HandleGPIOB                 
0000386d  Encoder_Init                        
00005bbf  GROUP0_IRQHandler                   
00002b65  GROUP1_IRQHandler                   
000029f5  Get_Analog_value                    
00004a11  Get_Anolog_Value                    
00005b4d  Get_Digtal_For_User                 
00005bc3  HOSTexit                            
00005bbf  HardFault_Handler                   
00005bbf  I2C0_IRQHandler                     
00005bbf  I2C1_IRQHandler                     
00000571  Key_Process                         
00005a3d  LED_KEY_Blink_SetInterval           
00005899  LED_KEY_Blink_Start                 
00005a51  LED_KEY_Blink_Stop                  
00004a4d  LED_KEY_Blink_Update                
00005b9b  LED_init                            
00004c61  LED_off                             
000037ed  LED_setAll                          
00004c95  LED_toggle                          
00001379  MPU6050_Init                        
00001729  Motor_Ctrl                          
000033a5  Motor_Init                          
00005bbf  NMI_Handler                         
00001079  No_MCU_Ganv_Sensor_Init             
00003ac9  No_MCU_Ganv_Sensor_Init_Frist       
00004815  No_Mcu_Ganv_Sensor_Task_Without_tick
00000b91  PID_Calc                            
00004291  PID_Init                            
00005bbf  PendSV_Handler                      
00005bbf  RTC_IRQHandler                      
00005bc7  Reset_Handler                       
00005bbf  SPI0_IRQHandler                     
00005bbf  SPI1_IRQHandler                     
00005bbf  SVC_Handler                         
00003b3d  SYSCFG_DL_ADC_VOLTAGE_init          
000050b1  SYSCFG_DL_DMA_CH0_init              
000039d9  SYSCFG_DL_DMA_init                  
000009d1  SYSCFG_DL_GPIO_init                 
00003fed  SYSCFG_DL_I2C_MPU6050_init          
00004045  SYSCFG_DL_I2C_OLED_init             
000034c1  SYSCFG_DL_PWM_MOTOR_init            
00004d65  SYSCFG_DL_SYSCTL_init               
00005b77  SYSCFG_DL_SYSTICK_init              
00004ee5  SYSCFG_DL_TIMER_Encoder_init        
00004629  SYSCFG_DL_UART_0_init               
00004899  SYSCFG_DL_UART_1_init               
0000414d  SYSCFG_DL_init                      
00002ccd  SYSCFG_DL_initPower                 
00005a65  SysTick_Handler                     
00005a79  SysTick_Init                        
00005bbf  TIMA0_IRQHandler                    
00005bbf  TIMA1_IRQHandler                    
00005bbf  TIMG0_IRQHandler                    
00005bbf  TIMG12_IRQHandler                   
00005bbf  TIMG6_IRQHandler                    
00005bbf  TIMG7_IRQHandler                    
00005bbf  TIMG8_IRQHandler                    
00005ad9  TI_memcpy_small                     
00005b69  TI_memset_small                     
2020053c  Tick                                
00005b2d  Tick_SysTickCallback                
000050d9  Tick_delay                          
00001fe1  Trace_init                          
00005bbf  UART0_IRQHandler                    
00005bbf  UART1_IRQHandler                    
00005bbf  UART2_IRQHandler                    
00005bbf  UART3_IRQHandler                    
20208000  __STACK_END                         
00000200  __STACK_SIZE                        
00000000  __TI_ATRegion0_region_sz            
00000000  __TI_ATRegion0_src_addr             
00000000  __TI_ATRegion0_trg_addr             
00000000  __TI_ATRegion1_region_sz            
00000000  __TI_ATRegion1_src_addr             
00000000  __TI_ATRegion1_trg_addr             
00000000  __TI_ATRegion2_region_sz            
00000000  __TI_ATRegion2_src_addr             
00000000  __TI_ATRegion2_trg_addr             
00006948  __TI_CINIT_Base                     
00006958  __TI_CINIT_Limit                    
00006958  __TI_CINIT_Warm                     
00006934  __TI_Handler_Table_Base             
00006940  __TI_Handler_Table_Limit            
000044fd  __TI_auto_init_nopinit              
000038e9  __TI_decompress_lzss                
00005aeb  __TI_decompress_none                
ffffffff  __TI_pprof_out_hndl                 
ffffffff  __TI_prof_data_size                 
ffffffff  __TI_prof_data_start                
00000000  __TI_static_base__                  
00006958  __TI_table_binit                    
00005b3d  __TI_zero_init                      
00000eef  __adddf3                            
00002473  __addsf3                            
000039e1  __aeabi_d2f                         
00004595  __aeabi_d2iz                        
00000eef  __aeabi_dadd                        
00003d49  __aeabi_dcmpeq                      
00003d85  __aeabi_dcmpge                      
00003d99  __aeabi_dcmpgt                      
00003d71  __aeabi_dcmple                      
00003d5d  __aeabi_dcmplt                      
00001bd5  __aeabi_ddiv                        
000021c9  __aeabi_dmul                        
00000ee5  __aeabi_dsub                        
00004919  __aeabi_f2d                         
00004c29  __aeabi_f2iz                        
00002473  __aeabi_fadd                        
00003dad  __aeabi_fcmpeq                      
00003de9  __aeabi_fcmpge                      
00003dfd  __aeabi_fcmpgt                      
00003dd5  __aeabi_fcmple                      
00003dc1  __aeabi_fcmplt                      
00003769  __aeabi_fdiv                        
0000354d  __aeabi_fmul                        
00002469  __aeabi_fsub                        
00004f3d  __aeabi_i2d                         
00004a89  __aeabi_i2f                         
000040f5  __aeabi_idiv                        
00001077  __aeabi_idiv0                       
000040f5  __aeabi_idivmod                     
00005b85  __aeabi_memclr                      
00005b85  __aeabi_memclr4                     
00005b85  __aeabi_memclr8                     
00005bb1  __aeabi_memcpy                      
00005bb1  __aeabi_memcpy4                     
00005bb1  __aeabi_memcpy8                     
000051e9  __aeabi_ui2d                        
00005101  __aeabi_ui2f                        
000048d9  __aeabi_uidiv                       
000048d9  __aeabi_uidivmod                    
00006958  __binit__                           
00003c15  __cmpdf2                            
00004b79  __cmpsf2                            
00001bd5  __divdf3                            
00003769  __divsf3                            
00003c15  __eqdf2                             
00004b79  __eqsf2                             
00004919  __extendsfdf2                       
00004595  __fixdfsi                           
00004c29  __fixsfsi                           
00004f3d  __floatsidf                         
00004a89  __floatsisf                         
000051e9  __floatunsidf                       
00005101  __floatunsisf                       
00003965  __gedf2                             
00004ac5  __gesf2                             
00003965  __gtdf2                             
00004ac5  __gtsf2                             
00003c15  __ledf2                             
00004b79  __lesf2                             
00003c15  __ltdf2                             
00004b79  __ltsf2                             
UNDEFED   __mpu_init                          
000021c9  __muldf3                            
00004bb5  __muldsi3                           
0000354d  __mulsf3                            
00003c15  __nedf2                             
00004b79  __nesf2                             
20207e00  __stack                             
20200000  __start___llvm_prf_bits             
20200000  __start___llvm_prf_cnts             
20200000  __stop___llvm_prf_bits              
20200000  __stop___llvm_prf_cnts              
00000ee5  __subdf3                            
00002469  __subsf3                            
000039e1  __truncdfsf2                        
00005129  _c_int00_noargs                     
UNDEFED   _system_post_cinit                  
00005bdd  _system_pre_init                    
00005bb9  abort                               
000035d9  adc_getValue                        
0000409d  adjust_white_black                  
20200540  base_target_speed                   
00006958  binit                               
202004dc  black                               
00003ba9  convertAnalogToDigital              
000044b1  copy_in                             
000052c9  delay_us                            
00004671  dmp_enable_6x_lp_quat               
000000c1  dmp_enable_feature                  
00003e11  dmp_enable_gyro_cal                 
000046b9  dmp_enable_lp_quat                  
00005535  dmp_load_motion_driver_firmware     
00005a8d  dmp_register_android_orient_cb      
00005aa1  dmp_register_tap_cb                 
000030bd  dmp_set_fifo_rate                   
00001201  dmp_set_orientation                 
0000478d  dmp_set_shake_reject_thresh         
00004d97  dmp_set_shake_reject_time           
00004dc9  dmp_set_shake_reject_timeout        
00003c7d  dmp_set_tap_axes                    
000047d1  dmp_set_tap_count                   
00000339  dmp_set_tap_thresh                  
00004e2d  dmp_set_tap_time                    
00004e5d  dmp_set_tap_time_multi              
2020051a  enable_group1_irq                   
20200448  encL                                
2020046c  encR                                
20200000  gPWM_MOTORBackup                    
202000bc  gTIMER_EncoderBackup                
20200418  gUART_0Backup                       
0000686e  hw                                  
00000000  interruptVectors                    
2020051b  key_pressed                         
20200544  last_key_time                       
20200531  long_err_flag                       
20200490  long_pressed_key_time               
00003155  main                                
0000526d  memcmp                              
20200228  motor_l                             
202002d4  motor_r                             
00003e71  mpu6050_i2c_sda_unlock              
00002939  mpu_configure_fifo                  
00003a55  mpu_get_accel_fsr                   
00003ed1  mpu_get_gyro_fsr                    
00004cc9  mpu_get_sample_rate                 
00001989  mpu_init                            
00001ab1  mpu_load_firmware                   
00001de5  mpu_lp_accel_mode                   
00002d7d  mpu_read_mem                        
000007a5  mpu_reset_fifo                      
000022ad  mpu_set_accel_fsr                   
00000d45  mpu_set_bypass                      
00002aad  mpu_set_dmp_state                   
000027b1  mpu_set_gyro_fsr                    
00003021  mpu_set_int_latched                 
00002615  mpu_set_lpf                         
000020dd  mpu_set_sample_rate                 
00001859  mpu_set_sensors                     
00002e29  mpu_write_mem                       
00004b01  mspm0_delay_ms                      
00004f69  mspm0_get_clock_ms                  
000015f5  mspm0_i2c_read                      
00002875  mspm0_i2c_write                     
00002ed5  normalizeAnalogValues               
00004cfd  readBlackFromFlash                  
00004d31  readWhiteFromFlash                  
00006810  reg                                 
20200178  sensor                              
20200494  state                               
000067e8  test                                
20200498  tick_ms                             
202003d0  tracking_pid                        
00004f95  uart0_send_char                     
00004b3d  uart0_send_string                   
202004fc  white                               
00002c19  writeToFlash                        


GLOBAL SYMBOLS: SORTED BY Symbol Address 

address   name                                
-------   ----                                
00000000  __TI_ATRegion0_region_sz            
00000000  __TI_ATRegion0_src_addr             
00000000  __TI_ATRegion0_trg_addr             
00000000  __TI_ATRegion1_region_sz            
00000000  __TI_ATRegion1_src_addr             
00000000  __TI_ATRegion1_trg_addr             
00000000  __TI_ATRegion2_region_sz            
00000000  __TI_ATRegion2_src_addr             
00000000  __TI_ATRegion2_trg_addr             
00000000  __TI_static_base__                  
00000000  interruptVectors                    
000000c1  dmp_enable_feature                  
00000200  __STACK_SIZE                        
00000339  dmp_set_tap_thresh                  
00000571  Key_Process                         
000007a5  mpu_reset_fifo                      
000009d1  SYSCFG_DL_GPIO_init                 
00000b91  PID_Calc                            
00000d45  mpu_set_bypass                      
00000ee5  __aeabi_dsub                        
00000ee5  __subdf3                            
00000eef  __adddf3                            
00000eef  __aeabi_dadd                        
00001077  __aeabi_idiv0                       
00001079  No_MCU_Ganv_Sensor_Init             
00001201  dmp_set_orientation                 
00001379  MPU6050_Init                        
000014bd  Control                             
000015f5  mspm0_i2c_read                      
00001729  Motor_Ctrl                          
00001859  mpu_set_sensors                     
00001989  mpu_init                            
00001ab1  mpu_load_firmware                   
00001bd5  __aeabi_ddiv                        
00001bd5  __divdf3                            
00001ce1  DL_Timer_initFourCCPWMMode          
00001de5  mpu_lp_accel_mode                   
00001ee5  DL_Timer_initTimerMode              
00001fe1  Trace_init                          
000020dd  mpu_set_sample_rate                 
000021c9  __aeabi_dmul                        
000021c9  __muldf3                            
000022ad  mpu_set_accel_fsr                   
00002391  DL_FlashCTL_unprotectSector         
00002469  __aeabi_fsub                        
00002469  __subsf3                            
00002473  __addsf3                            
00002473  __aeabi_fadd                        
00002615  mpu_set_lpf                         
000027b1  mpu_set_gyro_fsr                    
00002875  mspm0_i2c_write                     
00002939  mpu_configure_fifo                  
000029f5  Get_Analog_value                    
00002aad  mpu_set_dmp_state                   
00002b65  GROUP1_IRQHandler                   
00002c19  writeToFlash                        
00002ccd  SYSCFG_DL_initPower                 
00002d7d  mpu_read_mem                        
00002e29  mpu_write_mem                       
00002ed5  normalizeAnalogValues               
00003021  mpu_set_int_latched                 
000030bd  dmp_set_fifo_rate                   
00003155  main                                
00003285  Calculate_Position_Error            
000033a5  Motor_Init                          
00003435  Encoder_HandleGPIOA                 
000034c1  SYSCFG_DL_PWM_MOTOR_init            
0000354d  __aeabi_fmul                        
0000354d  __mulsf3                            
000035d9  adc_getValue                        
00003769  __aeabi_fdiv                        
00003769  __divsf3                            
000037ed  LED_setAll                          
0000386d  Encoder_Init                        
000038e9  __TI_decompress_lzss                
00003965  __gedf2                             
00003965  __gtdf2                             
000039d9  SYSCFG_DL_DMA_init                  
000039e1  __aeabi_d2f                         
000039e1  __truncdfsf2                        
00003a55  mpu_get_accel_fsr                   
00003ac9  No_MCU_Ganv_Sensor_Init_Frist       
00003b3d  SYSCFG_DL_ADC_VOLTAGE_init          
00003ba9  convertAnalogToDigital              
00003c15  __cmpdf2                            
00003c15  __eqdf2                             
00003c15  __ledf2                             
00003c15  __ltdf2                             
00003c15  __nedf2                             
00003c7d  dmp_set_tap_axes                    
00003d49  __aeabi_dcmpeq                      
00003d5d  __aeabi_dcmplt                      
00003d71  __aeabi_dcmple                      
00003d85  __aeabi_dcmpge                      
00003d99  __aeabi_dcmpgt                      
00003dad  __aeabi_fcmpeq                      
00003dc1  __aeabi_fcmplt                      
00003dd5  __aeabi_fcmple                      
00003de9  __aeabi_fcmpge                      
00003dfd  __aeabi_fcmpgt                      
00003e11  dmp_enable_gyro_cal                 
00003e71  mpu6050_i2c_sda_unlock              
00003ed1  mpu_get_gyro_fsr                    
00003f31  DL_I2C_fillControllerTXFIFO         
00003fed  SYSCFG_DL_I2C_MPU6050_init          
00004045  SYSCFG_DL_I2C_OLED_init             
0000409d  adjust_white_black                  
000040f5  __aeabi_idiv                        
000040f5  __aeabi_idivmod                     
0000414d  SYSCFG_DL_init                      
00004291  PID_Init                            
00004381  DL_DMA_initChannel                  
000044b1  copy_in                             
000044fd  __TI_auto_init_nopinit              
00004595  __aeabi_d2iz                        
00004595  __fixdfsi                           
000045e1  DL_UART_init                        
00004629  SYSCFG_DL_UART_0_init               
00004671  dmp_enable_6x_lp_quat               
000046b9  dmp_enable_lp_quat                  
0000478d  dmp_set_shake_reject_thresh         
000047d1  dmp_set_tap_count                   
00004815  No_Mcu_Ganv_Sensor_Task_Without_tick
00004859  DL_ADC12_setClockConfig             
00004899  SYSCFG_DL_UART_1_init               
000048d9  __aeabi_uidiv                       
000048d9  __aeabi_uidivmod                    
00004919  __aeabi_f2d                         
00004919  __extendsfdf2                       
00004999  DL_I2C_flushControllerTXFIFO        
00004a11  Get_Anolog_Value                    
00004a4d  LED_KEY_Blink_Update                
00004a89  __aeabi_i2f                         
00004a89  __floatsisf                         
00004ac5  __gesf2                             
00004ac5  __gtsf2                             
00004b01  mspm0_delay_ms                      
00004b3d  uart0_send_string                   
00004b79  __cmpsf2                            
00004b79  __eqsf2                             
00004b79  __lesf2                             
00004b79  __ltsf2                             
00004b79  __nesf2                             
00004bb5  __muldsi3                           
00004c29  __aeabi_f2iz                        
00004c29  __fixsfsi                           
00004c61  LED_off                             
00004c95  LED_toggle                          
00004cc9  mpu_get_sample_rate                 
00004cfd  readBlackFromFlash                  
00004d31  readWhiteFromFlash                  
00004d65  SYSCFG_DL_SYSCTL_init               
00004d97  dmp_set_shake_reject_time           
00004dc9  dmp_set_shake_reject_timeout        
00004e2d  dmp_set_tap_time                    
00004e5d  dmp_set_tap_time_multi              
00004ee5  SYSCFG_DL_TIMER_Encoder_init        
00004f3d  __aeabi_i2d                         
00004f3d  __floatsidf                         
00004f69  mspm0_get_clock_ms                  
00004f95  uart0_send_char                     
000050b1  SYSCFG_DL_DMA_CH0_init              
000050d9  Tick_delay                          
00005101  __aeabi_ui2f                        
00005101  __floatunsisf                       
00005129  _c_int00_noargs                     
0000519d  DL_I2C_setClockConfig               
000051c5  DL_FlashCTL_programMemoryFromRAM64  
000051e9  __aeabi_ui2d                        
000051e9  __floatunsidf                       
0000522d  Encoder_GetDelta                    
0000524d  Encoder_HandleGPIOB                 
0000526d  memcmp                              
000052c9  delay_us                            
000054e1  DL_Timer_setCaptCompUpdateMethod    
000054fd  DL_Timer_setClockConfig             
00005535  dmp_load_motion_driver_firmware     
00005599  DL_FlashCTL_eraseMemoryFromRAM      
00005821  DL_Timer_setCaptureCompareOutCtl    
00005899  LED_KEY_Blink_Start                 
00005a3d  LED_KEY_Blink_SetInterval           
00005a51  LED_KEY_Blink_Stop                  
00005a65  SysTick_Handler                     
00005a79  SysTick_Init                        
00005a8d  dmp_register_android_orient_cb      
00005aa1  dmp_register_tap_cb                 
00005ac7  DL_UART_setClockConfig              
00005ad9  TI_memcpy_small                     
00005aeb  __TI_decompress_none                
00005b1d  DL_Timer_setCaptureCompareValue     
00005b2d  Tick_SysTickCallback                
00005b3d  __TI_zero_init                      
00005b4d  Get_Digtal_For_User                 
00005b69  TI_memset_small                     
00005b77  SYSCFG_DL_SYSTICK_init              
00005b85  __aeabi_memclr                      
00005b85  __aeabi_memclr4                     
00005b85  __aeabi_memclr8                     
00005b91  DL_Common_delayCycles               
00005b9b  LED_init                            
00005bb1  __aeabi_memcpy                      
00005bb1  __aeabi_memcpy4                     
00005bb1  __aeabi_memcpy8                     
00005bb9  abort                               
00005bbf  ADC0_IRQHandler                     
00005bbf  ADC1_IRQHandler                     
00005bbf  AES_IRQHandler                      
00005bbf  CANFD0_IRQHandler                   
00005bbf  DAC0_IRQHandler                     
00005bbf  DMA_IRQHandler                      
00005bbf  Default_Handler                     
00005bbf  GROUP0_IRQHandler                   
00005bbf  HardFault_Handler                   
00005bbf  I2C0_IRQHandler                     
00005bbf  I2C1_IRQHandler                     
00005bbf  NMI_Handler                         
00005bbf  PendSV_Handler                      
00005bbf  RTC_IRQHandler                      
00005bbf  SPI0_IRQHandler                     
00005bbf  SPI1_IRQHandler                     
00005bbf  SVC_Handler                         
00005bbf  TIMA0_IRQHandler                    
00005bbf  TIMA1_IRQHandler                    
00005bbf  TIMG0_IRQHandler                    
00005bbf  TIMG12_IRQHandler                   
00005bbf  TIMG6_IRQHandler                    
00005bbf  TIMG7_IRQHandler                    
00005bbf  TIMG8_IRQHandler                    
00005bbf  UART0_IRQHandler                    
00005bbf  UART1_IRQHandler                    
00005bbf  UART2_IRQHandler                    
00005bbf  UART3_IRQHandler                    
00005bc2  C$$EXIT                             
00005bc3  HOSTexit                            
00005bc7  Reset_Handler                       
00005bdd  _system_pre_init                    
000067e8  test                                
00006810  reg                                 
0000686e  hw                                  
00006934  __TI_Handler_Table_Base             
00006940  __TI_Handler_Table_Limit            
00006948  __TI_CINIT_Base                     
00006958  __TI_CINIT_Limit                    
00006958  __TI_CINIT_Warm                     
00006958  __TI_table_binit                    
00006958  __binit__                           
00006958  binit                               
20200000  __start___llvm_prf_bits             
20200000  __start___llvm_prf_cnts             
20200000  __stop___llvm_prf_bits              
20200000  __stop___llvm_prf_cnts              
20200000  gPWM_MOTORBackup                    
202000bc  gTIMER_EncoderBackup                
20200178  sensor                              
20200228  motor_l                             
202002d4  motor_r                             
20200380  ADC_VALUE                           
202003d0  tracking_pid                        
20200418  gUART_0Backup                       
20200448  encL                                
2020046c  encR                                
20200490  long_pressed_key_time               
20200494  state                               
20200498  tick_ms                             
2020049c  Digtal                              
202004cc  Anolog                              
202004dc  black                               
202004fc  white                               
2020051a  enable_group1_irq                   
2020051b  key_pressed                         
20200531  long_err_flag                       
2020053c  Tick                                
20200540  base_target_speed                   
20200544  last_key_time                       
20207e00  __stack                             
20208000  __STACK_END                         
ffffffff  __TI_pprof_out_hndl                 
ffffffff  __TI_prof_data_size                 
ffffffff  __TI_prof_data_start                
UNDEFED   __mpu_init                          
UNDEFED   _system_post_cinit                  

[281 symbols]
