******************************************************************************
            TI ARM Clang Linker PC v4.0.4                      
******************************************************************************
>> Linked Sun Jul 19 16:08:35 2026

OUTPUT FILE NAME:   <diansai2024.out>
ENTRY POINT SYMBOL: "_c_int00_noargs"  address: 00002a45


MEMORY CONFIGURATION

         name            origin    length      used     unused   attr    fill
----------------------  --------  ---------  --------  --------  ----  --------
  FLASH                 00000000   00020000  000034f0  0001cb10  R  X
  SRAM                  20200000   00008000  0000055f  00007aa1  RW X
  BCR_CONFIG            41c00000   000000ff  00000000  000000ff  R   
  BSL_CONFIG            41c00100   00000080  00000000  00000080  R   


SEGMENT ALLOCATION MAP

run origin  load origin   length   init length attrs members
----------  ----------- ---------- ----------- ----- -------
00000000    00000000    00003450   00003450    r-x
  00000000    00000000    000000c0   000000c0    r-- .intvecs
  000000c0    000000c0    000031b0   000031b0    r-x .text
  00003270    00003270    000001e0   000001e0    r-- .rodata
000034b0    000034b0    00000040   00000040    r--
  000034b0    000034b0    00000030   00000030    r-- .cinit
  000034e0    000034e0    00000010   00000010    r-- .binit
20200000    20200000    000002b1   00000000    rw-
  20200000    20200000    000002b1   00000000    rw- .bss
202002b8    00003450    00000060   00000060    r-x
  202002b8    00003450    00000060   00000060    r-x .TI.ramfunc
20200318    20200318    0000004e   00000000    rw-
  20200318    20200318    0000004e   00000000    rw- .data
20207e00    20207e00    00000200   00000000    rw-
  20207e00    20207e00    00000200   00000000    rw- .stack


SECTION ALLOCATION MAP

 output                                  attributes/
section   page    origin      length       input sections
--------  ----  ----------  ----------   ----------------
.intvecs   0    00000000    000000c0     
                  00000000    000000c0     startup_mspm0g350x_ticlang.o (.intvecs)

.text      0    000000c0    000031b0     
                  000000c0    00000868     libc.a : _printfi.c.obj (.text:__TI_printfi_nofloat)
                  00000928    00000234     key.o (.text.Key_Process)
                  00000b5c    000001bc     ti_msp_dl_config.o (.text.SYSCFG_DL_GPIO_init)
                  00000d18    00000192     libclang_rt.builtins.a : adddf3.S.obj (.text.adddf3_subdf3)
                  00000eaa    00000002                            : aeabi_div0.c.obj (.text.__aeabi_idiv0)
                  00000eac    00000188     No_Mcu_Ganv_Grayscale_Sensor.o (.text.No_MCU_Ganv_Sensor_Init)
                  00001034    00000150     main.o (.text.main)
                  00001184    0000010c     libclang_rt.builtins.a : divdf3.S.obj (.text.__divdf3)
                  00001290    00000104     driverlib.a : dl_timer.o (.text.DL_Timer_initFourCCPWMMode)
                  00001394    000000fc                 : dl_timer.o (.text.DL_Timer_initTimerMode)
                  00001490    000000e4     libclang_rt.builtins.a : muldf3.S.obj (.text.__muldf3)
                  00001574    000000d8     driverlib.a : dl_flashctl.o (.text.DL_FlashCTL_unprotectSector)
                  0000164c    000000b8     No_Mcu_Ganv_Grayscale_Sensor.o (.text.Get_Analog_value)
                  00001704    000000b4     flash.o (.text.writeToFlash)
                  000017b8    000000b0     ti_msp_dl_config.o (.text.SYSCFG_DL_initPower)
                  00001868    000000aa     No_Mcu_Ganv_Grayscale_Sensor.o (.text.normalizeAnalogValues)
                  00001912    00000002     libclang_rt.builtins.a : aeabi_div0.c.obj (.text.__aeabi_ldiv0)
                  00001914    000000a2                            : udivmoddi4.S.obj (.text)
                  000019b6    00000002     --HOLE-- [fill = 0]
                  000019b8    00000090     ti_msp_dl_config.o (.text.SYSCFG_DL_PWM_MOTOR_init)
                  00001a48    00000088     adc.o (.text.adc_getValue)
                  00001ad0    00000084     ti_msp_dl_config.o (.text.__NVIC_SetPriority)
                  00001b54    00000080     led.o (.text.LED_setAll)
                  00001bd4    0000007c     libc.a : copy_decompress_lzss.c.obj (.text:decompress:lzss)
                  00001c50    00000074     libclang_rt.builtins.a : comparedf2.c.obj (.text.__gedf2)
                  00001cc4    00000072     No_Mcu_Ganv_Grayscale_Sensor.o (.text.No_MCU_Ganv_Sensor_Init_Frist)
                  00001d36    00000002     --HOLE-- [fill = 0]
                  00001d38    0000006c     ti_msp_dl_config.o (.text.SYSCFG_DL_ADC_VOLTAGE_init)
                  00001da4    0000006c     No_Mcu_Ganv_Grayscale_Sensor.o (.text.convertAnalogToDigital)
                  00001e10    00000068     main.o (.text.GROUP1_IRQHandler)
                  00001e78    00000068     libclang_rt.builtins.a : comparedf2.c.obj (.text.__ledf2)
                  00001ee0    00000064     ti_msp_dl_config.o (.text.DL_ADC12_initSingleSample)
                  00001f44    00000062     libclang_rt.builtins.a : aeabi_dcmp.S.obj (.text.__aeabi_dcmp)
                  00001fa6    00000002     --HOLE-- [fill = 0]
                  00001fa8    00000058     ti_msp_dl_config.o (.text.SYSCFG_DL_I2C_MPU6050_init)
                  00002000    00000058     ti_msp_dl_config.o (.text.SYSCFG_DL_I2C_OLED_init)
                  00002058    00000058     key.o (.text.adjust_white_black)
                  000020b0    00000054     ti_msp_dl_config.o (.text.SYSCFG_DL_init)
                  00002104    00000050     ti_msp_dl_config.o (.text.DL_GPIO_initPeripheralInputFunctionFeatures)
                  00002154    00000050     ti_msp_dl_config.o (.text.SysTick_Config)
                  000021a4    0000004c     driverlib.a : dl_dma.o (.text.DL_DMA_initChannel)
                  000021f0    0000004c     ti_msp_dl_config.o (.text.DL_GPIO_initDigitalInputFeatures)
                  0000223c    0000004c     ti_msp_dl_config.o (.text.DL_UART_setBaudRateDivisor)
                  00002288    0000004c     libc.a : cpy_tbl.c.obj (.text.copy_in)
                  000022d4    0000004c            : autoinit.c.obj (.text:__TI_auto_init_nopinit)
                  00002320    0000004a     ti_msp_dl_config.o (.text.DL_ADC12_configConversionMem)
                  0000236a    00000002     --HOLE-- [fill = 0]
                  0000236c    0000004a     libclang_rt.builtins.a : fixdfsi.S.obj (.text.__fixdfsi)
                  000023b6    00000002     --HOLE-- [fill = 0]
                  000023b8    00000048     driverlib.a : dl_uart.o (.text.DL_UART_init)
                  00002400    00000048     ti_msp_dl_config.o (.text.SYSCFG_DL_UART_0_init)
                  00002448    00000042     No_Mcu_Ganv_Grayscale_Sensor.o (.text.No_Mcu_Ganv_Sensor_Task_Without_tick)
                  0000248a    00000002     --HOLE-- [fill = 0]
                  0000248c    00000040     driverlib.a : dl_adc12.o (.text.DL_ADC12_setClockConfig)
                  000024cc    00000040     ti_msp_dl_config.o (.text.SYSCFG_DL_UART_1_init)
                  0000250c    00000040     libclang_rt.builtins.a : aeabi_uidivmod.S.obj (.text.__aeabi_uidivmod)
                  0000254c    00000040     libc.a : atoi.c.obj (.text.atoi)
                  0000258c    0000003c     ti_msp_dl_config.o (.text.DL_Timer_setCounterControl)
                  000025c8    0000003c     No_Mcu_Ganv_Grayscale_Sensor.o (.text.Get_Anolog_Value)
                  00002604    0000003c     led.o (.text.LED_KEY_Blink_Update)
                  00002640    0000003c     uart.o (.text.uart0_send_string)
                  0000267c    0000003a     libclang_rt.builtins.a : muldsi3.S.obj (.text.__muldsi3)
                  000026b6    00000002     --HOLE-- [fill = 0]
                  000026b8    00000038     libc.a : sprintf.c.obj (.text.sprintf)
                  000026f0    00000034     led.o (.text.LED_off)
                  00002724    00000034     led.o (.text.LED_toggle)
                  00002758    00000034     flash.o (.text.readBlackFromFlash)
                  0000278c    00000034     flash.o (.text.readWhiteFromFlash)
                  000027c0    00000032     ti_msp_dl_config.o (.text.SYSCFG_DL_SYSCTL_init)
                  000027f2    00000002     --HOLE-- [fill = 0]
                  000027f4    00000030     ti_msp_dl_config.o (.text.DL_DMA_setTransferSize)
                  00002824    0000002c     ti_msp_dl_config.o (.text.DL_ADC12_setDMASamplesCnt)
                  00002850    0000002c     flash.o (.text.DL_FlashCTL_waitForCmdDone)
                  0000287c    0000002c     ti_msp_dl_config.o (.text.SYSCFG_DL_TIMER_Encoder_init)
                  000028a8    0000002c     main.o (.text.__NVIC_EnableIRQ)
                  000028d4    0000002c     libclang_rt.builtins.a : floatsidf.S.obj (.text.__floatsidf)
                  00002900    0000002c     uart.o (.text.uart0_send_char)
                  0000292c    00000028     ti_msp_dl_config.o (.text.DL_Common_updateReg)
                  00002954    00000028     main.o (.text.DL_DMA_setDestAddr)
                  0000297c    00000028     main.o (.text.DL_DMA_setSrcAddr)
                  000029a4    00000028     ti_msp_dl_config.o (.text.DL_I2C_setControllerRXFIFOThreshold)
                  000029cc    00000028     ti_msp_dl_config.o (.text.DL_I2C_setControllerTXFIFOThreshold)
                  000029f4    00000028     ti_msp_dl_config.o (.text.SYSCFG_DL_DMA_CH0_init)
                  00002a1c    00000028     delay.o (.text.Tick_delay)
                  00002a44    00000028     libc.a : boot_cortex_m.c.obj (.text:_c_int00_noargs)
                  00002a6c    00000026     main.o (.text.DL_DMA_enableChannel)
                  00002a92    00000026     ti_msp_dl_config.o (.text.DL_I2C_setAnalogGlitchFilterPulseWidth)
                  00002ab8    00000026     driverlib.a : dl_i2c.o (.text.DL_I2C_setClockConfig)
                  00002ade    00000002     --HOLE-- [fill = 0]
                  00002ae0    00000024                 : dl_flashctl.o (.text.DL_FlashCTL_programMemoryFromRAM64)
                  00002b04    00000024     libclang_rt.builtins.a : floatunsidf.S.obj (.text.__floatunsidf)
                  00002b28    00000024                            : muldi3.S.obj (.text.__muldi3)
                  00002b4c    00000022     libc.a : memccpy.c.obj (.text.memccpy)
                  00002b6e    00000002     --HOLE-- [fill = 0]
                  00002b70    00000020     ti_msp_dl_config.o (.text.DL_GPIO_initPeripheralInputFunction)
                  00002b90    0000001e     ti_msp_dl_config.o (.text.DL_UART_setOversampling)
                  00002bae    00000002     --HOLE-- [fill = 0]
                  00002bb0    0000001e     libclang_rt.builtins.a : ashldi3.S.obj (.text.__ashldi3)
                  00002bce    00000002     --HOLE-- [fill = 0]
                  00002bd0    0000001c     ti_msp_dl_config.o (.text.DL_ADC12_enableDMA)
                  00002bec    0000001c     ti_msp_dl_config.o (.text.DL_ADC12_enableDMATrigger)
                  00002c08    0000001c     main.o (.text.DL_ADC12_startConversion)
                  00002c24    0000001c     ti_msp_dl_config.o (.text.DL_GPIO_clearInterruptStatus)
                  00002c40    0000001c     ti_msp_dl_config.o (.text.DL_GPIO_enableHiZ)
                  00002c5c    0000001c     ti_msp_dl_config.o (.text.DL_GPIO_enableInterrupt)
                  00002c78    0000001c     ti_msp_dl_config.o (.text.DL_GPIO_initPeripheralOutputFunction)
                  00002c94    0000001c     ti_msp_dl_config.o (.text.DL_GPIO_setLowerPinsPolarity)
                  00002cb0    0000001c     ti_msp_dl_config.o (.text.DL_SYSCTL_setMCLKDivider)
                  00002ccc    0000001c     ti_msp_dl_config.o (.text.DL_SYSCTL_setSYSOSCFreq)
                  00002ce8    0000001c     ti_msp_dl_config.o (.text.DL_SYSCTL_setULPCLKDivider)
                  00002d04    0000001c     driverlib.a : dl_timer.o (.text.DL_Timer_setCaptCompUpdateMethod)
                  00002d20    0000001c                 : dl_timer.o (.text.DL_Timer_setClockConfig)
                  00002d3c    0000001c     ti_msp_dl_config.o (.text.DL_UART_enableInterrupt)
                  00002d58    00000018     ti_msp_dl_config.o (.text.DL_ADC12_enablePower)
                  00002d70    00000018     ti_msp_dl_config.o (.text.DL_ADC12_reset)
                  00002d88    00000018     ti_msp_dl_config.o (.text.DL_ADC12_setSampleTime0)
                  00002da0    00000018     driverlib.a : dl_flashctl.o (.text.DL_FlashCTL_eraseMemoryFromRAM)
                  00002db8    00000018     ti_msp_dl_config.o (.text.DL_GPIO_enableOutput)
                  00002dd0    00000018     ti_msp_dl_config.o (.text.DL_GPIO_enablePower)
                  00002de8    00000018     ti_msp_dl_config.o (.text.DL_GPIO_initDigitalOutput)
                  00002e00    00000018     ti_msp_dl_config.o (.text.DL_GPIO_reset)
                  00002e18    00000018     No_Mcu_Ganv_Grayscale_Sensor.o (.text.DL_GPIO_setPins)
                  00002e30    00000018     led.o (.text.DL_GPIO_setPins)
                  00002e48    00000018     ti_msp_dl_config.o (.text.DL_GPIO_setUpperPinsPolarity)
                  00002e60    00000018     led.o (.text.DL_GPIO_togglePins)
                  00002e78    00000018     ti_msp_dl_config.o (.text.DL_I2C_enableAnalogGlitchFilter)
                  00002e90    00000018     ti_msp_dl_config.o (.text.DL_I2C_enableController)
                  00002ea8    00000018     ti_msp_dl_config.o (.text.DL_I2C_enableControllerClockStretching)
                  00002ec0    00000018     ti_msp_dl_config.o (.text.DL_I2C_enablePower)
                  00002ed8    00000018     ti_msp_dl_config.o (.text.DL_I2C_reset)
                  00002ef0    00000018     ti_msp_dl_config.o (.text.DL_I2C_setTimerPeriod)
                  00002f08    00000018     ti_msp_dl_config.o (.text.DL_SYSCTL_setBORThreshold)
                  00002f20    00000018     ti_msp_dl_config.o (.text.DL_Timer_enablePower)
                  00002f38    00000018     ti_msp_dl_config.o (.text.DL_Timer_reset)
                  00002f50    00000018     driverlib.a : dl_timer.o (.text.DL_Timer_setCaptureCompareOutCtl)
                  00002f68    00000018     ti_msp_dl_config.o (.text.DL_UART_enablePower)
                  00002f80    00000018     uart.o (.text.DL_UART_isBusy)
                  00002f98    00000018     ti_msp_dl_config.o (.text.DL_UART_reset)
                  00002fb0    00000018     led.o (.text.LED_KEY_Blink_Start)
                  00002fc8    00000018     libc.a : sprintf.c.obj (.text._outs)
                  00002fe0    00000016     ti_msp_dl_config.o (.text.DL_ADC12_enableConversions)
                  00002ff6    00000016     key.o (.text.DL_GPIO_readPins)
                  0000300c    00000016     main.o (.text.DL_GPIO_readPins)
                  00003022    00000016     ti_msp_dl_config.o (.text.DL_UART_enable)
                  00003038    00000016     uart.o (.text.DL_UART_transmitData)
                  0000304e    00000016     libc.a : copy_zero_init.c.obj (.text:decompress:ZI:__TI_zero_init_nomemset)
                  00003064    00000014     No_Mcu_Ganv_Grayscale_Sensor.o (.text.DL_GPIO_clearPins)
                  00003078    00000014     led.o (.text.DL_GPIO_clearPins)
                  0000308c    00000014     ti_msp_dl_config.o (.text.DL_GPIO_clearPins)
                  000030a0    00000014     ti_msp_dl_config.o (.text.DL_I2C_resetControllerTransfer)
                  000030b4    00000014     ti_msp_dl_config.o (.text.DL_SYSCTL_disableSYSPLL)
                  000030c8    00000014     ti_msp_dl_config.o (.text.DL_Timer_enableClock)
                  000030dc    00000014     ti_msp_dl_config.o (.text.DL_Timer_setCCPDirection)
                  000030f0    00000014     led.o (.text.LED_KEY_Blink_SetInterval)
                  00003104    00000014     led.o (.text.LED_KEY_Blink_Stop)
                  00003118    00000014     libclang_rt.builtins.a : aeabi_uldivmod.S.obj (.text.__aeabi_uldivmod)
                  0000312c    00000012     main.o (.text.DL_GPIO_getPendingInterrupt)
                  0000313e    00000012     driverlib.a : dl_uart.o (.text.DL_UART_setClockConfig)
                  00003150    00000012     libc.a : memcpy16.S.obj (.text:TI_memcpy_small)
                  00003162    00000012            : copy_decompress_none.c.obj (.text:decompress:none)
                  00003174    00000010     ti_msp_dl_config.o (.text.DL_SYSCTL_disableHFXT)
                  00003184    00000010     driverlib.a : dl_timer.o (.text.DL_Timer_setCaptureCompareValue)
                  00003194    00000010     delay.o (.text.Tick_SysTickCallback)
                  000031a4    00000010     libc.a : wcslen.c.obj (.text.wcslen)
                  000031b4    0000000e     No_Mcu_Ganv_Grayscale_Sensor.o (.text.Get_Digtal_For_User)
                  000031c2    00000002     --HOLE-- [fill = 0]
                  000031c4    0000000e     libclang_rt.builtins.a : aeabi_memset.S.obj (.text.__aeabi_memset)
                  000031d2    0000000e     libc.a : _printfi.c.obj (.text.strlen)
                  000031e0    0000000e            : memset16.S.obj (.text:TI_memset_small)
                  000031ee    0000000c     ti_msp_dl_config.o (.text.SYSCFG_DL_SYSTICK_init)
                  000031fa    0000000a     driverlib.a : dl_common.o (.text.DL_Common_delayCycles)
                  00003204    0000000a     led.o (.text.LED_init)
                  0000320e    0000000a     libc.a : sprintf.c.obj (.text._outc)
                  00003218    00000008     ti_msp_dl_config.o (.text.SYSCFG_DL_DMA_init)
                  00003220    00000008     delay.o (.text.SysTick_Handler)
                  00003228    00000008     libc.a : aeabi_portable.c.obj (.text.__aeabi_errno_addr)
                  00003230    00000008     libclang_rt.builtins.a : aeabi_memcpy.S.obj (.text.__aeabi_memcpy)
                  00003238    00000006     libc.a : exit.c.obj (.text:abort)
                  0000323e    00000004     startup_mspm0g350x_ticlang.o (.text.Default_Handler)
                  00003242    00000004     libsysbm.a : hostexit.c.obj (.text.HOSTexit)
                  00003246    00000004     startup_mspm0g350x_ticlang.o (.text.Reset_Handler)
                  0000324a    00000002     --HOLE-- [fill = 0]
                  0000324c    00000010     libc.a : boot_cortex_m.c.obj (.tramp._c_int00_noargs.1)
                  0000325c    00000004            : pre_init.c.obj (.text._system_pre_init)
                  00003260    00000010     driverlib.a : dl_flashctl.o (.tramp.DL_FlashCTL_executeCommandFromRAM.1)

.TI.ramfunc 
*          0    00003450    00000060     RUN ADDR = 202002b8
                  00003450    00000060     driverlib.a : dl_flashctl.o (.TI.ramfunc)

.cinit     0    000034b0    00000030     
                  000034b0    0000000c     (__TI_handler_table)
                  000034bc    00000008     (.cinit..bss.load) [load image, compression = zero_init]
                  000034c4    00000008     (.cinit..data.load) [load image, compression = lzss]
                  000034cc    00000010     (__TI_cinit_table)
                  000034dc    00000004     --HOLE-- [fill = 0]

.rodata    0    00003270    000001e0     
                  00003270    00000101     libc.a : aeabi_ctype.S.obj (.rodata:__aeabi_ctype_table_)
                  00003371    00000021     main.o (.rodata.str1.17100691992556644108.1)
                  00003392    00000021     main.o (.rodata.str1.8154729771448623357.1)
                  000033b3    00000001     --HOLE-- [fill = 0]
                  000033b4    00000018     ti_msp_dl_config.o (.rodata.gDMA_CH0Config)
                  000033cc    00000014     ti_msp_dl_config.o (.rodata.gTIMER_EncoderTimerConfig)
                  000033e0    00000012     main.o (.rodata.str1.15159059442110792349.1)
                  000033f2    00000011     libc.a : _printfi.c.obj (.rodata.str1.10348868589481759720.1)
                  00003403    00000011            : _printfi.c.obj (.rodata.str1.15363888844622738466.1)
                  00003414    0000000a     ti_msp_dl_config.o (.rodata.gUART_0Config)
                  0000341e    0000000a     ti_msp_dl_config.o (.rodata.gUART_1Config)
                  00003428    00000008     ti_msp_dl_config.o (.rodata.gADC_VOLTAGEClockConfig)
                  00003430    00000008     ti_msp_dl_config.o (.rodata.gPWM_MOTORConfig)
                  00003438    00000004     led.o (.rodata.LED_PINS)
                  0000343c    00000003     ti_msp_dl_config.o (.rodata.gPWM_MOTORClockConfig)
                  0000343f    00000003     ti_msp_dl_config.o (.rodata.gTIMER_EncoderClockConfig)
                  00003442    00000002     ti_msp_dl_config.o (.rodata.gI2C_MPU6050ClockConfig)
                  00003444    00000002     ti_msp_dl_config.o (.rodata.gI2C_OLEDClockConfig)
                  00003446    00000002     ti_msp_dl_config.o (.rodata.gUART_0ClockConfig)
                  00003448    00000002     ti_msp_dl_config.o (.rodata.gUART_1ClockConfig)
                  0000344a    00000006     --HOLE-- [fill = 0]

.init_array 
*          0    00000000    00000000     UNINITIALIZED

.binit     0    000034e0    00000010     
                  000034e0    00000010     (.binit)

.bss       0    20200000    000002b1     UNINITIALIZED
                  20200000    000000bc     (.common:gPWM_MOTORBackup)
                  202000bc    000000bc     (.common:gTIMER_EncoderBackup)
                  20200178    000000b0     (.common:sensor)
                  20200228    00000050     (.common:ADC_VALUE)
                  20200278    00000030     (.common:gUART_0Backup)
                  202002a8    00000004     (.common:long_pressed_key_time)
                  202002ac    00000004     (.common:state)
                  202002b0    00000001     (.common:Digtal)

.data      0    20200318    0000004e     UNINITIALIZED
                  20200318    00000010     main.o (.data.Anolog)
                  20200328    00000010     main.o (.data.black)
                  20200338    00000010     main.o (.data.white)
                  20200348    0000000c     led.o (.data.keyBlinkCtrl)
                  20200354    00000004     key.o (.data.Key_Process.last_blink_time)
                  20200358    00000004     delay.o (.data.Tick)
                  2020035c    00000004     libc.a : aeabi_portable.c.obj (.data.__aeabi_errno)
                  20200360    00000004     key.o (.data.last_key_time)
                  20200364    00000001     key.o (.data.key_pressed)
                  20200365    00000001     key.o (.data.long_err_flag)

.stack     0    20207e00    00000200     UNINITIALIZED
                  20207e00    00000004     libc.a : boot_cortex_m.c.obj (.stack)
                  20207e04    000001fc     --HOLE--

__llvm_prf_cnts 
*          0    20200000    00000000     UNINITIALIZED

__llvm_prf_bits 
*          0    20200000    00000000     UNINITIALIZED

MODULE SUMMARY

       Module                           code    ro data   rw data
       ------                           ----    -------   -------
    .\
       ti_msp_dl_config.o               3336    94        424    
       main.o                           670     84        225    
       startup_mspm0g350x_ticlang.o     8       192       0      
    +--+--------------------------------+-------+---------+---------+
       Total:                           4014    370       649    
                                                                 
    .\Driver\
       No_Mcu_Ganv_Grayscale_Sensor.o   1152    0         0      
       key.o                            674     0         18     
       led.o                            434     4         12     
       flash.o                          328     0         0      
       adc.o                            136     0         80     
       uart.o                           150     0         0      
       delay.o                          64      0         4      
    +--+--------------------------------+-------+---------+---------+
       Total:                           2938    4         114    
                                                                 
    D:/ti/mspm0_sdk_2_10_00_04/source/ti/driverlib/lib/ticlang/m0p/mspm0g1x0x_g3x0x/driverlib.a
       dl_timer.o                       608     0         0      
       dl_flashctl.o                    484     0         0      
       dl_uart.o                        90      0         0      
       dl_dma.o                         76      0         0      
       dl_adc12.o                       64      0         0      
       dl_i2c.o                         38      0         0      
       dl_common.o                      10      0         0      
    +--+--------------------------------+-------+---------+---------+
       Total:                           1370    0         0      
                                                                 
    D:\ti\ccs2051\ccs\tools\compiler\ti-cgt-armllvm_4.0.4.LTS\lib\armv6m-ti-none-eabi/c/libc.a
       _printfi.c.obj                   2166    34        0      
       aeabi_ctype.S.obj                0       257       0      
       copy_decompress_lzss.c.obj       124     0         0      
       sprintf.c.obj                    90      0         0      
       autoinit.c.obj                   76      0         0      
       cpy_tbl.c.obj                    76      0         0      
       atoi.c.obj                       64      0         0      
       boot_cortex_m.c.obj              56      0         0      
       memccpy.c.obj                    34      0         0      
       copy_zero_init.c.obj             22      0         0      
       copy_decompress_none.c.obj       18      0         0      
       memcpy16.S.obj                   18      0         0      
       wcslen.c.obj                     16      0         0      
       memset16.S.obj                   14      0         0      
       aeabi_portable.c.obj             8       0         4      
       exit.c.obj                       6       0         0      
       pre_init.c.obj                   4       0         0      
    +--+--------------------------------+-------+---------+---------+
       Total:                           2792    291       4      
                                                                 
    D:\ti\ccs2051\ccs\tools\compiler\ti-cgt-armllvm_4.0.4.LTS\lib\armv6m-ti-none-eabi/c/libsysbm.a
       hostexit.c.obj                   4       0         0      
    +--+--------------------------------+-------+---------+---------+
       Total:                           4       0         0      
                                                                 
    D:\ti\ccs2051\ccs\tools\compiler\ti-cgt-armllvm_4.0.4.LTS\lib\armv6m-ti-none-eabi/libclang_rt.builtins.a
       adddf3.S.obj                     402     0         0      
       divdf3.S.obj                     268     0         0      
       muldf3.S.obj                     228     0         0      
       comparedf2.c.obj                 220     0         0      
       udivmoddi4.S.obj                 162     0         0      
       aeabi_dcmp.S.obj                 98      0         0      
       fixdfsi.S.obj                    74      0         0      
       aeabi_uidivmod.S.obj             64      0         0      
       muldsi3.S.obj                    58      0         0      
       floatsidf.S.obj                  44      0         0      
       floatunsidf.S.obj                36      0         0      
       muldi3.S.obj                     36      0         0      
       ashldi3.S.obj                    30      0         0      
       aeabi_uldivmod.S.obj             20      0         0      
       aeabi_memset.S.obj               14      0         0      
       aeabi_memcpy.S.obj               8       0         0      
       aeabi_div0.c.obj                 4       0         0      
    +--+--------------------------------+-------+---------+---------+
       Total:                           1766    0         0      
                                                                 
       Stack:                           0       0         512    
       Linker Generated:                0       60        0      
    +--+--------------------------------+-------+---------+---------+
       Grand Total:                     12884   725       1279   


LINKER GENERATED COPY TABLES

__TI_cinit_table @ 000034cc records: 2, size/record: 8, table size: 16
	.bss: load addr=000034bc, load size=00000008 bytes, run addr=20200000, run size=000002b1 bytes, compression=zero_init
	.data: load addr=000034c4, load size=00000008 bytes, run addr=20200318, run size=0000004e bytes, compression=lzss
binit @ 000034e0 records: 1, size/record: 12, table size: 16
	.TI.ramfunc: load addr=00003450, load size=00000060, run addr=202002b8, run size=00000060, compression=none


LINKER GENERATED HANDLER TABLE

__TI_handler_table @ 000034b0 records: 3, size/record: 4, table size: 12
	index: 0, handler: __TI_decompress_lzss
	index: 1, handler: __TI_decompress_none
	index: 2, handler: __TI_zero_init


FAR CALL TRAMPOLINES

callee name               trampoline name
   callee addr  tramp addr   call addr  call info
--------------  -----------  ---------  ----------------
_c_int00_noargs           $Tramp$TT$L$PI$$_c_int00_noargs
   00002a45     0000324c     00003246   startup_mspm0g350x_ticlang.o (.text.Reset_Handler)
DL_FlashCTL_executeCommandFromRAM  $Tramp$TT$L$PI$$DL_FlashCTL_executeCommandFromRAM
   202002b9     00003260     00002af8   driverlib.a : dl_flashctl.o (.text.DL_FlashCTL_programMemoryFromRAM64)
                             00002dae               : dl_flashctl.o (.text.DL_FlashCTL_eraseMemoryFromRAM)

[2 trampolines]
[3 trampoline calls]


GLOBAL SYMBOLS: SORTED ALPHABETICALLY BY Name 

address   name                                
-------   ----                                
0000323f  ADC0_IRQHandler                     
0000323f  ADC1_IRQHandler                     
20200228  ADC_VALUE                           
0000323f  AES_IRQHandler                      
20200318  Anolog                              
00003242  C$$EXIT                             
0000323f  CANFD0_IRQHandler                   
0000323f  DAC0_IRQHandler                     
0000248d  DL_ADC12_setClockConfig             
000031fb  DL_Common_delayCycles               
000021a5  DL_DMA_initChannel                  
00002da1  DL_FlashCTL_eraseMemoryFromRAM      
00002ae1  DL_FlashCTL_programMemoryFromRAM64  
00001575  DL_FlashCTL_unprotectSector         
00002ab9  DL_I2C_setClockConfig               
00001291  DL_Timer_initFourCCPWMMode          
00001395  DL_Timer_initTimerMode              
00002d05  DL_Timer_setCaptCompUpdateMethod    
00002f51  DL_Timer_setCaptureCompareOutCtl    
00003185  DL_Timer_setCaptureCompareValue     
00002d21  DL_Timer_setClockConfig             
000023b9  DL_UART_init                        
0000313f  DL_UART_setClockConfig              
0000323f  DMA_IRQHandler                      
0000323f  Default_Handler                     
202002b0  Digtal                              
0000323f  GROUP0_IRQHandler                   
00001e11  GROUP1_IRQHandler                   
0000164d  Get_Analog_value                    
000025c9  Get_Anolog_Value                    
000031b5  Get_Digtal_For_User                 
00003243  HOSTexit                            
0000323f  HardFault_Handler                   
0000323f  I2C0_IRQHandler                     
0000323f  I2C1_IRQHandler                     
00000929  Key_Process                         
000030f1  LED_KEY_Blink_SetInterval           
00002fb1  LED_KEY_Blink_Start                 
00003105  LED_KEY_Blink_Stop                  
00002605  LED_KEY_Blink_Update                
00003205  LED_init                            
000026f1  LED_off                             
00001b55  LED_setAll                          
00002725  LED_toggle                          
0000323f  NMI_Handler                         
00000ead  No_MCU_Ganv_Sensor_Init             
00001cc5  No_MCU_Ganv_Sensor_Init_Frist       
00002449  No_Mcu_Ganv_Sensor_Task_Without_tick
0000323f  PendSV_Handler                      
0000323f  RTC_IRQHandler                      
00003247  Reset_Handler                       
0000323f  SPI0_IRQHandler                     
0000323f  SPI1_IRQHandler                     
0000323f  SVC_Handler                         
00001d39  SYSCFG_DL_ADC_VOLTAGE_init          
000029f5  SYSCFG_DL_DMA_CH0_init              
00003219  SYSCFG_DL_DMA_init                  
00000b5d  SYSCFG_DL_GPIO_init                 
00001fa9  SYSCFG_DL_I2C_MPU6050_init          
00002001  SYSCFG_DL_I2C_OLED_init             
000019b9  SYSCFG_DL_PWM_MOTOR_init            
000027c1  SYSCFG_DL_SYSCTL_init               
000031ef  SYSCFG_DL_SYSTICK_init              
0000287d  SYSCFG_DL_TIMER_Encoder_init        
00002401  SYSCFG_DL_UART_0_init               
000024cd  SYSCFG_DL_UART_1_init               
000020b1  SYSCFG_DL_init                      
000017b9  SYSCFG_DL_initPower                 
00003221  SysTick_Handler                     
0000323f  TIMA0_IRQHandler                    
0000323f  TIMA1_IRQHandler                    
0000323f  TIMG0_IRQHandler                    
0000323f  TIMG12_IRQHandler                   
0000323f  TIMG6_IRQHandler                    
0000323f  TIMG7_IRQHandler                    
0000323f  TIMG8_IRQHandler                    
00003151  TI_memcpy_small                     
000031e1  TI_memset_small                     
20200358  Tick                                
00003195  Tick_SysTickCallback                
00002a1d  Tick_delay                          
0000323f  UART0_IRQHandler                    
0000323f  UART1_IRQHandler                    
0000323f  UART2_IRQHandler                    
0000323f  UART3_IRQHandler                    
20208000  __STACK_END                         
00000200  __STACK_SIZE                        
00000000  __TI_ATRegion0_region_sz            
00000000  __TI_ATRegion0_src_addr             
00000000  __TI_ATRegion0_trg_addr             
00000000  __TI_ATRegion1_region_sz            
00000000  __TI_ATRegion1_src_addr             
00000000  __TI_ATRegion1_trg_addr             
00000000  __TI_ATRegion2_region_sz            
00000000  __TI_ATRegion2_src_addr             
00000000  __TI_ATRegion2_trg_addr             
000034cc  __TI_CINIT_Base                     
000034dc  __TI_CINIT_Limit                    
000034dc  __TI_CINIT_Warm                     
000034b0  __TI_Handler_Table_Base             
000034bc  __TI_Handler_Table_Limit            
000022d5  __TI_auto_init_nopinit              
00001bd5  __TI_decompress_lzss                
00003163  __TI_decompress_none                
ffffffff  __TI_pprof_out_hndl                 
000000c1  __TI_printfi_nofloat                
ffffffff  __TI_prof_data_size                 
ffffffff  __TI_prof_data_start                
00000000  __TI_static_base__                  
000034e0  __TI_table_binit                    
0000304f  __TI_zero_init_nomemset             
00000d23  __adddf3                            
00003270  __aeabi_ctype_table_                
00003270  __aeabi_ctype_table_C               
0000236d  __aeabi_d2iz                        
00000d23  __aeabi_dadd                        
00001f45  __aeabi_dcmpeq                      
00001f81  __aeabi_dcmpge                      
00001f95  __aeabi_dcmpgt                      
00001f6d  __aeabi_dcmple                      
00001f59  __aeabi_dcmplt                      
00001185  __aeabi_ddiv                        
00001491  __aeabi_dmul                        
00000d19  __aeabi_dsub                        
2020035c  __aeabi_errno                       
00003229  __aeabi_errno_addr                  
000028d5  __aeabi_i2d                         
00000eab  __aeabi_idiv0                       
00001913  __aeabi_ldiv0                       
00002bb1  __aeabi_llsl                        
00002b29  __aeabi_lmul                        
00003231  __aeabi_memcpy                      
00003231  __aeabi_memcpy4                     
00003231  __aeabi_memcpy8                     
000031c5  __aeabi_memset                      
000031c5  __aeabi_memset4                     
000031c5  __aeabi_memset8                     
00002b05  __aeabi_ui2d                        
0000250d  __aeabi_uidiv                       
0000250d  __aeabi_uidivmod                    
00003119  __aeabi_uldivmod                    
00002bb1  __ashldi3                           
000034e0  __binit__                           
00001e79  __cmpdf2                            
00001185  __divdf3                            
00001e79  __eqdf2                             
0000236d  __fixdfsi                           
000028d5  __floatsidf                         
00002b05  __floatunsidf                       
00001c51  __gedf2                             
00001c51  __gtdf2                             
00001e79  __ledf2                             
00001e79  __ltdf2                             
UNDEFED   __mpu_init                          
00001491  __muldf3                            
00002b29  __muldi3                            
0000267d  __muldsi3                           
00001e79  __nedf2                             
20207e00  __stack                             
20200000  __start___llvm_prf_bits             
20200000  __start___llvm_prf_cnts             
20200000  __stop___llvm_prf_bits              
20200000  __stop___llvm_prf_cnts              
00000d19  __subdf3                            
00001915  __udivmoddi4                        
00002a45  _c_int00_noargs                     
UNDEFED   _system_post_cinit                  
0000325d  _system_pre_init                    
00003239  abort                               
00001a49  adc_getValue                        
00002059  adjust_white_black                  
0000254d  atoi                                
000034e0  binit                               
20200328  black                               
00001da5  convertAnalogToDigital              
00002289  copy_in                             
20200000  gPWM_MOTORBackup                    
202000bc  gTIMER_EncoderBackup                
20200278  gUART_0Backup                       
00000000  interruptVectors                    
20200364  key_pressed                         
20200360  last_key_time                       
20200365  long_err_flag                       
202002a8  long_pressed_key_time               
00001035  main                                
00002b4d  memccpy                             
00001869  normalizeAnalogValues               
00002759  readBlackFromFlash                  
0000278d  readWhiteFromFlash                  
20200178  sensor                              
000026b9  sprintf                             
202002ac  state                               
00002901  uart0_send_char                     
00002641  uart0_send_string                   
000031a5  wcslen                              
20200338  white                               
00001705  writeToFlash                        


GLOBAL SYMBOLS: SORTED BY Symbol Address 

address   name                                
-------   ----                                
00000000  __TI_ATRegion0_region_sz            
00000000  __TI_ATRegion0_src_addr             
00000000  __TI_ATRegion0_trg_addr             
00000000  __TI_ATRegion1_region_sz            
00000000  __TI_ATRegion1_src_addr             
00000000  __TI_ATRegion1_trg_addr             
00000000  __TI_ATRegion2_region_sz            
00000000  __TI_ATRegion2_src_addr             
00000000  __TI_ATRegion2_trg_addr             
00000000  __TI_static_base__                  
00000000  interruptVectors                    
000000c1  __TI_printfi_nofloat                
00000200  __STACK_SIZE                        
00000929  Key_Process                         
00000b5d  SYSCFG_DL_GPIO_init                 
00000d19  __aeabi_dsub                        
00000d19  __subdf3                            
00000d23  __adddf3                            
00000d23  __aeabi_dadd                        
00000eab  __aeabi_idiv0                       
00000ead  No_MCU_Ganv_Sensor_Init             
00001035  main                                
00001185  __aeabi_ddiv                        
00001185  __divdf3                            
00001291  DL_Timer_initFourCCPWMMode          
00001395  DL_Timer_initTimerMode              
00001491  __aeabi_dmul                        
00001491  __muldf3                            
00001575  DL_FlashCTL_unprotectSector         
0000164d  Get_Analog_value                    
00001705  writeToFlash                        
000017b9  SYSCFG_DL_initPower                 
00001869  normalizeAnalogValues               
00001913  __aeabi_ldiv0                       
00001915  __udivmoddi4                        
000019b9  SYSCFG_DL_PWM_MOTOR_init            
00001a49  adc_getValue                        
00001b55  LED_setAll                          
00001bd5  __TI_decompress_lzss                
00001c51  __gedf2                             
00001c51  __gtdf2                             
00001cc5  No_MCU_Ganv_Sensor_Init_Frist       
00001d39  SYSCFG_DL_ADC_VOLTAGE_init          
00001da5  convertAnalogToDigital              
00001e11  GROUP1_IRQHandler                   
00001e79  __cmpdf2                            
00001e79  __eqdf2                             
00001e79  __ledf2                             
00001e79  __ltdf2                             
00001e79  __nedf2                             
00001f45  __aeabi_dcmpeq                      
00001f59  __aeabi_dcmplt                      
00001f6d  __aeabi_dcmple                      
00001f81  __aeabi_dcmpge                      
00001f95  __aeabi_dcmpgt                      
00001fa9  SYSCFG_DL_I2C_MPU6050_init          
00002001  SYSCFG_DL_I2C_OLED_init             
00002059  adjust_white_black                  
000020b1  SYSCFG_DL_init                      
000021a5  DL_DMA_initChannel                  
00002289  copy_in                             
000022d5  __TI_auto_init_nopinit              
0000236d  __aeabi_d2iz                        
0000236d  __fixdfsi                           
000023b9  DL_UART_init                        
00002401  SYSCFG_DL_UART_0_init               
00002449  No_Mcu_Ganv_Sensor_Task_Without_tick
0000248d  DL_ADC12_setClockConfig             
000024cd  SYSCFG_DL_UART_1_init               
0000250d  __aeabi_uidiv                       
0000250d  __aeabi_uidivmod                    
0000254d  atoi                                
000025c9  Get_Anolog_Value                    
00002605  LED_KEY_Blink_Update                
00002641  uart0_send_string                   
0000267d  __muldsi3                           
000026b9  sprintf                             
000026f1  LED_off                             
00002725  LED_toggle                          
00002759  readBlackFromFlash                  
0000278d  readWhiteFromFlash                  
000027c1  SYSCFG_DL_SYSCTL_init               
0000287d  SYSCFG_DL_TIMER_Encoder_init        
000028d5  __aeabi_i2d                         
000028d5  __floatsidf                         
00002901  uart0_send_char                     
000029f5  SYSCFG_DL_DMA_CH0_init              
00002a1d  Tick_delay                          
00002a45  _c_int00_noargs                     
00002ab9  DL_I2C_setClockConfig               
00002ae1  DL_FlashCTL_programMemoryFromRAM64  
00002b05  __aeabi_ui2d                        
00002b05  __floatunsidf                       
00002b29  __aeabi_lmul                        
00002b29  __muldi3                            
00002b4d  memccpy                             
00002bb1  __aeabi_llsl                        
00002bb1  __ashldi3                           
00002d05  DL_Timer_setCaptCompUpdateMethod    
00002d21  DL_Timer_setClockConfig             
00002da1  DL_FlashCTL_eraseMemoryFromRAM      
00002f51  DL_Timer_setCaptureCompareOutCtl    
00002fb1  LED_KEY_Blink_Start                 
0000304f  __TI_zero_init_nomemset             
000030f1  LED_KEY_Blink_SetInterval           
00003105  LED_KEY_Blink_Stop                  
00003119  __aeabi_uldivmod                    
0000313f  DL_UART_setClockConfig              
00003151  TI_memcpy_small                     
00003163  __TI_decompress_none                
00003185  DL_Timer_setCaptureCompareValue     
00003195  Tick_SysTickCallback                
000031a5  wcslen                              
000031b5  Get_Digtal_For_User                 
000031c5  __aeabi_memset                      
000031c5  __aeabi_memset4                     
000031c5  __aeabi_memset8                     
000031e1  TI_memset_small                     
000031ef  SYSCFG_DL_SYSTICK_init              
000031fb  DL_Common_delayCycles               
00003205  LED_init                            
00003219  SYSCFG_DL_DMA_init                  
00003221  SysTick_Handler                     
00003229  __aeabi_errno_addr                  
00003231  __aeabi_memcpy                      
00003231  __aeabi_memcpy4                     
00003231  __aeabi_memcpy8                     
00003239  abort                               
0000323f  ADC0_IRQHandler                     
0000323f  ADC1_IRQHandler                     
0000323f  AES_IRQHandler                      
0000323f  CANFD0_IRQHandler                   
0000323f  DAC0_IRQHandler                     
0000323f  DMA_IRQHandler                      
0000323f  Default_Handler                     
0000323f  GROUP0_IRQHandler                   
0000323f  HardFault_Handler                   
0000323f  I2C0_IRQHandler                     
0000323f  I2C1_IRQHandler                     
0000323f  NMI_Handler                         
0000323f  PendSV_Handler                      
0000323f  RTC_IRQHandler                      
0000323f  SPI0_IRQHandler                     
0000323f  SPI1_IRQHandler                     
0000323f  SVC_Handler                         
0000323f  TIMA0_IRQHandler                    
0000323f  TIMA1_IRQHandler                    
0000323f  TIMG0_IRQHandler                    
0000323f  TIMG12_IRQHandler                   
0000323f  TIMG6_IRQHandler                    
0000323f  TIMG7_IRQHandler                    
0000323f  TIMG8_IRQHandler                    
0000323f  UART0_IRQHandler                    
0000323f  UART1_IRQHandler                    
0000323f  UART2_IRQHandler                    
0000323f  UART3_IRQHandler                    
00003242  C$$EXIT                             
00003243  HOSTexit                            
00003247  Reset_Handler                       
0000325d  _system_pre_init                    
00003270  __aeabi_ctype_table_                
00003270  __aeabi_ctype_table_C               
000034b0  __TI_Handler_Table_Base             
000034bc  __TI_Handler_Table_Limit            
000034cc  __TI_CINIT_Base                     
000034dc  __TI_CINIT_Limit                    
000034dc  __TI_CINIT_Warm                     
000034e0  __TI_table_binit                    
000034e0  __binit__                           
000034e0  binit                               
20200000  __start___llvm_prf_bits             
20200000  __start___llvm_prf_cnts             
20200000  __stop___llvm_prf_bits              
20200000  __stop___llvm_prf_cnts              
20200000  gPWM_MOTORBackup                    
202000bc  gTIMER_EncoderBackup                
20200178  sensor                              
20200228  ADC_VALUE                           
20200278  gUART_0Backup                       
202002a8  long_pressed_key_time               
202002ac  state                               
202002b0  Digtal                              
20200318  Anolog                              
20200328  black                               
20200338  white                               
20200358  Tick                                
2020035c  __aeabi_errno                       
20200360  last_key_time                       
20200364  key_pressed                         
20200365  long_err_flag                       
20207e00  __stack                             
20208000  __STACK_END                         
ffffffff  __TI_pprof_out_hndl                 
ffffffff  __TI_prof_data_size                 
ffffffff  __TI_prof_data_start                
UNDEFED   __mpu_init                          
UNDEFED   _system_post_cinit                  

[197 symbols]
