******************************************************************************
            TI ARM Clang Linker PC v4.0.4                      
******************************************************************************
>> Linked Sat Jul 25 16:59:13 2026

OUTPUT FILE NAME:   <diansai2024.out>
ENTRY POINT SYMBOL: "_c_int00_noargs"  address: 00007ac5


MEMORY CONFIGURATION

         name            origin    length      used     unused   attr    fill
----------------------  --------  ---------  --------  --------  ----  --------
  FLASH                 00000000   00020000  000096a0  00016960  R  X
  SRAM                  20200000   00008000  0000083d  000077c3  RW X
  BCR_CONFIG            41c00000   000000ff  00000000  000000ff  R   
  BSL_CONFIG            41c00100   00000080  00000000  00000080  R   


SEGMENT ALLOCATION MAP

run origin  load origin   length   init length attrs members
----------  ----------- ---------- ----------- ----- -------
00000000    00000000    000095e0   000095e0    r-x
  00000000    00000000    000000c0   000000c0    r-- .intvecs
  000000c0    000000c0    000086e0   000086e0    r-x .text
  000087a0    000087a0    00000e40   00000e40    r-- .rodata
00009640    00009640    00000060   00000060    r--
  00009640    00009640    00000050   00000050    r-- .cinit
  00009690    00009690    00000010   00000010    r-- .binit
20200000    20200000    000005dd   00000000    rw-
  20200000    20200000    00000518   00000000    rw- .bss
  20200518    20200518    000000c5   00000000    rw- .data
202005e0    000095e0    00000060   00000060    r-x
  202005e0    000095e0    00000060   00000060    r-x .TI.ramfunc
20207e00    20207e00    00000200   00000000    rw-
  20207e00    20207e00    00000200   00000000    rw- .stack


SECTION ALLOCATION MAP

 output                                  attributes/
section   page    origin      length       input sections
--------  ----  ----------  ----------   ----------------
.intvecs   0    00000000    000000c0     
                  00000000    000000c0     startup_mspm0g350x_ticlang.o (.intvecs)

.text      0    000000c0    000086e0     
                  000000c0    000009d0     libc.a : _printfi.c.obj (.text:__TI_printfi)
                  00000a90    00000364            : e_asin.c.obj (.text.asin)
                  00000df4    000002f8            : s_atan.c.obj (.text.atan)
                  000010ec    00000278     inv_mpu_dmp_motion_driver.o (.text.dmp_enable_feature)
                  00001364    00000274     trace.o (.text.Control)
                  000015d8    00000238     inv_mpu_dmp_motion_driver.o (.text.dmp_set_tap_thresh)
                  00001810    00000234     key.o (.text.Key_Process)
                  00001a44    0000022c     mpu6050.o (.text.Read_Quad)
                  00001c70    0000022c     inv_mpu.o (.text.mpu_reset_fifo)
                  00001e9c    00000220     libc.a : _printfi.c.obj (.text._pconv_a)
                  000020bc    000001f4     inv_mpu_dmp_motion_driver.o (.text.dmp_read_fifo)
                  000022b0    000001dc     libc.a : _printfi.c.obj (.text._pconv_g)
                  0000248c    000001c8     ti_msp_dl_config.o (.text.SYSCFG_DL_GPIO_init)
                  00002654    000001b4     pid.o (.text.PID_Calc)
                  00002808    000001a0     inv_mpu.o (.text.mpu_set_bypass)
                  000029a8    00000192     libclang_rt.builtins.a : adddf3.S.obj (.text.adddf3_subdf3)
                  00002b3a    00000002                            : aeabi_div0.c.obj (.text.__aeabi_idiv0)
                  00002b3c    00000188     No_Mcu_Ganv_Grayscale_Sensor.o (.text.No_MCU_Ganv_Sensor_Init)
                  00002cc4    00000188     libc.a : e_atan2.c.obj (.text.atan2)
                  00002e4c    00000178     inv_mpu_dmp_motion_driver.o (.text.dmp_set_orientation)
                  00002fc4    00000170     libc.a : e_sqrt.c.obj (.text.sqrt)
                  00003134    00000160     Task.o (.text.task3)
                  00003294    00000144     mpu6050.o (.text.MPU6050_Init)
                  000033d8    0000013c     libc.a : _printfi.c.obj (.text.fcvt)
                  00003514    00000134     mspm0_i2c.o (.text.mspm0_i2c_read)
                  00003648    00000130     inv_mpu.o (.text.mpu_set_sensors)
                  00003778    00000128     trace.o (.text.Trace_init)
                  000038a0    00000128     inv_mpu.o (.text.mpu_init)
                  000039c8    00000124     inv_mpu.o (.text.mpu_load_firmware)
                  00003aec    00000120     libc.a : _printfi.c.obj (.text._pconv_e)
                  00003c0c    0000010c     trace.o (.text.Turn_angel)
                  00003d18    0000010c     libclang_rt.builtins.a : divdf3.S.obj (.text.__divdf3)
                  00003e24    00000108     inv_mpu.o (.text.mpu_read_fifo_stream)
                  00003f2c    00000104     driverlib.a : dl_timer.o (.text.DL_Timer_initFourCCPWMMode)
                  00004030    00000100     inv_mpu.o (.text.mpu_lp_accel_mode)
                  00004130    000000fc     driverlib.a : dl_timer.o (.text.DL_Timer_initTimerMode)
                  0000422c    000000f4     main.o (.text.main)
                  00004320    000000ec     inv_mpu.o (.text.mpu_set_sample_rate)
                  0000440c    000000e4     libclang_rt.builtins.a : muldf3.S.obj (.text.__muldf3)
                  000044f0    000000e4     inv_mpu.o (.text.mpu_set_accel_fsr)
                  000045d4    000000d8     driverlib.a : dl_flashctl.o (.text.DL_FlashCTL_unprotectSector)
                  000046ac    000000d8     libc.a : s_scalbn.c.obj (.text.scalbn)
                  00004784    000000d8     libclang_rt.builtins.a : addsf3.S.obj (.text)
                  0000485c    000000d4     inv_mpu.o (.text.set_int_enable)
                  00004930    000000d0     inv_mpu.o (.text.mpu_set_lpf)
                  00004a00    000000cc     motor.o (.text.Motor_Speed_Get)
                  00004acc    000000c4     trace.o (.text.GROUP1_IRQHandler)
                  00004b90    000000c4     inv_mpu.o (.text.mpu_set_gyro_fsr)
                  00004c54    000000c4     mspm0_i2c.o (.text.mspm0_i2c_write)
                  00004d18    000000c0     trace.o (.text.Motor_Ctrl)
                  00004dd8    000000bc     inv_mpu.o (.text.mpu_configure_fifo)
                  00004e94    000000b8     No_Mcu_Ganv_Grayscale_Sensor.o (.text.Get_Analog_value)
                  00004f4c    000000b8     inv_mpu.o (.text.mpu_set_dmp_state)
                  00005004    000000b4     flash.o (.text.writeToFlash)
                  000050b8    000000b0     ti_msp_dl_config.o (.text.SYSCFG_DL_initPower)
                  00005168    000000ac     inv_mpu.o (.text.mpu_read_mem)
                  00005214    000000ac     inv_mpu.o (.text.mpu_write_mem)
                  000052c0    000000aa     No_Mcu_Ganv_Grayscale_Sensor.o (.text.normalizeAnalogValues)
                  0000536a    00000002     libclang_rt.builtins.a : aeabi_div0.c.obj (.text.__aeabi_ldiv0)
                  0000536c    000000a2                            : udivmoddi4.S.obj (.text)
                  0000540e    00000002     --HOLE-- [fill = 0]
                  00005410    000000a0     motor.o (.text.Motor_Encoder_Update)
                  000054b0    0000009c     trace.o (.text.RunStraight)
                  0000554c    0000009c     inv_mpu.o (.text.mpu_set_int_latched)
                  000055e8    00000098     inv_mpu_dmp_motion_driver.o (.text.dmp_set_fifo_rate)
                  00005680    00000096     mpu6050.o (.text.inv_row_2_scale)
                  00005716    00000002     --HOLE-- [fill = 0]
                  00005718    00000090     trace.o (.text.Calculate_Position_Error)
                  000057a8    00000090     motor.o (.text.Motor_Driver)
                  00005838    00000090     motor.o (.text.Motor_Init)
                  000058c8    00000090     ti_msp_dl_config.o (.text.SYSCFG_DL_PWM_MOTOR_init)
                  00005958    0000008c     libclang_rt.builtins.a : mulsf3.S.obj (.text.__mulsf3)
                  000059e4    0000008c     inv_mpu_dmp_motion_driver.o (.text.decode_gesture)
                  00005a70    00000088     encoder.o (.text.Encoder_HandleGPIOA)
                  00005af8    00000088     adc.o (.text.adc_getValue)
                  00005b80    00000084     clock.o (.text.__NVIC_SetPriority)
                  00005c04    00000084     ti_msp_dl_config.o (.text.__NVIC_SetPriority)
                  00005c88    00000082     libclang_rt.builtins.a : divsf3.S.obj (.text.__divsf3)
                  00005d0a    00000002     --HOLE-- [fill = 0]
                  00005d0c    00000080     led.o (.text.LED_setAll)
                  00005d8c    0000007c     libc.a : copy_decompress_lzss.c.obj (.text:decompress:lzss)
                  00005e08    00000074     libclang_rt.builtins.a : comparedf2.c.obj (.text.__gedf2)
                  00005e7c    00000004     startup_mspm0g350x_ticlang.o (.text.Default_Handler)
                  00005e80    00000074     libclang_rt.builtins.a : truncdfsf2.S.obj (.text.__truncdfsf2)
                  00005ef4    00000074     inv_mpu.o (.text.mpu_get_accel_fsr)
                  00005f68    00000072     No_Mcu_Ganv_Grayscale_Sensor.o (.text.No_MCU_Ganv_Sensor_Init_Frist)
                  00005fda    00000002     --HOLE-- [fill = 0]
                  00005fdc    0000006c     ti_msp_dl_config.o (.text.SYSCFG_DL_ADC_VOLTAGE_init)
                  00006048    0000006c     No_Mcu_Ganv_Grayscale_Sensor.o (.text.convertAnalogToDigital)
                  000060b4    00000068     libclang_rt.builtins.a : comparedf2.c.obj (.text.__ledf2)
                  0000611c    00000066     libc.a : _printfi.c.obj (.text._mcpy)
                  00006182    00000066     inv_mpu_dmp_motion_driver.o (.text.dmp_set_tap_axes)
                  000061e8    00000064     ti_msp_dl_config.o (.text.DL_ADC12_initSingleSample)
                  0000624c    00000064     encoder.o (.text.Encoder_Init)
                  000062b0    00000062     libclang_rt.builtins.a : aeabi_dcmp.S.obj (.text.__aeabi_dcmp)
                  00006312    00000002     --HOLE-- [fill = 0]
                  00006314    00000062                            : aeabi_fcmp.S.obj (.text.__aeabi_fcmp)
                  00006376    00000002     --HOLE-- [fill = 0]
                  00006378    00000060     trace.o (.text.Calculate_Heading_Error)
                  000063d8    00000060     inv_mpu_dmp_motion_driver.o (.text.dmp_enable_gyro_cal)
                  00006438    00000060     mspm0_i2c.o (.text.mpu6050_i2c_sda_unlock)
                  00006498    00000060     inv_mpu.o (.text.mpu_get_gyro_fsr)
                  000064f8    0000005e     driverlib.a : dl_i2c.o (.text.DL_I2C_fillControllerTXFIFO)
                  00006556    00000002     --HOLE-- [fill = 0]
                  00006558    0000005c     Task.o (.text.FindLine)
                  000065b4    0000005c     Task.o (.text.LostLine)
                  00006610    0000005c     libc.a : s_frexp.c.obj (.text.frexp)
                  0000666c    0000005c     mspm0_i2c.o (.text.mspm0_i2c_enable)
                  000066c8    00000058     ti_msp_dl_config.o (.text.SYSCFG_DL_I2C_MPU6050_init)
                  00006720    00000058     ti_msp_dl_config.o (.text.SYSCFG_DL_I2C_OLED_init)
                  00006778    00000058     libc.a : _ltoa.c.obj (.text.__TI_ltoa)
                  000067d0    00000058            : _printfi.c.obj (.text._pconv_f)
                  00006828    00000058     key.o (.text.adjust_white_black)
                  00006880    00000056     libclang_rt.builtins.a : aeabi_idivmod.S.obj (.text.__aeabi_idivmod)
                  000068d6    00000002     --HOLE-- [fill = 0]
                  000068d8    00000054     ti_msp_dl_config.o (.text.SYSCFG_DL_init)
                  0000692c    00000052     libc.a : _printfi.c.obj (.text._ecpy)
                  0000697e    00000002     --HOLE-- [fill = 0]
                  00006980    00000050     mspm0_i2c.o (.text.DL_GPIO_initPeripheralInputFunctionFeatures)
                  000069d0    00000050     ti_msp_dl_config.o (.text.DL_GPIO_initPeripheralInputFunctionFeatures)
                  00006a20    00000050     mspm0_i2c.o (.text.DL_I2C_startControllerTransfer)
                  00006a70    00000050     pid.o (.text.PID_Init)
                  00006ac0    00000050     clock.o (.text.SysTick_Config)
                  00006b10    00000050     ti_msp_dl_config.o (.text.SysTick_Config)
                  00006b60    0000004c     driverlib.a : dl_dma.o (.text.DL_DMA_initChannel)
                  00006bac    0000004c     mspm0_i2c.o (.text.DL_GPIO_initDigitalInputFeatures)
                  00006bf8    0000004c     ti_msp_dl_config.o (.text.DL_GPIO_initDigitalInputFeatures)
                  00006c44    0000004c     ti_msp_dl_config.o (.text.DL_UART_setBaudRateDivisor)
                  00006c90    0000004c     libc.a : cpy_tbl.c.obj (.text.copy_in)
                  00006cdc    0000004c            : autoinit.c.obj (.text:__TI_auto_init_nopinit)
                  00006d28    0000004a     ti_msp_dl_config.o (.text.DL_ADC12_configConversionMem)
                  00006d72    00000002     --HOLE-- [fill = 0]
                  00006d74    0000004a     libclang_rt.builtins.a : fixdfsi.S.obj (.text.__fixdfsi)
                  00006dbe    00000002     --HOLE-- [fill = 0]
                  00006dc0    00000048     driverlib.a : dl_uart.o (.text.DL_UART_init)
                  00006e08    00000048     ti_msp_dl_config.o (.text.SYSCFG_DL_UART_0_init)
                  00006e50    00000048     inv_mpu_dmp_motion_driver.o (.text.dmp_enable_6x_lp_quat)
                  00006e98    00000048     inv_mpu_dmp_motion_driver.o (.text.dmp_enable_lp_quat)
                  00006ee0    00000048     mspm0_i2c.o (.text.mspm0_i2c_disable)
                  00006f28    00000044     pid.o (.text.LimitMax)
                  00006f6c    00000044     inv_mpu_dmp_motion_driver.o (.text.dmp_set_shake_reject_thresh)
                  00006fb0    00000044     inv_mpu_dmp_motion_driver.o (.text.dmp_set_tap_count)
                  00006ff4    00000042     No_Mcu_Ganv_Grayscale_Sensor.o (.text.No_Mcu_Ganv_Sensor_Task_Without_tick)
                  00007036    00000002     --HOLE-- [fill = 0]
                  00007038    00000040     driverlib.a : dl_adc12.o (.text.DL_ADC12_setClockConfig)
                  00007078    00000040     ti_msp_dl_config.o (.text.SYSCFG_DL_UART_1_init)
                  000070b8    00000040     libclang_rt.builtins.a : aeabi_uidivmod.S.obj (.text.__aeabi_uidivmod)
                  000070f8    00000040                            : extendsfdf2.S.obj (.text.__extendsfdf2)
                  00007138    00000040     libc.a : atoi.c.obj (.text.atoi)
                  00007178    0000003e     mpu6050.o (.text.inv_orientation_matrix_to_scalar)
                  000071b6    00000002     --HOLE-- [fill = 0]
                  000071b8    0000003c     driverlib.a : dl_i2c.o (.text.DL_I2C_flushControllerTXFIFO)
                  000071f4    0000003c     ti_msp_dl_config.o (.text.DL_Timer_setCounterControl)
                  00007230    0000003c     No_Mcu_Ganv_Grayscale_Sensor.o (.text.Get_Anolog_Value)
                  0000726c    0000003c     led.o (.text.LED_KEY_Blink_Update)
                  000072a8    0000003c     pid.o (.text.PID_clear)
                  000072e4    0000003c     libclang_rt.builtins.a : floatsisf.S.obj (.text.__floatsisf)
                  00007320    0000003c                            : comparesf2.S.obj (.text.__gtsf2)
                  0000735c    0000003c     clock.o (.text.mspm0_delay_ms)
                  00007398    0000003c     uart.o (.text.uart0_send_string)
                  000073d4    0000003a     libclang_rt.builtins.a : comparesf2.S.obj (.text.__eqsf2)
                  0000740e    00000002     --HOLE-- [fill = 0]
                  00007410    0000003a                            : muldsi3.S.obj (.text.__muldsi3)
                  0000744a    00000038     motor.o (.text.Motor_Pid_Init)
                  00007482    00000002     --HOLE-- [fill = 0]
                  00007484    00000038     libclang_rt.builtins.a : fixsfsi.S.obj (.text.__fixsfsi)
                  000074bc    00000038     libc.a : sprintf.c.obj (.text.sprintf)
                  000074f4    00000034     led.o (.text.LED_off)
                  00007528    00000034     led.o (.text.LED_toggle)
                  0000755c    00000034     inv_mpu.o (.text.mpu_get_sample_rate)
                  00007590    00000034     flash.o (.text.readBlackFromFlash)
                  000075c4    00000034     flash.o (.text.readWhiteFromFlash)
                  000075f8    00000032     ti_msp_dl_config.o (.text.SYSCFG_DL_SYSCTL_init)
                  0000762a    00000032     inv_mpu_dmp_motion_driver.o (.text.dmp_set_shake_reject_time)
                  0000765c    00000032     inv_mpu_dmp_motion_driver.o (.text.dmp_set_shake_reject_timeout)
                  0000768e    00000002     --HOLE-- [fill = 0]
                  00007690    00000030     ti_msp_dl_config.o (.text.DL_DMA_setTransferSize)
                  000076c0    00000030     Task.o (.text.GetDistance)
                  000076f0    00000030     libc.a : _printfi.c.obj (.text._fcpy)
                  00007720    00000030     inv_mpu_dmp_motion_driver.o (.text.dmp_set_tap_time)
                  00007750    00000030     inv_mpu_dmp_motion_driver.o (.text.dmp_set_tap_time_multi)
                  00007780    0000002c     ti_msp_dl_config.o (.text.DL_ADC12_setDMASamplesCnt)
                  000077ac    0000002c     flash.o (.text.DL_FlashCTL_waitForCmdDone)
                  000077d8    0000002c     encoder.o (.text.Encoder_HandleGPIOB)
                  00007804    0000002c     ti_msp_dl_config.o (.text.SYSCFG_DL_TIMER_Encoder_init)
                  00007830    0000002c     Task.o (.text.Trace_GoStraight)
                  0000785c    0000002c     main.o (.text.__NVIC_EnableIRQ)
                  00007888    0000002c     libclang_rt.builtins.a : floatsidf.S.obj (.text.__floatsidf)
                  000078b4    0000002c     clock.o (.text.mspm0_get_clock_ms)
                  000078e0    0000002c     uart.o (.text.uart0_send_char)
                  0000790c    00000028     mspm0_i2c.o (.text.DL_Common_updateReg)
                  00007934    00000028     ti_msp_dl_config.o (.text.DL_Common_updateReg)
                  0000795c    00000028     main.o (.text.DL_DMA_setDestAddr)
                  00007984    00000028     main.o (.text.DL_DMA_setSrcAddr)
                  000079ac    00000028     ti_msp_dl_config.o (.text.DL_I2C_setControllerRXFIFOThreshold)
                  000079d4    00000028     ti_msp_dl_config.o (.text.DL_I2C_setControllerTXFIFOThreshold)
                  000079fc    00000028     Distance.o (.text.Encoder_GetDistance_mm)
                  00007a24    00000028     ti_msp_dl_config.o (.text.SYSCFG_DL_DMA_CH0_init)
                  00007a4c    00000028     delay.o (.text.Tick_delay)
                  00007a74    00000028     Task.o (.text.Trace_Stop)
                  00007a9c    00000028     libclang_rt.builtins.a : floatunsisf.S.obj (.text.__floatunsisf)
                  00007ac4    00000028     libc.a : boot_cortex_m.c.obj (.text:_c_int00_noargs)
                  00007aec    00000026     main.o (.text.DL_DMA_enableChannel)
                  00007b12    00000026     ti_msp_dl_config.o (.text.DL_I2C_setAnalogGlitchFilterPulseWidth)
                  00007b38    00000026     driverlib.a : dl_i2c.o (.text.DL_I2C_setClockConfig)
                  00007b5e    00000002     --HOLE-- [fill = 0]
                  00007b60    00000024                 : dl_flashctl.o (.text.DL_FlashCTL_programMemoryFromRAM64)
                  00007b84    00000024     Task.o (.text.Trace_TurnTo)
                  00007ba8    00000024     libclang_rt.builtins.a : floatunsidf.S.obj (.text.__floatunsidf)
                  00007bcc    00000024                            : muldi3.S.obj (.text.__muldi3)
                  00007bf0    00000022     libc.a : memccpy.c.obj (.text.memccpy)
                  00007c12    00000002     --HOLE-- [fill = 0]
                  00007c14    00000020     ti_msp_dl_config.o (.text.DL_GPIO_initPeripheralInputFunction)
                  00007c34    00000020     encoder.o (.text.Encoder_GetDelta)
                  00007c54    00000020     libc.a : memcmp.c.obj (.text.memcmp)
                  00007c74    0000001e     ti_msp_dl_config.o (.text.DL_UART_setOversampling)
                  00007c92    0000001e     motor.o (.text.Motor_Calc)
                  00007cb0    0000001e     libclang_rt.builtins.a : ashldi3.S.obj (.text.__ashldi3)
                  00007cce    0000001e     delay.o (.text.delay_us)
                  00007cec    0000001c     ti_msp_dl_config.o (.text.DL_ADC12_enableDMA)
                  00007d08    0000001c     ti_msp_dl_config.o (.text.DL_ADC12_enableDMATrigger)
                  00007d24    0000001c     main.o (.text.DL_ADC12_startConversion)
                  00007d40    0000001c     encoder.o (.text.DL_GPIO_clearInterruptStatus)
                  00007d5c    0000001c     ti_msp_dl_config.o (.text.DL_GPIO_clearInterruptStatus)
                  00007d78    0000001c     trace.o (.text.DL_GPIO_clearInterruptStatus)
                  00007d94    0000001c     encoder.o (.text.DL_GPIO_disableInterrupt)
                  00007db0    0000001c     mspm0_i2c.o (.text.DL_GPIO_enableHiZ)
                  00007dcc    0000001c     ti_msp_dl_config.o (.text.DL_GPIO_enableHiZ)
                  00007de8    0000001c     encoder.o (.text.DL_GPIO_enableInterrupt)
                  00007e04    0000001c     ti_msp_dl_config.o (.text.DL_GPIO_enableInterrupt)
                  00007e20    0000001c     ti_msp_dl_config.o (.text.DL_GPIO_initPeripheralOutputFunction)
                  00007e3c    0000001c     ti_msp_dl_config.o (.text.DL_GPIO_setLowerPinsPolarity)
                  00007e58    0000001c     mpu6050.o (.text.DL_I2C_getSDAStatus)
                  00007e74    0000001c     mspm0_i2c.o (.text.DL_I2C_isControllerRXFIFOEmpty)
                  00007e90    0000001c     ti_msp_dl_config.o (.text.DL_SYSCTL_setMCLKDivider)
                  00007eac    0000001c     ti_msp_dl_config.o (.text.DL_SYSCTL_setSYSOSCFreq)
                  00007ec8    0000001c     ti_msp_dl_config.o (.text.DL_SYSCTL_setULPCLKDivider)
                  00007ee4    0000001c     driverlib.a : dl_timer.o (.text.DL_Timer_setCaptCompUpdateMethod)
                  00007f00    0000001c                 : dl_timer.o (.text.DL_Timer_setClockConfig)
                  00007f1c    0000001c     ti_msp_dl_config.o (.text.DL_UART_enableInterrupt)
                  00007f38    0000001c     Distance.o (.text.Encoder_GetDistance_cm)
                  00007f54    0000001c     inv_mpu_dmp_motion_driver.o (.text.dmp_load_motion_driver_firmware)
                  00007f70    00000018     ti_msp_dl_config.o (.text.DL_ADC12_enablePower)
                  00007f88    00000018     ti_msp_dl_config.o (.text.DL_ADC12_reset)
                  00007fa0    00000018     ti_msp_dl_config.o (.text.DL_ADC12_setSampleTime0)
                  00007fb8    00000018     driverlib.a : dl_flashctl.o (.text.DL_FlashCTL_eraseMemoryFromRAM)
                  00007fd0    00000018     mspm0_i2c.o (.text.DL_GPIO_enableOutput)
                  00007fe8    00000018     ti_msp_dl_config.o (.text.DL_GPIO_enableOutput)
                  00008000    00000018     ti_msp_dl_config.o (.text.DL_GPIO_enablePower)
                  00008018    00000018     mspm0_i2c.o (.text.DL_GPIO_initDigitalOutput)
                  00008030    00000018     ti_msp_dl_config.o (.text.DL_GPIO_initDigitalOutput)
                  00008048    00000018     ti_msp_dl_config.o (.text.DL_GPIO_reset)
                  00008060    00000018     No_Mcu_Ganv_Grayscale_Sensor.o (.text.DL_GPIO_setPins)
                  00008078    00000018     led.o (.text.DL_GPIO_setPins)
                  00008090    00000018     motor.o (.text.DL_GPIO_setPins)
                  000080a8    00000018     mspm0_i2c.o (.text.DL_GPIO_setPins)
                  000080c0    00000018     trace.o (.text.DL_GPIO_setPins)
                  000080d8    00000018     ti_msp_dl_config.o (.text.DL_GPIO_setUpperPinsPolarity)
                  000080f0    00000018     led.o (.text.DL_GPIO_togglePins)
                  00008108    00000018     mspm0_i2c.o (.text.DL_I2C_clearInterruptStatus)
                  00008120    00000018     ti_msp_dl_config.o (.text.DL_I2C_enableAnalogGlitchFilter)
                  00008138    00000018     ti_msp_dl_config.o (.text.DL_I2C_enableController)
                  00008150    00000018     ti_msp_dl_config.o (.text.DL_I2C_enableControllerClockStretching)
                  00008168    00000018     mspm0_i2c.o (.text.DL_I2C_enablePower)
                  00008180    00000018     ti_msp_dl_config.o (.text.DL_I2C_enablePower)
                  00008198    00000018     mspm0_i2c.o (.text.DL_I2C_getRawInterruptStatus)
                  000081b0    00000018     mspm0_i2c.o (.text.DL_I2C_reset)
                  000081c8    00000018     ti_msp_dl_config.o (.text.DL_I2C_reset)
                  000081e0    00000018     ti_msp_dl_config.o (.text.DL_I2C_setTimerPeriod)
                  000081f8    00000018     ti_msp_dl_config.o (.text.DL_SYSCTL_setBORThreshold)
                  00008210    00000018     ti_msp_dl_config.o (.text.DL_Timer_enablePower)
                  00008228    00000018     ti_msp_dl_config.o (.text.DL_Timer_reset)
                  00008240    00000018     driverlib.a : dl_timer.o (.text.DL_Timer_setCaptureCompareOutCtl)
                  00008258    00000018     motor.o (.text.DL_Timer_startCounter)
                  00008270    00000018     ti_msp_dl_config.o (.text.DL_UART_enablePower)
                  00008288    00000018     uart.o (.text.DL_UART_isBusy)
                  000082a0    00000018     ti_msp_dl_config.o (.text.DL_UART_reset)
                  000082b8    00000018     led.o (.text.LED_KEY_Blink_Start)
                  000082d0    00000018     Task.o (.text.ResetDistance)
                  000082e8    00000018     trace.o (.text.SlowForward)
                  00008300    00000018     libc.a : sprintf.c.obj (.text._outs)
                  00008318    00000016     ti_msp_dl_config.o (.text.DL_ADC12_enableConversions)
                  0000832e    00000016     encoder.o (.text.DL_GPIO_readPins)
                  00008344    00000016     key.o (.text.DL_GPIO_readPins)
                  0000835a    00000016     mspm0_i2c.o (.text.DL_GPIO_readPins)
                  00008370    00000016     trace.o (.text.DL_GPIO_readPins)
                  00008386    00000016     mspm0_i2c.o (.text.DL_I2C_transmitControllerData)
                  0000839c    00000016     ti_msp_dl_config.o (.text.DL_UART_enable)
                  000083b2    00000016     uart.o (.text.DL_UART_transmitData)
                  000083c8    00000014     No_Mcu_Ganv_Grayscale_Sensor.o (.text.DL_GPIO_clearPins)
                  000083dc    00000014     led.o (.text.DL_GPIO_clearPins)
                  000083f0    00000014     motor.o (.text.DL_GPIO_clearPins)
                  00008404    00000014     mspm0_i2c.o (.text.DL_GPIO_clearPins)
                  00008418    00000014     ti_msp_dl_config.o (.text.DL_GPIO_clearPins)
                  0000842c    00000014     mspm0_i2c.o (.text.DL_I2C_getControllerStatus)
                  00008440    00000014     mspm0_i2c.o (.text.DL_I2C_receiveControllerData)
                  00008454    00000014     ti_msp_dl_config.o (.text.DL_I2C_resetControllerTransfer)
                  00008468    00000014     ti_msp_dl_config.o (.text.DL_SYSCTL_disableSYSPLL)
                  0000847c    00000014     ti_msp_dl_config.o (.text.DL_Timer_enableClock)
                  00008490    00000014     ti_msp_dl_config.o (.text.DL_Timer_setCCPDirection)
                  000084a4    00000014     led.o (.text.LED_KEY_Blink_SetInterval)
                  000084b8    00000014     led.o (.text.LED_KEY_Blink_Stop)
                  000084cc    00000014     delay.o (.text.SysTick_Handler)
                  000084e0    00000014     clock.o (.text.SysTick_Init)
                  000084f4    00000014     Task.o (.text.Trace_Follow)
                  00008508    00000014     Task.o (.text.Trace_Search)
                  0000851c    00000014     libclang_rt.builtins.a : aeabi_uldivmod.S.obj (.text.__aeabi_uldivmod)
                  00008530    00000014     inv_mpu_dmp_motion_driver.o (.text.dmp_register_android_orient_cb)
                  00008544    00000014     inv_mpu_dmp_motion_driver.o (.text.dmp_register_tap_cb)
                  00008558    00000014     libc.a : _printfi.c.obj (.text.strchr)
                  0000856c    00000012     trace.o (.text.DL_GPIO_getPendingInterrupt)
                  0000857e    00000012     driverlib.a : dl_uart.o (.text.DL_UART_setClockConfig)
                  00008590    00000012     libc.a : memcpy16.S.obj (.text:TI_memcpy_small)
                  000085a2    00000012            : copy_decompress_none.c.obj (.text:decompress:none)
                  000085b4    00000010     ti_msp_dl_config.o (.text.DL_SYSCTL_disableHFXT)
                  000085c4    00000010     motor.o (.text.DL_Timer_getTimerCount)
                  000085d4    00000010     driverlib.a : dl_timer.o (.text.DL_Timer_setCaptureCompareValue)
                  000085e4    00000010     delay.o (.text.Tick_SysTickCallback)
                  000085f4    00000010     Task.o (.text.Trace_TurnDone)
                  00008604    00000010     libc.a : wcslen.c.obj (.text.wcslen)
                  00008614    00000010            : copy_zero_init.c.obj (.text:decompress:ZI)
                  00008624    0000000e     Distance.o (.text.Encoder_ResetDistance)
                  00008632    0000000e     No_Mcu_Ganv_Grayscale_Sensor.o (.text.Get_Digtal_For_User)
                  00008640    0000000e     libclang_rt.builtins.a : aeabi_memset.S.obj (.text.__aeabi_memset)
                  0000864e    0000000e     libc.a : _printfi.c.obj (.text.strlen)
                  0000865c    0000000e     mpu6050.o (.text.tap_cb)
                  0000866a    0000000e     libc.a : memset16.S.obj (.text:TI_memset_small)
                  00008678    0000000c     ti_msp_dl_config.o (.text.SYSCFG_DL_SYSTICK_init)
                  00008684    0000000c     libclang_rt.builtins.a : aeabi_memset.S.obj (.text.__aeabi_memclr)
                  00008690    0000000a     driverlib.a : dl_common.o (.text.DL_Common_delayCycles)
                  0000869a    0000000a     led.o (.text.LED_init)
                  000086a4    0000000a     libc.a : _printfi.c.obj (.text.OUTLINED_FUNCTION_0)
                  000086ae    00000002     --HOLE-- [fill = 0]
                  000086b0    00000010     libclang_rt.builtins.a : adddf3.S.obj (.tramp.__aeabi_dsub.1)
                  000086c0    0000000a     libc.a : e_asin.c.obj (.text.OUTLINED_FUNCTION_0)
                  000086ca    00000002     --HOLE-- [fill = 0]
                  000086cc    00000010     libclang_rt.builtins.a : muldf3.S.obj (.tramp.__aeabi_dmul.1)
                  000086dc    0000000a     libc.a : s_atan.c.obj (.text.OUTLINED_FUNCTION_0)
                  000086e6    0000000a            : _printfi.c.obj (.text.OUTLINED_FUNCTION_1)
                  000086f0    0000000a            : e_asin.c.obj (.text.OUTLINED_FUNCTION_1)
                  000086fa    0000000a            : e_asin.c.obj (.text.OUTLINED_FUNCTION_3)
                  00008704    00000010     libclang_rt.builtins.a : divdf3.S.obj (.tramp.__aeabi_ddiv.1)
                  00008714    0000000a     libc.a : sprintf.c.obj (.text._outc)
                  0000871e    0000000a     mpu6050.o (.text.android_orient_cb)
                  00008728    00000008     libc.a : s_atan.c.obj (.text.OUTLINED_FUNCTION_2)
                  00008730    00000008     ti_msp_dl_config.o (.text.SYSCFG_DL_DMA_init)
                  00008738    00000008     libc.a : aeabi_portable.c.obj (.text.__aeabi_errno_addr)
                  00008740    00000008     libclang_rt.builtins.a : aeabi_memcpy.S.obj (.text.__aeabi_memcpy)
                  00008748    00000006     libc.a : s_atan.c.obj (.text.OUTLINED_FUNCTION_1)
                  0000874e    00000002     --HOLE-- [fill = 0]
                  00008750    00000010     libclang_rt.builtins.a : adddf3.S.obj (.tramp.__aeabi_dadd.1)
                  00008760    00000006     libc.a : e_asin.c.obj (.text.OUTLINED_FUNCTION_2)
                  00008766    00000006            : exit.c.obj (.text:abort)
                  0000876c    00000004     libsysbm.a : hostexit.c.obj (.text.HOSTexit)
                  00008770    00000004     libc.a : e_asin.c.obj (.text.OUTLINED_FUNCTION_4)
                  00008774    00000004     startup_mspm0g350x_ticlang.o (.text.Reset_Handler)
                  00008778    00000010     libc.a : boot_cortex_m.c.obj (.tramp._c_int00_noargs.1)
                  00008788    00000004            : pre_init.c.obj (.text._system_pre_init)
                  0000878c    00000010     driverlib.a : dl_flashctl.o (.tramp.DL_FlashCTL_executeCommandFromRAM.1)
                  0000879c    00000004     --HOLE-- [fill = 0]

.TI.ramfunc 
*          0    000095e0    00000060     RUN ADDR = 202005e0
                  000095e0    00000060     driverlib.a : dl_flashctl.o (.TI.ramfunc)

.cinit     0    00009640    00000050     
                  00009640    00000029     (.cinit..data.load) [load image, compression = lzss]
                  00009669    00000003     --HOLE-- [fill = 0]
                  0000966c    0000000c     (__TI_handler_table)
                  00009678    00000008     (.cinit..bss.load) [load image, compression = zero_init]
                  00009680    00000010     (__TI_cinit_table)

.rodata    0    000087a0    00000e40     
                  000087a0    00000bf6     inv_mpu_dmp_motion_driver.o (.rodata.dmp_memory)
                  00009396    0000000a     ti_msp_dl_config.o (.rodata.gUART_0Config)
                  000093a0    00000101     libc.a : aeabi_ctype.S.obj (.rodata:__aeabi_ctype_table_)
                  000094a1    00000003     ti_msp_dl_config.o (.rodata.gPWM_MOTORClockConfig)
                  000094a4    00000004     led.o (.rodata.LED_PINS)
                  000094a8    00000040     libc.a : s_atan.c.obj (.rodata.cst32)
                  000094e8    00000028     inv_mpu.o (.rodata.test)
                  00009510    0000001e     inv_mpu.o (.rodata.reg)
                  0000952e    00000002     ti_msp_dl_config.o (.rodata.gI2C_MPU6050ClockConfig)
                  00009530    00000018     ti_msp_dl_config.o (.rodata.gDMA_CH0Config)
                  00009548    00000014     ti_msp_dl_config.o (.rodata.gTIMER_EncoderTimerConfig)
                  0000955c    00000012     main.o (.rodata.str1.15159059442110792349.1)
                  0000956e    00000011     libc.a : _printfi.c.obj (.rodata.str1.10348868589481759720.1)
                  0000957f    00000011            : _printfi.c.obj (.rodata.str1.15363888844622738466.1)
                  00009590    0000000c     inv_mpu.o (.rodata.hw)
                  0000959c    0000000c     main.o (.rodata.str1.8154729771448623357.1)
                  000095a8    0000000a     ti_msp_dl_config.o (.rodata.gUART_1Config)
                  000095b2    00000002     ti_msp_dl_config.o (.rodata.gI2C_OLEDClockConfig)
                  000095b4    00000008     ti_msp_dl_config.o (.rodata.gADC_VOLTAGEClockConfig)
                  000095bc    00000008     ti_msp_dl_config.o (.rodata.gPWM_MOTORConfig)
                  000095c4    00000004     trace.o (.rodata.str1.1565272039071364118.1)
                  000095c8    00000003     ti_msp_dl_config.o (.rodata.gTIMER_EncoderClockConfig)
                  000095cb    00000003     trace.o (.rodata.str1.14144399129217559082.1)
                  000095ce    00000003     trace.o (.rodata.str1.3042740987211059966.1)
                  000095d1    00000002     ti_msp_dl_config.o (.rodata.gUART_0ClockConfig)
                  000095d3    00000002     ti_msp_dl_config.o (.rodata.gUART_1ClockConfig)
                  000095d5    0000000b     --HOLE-- [fill = 0]

.init_array 
*          0    00000000    00000000     UNINITIALIZED

.binit     0    00009690    00000010     
                  00009690    00000010     (.binit)

.bss       0    20200000    00000518     UNINITIALIZED
                  20200000    000000bc     (.common:gPWM_MOTORBackup)
                  202000bc    000000bc     (.common:gTIMER_EncoderBackup)
                  20200178    000000b0     (.common:sensor)
                  20200228    000000ac     (.common:motor_l)
                  202002d4    000000ac     (.common:motor_r)
                  20200380    00000050     (.common:ADC_VALUE)
                  202003d0    00000048     (.common:tracking_pid)
                  20200418    00000048     (.common:yaw_pid)
                  20200460    00000030     (.common:gUART_0Backup)
                  20200490    00000024     (.common:encL)
                  202004b4    00000024     (.common:encR)
                  202004d8    00000010     (.common:quat)
                  202004e8    00000006     (.common:accel)
                  202004ee    00000006     (.common:gyro)
                  202004f4    00000004     trace.o (.bss.RunStraight.target_yaw)
                  202004f8    00000004     (.common:long_pressed_key_time)
                  202004fc    00000004     (.common:pitch)
                  20200500    00000004     (.common:roll)
                  20200504    00000004     (.common:sensor_timestamp)
                  20200508    00000004     (.common:state)
                  2020050c    00000004     (.common:tick_ms)
                  20200510    00000004     (.common:yaw)
                  20200514    00000002     (.common:sensors)
                  20200516    00000001     (.common:Digtal)
                  20200517    00000001     (.common:more)

.data      0    20200518    000000c5     UNINITIALIZED
                  20200518    0000002c     inv_mpu.o (.data.st)
                  20200544    00000010     trace.o (.data.Anolog)
                  20200554    00000010     trace.o (.data.black)
                  20200564    00000010     inv_mpu_dmp_motion_driver.o (.data.dmp)
                  20200574    00000010     trace.o (.data.white)
                  20200584    0000000e     mpu6050.o (.data.hal)
                  20200592    00000002     Task.o (.data.FindLine.line_cnt)
                  20200594    0000000c     led.o (.data.keyBlinkCtrl)
                  202005a0    00000009     mpu6050.o (.data.gyro_orientation)
                  202005a9    00000001     trace.o (.data.RunStraight.first)
                  202005aa    00000002     Task.o (.data.LostLine.lost_cnt)
                  202005ac    00000004     trace.o (.data.Control.last_loop_tick)
                  202005b0    00000004     key.o (.data.Key_Process.last_blink_time)
                  202005b4    00000004     delay.o (.data.Tick)
                  202005b8    00000004     trace.o (.data.Turn_angel.target_heading)
                  202005bc    00000004     libc.a : aeabi_portable.c.obj (.data.__aeabi_errno)
                  202005c0    00000004     trace.o (.data.base_target_speed)
                  202005c4    00000004     trace.o (.data.current_yaw)
                  202005c8    00000004     key.o (.data.last_key_time)
                  202005cc    00000004     main.o (.data.main.last_gyro_tick)
                  202005d0    00000004     trace.o (.data.target_angle)
                  202005d4    00000001     trace.o (.data.Turn_angel.ok_cnt)
                  202005d5    00000001     trace.o (.data.Turn_angel.target_set)
                  202005d6    00000001     trace.o (.data.drive_mode)
                  202005d7    00000001     interrupt.o (.data.enable_group1_irq)
                  202005d8    00000001     trace.o (.data.heading_relock)
                  202005d9    00000001     key.o (.data.key_pressed)
                  202005da    00000001     key.o (.data.long_err_flag)
                  202005db    00000001     Task.o (.data.task3.state)
                  202005dc    00000001     Task.o (.data.task3.turning)

.stack     0    20207e00    00000200     UNINITIALIZED
                  20207e00    00000004     libc.a : boot_cortex_m.c.obj (.stack)
                  20207e04    000001fc     --HOLE--

__llvm_prf_cnts 
*          0    20200000    00000000     UNINITIALIZED

__llvm_prf_bits 
*          0    20200000    00000000     UNINITIALIZED

MODULE SUMMARY

       Module                           code    ro data   rw data
       ------                           ----    -------   -------
    .\
       ti_msp_dl_config.o               3348    94        424    
       main.o                           434     30        4      
       startup_mspm0g350x_ticlang.o     8       192       0      
    +--+--------------------------------+-------+---------+---------+
       Total:                           3790    316       428    
                                                                 
    .\Driver\
       No_Mcu_Ganv_Grayscale_Sensor.o   1152    0         0      
       key.o                            674     0         18     
       encoder.o                        418     0         72     
       led.o                            434     4         12     
       flash.o                          328     0         0      
       adc.o                            136     0         80     
       uart.o                           150     0         0      
       delay.o                          106     0         4      
    +--+--------------------------------+-------+---------+---------+
       Total:                           3398    4         186    
                                                                 
    .\Drivers\MPU6050\
       inv_mpu_dmp_motion_driver.o      3110    3062      16     
       inv_mpu.o                        4600    82        44     
       mspm0_i2c.o                      1368    0         0      
       mpu6050.o                        1144    0         70     
    +--+--------------------------------+-------+---------+---------+
       Total:                           10222   3144      130    
                                                                 
    .\Drivers\MSPM0\
       clock.o                          336     0         4      
       interrupt.o                      0       0         1      
    +--+--------------------------------+-------+---------+---------+
       Total:                           336     0         5      
                                                                 
    .\Motor\
       motor.o                          822     0         0      
    +--+--------------------------------+-------+---------+---------+
       Total:                           822     0         0      
                                                                 
    .\User\Distance\
       Distance.o                       82      0         0      
    +--+--------------------------------+-------+---------+---------+
       Total:                           82      0         0      
                                                                 
    .\User\PID\
       pid.o                            644     0         0      
    +--+--------------------------------+-------+---------+---------+
       Total:                           644     0         0      
                                                                 
    .\User\Task\
       Task.o                           784     0         6      
    +--+--------------------------------+-------+---------+---------+
       Total:                           784     0         6      
                                                                 
    .\User\trace\
       trace.o                          2092    10        742    
    +--+--------------------------------+-------+---------+---------+
       Total:                           2092    10        742    
                                                                 
    D:/ti/mspm0_sdk_2_10_00_04/source/ti/driverlib/lib/ticlang/m0p/mspm0g1x0x_g3x0x/driverlib.a
       dl_timer.o                       608     0         0      
       dl_flashctl.o                    484     0         0      
       dl_i2c.o                         192     0         0      
       dl_uart.o                        90      0         0      
       dl_dma.o                         76      0         0      
       dl_adc12.o                       64      0         0      
       dl_common.o                      10      0         0      
    +--+--------------------------------+-------+---------+---------+
       Total:                           1524    0         0      
                                                                 
    D:\ti\ccs2051\ccs\tools\compiler\ti-cgt-armllvm_4.0.4.LTS\lib\armv6m-ti-none-eabi/c/libc.a
       _printfi.c.obj                   4510    34        0      
       e_asin.c.obj                     908     0         0      
       s_atan.c.obj                     784     64        0      
       e_atan2.c.obj                    392     0         0      
       e_sqrt.c.obj                     368     0         0      
       aeabi_ctype.S.obj                0       257       0      
       s_scalbn.c.obj                   216     0         0      
       copy_decompress_lzss.c.obj       124     0         0      
       s_frexp.c.obj                    92      0         0      
       sprintf.c.obj                    90      0         0      
       _ltoa.c.obj                      88      0         0      
       autoinit.c.obj                   76      0         0      
       cpy_tbl.c.obj                    76      0         0      
       atoi.c.obj                       64      0         0      
       boot_cortex_m.c.obj              56      0         0      
       memccpy.c.obj                    34      0         0      
       memcmp.c.obj                     32      0         0      
       copy_decompress_none.c.obj       18      0         0      
       memcpy16.S.obj                   18      0         0      
       copy_zero_init.c.obj             16      0         0      
       wcslen.c.obj                     16      0         0      
       memset16.S.obj                   14      0         0      
       aeabi_portable.c.obj             8       0         4      
       exit.c.obj                       6       0         0      
       pre_init.c.obj                   4       0         0      
    +--+--------------------------------+-------+---------+---------+
       Total:                           8010    355       4      
                                                                 
    D:\ti\ccs2051\ccs\tools\compiler\ti-cgt-armllvm_4.0.4.LTS\lib\armv6m-ti-none-eabi/c/libsysbm.a
       hostexit.c.obj                   4       0         0      
    +--+--------------------------------+-------+---------+---------+
       Total:                           4       0         0      
                                                                 
    D:\ti\ccs2051\ccs\tools\compiler\ti-cgt-armllvm_4.0.4.LTS\lib\armv6m-ti-none-eabi/libclang_rt.builtins.a
       adddf3.S.obj                     434     0         0      
       divdf3.S.obj                     284     0         0      
       muldf3.S.obj                     244     0         0      
       comparedf2.c.obj                 220     0         0      
       addsf3.S.obj                     216     0         0      
       udivmoddi4.S.obj                 162     0         0      
       mulsf3.S.obj                     140     0         0      
       divsf3.S.obj                     130     0         0      
       comparesf2.S.obj                 118     0         0      
       truncdfsf2.S.obj                 116     0         0      
       aeabi_dcmp.S.obj                 98      0         0      
       aeabi_fcmp.S.obj                 98      0         0      
       aeabi_idivmod.S.obj              86      0         0      
       fixdfsi.S.obj                    74      0         0      
       aeabi_uidivmod.S.obj             64      0         0      
       extendsfdf2.S.obj                64      0         0      
       floatsisf.S.obj                  60      0         0      
       muldsi3.S.obj                    58      0         0      
       fixsfsi.S.obj                    56      0         0      
       floatsidf.S.obj                  44      0         0      
       floatunsisf.S.obj                40      0         0      
       floatunsidf.S.obj                36      0         0      
       muldi3.S.obj                     36      0         0      
       ashldi3.S.obj                    30      0         0      
       aeabi_memset.S.obj               26      0         0      
       aeabi_uldivmod.S.obj             20      0         0      
       aeabi_memcpy.S.obj               8       0         0      
       aeabi_div0.c.obj                 4       0         0      
    +--+--------------------------------+-------+---------+---------+
       Total:                           2966    0         0      
                                                                 
       Stack:                           0       0         512    
       Linker Generated:                0       93        0      
    +--+--------------------------------+-------+---------+---------+
       Grand Total:                     34674   3922      2013   


LINKER GENERATED COPY TABLES

__TI_cinit_table @ 00009680 records: 2, size/record: 8, table size: 16
	.data: load addr=00009640, load size=00000029 bytes, run addr=20200518, run size=000000c5 bytes, compression=lzss
	.bss: load addr=00009678, load size=00000008 bytes, run addr=20200000, run size=00000518 bytes, compression=zero_init
binit @ 00009690 records: 1, size/record: 12, table size: 16
	.TI.ramfunc: load addr=000095e0, load size=00000060, run addr=202005e0, run size=00000060, compression=none


LINKER GENERATED HANDLER TABLE

__TI_handler_table @ 0000966c records: 3, size/record: 4, table size: 12
	index: 0, handler: __TI_decompress_lzss
	index: 1, handler: __TI_decompress_none
	index: 2, handler: __TI_zero_init


FAR CALL TRAMPOLINES

callee name               trampoline name
   callee addr  tramp addr   call addr  call info
--------------  -----------  ---------  ----------------
__aeabi_dsub              $Tramp$TT$L$PI$$__aeabi_dsub
   000029a9     000086b0     000086ac   libc.a : _printfi.c.obj (.text.OUTLINED_FUNCTION_0)
__aeabi_dmul              $Tramp$TT$L$PI$$__aeabi_dmul
   0000440d     000086cc     000086c8   libc.a : e_asin.c.obj (.text.OUTLINED_FUNCTION_0)
                             000086e4          : s_atan.c.obj (.text.OUTLINED_FUNCTION_0)
                             000086f8          : e_asin.c.obj (.text.OUTLINED_FUNCTION_1)
                             0000872e          : s_atan.c.obj (.text.OUTLINED_FUNCTION_2)
                             00008764          : e_asin.c.obj (.text.OUTLINED_FUNCTION_2)
__aeabi_ddiv              $Tramp$TT$L$PI$$__aeabi_ddiv
   00003d19     00008704     00008702   libc.a : e_asin.c.obj (.text.OUTLINED_FUNCTION_3)
__aeabi_dadd              $Tramp$TT$L$PI$$__aeabi_dadd
   000029b3     00008750     0000874c   libc.a : s_atan.c.obj (.text.OUTLINED_FUNCTION_1)
                             00008772          : e_asin.c.obj (.text.OUTLINED_FUNCTION_4)
_c_int00_noargs           $Tramp$TT$L$PI$$_c_int00_noargs
   00007ac5     00008778     00008774   startup_mspm0g350x_ticlang.o (.text.Reset_Handler)
DL_FlashCTL_executeCommandFromRAM  $Tramp$TT$L$PI$$DL_FlashCTL_executeCommandFromRAM
   202005e1     0000878c     00007b78   driverlib.a : dl_flashctl.o (.text.DL_FlashCTL_programMemoryFromRAM64)
                             00007fc6               : dl_flashctl.o (.text.DL_FlashCTL_eraseMemoryFromRAM)

[6 trampolines]
[12 trampoline calls]


GLOBAL SYMBOLS: SORTED ALPHABETICALLY BY Name 

address   name                                
-------   ----                                
00005e7d  ADC0_IRQHandler                     
00005e7d  ADC1_IRQHandler                     
20200380  ADC_VALUE                           
00005e7d  AES_IRQHandler                      
20200544  Anolog                              
0000876c  C$$EXIT                             
00005e7d  CANFD0_IRQHandler                   
00006379  Calculate_Heading_Error             
00005719  Calculate_Position_Error            
00001365  Control                             
00005e7d  DAC0_IRQHandler                     
00007039  DL_ADC12_setClockConfig             
00008691  DL_Common_delayCycles               
00006b61  DL_DMA_initChannel                  
00007fb9  DL_FlashCTL_eraseMemoryFromRAM      
00007b61  DL_FlashCTL_programMemoryFromRAM64  
000045d5  DL_FlashCTL_unprotectSector         
000064f9  DL_I2C_fillControllerTXFIFO         
000071b9  DL_I2C_flushControllerTXFIFO        
00007b39  DL_I2C_setClockConfig               
00003f2d  DL_Timer_initFourCCPWMMode          
00004131  DL_Timer_initTimerMode              
00007ee5  DL_Timer_setCaptCompUpdateMethod    
00008241  DL_Timer_setCaptureCompareOutCtl    
000085d5  DL_Timer_setCaptureCompareValue     
00007f01  DL_Timer_setClockConfig             
00006dc1  DL_UART_init                        
0000857f  DL_UART_setClockConfig              
00005e7d  DMA_IRQHandler                      
00005e7d  Default_Handler                     
20200516  Digtal                              
00007c35  Encoder_GetDelta                    
00007f39  Encoder_GetDistance_cm              
000079fd  Encoder_GetDistance_mm              
00005a71  Encoder_HandleGPIOA                 
000077d9  Encoder_HandleGPIOB                 
0000624d  Encoder_Init                        
00008625  Encoder_ResetDistance               
00005e7d  GROUP0_IRQHandler                   
00004acd  GROUP1_IRQHandler                   
00004e95  Get_Analog_value                    
00007231  Get_Anolog_Value                    
00008633  Get_Digtal_For_User                 
0000876d  HOSTexit                            
00005e7d  HardFault_Handler                   
00005e7d  I2C0_IRQHandler                     
00005e7d  I2C1_IRQHandler                     
00001811  Key_Process                         
000084a5  LED_KEY_Blink_SetInterval           
000082b9  LED_KEY_Blink_Start                 
000084b9  LED_KEY_Blink_Stop                  
0000726d  LED_KEY_Blink_Update                
0000869b  LED_init                            
000074f5  LED_off                             
00005d0d  LED_setAll                          
00007529  LED_toggle                          
00003295  MPU6050_Init                        
00004d19  Motor_Ctrl                          
00005839  Motor_Init                          
00005e7d  NMI_Handler                         
00002b3d  No_MCU_Ganv_Sensor_Init             
00005f69  No_MCU_Ganv_Sensor_Init_Frist       
00006ff5  No_Mcu_Ganv_Sensor_Task_Without_tick
00002655  PID_Calc                            
00006a71  PID_Init                            
000072a9  PID_clear                           
00005e7d  PendSV_Handler                      
00005e7d  RTC_IRQHandler                      
00001a45  Read_Quad                           
00008775  Reset_Handler                       
000054b1  RunStraight                         
00005e7d  SPI0_IRQHandler                     
00005e7d  SPI1_IRQHandler                     
00005e7d  SVC_Handler                         
00005fdd  SYSCFG_DL_ADC_VOLTAGE_init          
00007a25  SYSCFG_DL_DMA_CH0_init              
00008731  SYSCFG_DL_DMA_init                  
0000248d  SYSCFG_DL_GPIO_init                 
000066c9  SYSCFG_DL_I2C_MPU6050_init          
00006721  SYSCFG_DL_I2C_OLED_init             
000058c9  SYSCFG_DL_PWM_MOTOR_init            
000075f9  SYSCFG_DL_SYSCTL_init               
00008679  SYSCFG_DL_SYSTICK_init              
00007805  SYSCFG_DL_TIMER_Encoder_init        
00006e09  SYSCFG_DL_UART_0_init               
00007079  SYSCFG_DL_UART_1_init               
000068d9  SYSCFG_DL_init                      
000050b9  SYSCFG_DL_initPower                 
000082e9  SlowForward                         
000084cd  SysTick_Handler                     
000084e1  SysTick_Init                        
00005e7d  TIMA0_IRQHandler                    
00005e7d  TIMA1_IRQHandler                    
00005e7d  TIMG0_IRQHandler                    
00005e7d  TIMG12_IRQHandler                   
00005e7d  TIMG6_IRQHandler                    
00005e7d  TIMG7_IRQHandler                    
00005e7d  TIMG8_IRQHandler                    
00008591  TI_memcpy_small                     
0000866b  TI_memset_small                     
202005b4  Tick                                
000085e5  Tick_SysTickCallback                
00007a4d  Tick_delay                          
000084f5  Trace_Follow                        
00007831  Trace_GoStraight                    
00008509  Trace_Search                        
00007a75  Trace_Stop                          
000085f5  Trace_TurnDone                      
00007b85  Trace_TurnTo                        
00003779  Trace_init                          
00003c0d  Turn_angel                          
00005e7d  UART0_IRQHandler                    
00005e7d  UART1_IRQHandler                    
00005e7d  UART2_IRQHandler                    
00005e7d  UART3_IRQHandler                    
20208000  __STACK_END                         
00000200  __STACK_SIZE                        
00000000  __TI_ATRegion0_region_sz            
00000000  __TI_ATRegion0_src_addr             
00000000  __TI_ATRegion0_trg_addr             
00000000  __TI_ATRegion1_region_sz            
00000000  __TI_ATRegion1_src_addr             
00000000  __TI_ATRegion1_trg_addr             
00000000  __TI_ATRegion2_region_sz            
00000000  __TI_ATRegion2_src_addr             
00000000  __TI_ATRegion2_trg_addr             
00009680  __TI_CINIT_Base                     
00009690  __TI_CINIT_Limit                    
00009690  __TI_CINIT_Warm                     
0000966c  __TI_Handler_Table_Base             
00009678  __TI_Handler_Table_Limit            
00006cdd  __TI_auto_init_nopinit              
00005d8d  __TI_decompress_lzss                
000085a3  __TI_decompress_none                
00006779  __TI_ltoa                           
ffffffff  __TI_pprof_out_hndl                 
000000c1  __TI_printfi                        
ffffffff  __TI_prof_data_size                 
ffffffff  __TI_prof_data_start                
00000000  __TI_static_base__                  
00009690  __TI_table_binit                    
00008615  __TI_zero_init                      
000029b3  __adddf3                            
0000478f  __addsf3                            
000093a0  __aeabi_ctype_table_                
000093a0  __aeabi_ctype_table_C               
00005e81  __aeabi_d2f                         
00006d75  __aeabi_d2iz                        
000029b3  __aeabi_dadd                        
000062b1  __aeabi_dcmpeq                      
000062ed  __aeabi_dcmpge                      
00006301  __aeabi_dcmpgt                      
000062d9  __aeabi_dcmple                      
000062c5  __aeabi_dcmplt                      
00003d19  __aeabi_ddiv                        
0000440d  __aeabi_dmul                        
000029a9  __aeabi_dsub                        
202005bc  __aeabi_errno                       
00008739  __aeabi_errno_addr                  
000070f9  __aeabi_f2d                         
00007485  __aeabi_f2iz                        
0000478f  __aeabi_fadd                        
00006315  __aeabi_fcmpeq                      
00006351  __aeabi_fcmpge                      
00006365  __aeabi_fcmpgt                      
0000633d  __aeabi_fcmple                      
00006329  __aeabi_fcmplt                      
00005c89  __aeabi_fdiv                        
00005959  __aeabi_fmul                        
00004785  __aeabi_fsub                        
00007889  __aeabi_i2d                         
000072e5  __aeabi_i2f                         
00006881  __aeabi_idiv                        
00002b3b  __aeabi_idiv0                       
00006881  __aeabi_idivmod                     
0000536b  __aeabi_ldiv0                       
00007cb1  __aeabi_llsl                        
00007bcd  __aeabi_lmul                        
00008685  __aeabi_memclr                      
00008685  __aeabi_memclr4                     
00008685  __aeabi_memclr8                     
00008741  __aeabi_memcpy                      
00008741  __aeabi_memcpy4                     
00008741  __aeabi_memcpy8                     
00008641  __aeabi_memset                      
00008641  __aeabi_memset4                     
00008641  __aeabi_memset8                     
00007ba9  __aeabi_ui2d                        
00007a9d  __aeabi_ui2f                        
000070b9  __aeabi_uidiv                       
000070b9  __aeabi_uidivmod                    
0000851d  __aeabi_uldivmod                    
00007cb1  __ashldi3                           
00009690  __binit__                           
000060b5  __cmpdf2                            
000073d5  __cmpsf2                            
00003d19  __divdf3                            
00005c89  __divsf3                            
000060b5  __eqdf2                             
000073d5  __eqsf2                             
000070f9  __extendsfdf2                       
00006d75  __fixdfsi                           
00007485  __fixsfsi                           
00007889  __floatsidf                         
000072e5  __floatsisf                         
00007ba9  __floatunsidf                       
00007a9d  __floatunsisf                       
00005e09  __gedf2                             
00007321  __gesf2                             
00005e09  __gtdf2                             
00007321  __gtsf2                             
000060b5  __ledf2                             
000073d5  __lesf2                             
000060b5  __ltdf2                             
000073d5  __ltsf2                             
UNDEFED   __mpu_init                          
0000440d  __muldf3                            
00007bcd  __muldi3                            
00007411  __muldsi3                           
00005959  __mulsf3                            
000060b5  __nedf2                             
000073d5  __nesf2                             
20207e00  __stack                             
20200000  __start___llvm_prf_bits             
20200000  __start___llvm_prf_cnts             
20200000  __stop___llvm_prf_bits              
20200000  __stop___llvm_prf_cnts              
000029a9  __subdf3                            
00004785  __subsf3                            
00005e81  __truncdfsf2                        
0000536d  __udivmoddi4                        
00007ac5  _c_int00_noargs                     
UNDEFED   _system_post_cinit                  
00008789  _system_pre_init                    
00008767  abort                               
202004e8  accel                               
00005af9  adc_getValue                        
00006829  adjust_white_black                  
00000a91  asin                                
00000a91  asinl                               
00000df5  atan                                
00002cc5  atan2                               
00002cc5  atan2l                              
00000df5  atanl                               
00007139  atoi                                
202005c0  base_target_speed                   
00009690  binit                               
20200554  black                               
00006049  convertAnalogToDigital              
00006c91  copy_in                             
202005c4  current_yaw                         
00007ccf  delay_us                            
00006e51  dmp_enable_6x_lp_quat               
000010ed  dmp_enable_feature                  
000063d9  dmp_enable_gyro_cal                 
00006e99  dmp_enable_lp_quat                  
00007f55  dmp_load_motion_driver_firmware     
000020bd  dmp_read_fifo                       
00008531  dmp_register_android_orient_cb      
00008545  dmp_register_tap_cb                 
000055e9  dmp_set_fifo_rate                   
00002e4d  dmp_set_orientation                 
00006f6d  dmp_set_shake_reject_thresh         
0000762b  dmp_set_shake_reject_time           
0000765d  dmp_set_shake_reject_timeout        
00006183  dmp_set_tap_axes                    
00006fb1  dmp_set_tap_count                   
000015d9  dmp_set_tap_thresh                  
00007721  dmp_set_tap_time                    
00007751  dmp_set_tap_time_multi              
202005d6  drive_mode                          
202005d7  enable_group1_irq                   
20200490  encL                                
202004b4  encR                                
00006611  frexp                               
00006611  frexpl                              
20200000  gPWM_MOTORBackup                    
202000bc  gTIMER_EncoderBackup                
20200460  gUART_0Backup                       
202004ee  gyro                                
202005d8  heading_relock                      
00009590  hw                                  
00000000  interruptVectors                    
202005d9  key_pressed                         
202005c8  last_key_time                       
000046ad  ldexp                               
000046ad  ldexpl                              
202005da  long_err_flag                       
202004f8  long_pressed_key_time               
0000422d  main                                
00007bf1  memccpy                             
00007c55  memcmp                              
20200517  more                                
20200228  motor_l                             
202002d4  motor_r                             
00006439  mpu6050_i2c_sda_unlock              
00004dd9  mpu_configure_fifo                  
00005ef5  mpu_get_accel_fsr                   
00006499  mpu_get_gyro_fsr                    
0000755d  mpu_get_sample_rate                 
000038a1  mpu_init                            
000039c9  mpu_load_firmware                   
00004031  mpu_lp_accel_mode                   
00003e25  mpu_read_fifo_stream                
00005169  mpu_read_mem                        
00001c71  mpu_reset_fifo                      
000044f1  mpu_set_accel_fsr                   
00002809  mpu_set_bypass                      
00004f4d  mpu_set_dmp_state                   
00004b91  mpu_set_gyro_fsr                    
0000554d  mpu_set_int_latched                 
00004931  mpu_set_lpf                         
00004321  mpu_set_sample_rate                 
00003649  mpu_set_sensors                     
00005215  mpu_write_mem                       
0000735d  mspm0_delay_ms                      
000078b5  mspm0_get_clock_ms                  
00003515  mspm0_i2c_read                      
00004c55  mspm0_i2c_write                     
000052c1  normalizeAnalogValues               
202004fc  pitch                               
202004d8  quat                                
00007591  readBlackFromFlash                  
000075c5  readWhiteFromFlash                  
00009510  reg                                 
20200500  roll                                
000046ad  scalbn                              
000046ad  scalbnl                             
20200178  sensor                              
20200504  sensor_timestamp                    
20200514  sensors                             
000074bd  sprintf                             
00002fc5  sqrt                                
00002fc5  sqrtl                               
20200508  state                               
202005d0  target_angle                        
00003135  task3                               
000094e8  test                                
2020050c  tick_ms                             
202003d0  tracking_pid                        
000078e1  uart0_send_char                     
00007399  uart0_send_string                   
00008605  wcslen                              
20200574  white                               
00005005  writeToFlash                        
20200510  yaw                                 
20200418  yaw_pid                             


GLOBAL SYMBOLS: SORTED BY Symbol Address 

address   name                                
-------   ----                                
00000000  __TI_ATRegion0_region_sz            
00000000  __TI_ATRegion0_src_addr             
00000000  __TI_ATRegion0_trg_addr             
00000000  __TI_ATRegion1_region_sz            
00000000  __TI_ATRegion1_src_addr             
00000000  __TI_ATRegion1_trg_addr             
00000000  __TI_ATRegion2_region_sz            
00000000  __TI_ATRegion2_src_addr             
00000000  __TI_ATRegion2_trg_addr             
00000000  __TI_static_base__                  
00000000  interruptVectors                    
000000c1  __TI_printfi                        
00000200  __STACK_SIZE                        
00000a91  asin                                
00000a91  asinl                               
00000df5  atan                                
00000df5  atanl                               
000010ed  dmp_enable_feature                  
00001365  Control                             
000015d9  dmp_set_tap_thresh                  
00001811  Key_Process                         
00001a45  Read_Quad                           
00001c71  mpu_reset_fifo                      
000020bd  dmp_read_fifo                       
0000248d  SYSCFG_DL_GPIO_init                 
00002655  PID_Calc                            
00002809  mpu_set_bypass                      
000029a9  __aeabi_dsub                        
000029a9  __subdf3                            
000029b3  __adddf3                            
000029b3  __aeabi_dadd                        
00002b3b  __aeabi_idiv0                       
00002b3d  No_MCU_Ganv_Sensor_Init             
00002cc5  atan2                               
00002cc5  atan2l                              
00002e4d  dmp_set_orientation                 
00002fc5  sqrt                                
00002fc5  sqrtl                               
00003135  task3                               
00003295  MPU6050_Init                        
00003515  mspm0_i2c_read                      
00003649  mpu_set_sensors                     
00003779  Trace_init                          
000038a1  mpu_init                            
000039c9  mpu_load_firmware                   
00003c0d  Turn_angel                          
00003d19  __aeabi_ddiv                        
00003d19  __divdf3                            
00003e25  mpu_read_fifo_stream                
00003f2d  DL_Timer_initFourCCPWMMode          
00004031  mpu_lp_accel_mode                   
00004131  DL_Timer_initTimerMode              
0000422d  main                                
00004321  mpu_set_sample_rate                 
0000440d  __aeabi_dmul                        
0000440d  __muldf3                            
000044f1  mpu_set_accel_fsr                   
000045d5  DL_FlashCTL_unprotectSector         
000046ad  ldexp                               
000046ad  ldexpl                              
000046ad  scalbn                              
000046ad  scalbnl                             
00004785  __aeabi_fsub                        
00004785  __subsf3                            
0000478f  __addsf3                            
0000478f  __aeabi_fadd                        
00004931  mpu_set_lpf                         
00004acd  GROUP1_IRQHandler                   
00004b91  mpu_set_gyro_fsr                    
00004c55  mspm0_i2c_write                     
00004d19  Motor_Ctrl                          
00004dd9  mpu_configure_fifo                  
00004e95  Get_Analog_value                    
00004f4d  mpu_set_dmp_state                   
00005005  writeToFlash                        
000050b9  SYSCFG_DL_initPower                 
00005169  mpu_read_mem                        
00005215  mpu_write_mem                       
000052c1  normalizeAnalogValues               
0000536b  __aeabi_ldiv0                       
0000536d  __udivmoddi4                        
000054b1  RunStraight                         
0000554d  mpu_set_int_latched                 
000055e9  dmp_set_fifo_rate                   
00005719  Calculate_Position_Error            
00005839  Motor_Init                          
000058c9  SYSCFG_DL_PWM_MOTOR_init            
00005959  __aeabi_fmul                        
00005959  __mulsf3                            
00005a71  Encoder_HandleGPIOA                 
00005af9  adc_getValue                        
00005c89  __aeabi_fdiv                        
00005c89  __divsf3                            
00005d0d  LED_setAll                          
00005d8d  __TI_decompress_lzss                
00005e09  __gedf2                             
00005e09  __gtdf2                             
00005e7d  ADC0_IRQHandler                     
00005e7d  ADC1_IRQHandler                     
00005e7d  AES_IRQHandler                      
00005e7d  CANFD0_IRQHandler                   
00005e7d  DAC0_IRQHandler                     
00005e7d  DMA_IRQHandler                      
00005e7d  Default_Handler                     
00005e7d  GROUP0_IRQHandler                   
00005e7d  HardFault_Handler                   
00005e7d  I2C0_IRQHandler                     
00005e7d  I2C1_IRQHandler                     
00005e7d  NMI_Handler                         
00005e7d  PendSV_Handler                      
00005e7d  RTC_IRQHandler                      
00005e7d  SPI0_IRQHandler                     
00005e7d  SPI1_IRQHandler                     
00005e7d  SVC_Handler                         
00005e7d  TIMA0_IRQHandler                    
00005e7d  TIMA1_IRQHandler                    
00005e7d  TIMG0_IRQHandler                    
00005e7d  TIMG12_IRQHandler                   
00005e7d  TIMG6_IRQHandler                    
00005e7d  TIMG7_IRQHandler                    
00005e7d  TIMG8_IRQHandler                    
00005e7d  UART0_IRQHandler                    
00005e7d  UART1_IRQHandler                    
00005e7d  UART2_IRQHandler                    
00005e7d  UART3_IRQHandler                    
00005e81  __aeabi_d2f                         
00005e81  __truncdfsf2                        
00005ef5  mpu_get_accel_fsr                   
00005f69  No_MCU_Ganv_Sensor_Init_Frist       
00005fdd  SYSCFG_DL_ADC_VOLTAGE_init          
00006049  convertAnalogToDigital              
000060b5  __cmpdf2                            
000060b5  __eqdf2                             
000060b5  __ledf2                             
000060b5  __ltdf2                             
000060b5  __nedf2                             
00006183  dmp_set_tap_axes                    
0000624d  Encoder_Init                        
000062b1  __aeabi_dcmpeq                      
000062c5  __aeabi_dcmplt                      
000062d9  __aeabi_dcmple                      
000062ed  __aeabi_dcmpge                      
00006301  __aeabi_dcmpgt                      
00006315  __aeabi_fcmpeq                      
00006329  __aeabi_fcmplt                      
0000633d  __aeabi_fcmple                      
00006351  __aeabi_fcmpge                      
00006365  __aeabi_fcmpgt                      
00006379  Calculate_Heading_Error             
000063d9  dmp_enable_gyro_cal                 
00006439  mpu6050_i2c_sda_unlock              
00006499  mpu_get_gyro_fsr                    
000064f9  DL_I2C_fillControllerTXFIFO         
00006611  frexp                               
00006611  frexpl                              
000066c9  SYSCFG_DL_I2C_MPU6050_init          
00006721  SYSCFG_DL_I2C_OLED_init             
00006779  __TI_ltoa                           
00006829  adjust_white_black                  
00006881  __aeabi_idiv                        
00006881  __aeabi_idivmod                     
000068d9  SYSCFG_DL_init                      
00006a71  PID_Init                            
00006b61  DL_DMA_initChannel                  
00006c91  copy_in                             
00006cdd  __TI_auto_init_nopinit              
00006d75  __aeabi_d2iz                        
00006d75  __fixdfsi                           
00006dc1  DL_UART_init                        
00006e09  SYSCFG_DL_UART_0_init               
00006e51  dmp_enable_6x_lp_quat               
00006e99  dmp_enable_lp_quat                  
00006f6d  dmp_set_shake_reject_thresh         
00006fb1  dmp_set_tap_count                   
00006ff5  No_Mcu_Ganv_Sensor_Task_Without_tick
00007039  DL_ADC12_setClockConfig             
00007079  SYSCFG_DL_UART_1_init               
000070b9  __aeabi_uidiv                       
000070b9  __aeabi_uidivmod                    
000070f9  __aeabi_f2d                         
000070f9  __extendsfdf2                       
00007139  atoi                                
000071b9  DL_I2C_flushControllerTXFIFO        
00007231  Get_Anolog_Value                    
0000726d  LED_KEY_Blink_Update                
000072a9  PID_clear                           
000072e5  __aeabi_i2f                         
000072e5  __floatsisf                         
00007321  __gesf2                             
00007321  __gtsf2                             
0000735d  mspm0_delay_ms                      
00007399  uart0_send_string                   
000073d5  __cmpsf2                            
000073d5  __eqsf2                             
000073d5  __lesf2                             
000073d5  __ltsf2                             
000073d5  __nesf2                             
00007411  __muldsi3                           
00007485  __aeabi_f2iz                        
00007485  __fixsfsi                           
000074bd  sprintf                             
000074f5  LED_off                             
00007529  LED_toggle                          
0000755d  mpu_get_sample_rate                 
00007591  readBlackFromFlash                  
000075c5  readWhiteFromFlash                  
000075f9  SYSCFG_DL_SYSCTL_init               
0000762b  dmp_set_shake_reject_time           
0000765d  dmp_set_shake_reject_timeout        
00007721  dmp_set_tap_time                    
00007751  dmp_set_tap_time_multi              
000077d9  Encoder_HandleGPIOB                 
00007805  SYSCFG_DL_TIMER_Encoder_init        
00007831  Trace_GoStraight                    
00007889  __aeabi_i2d                         
00007889  __floatsidf                         
000078b5  mspm0_get_clock_ms                  
000078e1  uart0_send_char                     
000079fd  Encoder_GetDistance_mm              
00007a25  SYSCFG_DL_DMA_CH0_init              
00007a4d  Tick_delay                          
00007a75  Trace_Stop                          
00007a9d  __aeabi_ui2f                        
00007a9d  __floatunsisf                       
00007ac5  _c_int00_noargs                     
00007b39  DL_I2C_setClockConfig               
00007b61  DL_FlashCTL_programMemoryFromRAM64  
00007b85  Trace_TurnTo                        
00007ba9  __aeabi_ui2d                        
00007ba9  __floatunsidf                       
00007bcd  __aeabi_lmul                        
00007bcd  __muldi3                            
00007bf1  memccpy                             
00007c35  Encoder_GetDelta                    
00007c55  memcmp                              
00007cb1  __aeabi_llsl                        
00007cb1  __ashldi3                           
00007ccf  delay_us                            
00007ee5  DL_Timer_setCaptCompUpdateMethod    
00007f01  DL_Timer_setClockConfig             
00007f39  Encoder_GetDistance_cm              
00007f55  dmp_load_motion_driver_firmware     
00007fb9  DL_FlashCTL_eraseMemoryFromRAM      
00008241  DL_Timer_setCaptureCompareOutCtl    
000082b9  LED_KEY_Blink_Start                 
000082e9  SlowForward                         
000084a5  LED_KEY_Blink_SetInterval           
000084b9  LED_KEY_Blink_Stop                  
000084cd  SysTick_Handler                     
000084e1  SysTick_Init                        
000084f5  Trace_Follow                        
00008509  Trace_Search                        
0000851d  __aeabi_uldivmod                    
00008531  dmp_register_android_orient_cb      
00008545  dmp_register_tap_cb                 
0000857f  DL_UART_setClockConfig              
00008591  TI_memcpy_small                     
000085a3  __TI_decompress_none                
000085d5  DL_Timer_setCaptureCompareValue     
000085e5  Tick_SysTickCallback                
000085f5  Trace_TurnDone                      
00008605  wcslen                              
00008615  __TI_zero_init                      
00008625  Encoder_ResetDistance               
00008633  Get_Digtal_For_User                 
00008641  __aeabi_memset                      
00008641  __aeabi_memset4                     
00008641  __aeabi_memset8                     
0000866b  TI_memset_small                     
00008679  SYSCFG_DL_SYSTICK_init              
00008685  __aeabi_memclr                      
00008685  __aeabi_memclr4                     
00008685  __aeabi_memclr8                     
00008691  DL_Common_delayCycles               
0000869b  LED_init                            
00008731  SYSCFG_DL_DMA_init                  
00008739  __aeabi_errno_addr                  
00008741  __aeabi_memcpy                      
00008741  __aeabi_memcpy4                     
00008741  __aeabi_memcpy8                     
00008767  abort                               
0000876c  C$$EXIT                             
0000876d  HOSTexit                            
00008775  Reset_Handler                       
00008789  _system_pre_init                    
000093a0  __aeabi_ctype_table_                
000093a0  __aeabi_ctype_table_C               
000094e8  test                                
00009510  reg                                 
00009590  hw                                  
0000966c  __TI_Handler_Table_Base             
00009678  __TI_Handler_Table_Limit            
00009680  __TI_CINIT_Base                     
00009690  __TI_CINIT_Limit                    
00009690  __TI_CINIT_Warm                     
00009690  __TI_table_binit                    
00009690  __binit__                           
00009690  binit                               
20200000  __start___llvm_prf_bits             
20200000  __start___llvm_prf_cnts             
20200000  __stop___llvm_prf_bits              
20200000  __stop___llvm_prf_cnts              
20200000  gPWM_MOTORBackup                    
202000bc  gTIMER_EncoderBackup                
20200178  sensor                              
20200228  motor_l                             
202002d4  motor_r                             
20200380  ADC_VALUE                           
202003d0  tracking_pid                        
20200418  yaw_pid                             
20200460  gUART_0Backup                       
20200490  encL                                
202004b4  encR                                
202004d8  quat                                
202004e8  accel                               
202004ee  gyro                                
202004f8  long_pressed_key_time               
202004fc  pitch                               
20200500  roll                                
20200504  sensor_timestamp                    
20200508  state                               
2020050c  tick_ms                             
20200510  yaw                                 
20200514  sensors                             
20200516  Digtal                              
20200517  more                                
20200544  Anolog                              
20200554  black                               
20200574  white                               
202005b4  Tick                                
202005bc  __aeabi_errno                       
202005c0  base_target_speed                   
202005c4  current_yaw                         
202005c8  last_key_time                       
202005d0  target_angle                        
202005d6  drive_mode                          
202005d7  enable_group1_irq                   
202005d8  heading_relock                      
202005d9  key_pressed                         
202005da  long_err_flag                       
20207e00  __stack                             
20208000  __STACK_END                         
ffffffff  __TI_pprof_out_hndl                 
ffffffff  __TI_prof_data_size                 
ffffffff  __TI_prof_data_start                
UNDEFED   __mpu_init                          
UNDEFED   _system_post_cinit                  

[347 symbols]
