******************************************************************************
            TI ARM Clang Linker PC v4.0.4                      
******************************************************************************
>> Linked Sat Jul 25 16:23:18 2026

OUTPUT FILE NAME:   <diansai2024.out>
ENTRY POINT SYMBOL: "_c_int00_noargs"  address: 00007aa5


MEMORY CONFIGURATION

         name            origin    length      used     unused   attr    fill
----------------------  --------  ---------  --------  --------  ----  --------
  FLASH                 00000000   00020000  00009680  00016980  R  X
  SRAM                  20200000   00008000  0000083d  000077c3  RW X
  BCR_CONFIG            41c00000   000000ff  00000000  000000ff  R   
  BSL_CONFIG            41c00100   00000080  00000000  00000080  R   


SEGMENT ALLOCATION MAP

run origin  load origin   length   init length attrs members
----------  ----------- ---------- ----------- ----- -------
00000000    00000000    000095c0   000095c0    r-x
  00000000    00000000    000000c0   000000c0    r-- .intvecs
  000000c0    000000c0    000086c0   000086c0    r-x .text
  00008780    00008780    00000e40   00000e40    r-- .rodata
00009620    00009620    00000060   00000060    r--
  00009620    00009620    00000050   00000050    r-- .cinit
  00009670    00009670    00000010   00000010    r-- .binit
20200000    20200000    000005dd   00000000    rw-
  20200000    20200000    00000518   00000000    rw- .bss
  20200518    20200518    000000c5   00000000    rw- .data
202005e0    000095c0    00000060   00000060    r-x
  202005e0    000095c0    00000060   00000060    r-x .TI.ramfunc
20207e00    20207e00    00000200   00000000    rw-
  20207e00    20207e00    00000200   00000000    rw- .stack


SECTION ALLOCATION MAP

 output                                  attributes/
section   page    origin      length       input sections
--------  ----  ----------  ----------   ----------------
.intvecs   0    00000000    000000c0     
                  00000000    000000c0     startup_mspm0g350x_ticlang.o (.intvecs)

.text      0    000000c0    000086c0     
                  000000c0    000009d0     libc.a : _printfi.c.obj (.text:__TI_printfi)
                  00000a90    00000364            : e_asin.c.obj (.text.asin)
                  00000df4    000002f8            : s_atan.c.obj (.text.atan)
                  000010ec    00000278     inv_mpu_dmp_motion_driver.o (.text.dmp_enable_feature)
                  00001364    00000274     trace.o (.text.Control)
                  000015d8    00000238     inv_mpu_dmp_motion_driver.o (.text.dmp_set_tap_thresh)
                  00001810    00000234     key.o (.text.Key_Process)
                  00001a44    0000022c     mpu6050.o (.text.Read_Quad)
                  00001c70    0000022c     inv_mpu.o (.text.mpu_reset_fifo)
                  00001e9c    00000220     libc.a : _printfi.c.obj (.text._pconv_a)
                  000020bc    000001f4     inv_mpu_dmp_motion_driver.o (.text.dmp_read_fifo)
                  000022b0    000001dc     libc.a : _printfi.c.obj (.text._pconv_g)
                  0000248c    000001c8     ti_msp_dl_config.o (.text.SYSCFG_DL_GPIO_init)
                  00002654    000001b4     pid.o (.text.PID_Calc)
                  00002808    000001a0     inv_mpu.o (.text.mpu_set_bypass)
                  000029a8    00000192     libclang_rt.builtins.a : adddf3.S.obj (.text.adddf3_subdf3)
                  00002b3a    00000002                            : aeabi_div0.c.obj (.text.__aeabi_idiv0)
                  00002b3c    00000188     No_Mcu_Ganv_Grayscale_Sensor.o (.text.No_MCU_Ganv_Sensor_Init)
                  00002cc4    00000188     libc.a : e_atan2.c.obj (.text.atan2)
                  00002e4c    00000178     inv_mpu_dmp_motion_driver.o (.text.dmp_set_orientation)
                  00002fc4    00000170     libc.a : e_sqrt.c.obj (.text.sqrt)
                  00003134    00000144     mpu6050.o (.text.MPU6050_Init)
                  00003278    0000013c     libc.a : _printfi.c.obj (.text.fcvt)
                  000033b4    00000138     Task.o (.text.task3)
                  000034ec    00000134     mspm0_i2c.o (.text.mspm0_i2c_read)
                  00003620    00000130     inv_mpu.o (.text.mpu_set_sensors)
                  00003750    00000128     trace.o (.text.Trace_init)
                  00003878    00000128     inv_mpu.o (.text.mpu_init)
                  000039a0    00000124     inv_mpu.o (.text.mpu_load_firmware)
                  00003ac4    00000120     libc.a : _printfi.c.obj (.text._pconv_e)
                  00003be4    0000010c     trace.o (.text.Turn_angel)
                  00003cf0    0000010c     libclang_rt.builtins.a : divdf3.S.obj (.text.__divdf3)
                  00003dfc    00000108     inv_mpu.o (.text.mpu_read_fifo_stream)
                  00003f04    00000104     driverlib.a : dl_timer.o (.text.DL_Timer_initFourCCPWMMode)
                  00004008    00000100     inv_mpu.o (.text.mpu_lp_accel_mode)
                  00004108    000000fc     driverlib.a : dl_timer.o (.text.DL_Timer_initTimerMode)
                  00004204    000000f4     main.o (.text.main)
                  000042f8    000000ec     inv_mpu.o (.text.mpu_set_sample_rate)
                  000043e4    000000e4     libclang_rt.builtins.a : muldf3.S.obj (.text.__muldf3)
                  000044c8    000000e4     inv_mpu.o (.text.mpu_set_accel_fsr)
                  000045ac    000000d8     driverlib.a : dl_flashctl.o (.text.DL_FlashCTL_unprotectSector)
                  00004684    000000d8     libc.a : s_scalbn.c.obj (.text.scalbn)
                  0000475c    000000d8     libclang_rt.builtins.a : addsf3.S.obj (.text)
                  00004834    000000d4     inv_mpu.o (.text.set_int_enable)
                  00004908    000000d0     inv_mpu.o (.text.mpu_set_lpf)
                  000049d8    000000cc     motor.o (.text.Motor_Speed_Get)
                  00004aa4    000000c4     trace.o (.text.GROUP1_IRQHandler)
                  00004b68    000000c4     inv_mpu.o (.text.mpu_set_gyro_fsr)
                  00004c2c    000000c4     mspm0_i2c.o (.text.mspm0_i2c_write)
                  00004cf0    000000c0     trace.o (.text.Motor_Ctrl)
                  00004db0    000000bc     inv_mpu.o (.text.mpu_configure_fifo)
                  00004e6c    000000b8     No_Mcu_Ganv_Grayscale_Sensor.o (.text.Get_Analog_value)
                  00004f24    000000b8     inv_mpu.o (.text.mpu_set_dmp_state)
                  00004fdc    000000b4     flash.o (.text.writeToFlash)
                  00005090    000000b0     ti_msp_dl_config.o (.text.SYSCFG_DL_initPower)
                  00005140    000000ac     inv_mpu.o (.text.mpu_read_mem)
                  000051ec    000000ac     inv_mpu.o (.text.mpu_write_mem)
                  00005298    000000aa     No_Mcu_Ganv_Grayscale_Sensor.o (.text.normalizeAnalogValues)
                  00005342    00000002     libclang_rt.builtins.a : aeabi_div0.c.obj (.text.__aeabi_ldiv0)
                  00005344    000000a2                            : udivmoddi4.S.obj (.text)
                  000053e6    00000002     --HOLE-- [fill = 0]
                  000053e8    000000a0     motor.o (.text.Motor_Encoder_Update)
                  00005488    0000009c     trace.o (.text.RunStraight)
                  00005524    0000009c     inv_mpu.o (.text.mpu_set_int_latched)
                  000055c0    00000098     inv_mpu_dmp_motion_driver.o (.text.dmp_set_fifo_rate)
                  00005658    00000096     mpu6050.o (.text.inv_row_2_scale)
                  000056ee    00000002     --HOLE-- [fill = 0]
                  000056f0    00000090     trace.o (.text.Calculate_Position_Error)
                  00005780    00000090     motor.o (.text.Motor_Driver)
                  00005810    00000090     motor.o (.text.Motor_Init)
                  000058a0    00000090     ti_msp_dl_config.o (.text.SYSCFG_DL_PWM_MOTOR_init)
                  00005930    0000008c     libclang_rt.builtins.a : mulsf3.S.obj (.text.__mulsf3)
                  000059bc    0000008c     inv_mpu_dmp_motion_driver.o (.text.decode_gesture)
                  00005a48    00000088     encoder.o (.text.Encoder_HandleGPIOA)
                  00005ad0    00000088     adc.o (.text.adc_getValue)
                  00005b58    00000084     clock.o (.text.__NVIC_SetPriority)
                  00005bdc    00000084     ti_msp_dl_config.o (.text.__NVIC_SetPriority)
                  00005c60    00000082     libclang_rt.builtins.a : divsf3.S.obj (.text.__divsf3)
                  00005ce2    00000002     --HOLE-- [fill = 0]
                  00005ce4    00000080     led.o (.text.LED_setAll)
                  00005d64    0000007c     libc.a : copy_decompress_lzss.c.obj (.text:decompress:lzss)
                  00005de0    00000074     libclang_rt.builtins.a : comparedf2.c.obj (.text.__gedf2)
                  00005e54    0000000c     ti_msp_dl_config.o (.text.SYSCFG_DL_SYSTICK_init)
                  00005e60    00000074     libclang_rt.builtins.a : truncdfsf2.S.obj (.text.__truncdfsf2)
                  00005ed4    00000074     inv_mpu.o (.text.mpu_get_accel_fsr)
                  00005f48    00000072     No_Mcu_Ganv_Grayscale_Sensor.o (.text.No_MCU_Ganv_Sensor_Init_Frist)
                  00005fba    00000002     --HOLE-- [fill = 0]
                  00005fbc    0000006c     ti_msp_dl_config.o (.text.SYSCFG_DL_ADC_VOLTAGE_init)
                  00006028    0000006c     No_Mcu_Ganv_Grayscale_Sensor.o (.text.convertAnalogToDigital)
                  00006094    00000068     libclang_rt.builtins.a : comparedf2.c.obj (.text.__ledf2)
                  000060fc    00000066     libc.a : _printfi.c.obj (.text._mcpy)
                  00006162    00000066     inv_mpu_dmp_motion_driver.o (.text.dmp_set_tap_axes)
                  000061c8    00000064     ti_msp_dl_config.o (.text.DL_ADC12_initSingleSample)
                  0000622c    00000064     encoder.o (.text.Encoder_Init)
                  00006290    00000062     libclang_rt.builtins.a : aeabi_dcmp.S.obj (.text.__aeabi_dcmp)
                  000062f2    00000002     --HOLE-- [fill = 0]
                  000062f4    00000062                            : aeabi_fcmp.S.obj (.text.__aeabi_fcmp)
                  00006356    00000002     --HOLE-- [fill = 0]
                  00006358    00000060     trace.o (.text.Calculate_Heading_Error)
                  000063b8    00000060     inv_mpu_dmp_motion_driver.o (.text.dmp_enable_gyro_cal)
                  00006418    00000060     mspm0_i2c.o (.text.mpu6050_i2c_sda_unlock)
                  00006478    00000060     inv_mpu.o (.text.mpu_get_gyro_fsr)
                  000064d8    0000005e     driverlib.a : dl_i2c.o (.text.DL_I2C_fillControllerTXFIFO)
                  00006536    00000002     --HOLE-- [fill = 0]
                  00006538    0000005c     Task.o (.text.FindLine)
                  00006594    0000005c     Task.o (.text.LostLine)
                  000065f0    0000005c     libc.a : s_frexp.c.obj (.text.frexp)
                  0000664c    0000005c     mspm0_i2c.o (.text.mspm0_i2c_enable)
                  000066a8    00000058     ti_msp_dl_config.o (.text.SYSCFG_DL_I2C_MPU6050_init)
                  00006700    00000058     ti_msp_dl_config.o (.text.SYSCFG_DL_I2C_OLED_init)
                  00006758    00000058     libc.a : _ltoa.c.obj (.text.__TI_ltoa)
                  000067b0    00000058            : _printfi.c.obj (.text._pconv_f)
                  00006808    00000058     key.o (.text.adjust_white_black)
                  00006860    00000056     libclang_rt.builtins.a : aeabi_idivmod.S.obj (.text.__aeabi_idivmod)
                  000068b6    00000002     --HOLE-- [fill = 0]
                  000068b8    00000054     ti_msp_dl_config.o (.text.SYSCFG_DL_init)
                  0000690c    00000052     libc.a : _printfi.c.obj (.text._ecpy)
                  0000695e    00000002     --HOLE-- [fill = 0]
                  00006960    00000050     mspm0_i2c.o (.text.DL_GPIO_initPeripheralInputFunctionFeatures)
                  000069b0    00000050     ti_msp_dl_config.o (.text.DL_GPIO_initPeripheralInputFunctionFeatures)
                  00006a00    00000050     mspm0_i2c.o (.text.DL_I2C_startControllerTransfer)
                  00006a50    00000050     pid.o (.text.PID_Init)
                  00006aa0    00000050     clock.o (.text.SysTick_Config)
                  00006af0    00000050     ti_msp_dl_config.o (.text.SysTick_Config)
                  00006b40    0000004c     driverlib.a : dl_dma.o (.text.DL_DMA_initChannel)
                  00006b8c    0000004c     mspm0_i2c.o (.text.DL_GPIO_initDigitalInputFeatures)
                  00006bd8    0000004c     ti_msp_dl_config.o (.text.DL_GPIO_initDigitalInputFeatures)
                  00006c24    0000004c     ti_msp_dl_config.o (.text.DL_UART_setBaudRateDivisor)
                  00006c70    0000004c     libc.a : cpy_tbl.c.obj (.text.copy_in)
                  00006cbc    0000004c            : autoinit.c.obj (.text:__TI_auto_init_nopinit)
                  00006d08    0000004a     ti_msp_dl_config.o (.text.DL_ADC12_configConversionMem)
                  00006d52    00000002     --HOLE-- [fill = 0]
                  00006d54    0000004a     libclang_rt.builtins.a : fixdfsi.S.obj (.text.__fixdfsi)
                  00006d9e    00000002     --HOLE-- [fill = 0]
                  00006da0    00000048     driverlib.a : dl_uart.o (.text.DL_UART_init)
                  00006de8    00000048     ti_msp_dl_config.o (.text.SYSCFG_DL_UART_0_init)
                  00006e30    00000048     inv_mpu_dmp_motion_driver.o (.text.dmp_enable_6x_lp_quat)
                  00006e78    00000048     inv_mpu_dmp_motion_driver.o (.text.dmp_enable_lp_quat)
                  00006ec0    00000048     mspm0_i2c.o (.text.mspm0_i2c_disable)
                  00006f08    00000044     pid.o (.text.LimitMax)
                  00006f4c    00000044     inv_mpu_dmp_motion_driver.o (.text.dmp_set_shake_reject_thresh)
                  00006f90    00000044     inv_mpu_dmp_motion_driver.o (.text.dmp_set_tap_count)
                  00006fd4    00000042     No_Mcu_Ganv_Grayscale_Sensor.o (.text.No_Mcu_Ganv_Sensor_Task_Without_tick)
                  00007016    00000002     --HOLE-- [fill = 0]
                  00007018    00000040     driverlib.a : dl_adc12.o (.text.DL_ADC12_setClockConfig)
                  00007058    00000040     ti_msp_dl_config.o (.text.SYSCFG_DL_UART_1_init)
                  00007098    00000040     libclang_rt.builtins.a : aeabi_uidivmod.S.obj (.text.__aeabi_uidivmod)
                  000070d8    00000040                            : extendsfdf2.S.obj (.text.__extendsfdf2)
                  00007118    00000040     libc.a : atoi.c.obj (.text.atoi)
                  00007158    0000003e     mpu6050.o (.text.inv_orientation_matrix_to_scalar)
                  00007196    00000002     --HOLE-- [fill = 0]
                  00007198    0000003c     driverlib.a : dl_i2c.o (.text.DL_I2C_flushControllerTXFIFO)
                  000071d4    0000003c     ti_msp_dl_config.o (.text.DL_Timer_setCounterControl)
                  00007210    0000003c     No_Mcu_Ganv_Grayscale_Sensor.o (.text.Get_Anolog_Value)
                  0000724c    0000003c     led.o (.text.LED_KEY_Blink_Update)
                  00007288    0000003c     pid.o (.text.PID_clear)
                  000072c4    0000003c     libclang_rt.builtins.a : floatsisf.S.obj (.text.__floatsisf)
                  00007300    0000003c                            : comparesf2.S.obj (.text.__gtsf2)
                  0000733c    0000003c     clock.o (.text.mspm0_delay_ms)
                  00007378    0000003c     uart.o (.text.uart0_send_string)
                  000073b4    0000003a     libclang_rt.builtins.a : comparesf2.S.obj (.text.__eqsf2)
                  000073ee    00000002     --HOLE-- [fill = 0]
                  000073f0    0000003a                            : muldsi3.S.obj (.text.__muldsi3)
                  0000742a    00000038     motor.o (.text.Motor_Pid_Init)
                  00007462    00000002     --HOLE-- [fill = 0]
                  00007464    00000038     libclang_rt.builtins.a : fixsfsi.S.obj (.text.__fixsfsi)
                  0000749c    00000038     libc.a : sprintf.c.obj (.text.sprintf)
                  000074d4    00000034     led.o (.text.LED_off)
                  00007508    00000034     led.o (.text.LED_toggle)
                  0000753c    00000034     inv_mpu.o (.text.mpu_get_sample_rate)
                  00007570    00000034     flash.o (.text.readBlackFromFlash)
                  000075a4    00000034     flash.o (.text.readWhiteFromFlash)
                  000075d8    00000032     ti_msp_dl_config.o (.text.SYSCFG_DL_SYSCTL_init)
                  0000760a    00000032     inv_mpu_dmp_motion_driver.o (.text.dmp_set_shake_reject_time)
                  0000763c    00000032     inv_mpu_dmp_motion_driver.o (.text.dmp_set_shake_reject_timeout)
                  0000766e    00000002     --HOLE-- [fill = 0]
                  00007670    00000030     ti_msp_dl_config.o (.text.DL_DMA_setTransferSize)
                  000076a0    00000030     Task.o (.text.GetDistance)
                  000076d0    00000030     libc.a : _printfi.c.obj (.text._fcpy)
                  00007700    00000030     inv_mpu_dmp_motion_driver.o (.text.dmp_set_tap_time)
                  00007730    00000030     inv_mpu_dmp_motion_driver.o (.text.dmp_set_tap_time_multi)
                  00007760    0000002c     ti_msp_dl_config.o (.text.DL_ADC12_setDMASamplesCnt)
                  0000778c    0000002c     flash.o (.text.DL_FlashCTL_waitForCmdDone)
                  000077b8    0000002c     encoder.o (.text.Encoder_HandleGPIOB)
                  000077e4    0000002c     ti_msp_dl_config.o (.text.SYSCFG_DL_TIMER_Encoder_init)
                  00007810    0000002c     Task.o (.text.Trace_GoStraight)
                  0000783c    0000002c     main.o (.text.__NVIC_EnableIRQ)
                  00007868    0000002c     libclang_rt.builtins.a : floatsidf.S.obj (.text.__floatsidf)
                  00007894    0000002c     clock.o (.text.mspm0_get_clock_ms)
                  000078c0    0000002c     uart.o (.text.uart0_send_char)
                  000078ec    00000028     mspm0_i2c.o (.text.DL_Common_updateReg)
                  00007914    00000028     ti_msp_dl_config.o (.text.DL_Common_updateReg)
                  0000793c    00000028     main.o (.text.DL_DMA_setDestAddr)
                  00007964    00000028     main.o (.text.DL_DMA_setSrcAddr)
                  0000798c    00000028     ti_msp_dl_config.o (.text.DL_I2C_setControllerRXFIFOThreshold)
                  000079b4    00000028     ti_msp_dl_config.o (.text.DL_I2C_setControllerTXFIFOThreshold)
                  000079dc    00000028     Distance.o (.text.Encoder_GetDistance_mm)
                  00007a04    00000028     ti_msp_dl_config.o (.text.SYSCFG_DL_DMA_CH0_init)
                  00007a2c    00000028     delay.o (.text.Tick_delay)
                  00007a54    00000028     Task.o (.text.Trace_Stop)
                  00007a7c    00000028     libclang_rt.builtins.a : floatunsisf.S.obj (.text.__floatunsisf)
                  00007aa4    00000028     libc.a : boot_cortex_m.c.obj (.text:_c_int00_noargs)
                  00007acc    00000026     main.o (.text.DL_DMA_enableChannel)
                  00007af2    00000026     ti_msp_dl_config.o (.text.DL_I2C_setAnalogGlitchFilterPulseWidth)
                  00007b18    00000026     driverlib.a : dl_i2c.o (.text.DL_I2C_setClockConfig)
                  00007b3e    00000002     --HOLE-- [fill = 0]
                  00007b40    00000024                 : dl_flashctl.o (.text.DL_FlashCTL_programMemoryFromRAM64)
                  00007b64    00000024     Task.o (.text.Trace_TurnTo)
                  00007b88    00000024     libclang_rt.builtins.a : floatunsidf.S.obj (.text.__floatunsidf)
                  00007bac    00000024                            : muldi3.S.obj (.text.__muldi3)
                  00007bd0    00000022     libc.a : memccpy.c.obj (.text.memccpy)
                  00007bf2    00000002     --HOLE-- [fill = 0]
                  00007bf4    00000020     ti_msp_dl_config.o (.text.DL_GPIO_initPeripheralInputFunction)
                  00007c14    00000020     encoder.o (.text.Encoder_GetDelta)
                  00007c34    00000020     libc.a : memcmp.c.obj (.text.memcmp)
                  00007c54    0000001e     ti_msp_dl_config.o (.text.DL_UART_setOversampling)
                  00007c72    0000001e     motor.o (.text.Motor_Calc)
                  00007c90    0000001e     libclang_rt.builtins.a : ashldi3.S.obj (.text.__ashldi3)
                  00007cae    0000001e     delay.o (.text.delay_us)
                  00007ccc    0000001c     ti_msp_dl_config.o (.text.DL_ADC12_enableDMA)
                  00007ce8    0000001c     ti_msp_dl_config.o (.text.DL_ADC12_enableDMATrigger)
                  00007d04    0000001c     main.o (.text.DL_ADC12_startConversion)
                  00007d20    0000001c     encoder.o (.text.DL_GPIO_clearInterruptStatus)
                  00007d3c    0000001c     ti_msp_dl_config.o (.text.DL_GPIO_clearInterruptStatus)
                  00007d58    0000001c     trace.o (.text.DL_GPIO_clearInterruptStatus)
                  00007d74    0000001c     encoder.o (.text.DL_GPIO_disableInterrupt)
                  00007d90    0000001c     mspm0_i2c.o (.text.DL_GPIO_enableHiZ)
                  00007dac    0000001c     ti_msp_dl_config.o (.text.DL_GPIO_enableHiZ)
                  00007dc8    0000001c     encoder.o (.text.DL_GPIO_enableInterrupt)
                  00007de4    0000001c     ti_msp_dl_config.o (.text.DL_GPIO_enableInterrupt)
                  00007e00    0000001c     ti_msp_dl_config.o (.text.DL_GPIO_initPeripheralOutputFunction)
                  00007e1c    0000001c     ti_msp_dl_config.o (.text.DL_GPIO_setLowerPinsPolarity)
                  00007e38    0000001c     mpu6050.o (.text.DL_I2C_getSDAStatus)
                  00007e54    0000001c     mspm0_i2c.o (.text.DL_I2C_isControllerRXFIFOEmpty)
                  00007e70    0000001c     ti_msp_dl_config.o (.text.DL_SYSCTL_setMCLKDivider)
                  00007e8c    0000001c     ti_msp_dl_config.o (.text.DL_SYSCTL_setSYSOSCFreq)
                  00007ea8    0000001c     ti_msp_dl_config.o (.text.DL_SYSCTL_setULPCLKDivider)
                  00007ec4    0000001c     driverlib.a : dl_timer.o (.text.DL_Timer_setCaptCompUpdateMethod)
                  00007ee0    0000001c                 : dl_timer.o (.text.DL_Timer_setClockConfig)
                  00007efc    0000001c     ti_msp_dl_config.o (.text.DL_UART_enableInterrupt)
                  00007f18    0000001c     Distance.o (.text.Encoder_GetDistance_cm)
                  00007f34    0000001c     inv_mpu_dmp_motion_driver.o (.text.dmp_load_motion_driver_firmware)
                  00007f50    00000018     ti_msp_dl_config.o (.text.DL_ADC12_enablePower)
                  00007f68    00000018     ti_msp_dl_config.o (.text.DL_ADC12_reset)
                  00007f80    00000018     ti_msp_dl_config.o (.text.DL_ADC12_setSampleTime0)
                  00007f98    00000018     driverlib.a : dl_flashctl.o (.text.DL_FlashCTL_eraseMemoryFromRAM)
                  00007fb0    00000018     mspm0_i2c.o (.text.DL_GPIO_enableOutput)
                  00007fc8    00000018     ti_msp_dl_config.o (.text.DL_GPIO_enableOutput)
                  00007fe0    00000018     ti_msp_dl_config.o (.text.DL_GPIO_enablePower)
                  00007ff8    00000018     mspm0_i2c.o (.text.DL_GPIO_initDigitalOutput)
                  00008010    00000018     ti_msp_dl_config.o (.text.DL_GPIO_initDigitalOutput)
                  00008028    00000018     ti_msp_dl_config.o (.text.DL_GPIO_reset)
                  00008040    00000018     No_Mcu_Ganv_Grayscale_Sensor.o (.text.DL_GPIO_setPins)
                  00008058    00000018     led.o (.text.DL_GPIO_setPins)
                  00008070    00000018     motor.o (.text.DL_GPIO_setPins)
                  00008088    00000018     mspm0_i2c.o (.text.DL_GPIO_setPins)
                  000080a0    00000018     trace.o (.text.DL_GPIO_setPins)
                  000080b8    00000018     ti_msp_dl_config.o (.text.DL_GPIO_setUpperPinsPolarity)
                  000080d0    00000018     led.o (.text.DL_GPIO_togglePins)
                  000080e8    00000018     mspm0_i2c.o (.text.DL_I2C_clearInterruptStatus)
                  00008100    00000018     ti_msp_dl_config.o (.text.DL_I2C_enableAnalogGlitchFilter)
                  00008118    00000018     ti_msp_dl_config.o (.text.DL_I2C_enableController)
                  00008130    00000018     ti_msp_dl_config.o (.text.DL_I2C_enableControllerClockStretching)
                  00008148    00000018     mspm0_i2c.o (.text.DL_I2C_enablePower)
                  00008160    00000018     ti_msp_dl_config.o (.text.DL_I2C_enablePower)
                  00008178    00000018     mspm0_i2c.o (.text.DL_I2C_getRawInterruptStatus)
                  00008190    00000018     mspm0_i2c.o (.text.DL_I2C_reset)
                  000081a8    00000018     ti_msp_dl_config.o (.text.DL_I2C_reset)
                  000081c0    00000018     ti_msp_dl_config.o (.text.DL_I2C_setTimerPeriod)
                  000081d8    00000018     ti_msp_dl_config.o (.text.DL_SYSCTL_setBORThreshold)
                  000081f0    00000018     ti_msp_dl_config.o (.text.DL_Timer_enablePower)
                  00008208    00000018     ti_msp_dl_config.o (.text.DL_Timer_reset)
                  00008220    00000018     driverlib.a : dl_timer.o (.text.DL_Timer_setCaptureCompareOutCtl)
                  00008238    00000018     motor.o (.text.DL_Timer_startCounter)
                  00008250    00000018     ti_msp_dl_config.o (.text.DL_UART_enablePower)
                  00008268    00000018     uart.o (.text.DL_UART_isBusy)
                  00008280    00000018     ti_msp_dl_config.o (.text.DL_UART_reset)
                  00008298    00000018     led.o (.text.LED_KEY_Blink_Start)
                  000082b0    00000018     Task.o (.text.ResetDistance)
                  000082c8    00000018     trace.o (.text.SlowForward)
                  000082e0    00000018     libc.a : sprintf.c.obj (.text._outs)
                  000082f8    00000016     ti_msp_dl_config.o (.text.DL_ADC12_enableConversions)
                  0000830e    00000016     encoder.o (.text.DL_GPIO_readPins)
                  00008324    00000016     key.o (.text.DL_GPIO_readPins)
                  0000833a    00000016     mspm0_i2c.o (.text.DL_GPIO_readPins)
                  00008350    00000016     trace.o (.text.DL_GPIO_readPins)
                  00008366    00000016     mspm0_i2c.o (.text.DL_I2C_transmitControllerData)
                  0000837c    00000016     ti_msp_dl_config.o (.text.DL_UART_enable)
                  00008392    00000016     uart.o (.text.DL_UART_transmitData)
                  000083a8    00000014     No_Mcu_Ganv_Grayscale_Sensor.o (.text.DL_GPIO_clearPins)
                  000083bc    00000014     led.o (.text.DL_GPIO_clearPins)
                  000083d0    00000014     motor.o (.text.DL_GPIO_clearPins)
                  000083e4    00000014     mspm0_i2c.o (.text.DL_GPIO_clearPins)
                  000083f8    00000014     ti_msp_dl_config.o (.text.DL_GPIO_clearPins)
                  0000840c    00000014     mspm0_i2c.o (.text.DL_I2C_getControllerStatus)
                  00008420    00000014     mspm0_i2c.o (.text.DL_I2C_receiveControllerData)
                  00008434    00000014     ti_msp_dl_config.o (.text.DL_I2C_resetControllerTransfer)
                  00008448    00000014     ti_msp_dl_config.o (.text.DL_SYSCTL_disableSYSPLL)
                  0000845c    00000014     ti_msp_dl_config.o (.text.DL_Timer_enableClock)
                  00008470    00000014     ti_msp_dl_config.o (.text.DL_Timer_setCCPDirection)
                  00008484    00000014     led.o (.text.LED_KEY_Blink_SetInterval)
                  00008498    00000014     led.o (.text.LED_KEY_Blink_Stop)
                  000084ac    00000014     delay.o (.text.SysTick_Handler)
                  000084c0    00000014     clock.o (.text.SysTick_Init)
                  000084d4    00000014     Task.o (.text.Trace_Follow)
                  000084e8    00000014     Task.o (.text.Trace_Search)
                  000084fc    00000014     libclang_rt.builtins.a : aeabi_uldivmod.S.obj (.text.__aeabi_uldivmod)
                  00008510    00000014     inv_mpu_dmp_motion_driver.o (.text.dmp_register_android_orient_cb)
                  00008524    00000014     inv_mpu_dmp_motion_driver.o (.text.dmp_register_tap_cb)
                  00008538    00000014     libc.a : _printfi.c.obj (.text.strchr)
                  0000854c    00000012     trace.o (.text.DL_GPIO_getPendingInterrupt)
                  0000855e    00000012     driverlib.a : dl_uart.o (.text.DL_UART_setClockConfig)
                  00008570    00000012     libc.a : memcpy16.S.obj (.text:TI_memcpy_small)
                  00008582    00000012            : copy_decompress_none.c.obj (.text:decompress:none)
                  00008594    00000010     ti_msp_dl_config.o (.text.DL_SYSCTL_disableHFXT)
                  000085a4    00000010     motor.o (.text.DL_Timer_getTimerCount)
                  000085b4    00000010     driverlib.a : dl_timer.o (.text.DL_Timer_setCaptureCompareValue)
                  000085c4    00000010     delay.o (.text.Tick_SysTickCallback)
                  000085d4    00000010     Task.o (.text.Trace_TurnDone)
                  000085e4    00000010     libc.a : wcslen.c.obj (.text.wcslen)
                  000085f4    00000010            : copy_zero_init.c.obj (.text:decompress:ZI)
                  00008604    0000000e     Distance.o (.text.Encoder_ResetDistance)
                  00008612    0000000e     No_Mcu_Ganv_Grayscale_Sensor.o (.text.Get_Digtal_For_User)
                  00008620    0000000e     libclang_rt.builtins.a : aeabi_memset.S.obj (.text.__aeabi_memset)
                  0000862e    0000000e     libc.a : _printfi.c.obj (.text.strlen)
                  0000863c    0000000e     mpu6050.o (.text.tap_cb)
                  0000864a    0000000e     libc.a : memset16.S.obj (.text:TI_memset_small)
                  00008658    0000000c     libclang_rt.builtins.a : aeabi_memset.S.obj (.text.__aeabi_memclr)
                  00008664    0000000a     driverlib.a : dl_common.o (.text.DL_Common_delayCycles)
                  0000866e    0000000a     led.o (.text.LED_init)
                  00008678    0000000a     libc.a : _printfi.c.obj (.text.OUTLINED_FUNCTION_0)
                  00008682    00000002     --HOLE-- [fill = 0]
                  00008684    00000010     libclang_rt.builtins.a : adddf3.S.obj (.tramp.__aeabi_dsub.1)
                  00008694    0000000a     libc.a : e_asin.c.obj (.text.OUTLINED_FUNCTION_0)
                  0000869e    00000002     --HOLE-- [fill = 0]
                  000086a0    00000010     libclang_rt.builtins.a : muldf3.S.obj (.tramp.__aeabi_dmul.1)
                  000086b0    0000000a     libc.a : s_atan.c.obj (.text.OUTLINED_FUNCTION_0)
                  000086ba    0000000a            : _printfi.c.obj (.text.OUTLINED_FUNCTION_1)
                  000086c4    0000000a            : e_asin.c.obj (.text.OUTLINED_FUNCTION_1)
                  000086ce    0000000a            : e_asin.c.obj (.text.OUTLINED_FUNCTION_3)
                  000086d8    00000010     libclang_rt.builtins.a : divdf3.S.obj (.tramp.__aeabi_ddiv.1)
                  000086e8    0000000a     libc.a : sprintf.c.obj (.text._outc)
                  000086f2    0000000a     mpu6050.o (.text.android_orient_cb)
                  000086fc    00000008     libc.a : s_atan.c.obj (.text.OUTLINED_FUNCTION_2)
                  00008704    00000008     ti_msp_dl_config.o (.text.SYSCFG_DL_DMA_init)
                  0000870c    00000008     libc.a : aeabi_portable.c.obj (.text.__aeabi_errno_addr)
                  00008714    00000008     libclang_rt.builtins.a : aeabi_memcpy.S.obj (.text.__aeabi_memcpy)
                  0000871c    00000006     libc.a : s_atan.c.obj (.text.OUTLINED_FUNCTION_1)
                  00008722    00000002     --HOLE-- [fill = 0]
                  00008724    00000010     libclang_rt.builtins.a : adddf3.S.obj (.tramp.__aeabi_dadd.1)
                  00008734    00000006     libc.a : e_asin.c.obj (.text.OUTLINED_FUNCTION_2)
                  0000873a    00000006            : exit.c.obj (.text:abort)
                  00008740    00000004     startup_mspm0g350x_ticlang.o (.text.Default_Handler)
                  00008744    00000004     libsysbm.a : hostexit.c.obj (.text.HOSTexit)
                  00008748    00000004     libc.a : e_asin.c.obj (.text.OUTLINED_FUNCTION_4)
                  0000874c    00000004     startup_mspm0g350x_ticlang.o (.text.Reset_Handler)
                  00008750    00000010     libc.a : boot_cortex_m.c.obj (.tramp._c_int00_noargs.1)
                  00008760    00000004            : pre_init.c.obj (.text._system_pre_init)
                  00008764    00000010     driverlib.a : dl_flashctl.o (.tramp.DL_FlashCTL_executeCommandFromRAM.1)
                  00008774    0000000c     --HOLE-- [fill = 0]

.TI.ramfunc 
*          0    000095c0    00000060     RUN ADDR = 202005e0
                  000095c0    00000060     driverlib.a : dl_flashctl.o (.TI.ramfunc)

.cinit     0    00009620    00000050     
                  00009620    00000026     (.cinit..data.load) [load image, compression = lzss]
                  00009646    00000002     --HOLE-- [fill = 0]
                  00009648    0000000c     (__TI_handler_table)
                  00009654    00000008     (.cinit..bss.load) [load image, compression = zero_init]
                  0000965c    00000010     (__TI_cinit_table)
                  0000966c    00000004     --HOLE-- [fill = 0]

.rodata    0    00008780    00000e40     
                  00008780    00000bf6     inv_mpu_dmp_motion_driver.o (.rodata.dmp_memory)
                  00009376    0000000a     ti_msp_dl_config.o (.rodata.gUART_0Config)
                  00009380    00000101     libc.a : aeabi_ctype.S.obj (.rodata:__aeabi_ctype_table_)
                  00009481    00000003     ti_msp_dl_config.o (.rodata.gPWM_MOTORClockConfig)
                  00009484    00000004     led.o (.rodata.LED_PINS)
                  00009488    00000040     libc.a : s_atan.c.obj (.rodata.cst32)
                  000094c8    00000028     inv_mpu.o (.rodata.test)
                  000094f0    0000001e     inv_mpu.o (.rodata.reg)
                  0000950e    00000002     ti_msp_dl_config.o (.rodata.gI2C_MPU6050ClockConfig)
                  00009510    00000018     ti_msp_dl_config.o (.rodata.gDMA_CH0Config)
                  00009528    00000014     ti_msp_dl_config.o (.rodata.gTIMER_EncoderTimerConfig)
                  0000953c    00000012     main.o (.rodata.str1.15159059442110792349.1)
                  0000954e    00000011     libc.a : _printfi.c.obj (.rodata.str1.10348868589481759720.1)
                  0000955f    00000011            : _printfi.c.obj (.rodata.str1.15363888844622738466.1)
                  00009570    0000000c     inv_mpu.o (.rodata.hw)
                  0000957c    0000000c     main.o (.rodata.str1.8154729771448623357.1)
                  00009588    0000000a     ti_msp_dl_config.o (.rodata.gUART_1Config)
                  00009592    00000002     ti_msp_dl_config.o (.rodata.gI2C_OLEDClockConfig)
                  00009594    00000008     ti_msp_dl_config.o (.rodata.gADC_VOLTAGEClockConfig)
                  0000959c    00000008     ti_msp_dl_config.o (.rodata.gPWM_MOTORConfig)
                  000095a4    00000004     trace.o (.rodata.str1.1565272039071364118.1)
                  000095a8    00000003     ti_msp_dl_config.o (.rodata.gTIMER_EncoderClockConfig)
                  000095ab    00000003     trace.o (.rodata.str1.14144399129217559082.1)
                  000095ae    00000003     trace.o (.rodata.str1.3042740987211059966.1)
                  000095b1    00000002     ti_msp_dl_config.o (.rodata.gUART_0ClockConfig)
                  000095b3    00000002     ti_msp_dl_config.o (.rodata.gUART_1ClockConfig)
                  000095b5    0000000b     --HOLE-- [fill = 0]

.init_array 
*          0    00000000    00000000     UNINITIALIZED

.binit     0    00009670    00000010     
                  00009670    00000010     (.binit)

.bss       0    20200000    00000518     UNINITIALIZED
                  20200000    000000bc     (.common:gPWM_MOTORBackup)
                  202000bc    000000bc     (.common:gTIMER_EncoderBackup)
                  20200178    000000b0     (.common:sensor)
                  20200228    000000ac     (.common:motor_l)
                  202002d4    000000ac     (.common:motor_r)
                  20200380    00000050     (.common:ADC_VALUE)
                  202003d0    00000048     (.common:tracking_pid)
                  20200418    00000048     (.common:yaw_pid)
                  20200460    00000030     (.common:gUART_0Backup)
                  20200490    00000024     (.common:encL)
                  202004b4    00000024     (.common:encR)
                  202004d8    00000010     (.common:quat)
                  202004e8    00000006     (.common:accel)
                  202004ee    00000006     (.common:gyro)
                  202004f4    00000004     trace.o (.bss.RunStraight.target_yaw)
                  202004f8    00000004     (.common:long_pressed_key_time)
                  202004fc    00000004     (.common:pitch)
                  20200500    00000004     (.common:roll)
                  20200504    00000004     (.common:sensor_timestamp)
                  20200508    00000004     (.common:state)
                  2020050c    00000004     (.common:tick_ms)
                  20200510    00000004     (.common:yaw)
                  20200514    00000002     (.common:sensors)
                  20200516    00000001     (.common:Digtal)
                  20200517    00000001     (.common:more)

.data      0    20200518    000000c5     UNINITIALIZED
                  20200518    0000002c     inv_mpu.o (.data.st)
                  20200544    00000010     trace.o (.data.Anolog)
                  20200554    00000010     trace.o (.data.black)
                  20200564    00000010     inv_mpu_dmp_motion_driver.o (.data.dmp)
                  20200574    00000010     trace.o (.data.white)
                  20200584    0000000e     mpu6050.o (.data.hal)
                  20200592    00000002     Task.o (.data.FindLine.line_cnt)
                  20200594    0000000c     led.o (.data.keyBlinkCtrl)
                  202005a0    00000009     mpu6050.o (.data.gyro_orientation)
                  202005a9    00000001     trace.o (.data.RunStraight.first)
                  202005aa    00000002     Task.o (.data.LostLine.lost_cnt)
                  202005ac    00000004     trace.o (.data.Control.last_loop_tick)
                  202005b0    00000004     key.o (.data.Key_Process.last_blink_time)
                  202005b4    00000004     delay.o (.data.Tick)
                  202005b8    00000004     trace.o (.data.Turn_angel.target_heading)
                  202005bc    00000004     libc.a : aeabi_portable.c.obj (.data.__aeabi_errno)
                  202005c0    00000004     trace.o (.data.base_target_speed)
                  202005c4    00000004     trace.o (.data.current_yaw)
                  202005c8    00000004     key.o (.data.last_key_time)
                  202005cc    00000004     main.o (.data.main.last_gyro_tick)
                  202005d0    00000004     trace.o (.data.target_angle)
                  202005d4    00000001     trace.o (.data.Turn_angel.ok_cnt)
                  202005d5    00000001     trace.o (.data.Turn_angel.target_set)
                  202005d6    00000001     trace.o (.data.drive_mode)
                  202005d7    00000001     interrupt.o (.data.enable_group1_irq)
                  202005d8    00000001     trace.o (.data.heading_relock)
                  202005d9    00000001     key.o (.data.key_pressed)
                  202005da    00000001     key.o (.data.long_err_flag)
                  202005db    00000001     Task.o (.data.task3.state)
                  202005dc    00000001     Task.o (.data.task3.turning)

.stack     0    20207e00    00000200     UNINITIALIZED
                  20207e00    00000004     libc.a : boot_cortex_m.c.obj (.stack)
                  20207e04    000001fc     --HOLE--

__llvm_prf_cnts 
*          0    20200000    00000000     UNINITIALIZED

__llvm_prf_bits 
*          0    20200000    00000000     UNINITIALIZED

MODULE SUMMARY

       Module                           code    ro data   rw data
       ------                           ----    -------   -------
    .\
       ti_msp_dl_config.o               3348    94        424    
       main.o                           434     30        4      
       startup_mspm0g350x_ticlang.o     8       192       0      
    +--+--------------------------------+-------+---------+---------+
       Total:                           3790    316       428    
                                                                 
    .\Driver\
       No_Mcu_Ganv_Grayscale_Sensor.o   1152    0         0      
       key.o                            674     0         18     
       encoder.o                        418     0         72     
       led.o                            434     4         12     
       flash.o                          328     0         0      
       adc.o                            136     0         80     
       uart.o                           150     0         0      
       delay.o                          106     0         4      
    +--+--------------------------------+-------+---------+---------+
       Total:                           3398    4         186    
                                                                 
    .\Drivers\MPU6050\
       inv_mpu_dmp_motion_driver.o      3110    3062      16     
       inv_mpu.o                        4600    82        44     
       mspm0_i2c.o                      1368    0         0      
       mpu6050.o                        1144    0         70     
    +--+--------------------------------+-------+---------+---------+
       Total:                           10222   3144      130    
                                                                 
    .\Drivers\MSPM0\
       clock.o                          336     0         4      
       interrupt.o                      0       0         1      
    +--+--------------------------------+-------+---------+---------+
       Total:                           336     0         5      
                                                                 
    .\Motor\
       motor.o                          822     0         0      
    +--+--------------------------------+-------+---------+---------+
       Total:                           822     0         0      
                                                                 
    .\User\Distance\
       Distance.o                       82      0         0      
    +--+--------------------------------+-------+---------+---------+
       Total:                           82      0         0      
                                                                 
    .\User\PID\
       pid.o                            644     0         0      
    +--+--------------------------------+-------+---------+---------+
       Total:                           644     0         0      
                                                                 
    .\User\Task\
       Task.o                           744     0         6      
    +--+--------------------------------+-------+---------+---------+
       Total:                           744     0         6      
                                                                 
    .\User\trace\
       trace.o                          2092    10        742    
    +--+--------------------------------+-------+---------+---------+
       Total:                           2092    10        742    
                                                                 
    D:/ti/mspm0_sdk_2_10_00_04/source/ti/driverlib/lib/ticlang/m0p/mspm0g1x0x_g3x0x/driverlib.a
       dl_timer.o                       608     0         0      
       dl_flashctl.o                    484     0         0      
       dl_i2c.o                         192     0         0      
       dl_uart.o                        90      0         0      
       dl_dma.o                         76      0         0      
       dl_adc12.o                       64      0         0      
       dl_common.o                      10      0         0      
    +--+--------------------------------+-------+---------+---------+
       Total:                           1524    0         0      
                                                                 
    D:\ti\ccs2051\ccs\tools\compiler\ti-cgt-armllvm_4.0.4.LTS\lib\armv6m-ti-none-eabi/c/libc.a
       _printfi.c.obj                   4510    34        0      
       e_asin.c.obj                     908     0         0      
       s_atan.c.obj                     784     64        0      
       e_atan2.c.obj                    392     0         0      
       e_sqrt.c.obj                     368     0         0      
       aeabi_ctype.S.obj                0       257       0      
       s_scalbn.c.obj                   216     0         0      
       copy_decompress_lzss.c.obj       124     0         0      
       s_frexp.c.obj                    92      0         0      
       sprintf.c.obj                    90      0         0      
       _ltoa.c.obj                      88      0         0      
       autoinit.c.obj                   76      0         0      
       cpy_tbl.c.obj                    76      0         0      
       atoi.c.obj                       64      0         0      
       boot_cortex_m.c.obj              56      0         0      
       memccpy.c.obj                    34      0         0      
       memcmp.c.obj                     32      0         0      
       copy_decompress_none.c.obj       18      0         0      
       memcpy16.S.obj                   18      0         0      
       copy_zero_init.c.obj             16      0         0      
       wcslen.c.obj                     16      0         0      
       memset16.S.obj                   14      0         0      
       aeabi_portable.c.obj             8       0         4      
       exit.c.obj                       6       0         0      
       pre_init.c.obj                   4       0         0      
    +--+--------------------------------+-------+---------+---------+
       Total:                           8010    355       4      
                                                                 
    D:\ti\ccs2051\ccs\tools\compiler\ti-cgt-armllvm_4.0.4.LTS\lib\armv6m-ti-none-eabi/c/libsysbm.a
       hostexit.c.obj                   4       0         0      
    +--+--------------------------------+-------+---------+---------+
       Total:                           4       0         0      
                                                                 
    D:\ti\ccs2051\ccs\tools\compiler\ti-cgt-armllvm_4.0.4.LTS\lib\armv6m-ti-none-eabi/libclang_rt.builtins.a
       adddf3.S.obj                     434     0         0      
       divdf3.S.obj                     284     0         0      
       muldf3.S.obj                     244     0         0      
       comparedf2.c.obj                 220     0         0      
       addsf3.S.obj                     216     0         0      
       udivmoddi4.S.obj                 162     0         0      
       mulsf3.S.obj                     140     0         0      
       divsf3.S.obj                     130     0         0      
       comparesf2.S.obj                 118     0         0      
       truncdfsf2.S.obj                 116     0         0      
       aeabi_dcmp.S.obj                 98      0         0      
       aeabi_fcmp.S.obj                 98      0         0      
       aeabi_idivmod.S.obj              86      0         0      
       fixdfsi.S.obj                    74      0         0      
       aeabi_uidivmod.S.obj             64      0         0      
       extendsfdf2.S.obj                64      0         0      
       floatsisf.S.obj                  60      0         0      
       muldsi3.S.obj                    58      0         0      
       fixsfsi.S.obj                    56      0         0      
       floatsidf.S.obj                  44      0         0      
       floatunsisf.S.obj                40      0         0      
       floatunsidf.S.obj                36      0         0      
       muldi3.S.obj                     36      0         0      
       ashldi3.S.obj                    30      0         0      
       aeabi_memset.S.obj               26      0         0      
       aeabi_uldivmod.S.obj             20      0         0      
       aeabi_memcpy.S.obj               8       0         0      
       aeabi_div0.c.obj                 4       0         0      
    +--+--------------------------------+-------+---------+---------+
       Total:                           2966    0         0      
                                                                 
       Stack:                           0       0         512    
       Linker Generated:                0       90        0      
    +--+--------------------------------+-------+---------+---------+
       Grand Total:                     34634   3919      2013   


LINKER GENERATED COPY TABLES

__TI_cinit_table @ 0000965c records: 2, size/record: 8, table size: 16
	.data: load addr=00009620, load size=00000026 bytes, run addr=20200518, run size=000000c5 bytes, compression=lzss
	.bss: load addr=00009654, load size=00000008 bytes, run addr=20200000, run size=00000518 bytes, compression=zero_init
binit @ 00009670 records: 1, size/record: 12, table size: 16
	.TI.ramfunc: load addr=000095c0, load size=00000060, run addr=202005e0, run size=00000060, compression=none


LINKER GENERATED HANDLER TABLE

__TI_handler_table @ 00009648 records: 3, size/record: 4, table size: 12
	index: 0, handler: __TI_decompress_lzss
	index: 1, handler: __TI_decompress_none
	index: 2, handler: __TI_zero_init


FAR CALL TRAMPOLINES

callee name               trampoline name
   callee addr  tramp addr   call addr  call info
--------------  -----------  ---------  ----------------
__aeabi_dsub              $Tramp$TT$L$PI$$__aeabi_dsub
   000029a9     00008684     00008680   libc.a : _printfi.c.obj (.text.OUTLINED_FUNCTION_0)
__aeabi_dmul              $Tramp$TT$L$PI$$__aeabi_dmul
   000043e5     000086a0     0000869c   libc.a : e_asin.c.obj (.text.OUTLINED_FUNCTION_0)
                             000086b8          : s_atan.c.obj (.text.OUTLINED_FUNCTION_0)
                             000086cc          : e_asin.c.obj (.text.OUTLINED_FUNCTION_1)
                             00008702          : s_atan.c.obj (.text.OUTLINED_FUNCTION_2)
                             00008738          : e_asin.c.obj (.text.OUTLINED_FUNCTION_2)
__aeabi_ddiv              $Tramp$TT$L$PI$$__aeabi_ddiv
   00003cf1     000086d8     000086d6   libc.a : e_asin.c.obj (.text.OUTLINED_FUNCTION_3)
__aeabi_dadd              $Tramp$TT$L$PI$$__aeabi_dadd
   000029b3     00008724     00008720   libc.a : s_atan.c.obj (.text.OUTLINED_FUNCTION_1)
                             0000874a          : e_asin.c.obj (.text.OUTLINED_FUNCTION_4)
_c_int00_noargs           $Tramp$TT$L$PI$$_c_int00_noargs
   00007aa5     00008750     0000874c   startup_mspm0g350x_ticlang.o (.text.Reset_Handler)
DL_FlashCTL_executeCommandFromRAM  $Tramp$TT$L$PI$$DL_FlashCTL_executeCommandFromRAM
   202005e1     00008764     00007b58   driverlib.a : dl_flashctl.o (.text.DL_FlashCTL_programMemoryFromRAM64)
                             00007fa6               : dl_flashctl.o (.text.DL_FlashCTL_eraseMemoryFromRAM)

[6 trampolines]
[12 trampoline calls]


GLOBAL SYMBOLS: SORTED ALPHABETICALLY BY Name 

address   name                                
-------   ----                                
00008741  ADC0_IRQHandler                     
00008741  ADC1_IRQHandler                     
20200380  ADC_VALUE                           
00008741  AES_IRQHandler                      
20200544  Anolog                              
00008744  C$$EXIT                             
00008741  CANFD0_IRQHandler                   
00006359  Calculate_Heading_Error             
000056f1  Calculate_Position_Error            
00001365  Control                             
00008741  DAC0_IRQHandler                     
00007019  DL_ADC12_setClockConfig             
00008665  DL_Common_delayCycles               
00006b41  DL_DMA_initChannel                  
00007f99  DL_FlashCTL_eraseMemoryFromRAM      
00007b41  DL_FlashCTL_programMemoryFromRAM64  
000045ad  DL_FlashCTL_unprotectSector         
000064d9  DL_I2C_fillControllerTXFIFO         
00007199  DL_I2C_flushControllerTXFIFO        
00007b19  DL_I2C_setClockConfig               
00003f05  DL_Timer_initFourCCPWMMode          
00004109  DL_Timer_initTimerMode              
00007ec5  DL_Timer_setCaptCompUpdateMethod    
00008221  DL_Timer_setCaptureCompareOutCtl    
000085b5  DL_Timer_setCaptureCompareValue     
00007ee1  DL_Timer_setClockConfig             
00006da1  DL_UART_init                        
0000855f  DL_UART_setClockConfig              
00008741  DMA_IRQHandler                      
00008741  Default_Handler                     
20200516  Digtal                              
00007c15  Encoder_GetDelta                    
00007f19  Encoder_GetDistance_cm              
000079dd  Encoder_GetDistance_mm              
00005a49  Encoder_HandleGPIOA                 
000077b9  Encoder_HandleGPIOB                 
0000622d  Encoder_Init                        
00008605  Encoder_ResetDistance               
00008741  GROUP0_IRQHandler                   
00004aa5  GROUP1_IRQHandler                   
00004e6d  Get_Analog_value                    
00007211  Get_Anolog_Value                    
00008613  Get_Digtal_For_User                 
00008745  HOSTexit                            
00008741  HardFault_Handler                   
00008741  I2C0_IRQHandler                     
00008741  I2C1_IRQHandler                     
00001811  Key_Process                         
00008485  LED_KEY_Blink_SetInterval           
00008299  LED_KEY_Blink_Start                 
00008499  LED_KEY_Blink_Stop                  
0000724d  LED_KEY_Blink_Update                
0000866f  LED_init                            
000074d5  LED_off                             
00005ce5  LED_setAll                          
00007509  LED_toggle                          
00003135  MPU6050_Init                        
00004cf1  Motor_Ctrl                          
00005811  Motor_Init                          
00008741  NMI_Handler                         
00002b3d  No_MCU_Ganv_Sensor_Init             
00005f49  No_MCU_Ganv_Sensor_Init_Frist       
00006fd5  No_Mcu_Ganv_Sensor_Task_Without_tick
00002655  PID_Calc                            
00006a51  PID_Init                            
00007289  PID_clear                           
00008741  PendSV_Handler                      
00008741  RTC_IRQHandler                      
00001a45  Read_Quad                           
0000874d  Reset_Handler                       
00005489  RunStraight                         
00008741  SPI0_IRQHandler                     
00008741  SPI1_IRQHandler                     
00008741  SVC_Handler                         
00005fbd  SYSCFG_DL_ADC_VOLTAGE_init          
00007a05  SYSCFG_DL_DMA_CH0_init              
00008705  SYSCFG_DL_DMA_init                  
0000248d  SYSCFG_DL_GPIO_init                 
000066a9  SYSCFG_DL_I2C_MPU6050_init          
00006701  SYSCFG_DL_I2C_OLED_init             
000058a1  SYSCFG_DL_PWM_MOTOR_init            
000075d9  SYSCFG_DL_SYSCTL_init               
00005e55  SYSCFG_DL_SYSTICK_init              
000077e5  SYSCFG_DL_TIMER_Encoder_init        
00006de9  SYSCFG_DL_UART_0_init               
00007059  SYSCFG_DL_UART_1_init               
000068b9  SYSCFG_DL_init                      
00005091  SYSCFG_DL_initPower                 
000082c9  SlowForward                         
000084ad  SysTick_Handler                     
000084c1  SysTick_Init                        
00008741  TIMA0_IRQHandler                    
00008741  TIMA1_IRQHandler                    
00008741  TIMG0_IRQHandler                    
00008741  TIMG12_IRQHandler                   
00008741  TIMG6_IRQHandler                    
00008741  TIMG7_IRQHandler                    
00008741  TIMG8_IRQHandler                    
00008571  TI_memcpy_small                     
0000864b  TI_memset_small                     
202005b4  Tick                                
000085c5  Tick_SysTickCallback                
00007a2d  Tick_delay                          
000084d5  Trace_Follow                        
00007811  Trace_GoStraight                    
000084e9  Trace_Search                        
00007a55  Trace_Stop                          
000085d5  Trace_TurnDone                      
00007b65  Trace_TurnTo                        
00003751  Trace_init                          
00003be5  Turn_angel                          
00008741  UART0_IRQHandler                    
00008741  UART1_IRQHandler                    
00008741  UART2_IRQHandler                    
00008741  UART3_IRQHandler                    
20208000  __STACK_END                         
00000200  __STACK_SIZE                        
00000000  __TI_ATRegion0_region_sz            
00000000  __TI_ATRegion0_src_addr             
00000000  __TI_ATRegion0_trg_addr             
00000000  __TI_ATRegion1_region_sz            
00000000  __TI_ATRegion1_src_addr             
00000000  __TI_ATRegion1_trg_addr             
00000000  __TI_ATRegion2_region_sz            
00000000  __TI_ATRegion2_src_addr             
00000000  __TI_ATRegion2_trg_addr             
0000965c  __TI_CINIT_Base                     
0000966c  __TI_CINIT_Limit                    
0000966c  __TI_CINIT_Warm                     
00009648  __TI_Handler_Table_Base             
00009654  __TI_Handler_Table_Limit            
00006cbd  __TI_auto_init_nopinit              
00005d65  __TI_decompress_lzss                
00008583  __TI_decompress_none                
00006759  __TI_ltoa                           
ffffffff  __TI_pprof_out_hndl                 
000000c1  __TI_printfi                        
ffffffff  __TI_prof_data_size                 
ffffffff  __TI_prof_data_start                
00000000  __TI_static_base__                  
00009670  __TI_table_binit                    
000085f5  __TI_zero_init                      
000029b3  __adddf3                            
00004767  __addsf3                            
00009380  __aeabi_ctype_table_                
00009380  __aeabi_ctype_table_C               
00005e61  __aeabi_d2f                         
00006d55  __aeabi_d2iz                        
000029b3  __aeabi_dadd                        
00006291  __aeabi_dcmpeq                      
000062cd  __aeabi_dcmpge                      
000062e1  __aeabi_dcmpgt                      
000062b9  __aeabi_dcmple                      
000062a5  __aeabi_dcmplt                      
00003cf1  __aeabi_ddiv                        
000043e5  __aeabi_dmul                        
000029a9  __aeabi_dsub                        
202005bc  __aeabi_errno                       
0000870d  __aeabi_errno_addr                  
000070d9  __aeabi_f2d                         
00007465  __aeabi_f2iz                        
00004767  __aeabi_fadd                        
000062f5  __aeabi_fcmpeq                      
00006331  __aeabi_fcmpge                      
00006345  __aeabi_fcmpgt                      
0000631d  __aeabi_fcmple                      
00006309  __aeabi_fcmplt                      
00005c61  __aeabi_fdiv                        
00005931  __aeabi_fmul                        
0000475d  __aeabi_fsub                        
00007869  __aeabi_i2d                         
000072c5  __aeabi_i2f                         
00006861  __aeabi_idiv                        
00002b3b  __aeabi_idiv0                       
00006861  __aeabi_idivmod                     
00005343  __aeabi_ldiv0                       
00007c91  __aeabi_llsl                        
00007bad  __aeabi_lmul                        
00008659  __aeabi_memclr                      
00008659  __aeabi_memclr4                     
00008659  __aeabi_memclr8                     
00008715  __aeabi_memcpy                      
00008715  __aeabi_memcpy4                     
00008715  __aeabi_memcpy8                     
00008621  __aeabi_memset                      
00008621  __aeabi_memset4                     
00008621  __aeabi_memset8                     
00007b89  __aeabi_ui2d                        
00007a7d  __aeabi_ui2f                        
00007099  __aeabi_uidiv                       
00007099  __aeabi_uidivmod                    
000084fd  __aeabi_uldivmod                    
00007c91  __ashldi3                           
00009670  __binit__                           
00006095  __cmpdf2                            
000073b5  __cmpsf2                            
00003cf1  __divdf3                            
00005c61  __divsf3                            
00006095  __eqdf2                             
000073b5  __eqsf2                             
000070d9  __extendsfdf2                       
00006d55  __fixdfsi                           
00007465  __fixsfsi                           
00007869  __floatsidf                         
000072c5  __floatsisf                         
00007b89  __floatunsidf                       
00007a7d  __floatunsisf                       
00005de1  __gedf2                             
00007301  __gesf2                             
00005de1  __gtdf2                             
00007301  __gtsf2                             
00006095  __ledf2                             
000073b5  __lesf2                             
00006095  __ltdf2                             
000073b5  __ltsf2                             
UNDEFED   __mpu_init                          
000043e5  __muldf3                            
00007bad  __muldi3                            
000073f1  __muldsi3                           
00005931  __mulsf3                            
00006095  __nedf2                             
000073b5  __nesf2                             
20207e00  __stack                             
20200000  __start___llvm_prf_bits             
20200000  __start___llvm_prf_cnts             
20200000  __stop___llvm_prf_bits              
20200000  __stop___llvm_prf_cnts              
000029a9  __subdf3                            
0000475d  __subsf3                            
00005e61  __truncdfsf2                        
00005345  __udivmoddi4                        
00007aa5  _c_int00_noargs                     
UNDEFED   _system_post_cinit                  
00008761  _system_pre_init                    
0000873b  abort                               
202004e8  accel                               
00005ad1  adc_getValue                        
00006809  adjust_white_black                  
00000a91  asin                                
00000a91  asinl                               
00000df5  atan                                
00002cc5  atan2                               
00002cc5  atan2l                              
00000df5  atanl                               
00007119  atoi                                
202005c0  base_target_speed                   
00009670  binit                               
20200554  black                               
00006029  convertAnalogToDigital              
00006c71  copy_in                             
202005c4  current_yaw                         
00007caf  delay_us                            
00006e31  dmp_enable_6x_lp_quat               
000010ed  dmp_enable_feature                  
000063b9  dmp_enable_gyro_cal                 
00006e79  dmp_enable_lp_quat                  
00007f35  dmp_load_motion_driver_firmware     
000020bd  dmp_read_fifo                       
00008511  dmp_register_android_orient_cb      
00008525  dmp_register_tap_cb                 
000055c1  dmp_set_fifo_rate                   
00002e4d  dmp_set_orientation                 
00006f4d  dmp_set_shake_reject_thresh         
0000760b  dmp_set_shake_reject_time           
0000763d  dmp_set_shake_reject_timeout        
00006163  dmp_set_tap_axes                    
00006f91  dmp_set_tap_count                   
000015d9  dmp_set_tap_thresh                  
00007701  dmp_set_tap_time                    
00007731  dmp_set_tap_time_multi              
202005d6  drive_mode                          
202005d7  enable_group1_irq                   
20200490  encL                                
202004b4  encR                                
000065f1  frexp                               
000065f1  frexpl                              
20200000  gPWM_MOTORBackup                    
202000bc  gTIMER_EncoderBackup                
20200460  gUART_0Backup                       
202004ee  gyro                                
202005d8  heading_relock                      
00009570  hw                                  
00000000  interruptVectors                    
202005d9  key_pressed                         
202005c8  last_key_time                       
00004685  ldexp                               
00004685  ldexpl                              
202005da  long_err_flag                       
202004f8  long_pressed_key_time               
00004205  main                                
00007bd1  memccpy                             
00007c35  memcmp                              
20200517  more                                
20200228  motor_l                             
202002d4  motor_r                             
00006419  mpu6050_i2c_sda_unlock              
00004db1  mpu_configure_fifo                  
00005ed5  mpu_get_accel_fsr                   
00006479  mpu_get_gyro_fsr                    
0000753d  mpu_get_sample_rate                 
00003879  mpu_init                            
000039a1  mpu_load_firmware                   
00004009  mpu_lp_accel_mode                   
00003dfd  mpu_read_fifo_stream                
00005141  mpu_read_mem                        
00001c71  mpu_reset_fifo                      
000044c9  mpu_set_accel_fsr                   
00002809  mpu_set_bypass                      
00004f25  mpu_set_dmp_state                   
00004b69  mpu_set_gyro_fsr                    
00005525  mpu_set_int_latched                 
00004909  mpu_set_lpf                         
000042f9  mpu_set_sample_rate                 
00003621  mpu_set_sensors                     
000051ed  mpu_write_mem                       
0000733d  mspm0_delay_ms                      
00007895  mspm0_get_clock_ms                  
000034ed  mspm0_i2c_read                      
00004c2d  mspm0_i2c_write                     
00005299  normalizeAnalogValues               
202004fc  pitch                               
202004d8  quat                                
00007571  readBlackFromFlash                  
000075a5  readWhiteFromFlash                  
000094f0  reg                                 
20200500  roll                                
00004685  scalbn                              
00004685  scalbnl                             
20200178  sensor                              
20200504  sensor_timestamp                    
20200514  sensors                             
0000749d  sprintf                             
00002fc5  sqrt                                
00002fc5  sqrtl                               
20200508  state                               
202005d0  target_angle                        
000033b5  task3                               
000094c8  test                                
2020050c  tick_ms                             
202003d0  tracking_pid                        
000078c1  uart0_send_char                     
00007379  uart0_send_string                   
000085e5  wcslen                              
20200574  white                               
00004fdd  writeToFlash                        
20200510  yaw                                 
20200418  yaw_pid                             


GLOBAL SYMBOLS: SORTED BY Symbol Address 

address   name                                
-------   ----                                
00000000  __TI_ATRegion0_region_sz            
00000000  __TI_ATRegion0_src_addr             
00000000  __TI_ATRegion0_trg_addr             
00000000  __TI_ATRegion1_region_sz            
00000000  __TI_ATRegion1_src_addr             
00000000  __TI_ATRegion1_trg_addr             
00000000  __TI_ATRegion2_region_sz            
00000000  __TI_ATRegion2_src_addr             
00000000  __TI_ATRegion2_trg_addr             
00000000  __TI_static_base__                  
00000000  interruptVectors                    
000000c1  __TI_printfi                        
00000200  __STACK_SIZE                        
00000a91  asin                                
00000a91  asinl                               
00000df5  atan                                
00000df5  atanl                               
000010ed  dmp_enable_feature                  
00001365  Control                             
000015d9  dmp_set_tap_thresh                  
00001811  Key_Process                         
00001a45  Read_Quad                           
00001c71  mpu_reset_fifo                      
000020bd  dmp_read_fifo                       
0000248d  SYSCFG_DL_GPIO_init                 
00002655  PID_Calc                            
00002809  mpu_set_bypass                      
000029a9  __aeabi_dsub                        
000029a9  __subdf3                            
000029b3  __adddf3                            
000029b3  __aeabi_dadd                        
00002b3b  __aeabi_idiv0                       
00002b3d  No_MCU_Ganv_Sensor_Init             
00002cc5  atan2                               
00002cc5  atan2l                              
00002e4d  dmp_set_orientation                 
00002fc5  sqrt                                
00002fc5  sqrtl                               
00003135  MPU6050_Init                        
000033b5  task3                               
000034ed  mspm0_i2c_read                      
00003621  mpu_set_sensors                     
00003751  Trace_init                          
00003879  mpu_init                            
000039a1  mpu_load_firmware                   
00003be5  Turn_angel                          
00003cf1  __aeabi_ddiv                        
00003cf1  __divdf3                            
00003dfd  mpu_read_fifo_stream                
00003f05  DL_Timer_initFourCCPWMMode          
00004009  mpu_lp_accel_mode                   
00004109  DL_Timer_initTimerMode              
00004205  main                                
000042f9  mpu_set_sample_rate                 
000043e5  __aeabi_dmul                        
000043e5  __muldf3                            
000044c9  mpu_set_accel_fsr                   
000045ad  DL_FlashCTL_unprotectSector         
00004685  ldexp                               
00004685  ldexpl                              
00004685  scalbn                              
00004685  scalbnl                             
0000475d  __aeabi_fsub                        
0000475d  __subsf3                            
00004767  __addsf3                            
00004767  __aeabi_fadd                        
00004909  mpu_set_lpf                         
00004aa5  GROUP1_IRQHandler                   
00004b69  mpu_set_gyro_fsr                    
00004c2d  mspm0_i2c_write                     
00004cf1  Motor_Ctrl                          
00004db1  mpu_configure_fifo                  
00004e6d  Get_Analog_value                    
00004f25  mpu_set_dmp_state                   
00004fdd  writeToFlash                        
00005091  SYSCFG_DL_initPower                 
00005141  mpu_read_mem                        
000051ed  mpu_write_mem                       
00005299  normalizeAnalogValues               
00005343  __aeabi_ldiv0                       
00005345  __udivmoddi4                        
00005489  RunStraight                         
00005525  mpu_set_int_latched                 
000055c1  dmp_set_fifo_rate                   
000056f1  Calculate_Position_Error            
00005811  Motor_Init                          
000058a1  SYSCFG_DL_PWM_MOTOR_init            
00005931  __aeabi_fmul                        
00005931  __mulsf3                            
00005a49  Encoder_HandleGPIOA                 
00005ad1  adc_getValue                        
00005c61  __aeabi_fdiv                        
00005c61  __divsf3                            
00005ce5  LED_setAll                          
00005d65  __TI_decompress_lzss                
00005de1  __gedf2                             
00005de1  __gtdf2                             
00005e55  SYSCFG_DL_SYSTICK_init              
00005e61  __aeabi_d2f                         
00005e61  __truncdfsf2                        
00005ed5  mpu_get_accel_fsr                   
00005f49  No_MCU_Ganv_Sensor_Init_Frist       
00005fbd  SYSCFG_DL_ADC_VOLTAGE_init          
00006029  convertAnalogToDigital              
00006095  __cmpdf2                            
00006095  __eqdf2                             
00006095  __ledf2                             
00006095  __ltdf2                             
00006095  __nedf2                             
00006163  dmp_set_tap_axes                    
0000622d  Encoder_Init                        
00006291  __aeabi_dcmpeq                      
000062a5  __aeabi_dcmplt                      
000062b9  __aeabi_dcmple                      
000062cd  __aeabi_dcmpge                      
000062e1  __aeabi_dcmpgt                      
000062f5  __aeabi_fcmpeq                      
00006309  __aeabi_fcmplt                      
0000631d  __aeabi_fcmple                      
00006331  __aeabi_fcmpge                      
00006345  __aeabi_fcmpgt                      
00006359  Calculate_Heading_Error             
000063b9  dmp_enable_gyro_cal                 
00006419  mpu6050_i2c_sda_unlock              
00006479  mpu_get_gyro_fsr                    
000064d9  DL_I2C_fillControllerTXFIFO         
000065f1  frexp                               
000065f1  frexpl                              
000066a9  SYSCFG_DL_I2C_MPU6050_init          
00006701  SYSCFG_DL_I2C_OLED_init             
00006759  __TI_ltoa                           
00006809  adjust_white_black                  
00006861  __aeabi_idiv                        
00006861  __aeabi_idivmod                     
000068b9  SYSCFG_DL_init                      
00006a51  PID_Init                            
00006b41  DL_DMA_initChannel                  
00006c71  copy_in                             
00006cbd  __TI_auto_init_nopinit              
00006d55  __aeabi_d2iz                        
00006d55  __fixdfsi                           
00006da1  DL_UART_init                        
00006de9  SYSCFG_DL_UART_0_init               
00006e31  dmp_enable_6x_lp_quat               
00006e79  dmp_enable_lp_quat                  
00006f4d  dmp_set_shake_reject_thresh         
00006f91  dmp_set_tap_count                   
00006fd5  No_Mcu_Ganv_Sensor_Task_Without_tick
00007019  DL_ADC12_setClockConfig             
00007059  SYSCFG_DL_UART_1_init               
00007099  __aeabi_uidiv                       
00007099  __aeabi_uidivmod                    
000070d9  __aeabi_f2d                         
000070d9  __extendsfdf2                       
00007119  atoi                                
00007199  DL_I2C_flushControllerTXFIFO        
00007211  Get_Anolog_Value                    
0000724d  LED_KEY_Blink_Update                
00007289  PID_clear                           
000072c5  __aeabi_i2f                         
000072c5  __floatsisf                         
00007301  __gesf2                             
00007301  __gtsf2                             
0000733d  mspm0_delay_ms                      
00007379  uart0_send_string                   
000073b5  __cmpsf2                            
000073b5  __eqsf2                             
000073b5  __lesf2                             
000073b5  __ltsf2                             
000073b5  __nesf2                             
000073f1  __muldsi3                           
00007465  __aeabi_f2iz                        
00007465  __fixsfsi                           
0000749d  sprintf                             
000074d5  LED_off                             
00007509  LED_toggle                          
0000753d  mpu_get_sample_rate                 
00007571  readBlackFromFlash                  
000075a5  readWhiteFromFlash                  
000075d9  SYSCFG_DL_SYSCTL_init               
0000760b  dmp_set_shake_reject_time           
0000763d  dmp_set_shake_reject_timeout        
00007701  dmp_set_tap_time                    
00007731  dmp_set_tap_time_multi              
000077b9  Encoder_HandleGPIOB                 
000077e5  SYSCFG_DL_TIMER_Encoder_init        
00007811  Trace_GoStraight                    
00007869  __aeabi_i2d                         
00007869  __floatsidf                         
00007895  mspm0_get_clock_ms                  
000078c1  uart0_send_char                     
000079dd  Encoder_GetDistance_mm              
00007a05  SYSCFG_DL_DMA_CH0_init              
00007a2d  Tick_delay                          
00007a55  Trace_Stop                          
00007a7d  __aeabi_ui2f                        
00007a7d  __floatunsisf                       
00007aa5  _c_int00_noargs                     
00007b19  DL_I2C_setClockConfig               
00007b41  DL_FlashCTL_programMemoryFromRAM64  
00007b65  Trace_TurnTo                        
00007b89  __aeabi_ui2d                        
00007b89  __floatunsidf                       
00007bad  __aeabi_lmul                        
00007bad  __muldi3                            
00007bd1  memccpy                             
00007c15  Encoder_GetDelta                    
00007c35  memcmp                              
00007c91  __aeabi_llsl                        
00007c91  __ashldi3                           
00007caf  delay_us                            
00007ec5  DL_Timer_setCaptCompUpdateMethod    
00007ee1  DL_Timer_setClockConfig             
00007f19  Encoder_GetDistance_cm              
00007f35  dmp_load_motion_driver_firmware     
00007f99  DL_FlashCTL_eraseMemoryFromRAM      
00008221  DL_Timer_setCaptureCompareOutCtl    
00008299  LED_KEY_Blink_Start                 
000082c9  SlowForward                         
00008485  LED_KEY_Blink_SetInterval           
00008499  LED_KEY_Blink_Stop                  
000084ad  SysTick_Handler                     
000084c1  SysTick_Init                        
000084d5  Trace_Follow                        
000084e9  Trace_Search                        
000084fd  __aeabi_uldivmod                    
00008511  dmp_register_android_orient_cb      
00008525  dmp_register_tap_cb                 
0000855f  DL_UART_setClockConfig              
00008571  TI_memcpy_small                     
00008583  __TI_decompress_none                
000085b5  DL_Timer_setCaptureCompareValue     
000085c5  Tick_SysTickCallback                
000085d5  Trace_TurnDone                      
000085e5  wcslen                              
000085f5  __TI_zero_init                      
00008605  Encoder_ResetDistance               
00008613  Get_Digtal_For_User                 
00008621  __aeabi_memset                      
00008621  __aeabi_memset4                     
00008621  __aeabi_memset8                     
0000864b  TI_memset_small                     
00008659  __aeabi_memclr                      
00008659  __aeabi_memclr4                     
00008659  __aeabi_memclr8                     
00008665  DL_Common_delayCycles               
0000866f  LED_init                            
00008705  SYSCFG_DL_DMA_init                  
0000870d  __aeabi_errno_addr                  
00008715  __aeabi_memcpy                      
00008715  __aeabi_memcpy4                     
00008715  __aeabi_memcpy8                     
0000873b  abort                               
00008741  ADC0_IRQHandler                     
00008741  ADC1_IRQHandler                     
00008741  AES_IRQHandler                      
00008741  CANFD0_IRQHandler                   
00008741  DAC0_IRQHandler                     
00008741  DMA_IRQHandler                      
00008741  Default_Handler                     
00008741  GROUP0_IRQHandler                   
00008741  HardFault_Handler                   
00008741  I2C0_IRQHandler                     
00008741  I2C1_IRQHandler                     
00008741  NMI_Handler                         
00008741  PendSV_Handler                      
00008741  RTC_IRQHandler                      
00008741  SPI0_IRQHandler                     
00008741  SPI1_IRQHandler                     
00008741  SVC_Handler                         
00008741  TIMA0_IRQHandler                    
00008741  TIMA1_IRQHandler                    
00008741  TIMG0_IRQHandler                    
00008741  TIMG12_IRQHandler                   
00008741  TIMG6_IRQHandler                    
00008741  TIMG7_IRQHandler                    
00008741  TIMG8_IRQHandler                    
00008741  UART0_IRQHandler                    
00008741  UART1_IRQHandler                    
00008741  UART2_IRQHandler                    
00008741  UART3_IRQHandler                    
00008744  C$$EXIT                             
00008745  HOSTexit                            
0000874d  Reset_Handler                       
00008761  _system_pre_init                    
00009380  __aeabi_ctype_table_                
00009380  __aeabi_ctype_table_C               
000094c8  test                                
000094f0  reg                                 
00009570  hw                                  
00009648  __TI_Handler_Table_Base             
00009654  __TI_Handler_Table_Limit            
0000965c  __TI_CINIT_Base                     
0000966c  __TI_CINIT_Limit                    
0000966c  __TI_CINIT_Warm                     
00009670  __TI_table_binit                    
00009670  __binit__                           
00009670  binit                               
20200000  __start___llvm_prf_bits             
20200000  __start___llvm_prf_cnts             
20200000  __stop___llvm_prf_bits              
20200000  __stop___llvm_prf_cnts              
20200000  gPWM_MOTORBackup                    
202000bc  gTIMER_EncoderBackup                
20200178  sensor                              
20200228  motor_l                             
202002d4  motor_r                             
20200380  ADC_VALUE                           
202003d0  tracking_pid                        
20200418  yaw_pid                             
20200460  gUART_0Backup                       
20200490  encL                                
202004b4  encR                                
202004d8  quat                                
202004e8  accel                               
202004ee  gyro                                
202004f8  long_pressed_key_time               
202004fc  pitch                               
20200500  roll                                
20200504  sensor_timestamp                    
20200508  state                               
2020050c  tick_ms                             
20200510  yaw                                 
20200514  sensors                             
20200516  Digtal                              
20200517  more                                
20200544  Anolog                              
20200554  black                               
20200574  white                               
202005b4  Tick                                
202005bc  __aeabi_errno                       
202005c0  base_target_speed                   
202005c4  current_yaw                         
202005c8  last_key_time                       
202005d0  target_angle                        
202005d6  drive_mode                          
202005d7  enable_group1_irq                   
202005d8  heading_relock                      
202005d9  key_pressed                         
202005da  long_err_flag                       
20207e00  __stack                             
20208000  __STACK_END                         
ffffffff  __TI_pprof_out_hndl                 
ffffffff  __TI_prof_data_size                 
ffffffff  __TI_prof_data_start                
UNDEFED   __mpu_init                          
UNDEFED   _system_post_cinit                  

[347 symbols]
