******************************************************************************
            TI ARM Clang Linker PC v4.0.4                      
******************************************************************************
>> Linked Wed Jul 22 17:44:50 2026

OUTPUT FILE NAME:   <diansai2024.out>
ENTRY POINT SYMBOL: "_c_int00_noargs"  address: 000069c5


MEMORY CONFIGURATION

         name            origin    length      used     unused   attr    fill
----------------------  --------  ---------  --------  --------  ----  --------
  FLASH                 00000000   00020000  00008348  00017cb8  R  X
  SRAM                  20200000   00008000  00000754  000078ac  RW X
  BCR_CONFIG            41c00000   000000ff  00000000  000000ff  R   
  BSL_CONFIG            41c00100   00000080  00000000  00000080  R   


SEGMENT ALLOCATION MAP

run origin  load origin   length   init length attrs members
----------  ----------- ---------- ----------- ----- -------
00000000    00000000    00008348   00008348    r-x
  00000000    00000000    000000c0   000000c0    r-- .intvecs
  000000c0    000000c0    00007410   00007410    r-x .text
  000074d0    000074d0    00000e30   00000e30    r-- .rodata
  00008300    00008300    00000048   00000048    r-- .cinit
20200000    20200000    00000555   00000000    rw-
  20200000    20200000    000004cb   00000000    rw- .bss
  202004cc    202004cc    00000089   00000000    rw- .data
20207e00    20207e00    00000200   00000000    rw-
  20207e00    20207e00    00000200   00000000    rw- .stack


SECTION ALLOCATION MAP

 output                                  attributes/
section   page    origin      length       input sections
--------  ----  ----------  ----------   ----------------
.intvecs   0    00000000    000000c0     
                  00000000    000000c0     startup_mspm0g350x_ticlang.o (.intvecs)

.text      0    000000c0    00007410     
                  000000c0    000009d0     libc.a : _printfi.c.obj (.text:__TI_printfi)
                  00000a90    00000364            : e_asin.c.obj (.text.asin)
                  00000df4    000002f8            : s_atan.c.obj (.text.atan)
                  000010ec    00000278     inv_mpu_dmp_motion_driver.o (.text.dmp_enable_feature)
                  00001364    00000238     inv_mpu_dmp_motion_driver.o (.text.dmp_set_tap_thresh)
                  0000159c    0000022c     mpu6050.o (.text.Read_Quad)
                  000017c8    0000022c     inv_mpu.o (.text.mpu_reset_fifo)
                  000019f4    00000220     libc.a : _printfi.c.obj (.text._pconv_a)
                  00001c14    000001f4     inv_mpu_dmp_motion_driver.o (.text.dmp_read_fifo)
                  00001e08    000001dc     libc.a : _printfi.c.obj (.text._pconv_g)
                  00001fe4    000001c8     ti_msp_dl_config.o (.text.SYSCFG_DL_GPIO_init)
                  000021ac    000001b4     pid.o (.text.PID_Calc)
                  00002360    000001a0     inv_mpu.o (.text.mpu_set_bypass)
                  00002500    00000192     libclang_rt.builtins.a : adddf3.S.obj (.text.adddf3_subdf3)
                  00002692    00000002                            : aeabi_div0.c.obj (.text.__aeabi_idiv0)
                  00002694    00000188     No_Mcu_Ganv_Grayscale_Sensor.o (.text.No_MCU_Ganv_Sensor_Init)
                  0000281c    00000188     libc.a : e_atan2.c.obj (.text.atan2)
                  000029a4    00000178     inv_mpu_dmp_motion_driver.o (.text.dmp_set_orientation)
                  00002b1c    00000170     libc.a : e_sqrt.c.obj (.text.sqrt)
                  00002c8c    00000144     mpu6050.o (.text.MPU6050_Init)
                  00002dd0    0000013c     libc.a : _printfi.c.obj (.text.fcvt)
                  00002f0c    00000134     mspm0_i2c.o (.text.mspm0_i2c_read)
                  00003040    00000130     inv_mpu.o (.text.mpu_set_sensors)
                  00003170    00000128     inv_mpu.o (.text.mpu_init)
                  00003298    00000124     inv_mpu.o (.text.mpu_load_firmware)
                  000033bc    00000120     libc.a : _printfi.c.obj (.text._pconv_e)
                  000034dc    0000010c     libclang_rt.builtins.a : divdf3.S.obj (.text.__divdf3)
                  000035e8    00000108     trace.o (.text.Trace_init)
                  000036f0    00000108     inv_mpu.o (.text.mpu_read_fifo_stream)
                  000037f8    00000104     driverlib.a : dl_timer.o (.text.DL_Timer_initFourCCPWMMode)
                  000038fc    00000100     inv_mpu.o (.text.mpu_lp_accel_mode)
                  000039fc    000000fc     driverlib.a : dl_timer.o (.text.DL_Timer_initTimerMode)
                  00003af8    000000f8     main.o (.text.main)
                  00003bf0    000000ec     inv_mpu.o (.text.mpu_set_sample_rate)
                  00003cdc    000000e4     libclang_rt.builtins.a : muldf3.S.obj (.text.__muldf3)
                  00003dc0    000000e4     inv_mpu.o (.text.mpu_set_accel_fsr)
                  00003ea4    000000d8     libc.a : s_scalbn.c.obj (.text.scalbn)
                  00003f7c    000000d8     libclang_rt.builtins.a : addsf3.S.obj (.text)
                  00004054    000000d4     inv_mpu.o (.text.set_int_enable)
                  00004128    000000d0     inv_mpu.o (.text.mpu_set_lpf)
                  000041f8    000000cc     motor.o (.text.Motor_Speed_Get)
                  000042c4    000000c4     trace.o (.text.GROUP1_IRQHandler)
                  00004388    000000c4     inv_mpu.o (.text.mpu_set_gyro_fsr)
                  0000444c    000000c4     mspm0_i2c.o (.text.mspm0_i2c_write)
                  00004510    000000bc     inv_mpu.o (.text.mpu_configure_fifo)
                  000045cc    000000b8     inv_mpu.o (.text.mpu_set_dmp_state)
                  00004684    000000b0     ti_msp_dl_config.o (.text.SYSCFG_DL_initPower)
                  00004734    000000ac     inv_mpu.o (.text.mpu_read_mem)
                  000047e0    000000ac     inv_mpu.o (.text.mpu_write_mem)
                  0000488c    000000a2     libclang_rt.builtins.a : udivmoddi4.S.obj (.text)
                  0000492e    00000002                            : aeabi_div0.c.obj (.text.__aeabi_ldiv0)
                  00004930    000000a0     motor.o (.text.Motor_Encoder_Update)
                  000049d0    0000009c     inv_mpu.o (.text.mpu_set_int_latched)
                  00004a6c    00000098     inv_mpu_dmp_motion_driver.o (.text.dmp_set_fifo_rate)
                  00004b04    00000096     mpu6050.o (.text.inv_row_2_scale)
                  00004b9a    00000090     motor.o (.text.Motor_Driver)
                  00004c2a    00000002     --HOLE-- [fill = 0]
                  00004c2c    00000090     motor.o (.text.Motor_Init)
                  00004cbc    00000090     ti_msp_dl_config.o (.text.SYSCFG_DL_PWM_MOTOR_init)
                  00004d4c    0000008c     libclang_rt.builtins.a : mulsf3.S.obj (.text.__mulsf3)
                  00004dd8    0000008c     inv_mpu_dmp_motion_driver.o (.text.decode_gesture)
                  00004e64    00000088     encoder.o (.text.Encoder_HandleGPIOA)
                  00004eec    00000084     clock.o (.text.__NVIC_SetPriority)
                  00004f70    00000084     ti_msp_dl_config.o (.text.__NVIC_SetPriority)
                  00004ff4    00000082     libclang_rt.builtins.a : divsf3.S.obj (.text.__divsf3)
                  00005076    00000002     --HOLE-- [fill = 0]
                  00005078    00000080     led.o (.text.LED_setAll)
                  000050f8    0000007c     libc.a : copy_decompress_lzss.c.obj (.text:decompress:lzss)
                  00005174    00000074     libclang_rt.builtins.a : comparedf2.c.obj (.text.__gedf2)
                  000051e8    00000008     ti_msp_dl_config.o (.text.SYSCFG_DL_DMA_init)
                  000051f0    00000074     libclang_rt.builtins.a : truncdfsf2.S.obj (.text.__truncdfsf2)
                  00005264    00000074     inv_mpu.o (.text.mpu_get_accel_fsr)
                  000052d8    00000072     No_Mcu_Ganv_Grayscale_Sensor.o (.text.No_MCU_Ganv_Sensor_Init_Frist)
                  0000534a    00000002     --HOLE-- [fill = 0]
                  0000534c    0000006c     ti_msp_dl_config.o (.text.SYSCFG_DL_ADC_VOLTAGE_init)
                  000053b8    00000068     libclang_rt.builtins.a : comparedf2.c.obj (.text.__ledf2)
                  00005420    00000066     libc.a : _printfi.c.obj (.text._mcpy)
                  00005486    00000066     inv_mpu_dmp_motion_driver.o (.text.dmp_set_tap_axes)
                  000054ec    00000064     ti_msp_dl_config.o (.text.DL_ADC12_initSingleSample)
                  00005550    00000064     encoder.o (.text.Encoder_Init)
                  000055b4    00000062     libclang_rt.builtins.a : aeabi_dcmp.S.obj (.text.__aeabi_dcmp)
                  00005616    00000002     --HOLE-- [fill = 0]
                  00005618    00000062                            : aeabi_fcmp.S.obj (.text.__aeabi_fcmp)
                  0000567a    00000002     --HOLE-- [fill = 0]
                  0000567c    00000060     inv_mpu_dmp_motion_driver.o (.text.dmp_enable_gyro_cal)
                  000056dc    00000060     mspm0_i2c.o (.text.mpu6050_i2c_sda_unlock)
                  0000573c    00000060     inv_mpu.o (.text.mpu_get_gyro_fsr)
                  0000579c    0000005e     driverlib.a : dl_i2c.o (.text.DL_I2C_fillControllerTXFIFO)
                  000057fa    00000002     --HOLE-- [fill = 0]
                  000057fc    0000005c     libc.a : s_frexp.c.obj (.text.frexp)
                  00005858    0000005c     mspm0_i2c.o (.text.mspm0_i2c_enable)
                  000058b4    00000058     ti_msp_dl_config.o (.text.SYSCFG_DL_I2C_MPU6050_init)
                  0000590c    00000058     ti_msp_dl_config.o (.text.SYSCFG_DL_I2C_OLED_init)
                  00005964    00000058     libc.a : _ltoa.c.obj (.text.__TI_ltoa)
                  000059bc    00000058            : _printfi.c.obj (.text._pconv_f)
                  00005a14    00000056     libclang_rt.builtins.a : aeabi_idivmod.S.obj (.text.__aeabi_idivmod)
                  00005a6a    00000002     --HOLE-- [fill = 0]
                  00005a6c    00000054     ti_msp_dl_config.o (.text.SYSCFG_DL_init)
                  00005ac0    00000052     libc.a : _printfi.c.obj (.text._ecpy)
                  00005b12    00000002     --HOLE-- [fill = 0]
                  00005b14    00000050     mspm0_i2c.o (.text.DL_GPIO_initPeripheralInputFunctionFeatures)
                  00005b64    00000050     ti_msp_dl_config.o (.text.DL_GPIO_initPeripheralInputFunctionFeatures)
                  00005bb4    00000050     mspm0_i2c.o (.text.DL_I2C_startControllerTransfer)
                  00005c04    00000050     pid.o (.text.PID_Init)
                  00005c54    00000050     clock.o (.text.SysTick_Config)
                  00005ca4    00000050     ti_msp_dl_config.o (.text.SysTick_Config)
                  00005cf4    0000004c     driverlib.a : dl_dma.o (.text.DL_DMA_initChannel)
                  00005d40    0000004c     mspm0_i2c.o (.text.DL_GPIO_initDigitalInputFeatures)
                  00005d8c    0000004c     ti_msp_dl_config.o (.text.DL_GPIO_initDigitalInputFeatures)
                  00005dd8    0000004c     ti_msp_dl_config.o (.text.DL_UART_setBaudRateDivisor)
                  00005e24    0000004a     ti_msp_dl_config.o (.text.DL_ADC12_configConversionMem)
                  00005e6e    00000002     --HOLE-- [fill = 0]
                  00005e70    0000004a     libclang_rt.builtins.a : fixdfsi.S.obj (.text.__fixdfsi)
                  00005eba    00000002     --HOLE-- [fill = 0]
                  00005ebc    00000048     driverlib.a : dl_uart.o (.text.DL_UART_init)
                  00005f04    00000048     ti_msp_dl_config.o (.text.SYSCFG_DL_UART_0_init)
                  00005f4c    00000048     inv_mpu_dmp_motion_driver.o (.text.dmp_enable_6x_lp_quat)
                  00005f94    00000048     inv_mpu_dmp_motion_driver.o (.text.dmp_enable_lp_quat)
                  00005fdc    00000048     mspm0_i2c.o (.text.mspm0_i2c_disable)
                  00006024    00000044     pid.o (.text.LimitMax)
                  00006068    00000044     inv_mpu_dmp_motion_driver.o (.text.dmp_set_shake_reject_thresh)
                  000060ac    00000044     inv_mpu_dmp_motion_driver.o (.text.dmp_set_tap_count)
                  000060f0    00000040     driverlib.a : dl_adc12.o (.text.DL_ADC12_setClockConfig)
                  00006130    00000040     ti_msp_dl_config.o (.text.SYSCFG_DL_UART_1_init)
                  00006170    00000040     libclang_rt.builtins.a : aeabi_uidivmod.S.obj (.text.__aeabi_uidivmod)
                  000061b0    00000040                            : extendsfdf2.S.obj (.text.__extendsfdf2)
                  000061f0    00000040     libc.a : atoi.c.obj (.text.atoi)
                  00006230    0000003e     mpu6050.o (.text.inv_orientation_matrix_to_scalar)
                  0000626e    00000002     --HOLE-- [fill = 0]
                  00006270    0000003c     driverlib.a : dl_i2c.o (.text.DL_I2C_flushControllerTXFIFO)
                  000062ac    0000003c     ti_msp_dl_config.o (.text.DL_Timer_setCounterControl)
                  000062e8    0000003c     libclang_rt.builtins.a : floatsisf.S.obj (.text.__floatsisf)
                  00006324    0000003c                            : comparesf2.S.obj (.text.__gtsf2)
                  00006360    0000003c     clock.o (.text.mspm0_delay_ms)
                  0000639c    0000003c     uart.o (.text.uart0_send_string)
                  000063d8    0000003c     libc.a : autoinit.c.obj (.text:__TI_auto_init_nobinit_nopinit)
                  00006414    0000003a     libclang_rt.builtins.a : comparesf2.S.obj (.text.__eqsf2)
                  0000644e    00000002     --HOLE-- [fill = 0]
                  00006450    0000003a                            : muldsi3.S.obj (.text.__muldsi3)
                  0000648a    00000038     motor.o (.text.Motor_Pid_Init)
                  000064c2    00000002     --HOLE-- [fill = 0]
                  000064c4    00000038     libclang_rt.builtins.a : fixsfsi.S.obj (.text.__fixsfsi)
                  000064fc    00000038     libc.a : sprintf.c.obj (.text.sprintf)
                  00006534    00000034     inv_mpu.o (.text.mpu_get_sample_rate)
                  00006568    00000034     flash.o (.text.readBlackFromFlash)
                  0000659c    00000034     flash.o (.text.readWhiteFromFlash)
                  000065d0    00000032     ti_msp_dl_config.o (.text.SYSCFG_DL_SYSCTL_init)
                  00006602    00000032     inv_mpu_dmp_motion_driver.o (.text.dmp_set_shake_reject_time)
                  00006634    00000032     inv_mpu_dmp_motion_driver.o (.text.dmp_set_shake_reject_timeout)
                  00006666    00000002     --HOLE-- [fill = 0]
                  00006668    00000030     ti_msp_dl_config.o (.text.DL_DMA_setTransferSize)
                  00006698    00000030     libc.a : _printfi.c.obj (.text._fcpy)
                  000066c8    00000030     inv_mpu_dmp_motion_driver.o (.text.dmp_set_tap_time)
                  000066f8    00000030     inv_mpu_dmp_motion_driver.o (.text.dmp_set_tap_time_multi)
                  00006728    0000002c     ti_msp_dl_config.o (.text.DL_ADC12_setDMASamplesCnt)
                  00006754    0000002c     encoder.o (.text.Encoder_HandleGPIOB)
                  00006780    0000002c     ti_msp_dl_config.o (.text.SYSCFG_DL_TIMER_Encoder_init)
                  000067ac    0000002c     main.o (.text.__NVIC_EnableIRQ)
                  000067d8    0000002c     libclang_rt.builtins.a : floatsidf.S.obj (.text.__floatsidf)
                  00006804    0000002c     clock.o (.text.mspm0_get_clock_ms)
                  00006830    0000002c     uart.o (.text.uart0_send_char)
                  0000685c    00000028     mspm0_i2c.o (.text.DL_Common_updateReg)
                  00006884    00000028     ti_msp_dl_config.o (.text.DL_Common_updateReg)
                  000068ac    00000028     main.o (.text.DL_DMA_setDestAddr)
                  000068d4    00000028     main.o (.text.DL_DMA_setSrcAddr)
                  000068fc    00000028     ti_msp_dl_config.o (.text.DL_I2C_setControllerRXFIFOThreshold)
                  00006924    00000028     ti_msp_dl_config.o (.text.DL_I2C_setControllerTXFIFOThreshold)
                  0000694c    00000028     ti_msp_dl_config.o (.text.SYSCFG_DL_DMA_CH0_init)
                  00006974    00000028     delay.o (.text.Tick_delay)
                  0000699c    00000028     libclang_rt.builtins.a : floatunsisf.S.obj (.text.__floatunsisf)
                  000069c4    00000028     libc.a : boot_cortex_m.c.obj (.text:_c_int00_noargs)
                  000069ec    00000026     main.o (.text.DL_DMA_enableChannel)
                  00006a12    00000026     ti_msp_dl_config.o (.text.DL_I2C_setAnalogGlitchFilterPulseWidth)
                  00006a38    00000026     driverlib.a : dl_i2c.o (.text.DL_I2C_setClockConfig)
                  00006a5e    00000002     --HOLE-- [fill = 0]
                  00006a60    00000024     libclang_rt.builtins.a : floatunsidf.S.obj (.text.__floatunsidf)
                  00006a84    00000024                            : muldi3.S.obj (.text.__muldi3)
                  00006aa8    00000022     libc.a : memccpy.c.obj (.text.memccpy)
                  00006aca    00000002     --HOLE-- [fill = 0]
                  00006acc    00000020     ti_msp_dl_config.o (.text.DL_GPIO_initPeripheralInputFunction)
                  00006aec    00000020     libc.a : memcmp.c.obj (.text.memcmp)
                  00006b0c    0000001e     ti_msp_dl_config.o (.text.DL_UART_setOversampling)
                  00006b2a    0000001e     motor.o (.text.Motor_Calc)
                  00006b48    0000001e     libclang_rt.builtins.a : ashldi3.S.obj (.text.__ashldi3)
                  00006b66    0000001e     delay.o (.text.delay_us)
                  00006b84    0000001c     ti_msp_dl_config.o (.text.DL_ADC12_enableDMA)
                  00006ba0    0000001c     ti_msp_dl_config.o (.text.DL_ADC12_enableDMATrigger)
                  00006bbc    0000001c     main.o (.text.DL_ADC12_startConversion)
                  00006bd8    0000001c     encoder.o (.text.DL_GPIO_clearInterruptStatus)
                  00006bf4    0000001c     ti_msp_dl_config.o (.text.DL_GPIO_clearInterruptStatus)
                  00006c10    0000001c     trace.o (.text.DL_GPIO_clearInterruptStatus)
                  00006c2c    0000001c     encoder.o (.text.DL_GPIO_disableInterrupt)
                  00006c48    0000001c     mspm0_i2c.o (.text.DL_GPIO_enableHiZ)
                  00006c64    0000001c     ti_msp_dl_config.o (.text.DL_GPIO_enableHiZ)
                  00006c80    0000001c     encoder.o (.text.DL_GPIO_enableInterrupt)
                  00006c9c    0000001c     ti_msp_dl_config.o (.text.DL_GPIO_enableInterrupt)
                  00006cb8    0000001c     ti_msp_dl_config.o (.text.DL_GPIO_initPeripheralOutputFunction)
                  00006cd4    0000001c     ti_msp_dl_config.o (.text.DL_GPIO_setLowerPinsPolarity)
                  00006cf0    0000001c     mpu6050.o (.text.DL_I2C_getSDAStatus)
                  00006d0c    0000001c     mspm0_i2c.o (.text.DL_I2C_isControllerRXFIFOEmpty)
                  00006d28    0000001c     ti_msp_dl_config.o (.text.DL_SYSCTL_setMCLKDivider)
                  00006d44    0000001c     ti_msp_dl_config.o (.text.DL_SYSCTL_setSYSOSCFreq)
                  00006d60    0000001c     ti_msp_dl_config.o (.text.DL_SYSCTL_setULPCLKDivider)
                  00006d7c    0000001c     driverlib.a : dl_timer.o (.text.DL_Timer_setCaptCompUpdateMethod)
                  00006d98    0000001c                 : dl_timer.o (.text.DL_Timer_setClockConfig)
                  00006db4    0000001c     ti_msp_dl_config.o (.text.DL_UART_enableInterrupt)
                  00006dd0    0000001c     inv_mpu_dmp_motion_driver.o (.text.dmp_load_motion_driver_firmware)
                  00006dec    00000018     ti_msp_dl_config.o (.text.DL_ADC12_enablePower)
                  00006e04    00000018     ti_msp_dl_config.o (.text.DL_ADC12_reset)
                  00006e1c    00000018     ti_msp_dl_config.o (.text.DL_ADC12_setSampleTime0)
                  00006e34    00000018     mspm0_i2c.o (.text.DL_GPIO_enableOutput)
                  00006e4c    00000018     ti_msp_dl_config.o (.text.DL_GPIO_enableOutput)
                  00006e64    00000018     ti_msp_dl_config.o (.text.DL_GPIO_enablePower)
                  00006e7c    00000018     mspm0_i2c.o (.text.DL_GPIO_initDigitalOutput)
                  00006e94    00000018     ti_msp_dl_config.o (.text.DL_GPIO_initDigitalOutput)
                  00006eac    00000018     ti_msp_dl_config.o (.text.DL_GPIO_reset)
                  00006ec4    00000018     led.o (.text.DL_GPIO_setPins)
                  00006edc    00000018     motor.o (.text.DL_GPIO_setPins)
                  00006ef4    00000018     mspm0_i2c.o (.text.DL_GPIO_setPins)
                  00006f0c    00000018     trace.o (.text.DL_GPIO_setPins)
                  00006f24    00000018     ti_msp_dl_config.o (.text.DL_GPIO_setUpperPinsPolarity)
                  00006f3c    00000018     mspm0_i2c.o (.text.DL_I2C_clearInterruptStatus)
                  00006f54    00000018     ti_msp_dl_config.o (.text.DL_I2C_enableAnalogGlitchFilter)
                  00006f6c    00000018     ti_msp_dl_config.o (.text.DL_I2C_enableController)
                  00006f84    00000018     ti_msp_dl_config.o (.text.DL_I2C_enableControllerClockStretching)
                  00006f9c    00000018     mspm0_i2c.o (.text.DL_I2C_enablePower)
                  00006fb4    00000018     ti_msp_dl_config.o (.text.DL_I2C_enablePower)
                  00006fcc    00000018     mspm0_i2c.o (.text.DL_I2C_getRawInterruptStatus)
                  00006fe4    00000018     mspm0_i2c.o (.text.DL_I2C_reset)
                  00006ffc    00000018     ti_msp_dl_config.o (.text.DL_I2C_reset)
                  00007014    00000018     ti_msp_dl_config.o (.text.DL_I2C_setTimerPeriod)
                  0000702c    00000018     ti_msp_dl_config.o (.text.DL_SYSCTL_setBORThreshold)
                  00007044    00000018     ti_msp_dl_config.o (.text.DL_Timer_enablePower)
                  0000705c    00000018     ti_msp_dl_config.o (.text.DL_Timer_reset)
                  00007074    00000018     driverlib.a : dl_timer.o (.text.DL_Timer_setCaptureCompareOutCtl)
                  0000708c    00000018     motor.o (.text.DL_Timer_startCounter)
                  000070a4    00000018     ti_msp_dl_config.o (.text.DL_UART_enablePower)
                  000070bc    00000018     uart.o (.text.DL_UART_isBusy)
                  000070d4    00000018     ti_msp_dl_config.o (.text.DL_UART_reset)
                  000070ec    00000018     libc.a : sprintf.c.obj (.text._outs)
                  00007104    00000016     ti_msp_dl_config.o (.text.DL_ADC12_enableConversions)
                  0000711a    00000016     encoder.o (.text.DL_GPIO_readPins)
                  00007130    00000016     mspm0_i2c.o (.text.DL_GPIO_readPins)
                  00007146    00000016     trace.o (.text.DL_GPIO_readPins)
                  0000715c    00000016     mspm0_i2c.o (.text.DL_I2C_transmitControllerData)
                  00007172    00000016     ti_msp_dl_config.o (.text.DL_UART_enable)
                  00007188    00000016     uart.o (.text.DL_UART_transmitData)
                  0000719e    00000014     led.o (.text.DL_GPIO_clearPins)
                  000071b2    00000014     motor.o (.text.DL_GPIO_clearPins)
                  000071c6    00000014     mspm0_i2c.o (.text.DL_GPIO_clearPins)
                  000071da    00000014     ti_msp_dl_config.o (.text.DL_GPIO_clearPins)
                  000071ee    00000002     --HOLE-- [fill = 0]
                  000071f0    00000014     mspm0_i2c.o (.text.DL_I2C_getControllerStatus)
                  00007204    00000014     mspm0_i2c.o (.text.DL_I2C_receiveControllerData)
                  00007218    00000014     ti_msp_dl_config.o (.text.DL_I2C_resetControllerTransfer)
                  0000722c    00000014     ti_msp_dl_config.o (.text.DL_SYSCTL_disableSYSPLL)
                  00007240    00000014     ti_msp_dl_config.o (.text.DL_Timer_enableClock)
                  00007254    00000014     ti_msp_dl_config.o (.text.DL_Timer_setCCPDirection)
                  00007268    00000014     delay.o (.text.SysTick_Handler)
                  0000727c    00000014     clock.o (.text.SysTick_Init)
                  00007290    00000014     libclang_rt.builtins.a : aeabi_uldivmod.S.obj (.text.__aeabi_uldivmod)
                  000072a4    00000014     inv_mpu_dmp_motion_driver.o (.text.dmp_register_android_orient_cb)
                  000072b8    00000014     inv_mpu_dmp_motion_driver.o (.text.dmp_register_tap_cb)
                  000072cc    00000014     libc.a : _printfi.c.obj (.text.strchr)
                  000072e0    00000012     trace.o (.text.DL_GPIO_getPendingInterrupt)
                  000072f2    00000012     driverlib.a : dl_uart.o (.text.DL_UART_setClockConfig)
                  00007304    00000012     libc.a : memcpy16.S.obj (.text:TI_memcpy_small)
                  00007316    00000012            : copy_decompress_none.c.obj (.text:decompress:none)
                  00007328    00000010     ti_msp_dl_config.o (.text.DL_SYSCTL_disableHFXT)
                  00007338    00000010     motor.o (.text.DL_Timer_getTimerCount)
                  00007348    00000010     driverlib.a : dl_timer.o (.text.DL_Timer_setCaptureCompareValue)
                  00007358    00000010     delay.o (.text.Tick_SysTickCallback)
                  00007368    00000010     libc.a : wcslen.c.obj (.text.wcslen)
                  00007378    00000010            : copy_zero_init.c.obj (.text:decompress:ZI)
                  00007388    0000000e     libclang_rt.builtins.a : aeabi_memset.S.obj (.text.__aeabi_memset)
                  00007396    0000000e     libc.a : _printfi.c.obj (.text.strlen)
                  000073a4    0000000e     mpu6050.o (.text.tap_cb)
                  000073b2    0000000e     libc.a : memset16.S.obj (.text:TI_memset_small)
                  000073c0    0000000c     ti_msp_dl_config.o (.text.SYSCFG_DL_SYSTICK_init)
                  000073cc    0000000c     libclang_rt.builtins.a : aeabi_memset.S.obj (.text.__aeabi_memclr)
                  000073d8    0000000a     driverlib.a : dl_common.o (.text.DL_Common_delayCycles)
                  000073e2    0000000a     led.o (.text.LED_init)
                  000073ec    0000000a     libc.a : _printfi.c.obj (.text.OUTLINED_FUNCTION_0)
                  000073f6    00000002     --HOLE-- [fill = 0]
                  000073f8    00000010     libclang_rt.builtins.a : adddf3.S.obj (.tramp.__aeabi_dsub.1)
                  00007408    0000000a     libc.a : e_asin.c.obj (.text.OUTLINED_FUNCTION_0)
                  00007412    00000002     --HOLE-- [fill = 0]
                  00007414    00000010     libclang_rt.builtins.a : muldf3.S.obj (.tramp.__aeabi_dmul.1)
                  00007424    0000000a     libc.a : s_atan.c.obj (.text.OUTLINED_FUNCTION_0)
                  0000742e    0000000a            : _printfi.c.obj (.text.OUTLINED_FUNCTION_1)
                  00007438    0000000a            : e_asin.c.obj (.text.OUTLINED_FUNCTION_1)
                  00007442    0000000a            : e_asin.c.obj (.text.OUTLINED_FUNCTION_3)
                  0000744c    00000010     libclang_rt.builtins.a : divdf3.S.obj (.tramp.__aeabi_ddiv.1)
                  0000745c    0000000a     libc.a : sprintf.c.obj (.text._outc)
                  00007466    0000000a     mpu6050.o (.text.android_orient_cb)
                  00007470    00000008     libc.a : s_atan.c.obj (.text.OUTLINED_FUNCTION_2)
                  00007478    00000008            : aeabi_portable.c.obj (.text.__aeabi_errno_addr)
                  00007480    00000008     libclang_rt.builtins.a : aeabi_memcpy.S.obj (.text.__aeabi_memcpy)
                  00007488    00000006     libc.a : s_atan.c.obj (.text.OUTLINED_FUNCTION_1)
                  0000748e    00000002     --HOLE-- [fill = 0]
                  00007490    00000010     libclang_rt.builtins.a : adddf3.S.obj (.tramp.__aeabi_dadd.1)
                  000074a0    00000006     libc.a : e_asin.c.obj (.text.OUTLINED_FUNCTION_2)
                  000074a6    00000006            : exit.c.obj (.text:abort)
                  000074ac    00000004     startup_mspm0g350x_ticlang.o (.text.Default_Handler)
                  000074b0    00000004     libsysbm.a : hostexit.c.obj (.text.HOSTexit)
                  000074b4    00000004     libc.a : e_asin.c.obj (.text.OUTLINED_FUNCTION_4)
                  000074b8    00000004     startup_mspm0g350x_ticlang.o (.text.Reset_Handler)
                  000074bc    00000010     libc.a : boot_cortex_m.c.obj (.tramp._c_int00_noargs.1)
                  000074cc    00000004            : pre_init.c.obj (.text._system_pre_init)

.cinit     0    00008300    00000048     
                  00008300    0000001d     (.cinit..data.load) [load image, compression = lzss]
                  0000831d    00000003     --HOLE-- [fill = 0]
                  00008320    0000000c     (__TI_handler_table)
                  0000832c    00000008     (.cinit..bss.load) [load image, compression = zero_init]
                  00008334    00000010     (__TI_cinit_table)
                  00008344    00000004     --HOLE-- [fill = 0]

.rodata    0    000074d0    00000e30     
                  000074d0    00000bf6     inv_mpu_dmp_motion_driver.o (.rodata.dmp_memory)
                  000080c6    0000000a     ti_msp_dl_config.o (.rodata.gUART_0Config)
                  000080d0    00000101     libc.a : aeabi_ctype.S.obj (.rodata:__aeabi_ctype_table_)
                  000081d1    00000003     ti_msp_dl_config.o (.rodata.gPWM_MOTORClockConfig)
                  000081d4    00000004     led.o (.rodata.LED_PINS)
                  000081d8    00000040     libc.a : s_atan.c.obj (.rodata.cst32)
                  00008218    00000028     inv_mpu.o (.rodata.test)
                  00008240    0000001e     inv_mpu.o (.rodata.reg)
                  0000825e    00000002     ti_msp_dl_config.o (.rodata.gI2C_MPU6050ClockConfig)
                  00008260    00000018     ti_msp_dl_config.o (.rodata.gDMA_CH0Config)
                  00008278    00000014     ti_msp_dl_config.o (.rodata.gTIMER_EncoderTimerConfig)
                  0000828c    00000012     main.o (.rodata.str1.15159059442110792349.1)
                  0000829e    00000011     libc.a : _printfi.c.obj (.rodata.str1.10348868589481759720.1)
                  000082af    00000011            : _printfi.c.obj (.rodata.str1.15363888844622738466.1)
                  000082c0    0000000c     inv_mpu.o (.rodata.hw)
                  000082cc    0000000c     main.o (.rodata.str1.8154729771448623357.1)
                  000082d8    0000000a     ti_msp_dl_config.o (.rodata.gUART_1Config)
                  000082e2    00000002     ti_msp_dl_config.o (.rodata.gI2C_OLEDClockConfig)
                  000082e4    00000008     ti_msp_dl_config.o (.rodata.gADC_VOLTAGEClockConfig)
                  000082ec    00000008     ti_msp_dl_config.o (.rodata.gPWM_MOTORConfig)
                  000082f4    00000003     ti_msp_dl_config.o (.rodata.gTIMER_EncoderClockConfig)
                  000082f7    00000002     ti_msp_dl_config.o (.rodata.gUART_0ClockConfig)
                  000082f9    00000002     ti_msp_dl_config.o (.rodata.gUART_1ClockConfig)
                  000082fb    00000005     --HOLE-- [fill = 0]

.init_array 
*          0    00000000    00000000     UNINITIALIZED

.binit     0    00000000    00000000     

.bss       0    20200000    000004cb     UNINITIALIZED
                  20200000    000000bc     (.common:gPWM_MOTORBackup)
                  202000bc    000000bc     (.common:gTIMER_EncoderBackup)
                  20200178    000000b0     (.common:sensor)
                  20200228    000000ac     (.common:motor_l)
                  202002d4    000000ac     (.common:motor_r)
                  20200380    00000050     (.common:ADC_VALUE)
                  202003d0    00000048     (.common:tracking_pid)
                  20200418    00000030     (.common:gUART_0Backup)
                  20200448    00000024     (.common:encL)
                  2020046c    00000024     (.common:encR)
                  20200490    00000010     (.common:quat)
                  202004a0    00000006     (.common:accel)
                  202004a6    00000006     (.common:gyro)
                  202004ac    00000004     (.common:long_pressed_key_time)
                  202004b0    00000004     (.common:pitch)
                  202004b4    00000004     (.common:roll)
                  202004b8    00000004     (.common:sensor_timestamp)
                  202004bc    00000004     (.common:state)
                  202004c0    00000004     (.common:tick_ms)
                  202004c4    00000004     (.common:yaw)
                  202004c8    00000002     (.common:sensors)
                  202004ca    00000001     (.common:more)

.data      0    202004cc    00000089     UNINITIALIZED
                  202004cc    0000002c     inv_mpu.o (.data.st)
                  202004f8    00000010     trace.o (.data.black)
                  20200508    00000010     inv_mpu_dmp_motion_driver.o (.data.dmp)
                  20200518    00000010     trace.o (.data.white)
                  20200528    0000000e     mpu6050.o (.data.hal)
                  20200536    00000009     mpu6050.o (.data.gyro_orientation)
                  2020053f    00000001     interrupt.o (.data.enable_group1_irq)
                  20200540    00000004     delay.o (.data.Tick)
                  20200544    00000004     libc.a : aeabi_portable.c.obj (.data.__aeabi_errno)
                  20200548    00000004     main.o (.data.current_yaw)
                  2020054c    00000004     key.o (.data.last_key_time)
                  20200550    00000004     main.o (.data.main.last_gyro_tick)
                  20200554    00000001     key.o (.data.key_pressed)

.stack     0    20207e00    00000200     UNINITIALIZED
                  20207e00    00000004     libc.a : boot_cortex_m.c.obj (.stack)
                  20207e04    000001fc     --HOLE--

__llvm_prf_cnts 
*          0    20200000    00000000     UNINITIALIZED

__llvm_prf_bits 
*          0    20200000    00000000     UNINITIALIZED

MODULE SUMMARY

       Module                           code    ro data   rw data
       ------                           ----    -------   -------
    .\
       ti_msp_dl_config.o               3348    94        424    
       main.o                           438     30        8      
       startup_mspm0g350x_ticlang.o     8       192       0      
    +--+--------------------------------+-------+---------+---------+
       Total:                           3794    316       432    
                                                                 
    .\Driver\
       No_Mcu_Ganv_Grayscale_Sensor.o   506     0         0      
       encoder.o                        386     0         72     
       led.o                            182     4         0      
       uart.o                           150     0         0      
       delay.o                          106     0         4      
       flash.o                          104     0         0      
       adc.o                            0       0         80     
       key.o                            0       0         13     
    +--+--------------------------------+-------+---------+---------+
       Total:                           1434    4         169    
                                                                 
    .\Drivers\MPU6050\
       inv_mpu_dmp_motion_driver.o      3110    3062      16     
       inv_mpu.o                        4600    82        44     
       mspm0_i2c.o                      1368    0         0      
       mpu6050.o                        1144    0         70     
    +--+--------------------------------+-------+---------+---------+
       Total:                           10222   3144      130    
                                                                 
    .\Drivers\MSPM0\
       clock.o                          336     0         4      
       interrupt.o                      0       0         1      
    +--+--------------------------------+-------+---------+---------+
       Total:                           336     0         5      
                                                                 
    .\Motor\
       motor.o                          822     0         0      
    +--+--------------------------------+-------+---------+---------+
       Total:                           822     0         0      
                                                                 
    .\User\PID\
       pid.o                            584     0         0      
    +--+--------------------------------+-------+---------+---------+
       Total:                           584     0         0      
                                                                 
    .\User\trace\
       trace.o                          552     0         624    
    +--+--------------------------------+-------+---------+---------+
       Total:                           552     0         624    
                                                                 
    D:/ti/mspm0_sdk_2_10_00_04/source/ti/driverlib/lib/ticlang/m0p/mspm0g1x0x_g3x0x/driverlib.a
       dl_timer.o                       608     0         0      
       dl_i2c.o                         192     0         0      
       dl_uart.o                        90      0         0      
       dl_dma.o                         76      0         0      
       dl_adc12.o                       64      0         0      
       dl_common.o                      10      0         0      
    +--+--------------------------------+-------+---------+---------+
       Total:                           1040    0         0      
                                                                 
    D:\ti\ccs2051\ccs\tools\compiler\ti-cgt-armllvm_4.0.4.LTS\lib\armv6m-ti-none-eabi/c/libc.a
       _printfi.c.obj                   4510    34        0      
       e_asin.c.obj                     908     0         0      
       s_atan.c.obj                     784     64        0      
       e_atan2.c.obj                    392     0         0      
       e_sqrt.c.obj                     368     0         0      
       aeabi_ctype.S.obj                0       257       0      
       s_scalbn.c.obj                   216     0         0      
       copy_decompress_lzss.c.obj       124     0         0      
       s_frexp.c.obj                    92      0         0      
       sprintf.c.obj                    90      0         0      
       _ltoa.c.obj                      88      0         0      
       atoi.c.obj                       64      0         0      
       autoinit.c.obj                   60      0         0      
       boot_cortex_m.c.obj              56      0         0      
       memccpy.c.obj                    34      0         0      
       memcmp.c.obj                     32      0         0      
       copy_decompress_none.c.obj       18      0         0      
       memcpy16.S.obj                   18      0         0      
       copy_zero_init.c.obj             16      0         0      
       wcslen.c.obj                     16      0         0      
       memset16.S.obj                   14      0         0      
       aeabi_portable.c.obj             8       0         4      
       exit.c.obj                       6       0         0      
       pre_init.c.obj                   4       0         0      
    +--+--------------------------------+-------+---------+---------+
       Total:                           7918    355       4      
                                                                 
    D:\ti\ccs2051\ccs\tools\compiler\ti-cgt-armllvm_4.0.4.LTS\lib\armv6m-ti-none-eabi/c/libsysbm.a
       hostexit.c.obj                   4       0         0      
    +--+--------------------------------+-------+---------+---------+
       Total:                           4       0         0      
                                                                 
    D:\ti\ccs2051\ccs\tools\compiler\ti-cgt-armllvm_4.0.4.LTS\lib\armv6m-ti-none-eabi/libclang_rt.builtins.a
       adddf3.S.obj                     434     0         0      
       divdf3.S.obj                     284     0         0      
       muldf3.S.obj                     244     0         0      
       comparedf2.c.obj                 220     0         0      
       addsf3.S.obj                     216     0         0      
       udivmoddi4.S.obj                 162     0         0      
       mulsf3.S.obj                     140     0         0      
       divsf3.S.obj                     130     0         0      
       comparesf2.S.obj                 118     0         0      
       truncdfsf2.S.obj                 116     0         0      
       aeabi_dcmp.S.obj                 98      0         0      
       aeabi_fcmp.S.obj                 98      0         0      
       aeabi_idivmod.S.obj              86      0         0      
       fixdfsi.S.obj                    74      0         0      
       aeabi_uidivmod.S.obj             64      0         0      
       extendsfdf2.S.obj                64      0         0      
       floatsisf.S.obj                  60      0         0      
       muldsi3.S.obj                    58      0         0      
       fixsfsi.S.obj                    56      0         0      
       floatsidf.S.obj                  44      0         0      
       floatunsisf.S.obj                40      0         0      
       floatunsidf.S.obj                36      0         0      
       muldi3.S.obj                     36      0         0      
       ashldi3.S.obj                    30      0         0      
       aeabi_memset.S.obj               26      0         0      
       aeabi_uldivmod.S.obj             20      0         0      
       aeabi_memcpy.S.obj               8       0         0      
       aeabi_div0.c.obj                 4       0         0      
    +--+--------------------------------+-------+---------+---------+
       Total:                           2966    0         0      
                                                                 
       Stack:                           0       0         512    
       Linker Generated:                0       65        0      
    +--+--------------------------------+-------+---------+---------+
       Grand Total:                     29672   3884      1876   


LINKER GENERATED COPY TABLES

__TI_cinit_table @ 00008334 records: 2, size/record: 8, table size: 16
	.data: load addr=00008300, load size=0000001d bytes, run addr=202004cc, run size=00000089 bytes, compression=lzss
	.bss: load addr=0000832c, load size=00000008 bytes, run addr=20200000, run size=000004cb bytes, compression=zero_init


LINKER GENERATED HANDLER TABLE

__TI_handler_table @ 00008320 records: 3, size/record: 4, table size: 12
	index: 0, handler: __TI_decompress_lzss
	index: 1, handler: __TI_decompress_none
	index: 2, handler: __TI_zero_init


FAR CALL TRAMPOLINES

callee name               trampoline name
   callee addr  tramp addr   call addr  call info
--------------  -----------  ---------  ----------------
__aeabi_dsub              $Tramp$TT$L$PI$$__aeabi_dsub
   00002501     000073f8     000073f4   libc.a : _printfi.c.obj (.text.OUTLINED_FUNCTION_0)
__aeabi_dmul              $Tramp$TT$L$PI$$__aeabi_dmul
   00003cdd     00007414     00007410   libc.a : e_asin.c.obj (.text.OUTLINED_FUNCTION_0)
                             0000742c          : s_atan.c.obj (.text.OUTLINED_FUNCTION_0)
                             00007440          : e_asin.c.obj (.text.OUTLINED_FUNCTION_1)
                             00007476          : s_atan.c.obj (.text.OUTLINED_FUNCTION_2)
                             000074a4          : e_asin.c.obj (.text.OUTLINED_FUNCTION_2)
__aeabi_ddiv              $Tramp$TT$L$PI$$__aeabi_ddiv
   000034dd     0000744c     0000744a   libc.a : e_asin.c.obj (.text.OUTLINED_FUNCTION_3)
__aeabi_dadd              $Tramp$TT$L$PI$$__aeabi_dadd
   0000250b     00007490     0000748c   libc.a : s_atan.c.obj (.text.OUTLINED_FUNCTION_1)
                             000074b6          : e_asin.c.obj (.text.OUTLINED_FUNCTION_4)
_c_int00_noargs           $Tramp$TT$L$PI$$_c_int00_noargs
   000069c5     000074bc     000074b8   startup_mspm0g350x_ticlang.o (.text.Reset_Handler)

[5 trampolines]
[10 trampoline calls]


GLOBAL SYMBOLS: SORTED ALPHABETICALLY BY Name 

address   name                            
-------   ----                            
000074ad  ADC0_IRQHandler                 
000074ad  ADC1_IRQHandler                 
20200380  ADC_VALUE                       
000074ad  AES_IRQHandler                  
000074b0  C$$EXIT                         
000074ad  CANFD0_IRQHandler               
000074ad  DAC0_IRQHandler                 
000060f1  DL_ADC12_setClockConfig         
000073d9  DL_Common_delayCycles           
00005cf5  DL_DMA_initChannel              
0000579d  DL_I2C_fillControllerTXFIFO     
00006271  DL_I2C_flushControllerTXFIFO    
00006a39  DL_I2C_setClockConfig           
000037f9  DL_Timer_initFourCCPWMMode      
000039fd  DL_Timer_initTimerMode          
00006d7d  DL_Timer_setCaptCompUpdateMethod
00007075  DL_Timer_setCaptureCompareOutCtl
00007349  DL_Timer_setCaptureCompareValue 
00006d99  DL_Timer_setClockConfig         
00005ebd  DL_UART_init                    
000072f3  DL_UART_setClockConfig          
000074ad  DMA_IRQHandler                  
000074ad  Default_Handler                 
00004e65  Encoder_HandleGPIOA             
00006755  Encoder_HandleGPIOB             
00005551  Encoder_Init                    
000074ad  GROUP0_IRQHandler               
000042c5  GROUP1_IRQHandler               
000074b1  HOSTexit                        
000074ad  HardFault_Handler               
000074ad  I2C0_IRQHandler                 
000074ad  I2C1_IRQHandler                 
000073e3  LED_init                        
00005079  LED_setAll                      
00002c8d  MPU6050_Init                    
00004c2d  Motor_Init                      
000074ad  NMI_Handler                     
00002695  No_MCU_Ganv_Sensor_Init         
000052d9  No_MCU_Ganv_Sensor_Init_Frist   
000021ad  PID_Calc                        
00005c05  PID_Init                        
000074ad  PendSV_Handler                  
000074ad  RTC_IRQHandler                  
0000159d  Read_Quad                       
000074b9  Reset_Handler                   
000074ad  SPI0_IRQHandler                 
000074ad  SPI1_IRQHandler                 
000074ad  SVC_Handler                     
0000534d  SYSCFG_DL_ADC_VOLTAGE_init      
0000694d  SYSCFG_DL_DMA_CH0_init          
000051e9  SYSCFG_DL_DMA_init              
00001fe5  SYSCFG_DL_GPIO_init             
000058b5  SYSCFG_DL_I2C_MPU6050_init      
0000590d  SYSCFG_DL_I2C_OLED_init         
00004cbd  SYSCFG_DL_PWM_MOTOR_init        
000065d1  SYSCFG_DL_SYSCTL_init           
000073c1  SYSCFG_DL_SYSTICK_init          
00006781  SYSCFG_DL_TIMER_Encoder_init    
00005f05  SYSCFG_DL_UART_0_init           
00006131  SYSCFG_DL_UART_1_init           
00005a6d  SYSCFG_DL_init                  
00004685  SYSCFG_DL_initPower             
00007269  SysTick_Handler                 
0000727d  SysTick_Init                    
000074ad  TIMA0_IRQHandler                
000074ad  TIMA1_IRQHandler                
000074ad  TIMG0_IRQHandler                
000074ad  TIMG12_IRQHandler               
000074ad  TIMG6_IRQHandler                
000074ad  TIMG7_IRQHandler                
000074ad  TIMG8_IRQHandler                
00007305  TI_memcpy_small                 
000073b3  TI_memset_small                 
20200540  Tick                            
00007359  Tick_SysTickCallback            
00006975  Tick_delay                      
000035e9  Trace_init                      
000074ad  UART0_IRQHandler                
000074ad  UART1_IRQHandler                
000074ad  UART2_IRQHandler                
000074ad  UART3_IRQHandler                
20208000  __STACK_END                     
00000200  __STACK_SIZE                    
00000000  __TI_ATRegion0_region_sz        
00000000  __TI_ATRegion0_src_addr         
00000000  __TI_ATRegion0_trg_addr         
00000000  __TI_ATRegion1_region_sz        
00000000  __TI_ATRegion1_src_addr         
00000000  __TI_ATRegion1_trg_addr         
00000000  __TI_ATRegion2_region_sz        
00000000  __TI_ATRegion2_src_addr         
00000000  __TI_ATRegion2_trg_addr         
00008334  __TI_CINIT_Base                 
00008344  __TI_CINIT_Limit                
00008344  __TI_CINIT_Warm                 
00008320  __TI_Handler_Table_Base         
0000832c  __TI_Handler_Table_Limit        
000063d9  __TI_auto_init_nobinit_nopinit  
000050f9  __TI_decompress_lzss            
00007317  __TI_decompress_none            
00005965  __TI_ltoa                       
ffffffff  __TI_pprof_out_hndl             
000000c1  __TI_printfi                    
ffffffff  __TI_prof_data_size             
ffffffff  __TI_prof_data_start            
00000000  __TI_static_base__              
00007379  __TI_zero_init                  
0000250b  __adddf3                        
00003f87  __addsf3                        
000080d0  __aeabi_ctype_table_            
000080d0  __aeabi_ctype_table_C           
000051f1  __aeabi_d2f                     
00005e71  __aeabi_d2iz                    
0000250b  __aeabi_dadd                    
000055b5  __aeabi_dcmpeq                  
000055f1  __aeabi_dcmpge                  
00005605  __aeabi_dcmpgt                  
000055dd  __aeabi_dcmple                  
000055c9  __aeabi_dcmplt                  
000034dd  __aeabi_ddiv                    
00003cdd  __aeabi_dmul                    
00002501  __aeabi_dsub                    
20200544  __aeabi_errno                   
00007479  __aeabi_errno_addr              
000061b1  __aeabi_f2d                     
000064c5  __aeabi_f2iz                    
00003f87  __aeabi_fadd                    
00005619  __aeabi_fcmpeq                  
00005655  __aeabi_fcmpge                  
00005669  __aeabi_fcmpgt                  
00005641  __aeabi_fcmple                  
0000562d  __aeabi_fcmplt                  
00004ff5  __aeabi_fdiv                    
00004d4d  __aeabi_fmul                    
00003f7d  __aeabi_fsub                    
000067d9  __aeabi_i2d                     
000062e9  __aeabi_i2f                     
00005a15  __aeabi_idiv                    
00002693  __aeabi_idiv0                   
00005a15  __aeabi_idivmod                 
0000492f  __aeabi_ldiv0                   
00006b49  __aeabi_llsl                    
00006a85  __aeabi_lmul                    
000073cd  __aeabi_memclr                  
000073cd  __aeabi_memclr4                 
000073cd  __aeabi_memclr8                 
00007481  __aeabi_memcpy                  
00007481  __aeabi_memcpy4                 
00007481  __aeabi_memcpy8                 
00007389  __aeabi_memset                  
00007389  __aeabi_memset4                 
00007389  __aeabi_memset8                 
00006a61  __aeabi_ui2d                    
0000699d  __aeabi_ui2f                    
00006171  __aeabi_uidiv                   
00006171  __aeabi_uidivmod                
00007291  __aeabi_uldivmod                
00006b49  __ashldi3                       
ffffffff  __binit__                       
000053b9  __cmpdf2                        
00006415  __cmpsf2                        
000034dd  __divdf3                        
00004ff5  __divsf3                        
000053b9  __eqdf2                         
00006415  __eqsf2                         
000061b1  __extendsfdf2                   
00005e71  __fixdfsi                       
000064c5  __fixsfsi                       
000067d9  __floatsidf                     
000062e9  __floatsisf                     
00006a61  __floatunsidf                   
0000699d  __floatunsisf                   
00005175  __gedf2                         
00006325  __gesf2                         
00005175  __gtdf2                         
00006325  __gtsf2                         
000053b9  __ledf2                         
00006415  __lesf2                         
000053b9  __ltdf2                         
00006415  __ltsf2                         
UNDEFED   __mpu_init                      
00003cdd  __muldf3                        
00006a85  __muldi3                        
00006451  __muldsi3                       
00004d4d  __mulsf3                        
000053b9  __nedf2                         
00006415  __nesf2                         
20207e00  __stack                         
20200000  __start___llvm_prf_bits         
20200000  __start___llvm_prf_cnts         
20200000  __stop___llvm_prf_bits          
20200000  __stop___llvm_prf_cnts          
00002501  __subdf3                        
00003f7d  __subsf3                        
000051f1  __truncdfsf2                    
0000488d  __udivmoddi4                    
000069c5  _c_int00_noargs                 
UNDEFED   _system_post_cinit              
000074cd  _system_pre_init                
000074a7  abort                           
202004a0  accel                           
00000a91  asin                            
00000a91  asinl                           
00000df5  atan                            
0000281d  atan2                           
0000281d  atan2l                          
00000df5  atanl                           
000061f1  atoi                            
ffffffff  binit                           
202004f8  black                           
20200548  current_yaw                     
00006b67  delay_us                        
00005f4d  dmp_enable_6x_lp_quat           
000010ed  dmp_enable_feature              
0000567d  dmp_enable_gyro_cal             
00005f95  dmp_enable_lp_quat              
00006dd1  dmp_load_motion_driver_firmware 
00001c15  dmp_read_fifo                   
000072a5  dmp_register_android_orient_cb  
000072b9  dmp_register_tap_cb             
00004a6d  dmp_set_fifo_rate               
000029a5  dmp_set_orientation             
00006069  dmp_set_shake_reject_thresh     
00006603  dmp_set_shake_reject_time       
00006635  dmp_set_shake_reject_timeout    
00005487  dmp_set_tap_axes                
000060ad  dmp_set_tap_count               
00001365  dmp_set_tap_thresh              
000066c9  dmp_set_tap_time                
000066f9  dmp_set_tap_time_multi          
2020053f  enable_group1_irq               
20200448  encL                            
2020046c  encR                            
000057fd  frexp                           
000057fd  frexpl                          
20200000  gPWM_MOTORBackup                
202000bc  gTIMER_EncoderBackup            
20200418  gUART_0Backup                   
202004a6  gyro                            
000082c0  hw                              
00000000  interruptVectors                
20200554  key_pressed                     
2020054c  last_key_time                   
00003ea5  ldexp                           
00003ea5  ldexpl                          
202004ac  long_pressed_key_time           
00003af9  main                            
00006aa9  memccpy                         
00006aed  memcmp                          
202004ca  more                            
20200228  motor_l                         
202002d4  motor_r                         
000056dd  mpu6050_i2c_sda_unlock          
00004511  mpu_configure_fifo              
00005265  mpu_get_accel_fsr               
0000573d  mpu_get_gyro_fsr                
00006535  mpu_get_sample_rate             
00003171  mpu_init                        
00003299  mpu_load_firmware               
000038fd  mpu_lp_accel_mode               
000036f1  mpu_read_fifo_stream            
00004735  mpu_read_mem                    
000017c9  mpu_reset_fifo                  
00003dc1  mpu_set_accel_fsr               
00002361  mpu_set_bypass                  
000045cd  mpu_set_dmp_state               
00004389  mpu_set_gyro_fsr                
000049d1  mpu_set_int_latched             
00004129  mpu_set_lpf                     
00003bf1  mpu_set_sample_rate             
00003041  mpu_set_sensors                 
000047e1  mpu_write_mem                   
00006361  mspm0_delay_ms                  
00006805  mspm0_get_clock_ms              
00002f0d  mspm0_i2c_read                  
0000444d  mspm0_i2c_write                 
202004b0  pitch                           
20200490  quat                            
00006569  readBlackFromFlash              
0000659d  readWhiteFromFlash              
00008240  reg                             
202004b4  roll                            
00003ea5  scalbn                          
00003ea5  scalbnl                         
20200178  sensor                          
202004b8  sensor_timestamp                
202004c8  sensors                         
000064fd  sprintf                         
00002b1d  sqrt                            
00002b1d  sqrtl                           
202004bc  state                           
00008218  test                            
202004c0  tick_ms                         
202003d0  tracking_pid                    
00006831  uart0_send_char                 
0000639d  uart0_send_string               
00007369  wcslen                          
20200518  white                           
202004c4  yaw                             


GLOBAL SYMBOLS: SORTED BY Symbol Address 

address   name                            
-------   ----                            
00000000  __TI_ATRegion0_region_sz        
00000000  __TI_ATRegion0_src_addr         
00000000  __TI_ATRegion0_trg_addr         
00000000  __TI_ATRegion1_region_sz        
00000000  __TI_ATRegion1_src_addr         
00000000  __TI_ATRegion1_trg_addr         
00000000  __TI_ATRegion2_region_sz        
00000000  __TI_ATRegion2_src_addr         
00000000  __TI_ATRegion2_trg_addr         
00000000  __TI_static_base__              
00000000  interruptVectors                
000000c1  __TI_printfi                    
00000200  __STACK_SIZE                    
00000a91  asin                            
00000a91  asinl                           
00000df5  atan                            
00000df5  atanl                           
000010ed  dmp_enable_feature              
00001365  dmp_set_tap_thresh              
0000159d  Read_Quad                       
000017c9  mpu_reset_fifo                  
00001c15  dmp_read_fifo                   
00001fe5  SYSCFG_DL_GPIO_init             
000021ad  PID_Calc                        
00002361  mpu_set_bypass                  
00002501  __aeabi_dsub                    
00002501  __subdf3                        
0000250b  __adddf3                        
0000250b  __aeabi_dadd                    
00002693  __aeabi_idiv0                   
00002695  No_MCU_Ganv_Sensor_Init         
0000281d  atan2                           
0000281d  atan2l                          
000029a5  dmp_set_orientation             
00002b1d  sqrt                            
00002b1d  sqrtl                           
00002c8d  MPU6050_Init                    
00002f0d  mspm0_i2c_read                  
00003041  mpu_set_sensors                 
00003171  mpu_init                        
00003299  mpu_load_firmware               
000034dd  __aeabi_ddiv                    
000034dd  __divdf3                        
000035e9  Trace_init                      
000036f1  mpu_read_fifo_stream            
000037f9  DL_Timer_initFourCCPWMMode      
000038fd  mpu_lp_accel_mode               
000039fd  DL_Timer_initTimerMode          
00003af9  main                            
00003bf1  mpu_set_sample_rate             
00003cdd  __aeabi_dmul                    
00003cdd  __muldf3                        
00003dc1  mpu_set_accel_fsr               
00003ea5  ldexp                           
00003ea5  ldexpl                          
00003ea5  scalbn                          
00003ea5  scalbnl                         
00003f7d  __aeabi_fsub                    
00003f7d  __subsf3                        
00003f87  __addsf3                        
00003f87  __aeabi_fadd                    
00004129  mpu_set_lpf                     
000042c5  GROUP1_IRQHandler               
00004389  mpu_set_gyro_fsr                
0000444d  mspm0_i2c_write                 
00004511  mpu_configure_fifo              
000045cd  mpu_set_dmp_state               
00004685  SYSCFG_DL_initPower             
00004735  mpu_read_mem                    
000047e1  mpu_write_mem                   
0000488d  __udivmoddi4                    
0000492f  __aeabi_ldiv0                   
000049d1  mpu_set_int_latched             
00004a6d  dmp_set_fifo_rate               
00004c2d  Motor_Init                      
00004cbd  SYSCFG_DL_PWM_MOTOR_init        
00004d4d  __aeabi_fmul                    
00004d4d  __mulsf3                        
00004e65  Encoder_HandleGPIOA             
00004ff5  __aeabi_fdiv                    
00004ff5  __divsf3                        
00005079  LED_setAll                      
000050f9  __TI_decompress_lzss            
00005175  __gedf2                         
00005175  __gtdf2                         
000051e9  SYSCFG_DL_DMA_init              
000051f1  __aeabi_d2f                     
000051f1  __truncdfsf2                    
00005265  mpu_get_accel_fsr               
000052d9  No_MCU_Ganv_Sensor_Init_Frist   
0000534d  SYSCFG_DL_ADC_VOLTAGE_init      
000053b9  __cmpdf2                        
000053b9  __eqdf2                         
000053b9  __ledf2                         
000053b9  __ltdf2                         
000053b9  __nedf2                         
00005487  dmp_set_tap_axes                
00005551  Encoder_Init                    
000055b5  __aeabi_dcmpeq                  
000055c9  __aeabi_dcmplt                  
000055dd  __aeabi_dcmple                  
000055f1  __aeabi_dcmpge                  
00005605  __aeabi_dcmpgt                  
00005619  __aeabi_fcmpeq                  
0000562d  __aeabi_fcmplt                  
00005641  __aeabi_fcmple                  
00005655  __aeabi_fcmpge                  
00005669  __aeabi_fcmpgt                  
0000567d  dmp_enable_gyro_cal             
000056dd  mpu6050_i2c_sda_unlock          
0000573d  mpu_get_gyro_fsr                
0000579d  DL_I2C_fillControllerTXFIFO     
000057fd  frexp                           
000057fd  frexpl                          
000058b5  SYSCFG_DL_I2C_MPU6050_init      
0000590d  SYSCFG_DL_I2C_OLED_init         
00005965  __TI_ltoa                       
00005a15  __aeabi_idiv                    
00005a15  __aeabi_idivmod                 
00005a6d  SYSCFG_DL_init                  
00005c05  PID_Init                        
00005cf5  DL_DMA_initChannel              
00005e71  __aeabi_d2iz                    
00005e71  __fixdfsi                       
00005ebd  DL_UART_init                    
00005f05  SYSCFG_DL_UART_0_init           
00005f4d  dmp_enable_6x_lp_quat           
00005f95  dmp_enable_lp_quat              
00006069  dmp_set_shake_reject_thresh     
000060ad  dmp_set_tap_count               
000060f1  DL_ADC12_setClockConfig         
00006131  SYSCFG_DL_UART_1_init           
00006171  __aeabi_uidiv                   
00006171  __aeabi_uidivmod                
000061b1  __aeabi_f2d                     
000061b1  __extendsfdf2                   
000061f1  atoi                            
00006271  DL_I2C_flushControllerTXFIFO    
000062e9  __aeabi_i2f                     
000062e9  __floatsisf                     
00006325  __gesf2                         
00006325  __gtsf2                         
00006361  mspm0_delay_ms                  
0000639d  uart0_send_string               
000063d9  __TI_auto_init_nobinit_nopinit  
00006415  __cmpsf2                        
00006415  __eqsf2                         
00006415  __lesf2                         
00006415  __ltsf2                         
00006415  __nesf2                         
00006451  __muldsi3                       
000064c5  __aeabi_f2iz                    
000064c5  __fixsfsi                       
000064fd  sprintf                         
00006535  mpu_get_sample_rate             
00006569  readBlackFromFlash              
0000659d  readWhiteFromFlash              
000065d1  SYSCFG_DL_SYSCTL_init           
00006603  dmp_set_shake_reject_time       
00006635  dmp_set_shake_reject_timeout    
000066c9  dmp_set_tap_time                
000066f9  dmp_set_tap_time_multi          
00006755  Encoder_HandleGPIOB             
00006781  SYSCFG_DL_TIMER_Encoder_init    
000067d9  __aeabi_i2d                     
000067d9  __floatsidf                     
00006805  mspm0_get_clock_ms              
00006831  uart0_send_char                 
0000694d  SYSCFG_DL_DMA_CH0_init          
00006975  Tick_delay                      
0000699d  __aeabi_ui2f                    
0000699d  __floatunsisf                   
000069c5  _c_int00_noargs                 
00006a39  DL_I2C_setClockConfig           
00006a61  __aeabi_ui2d                    
00006a61  __floatunsidf                   
00006a85  __aeabi_lmul                    
00006a85  __muldi3                        
00006aa9  memccpy                         
00006aed  memcmp                          
00006b49  __aeabi_llsl                    
00006b49  __ashldi3                       
00006b67  delay_us                        
00006d7d  DL_Timer_setCaptCompUpdateMethod
00006d99  DL_Timer_setClockConfig         
00006dd1  dmp_load_motion_driver_firmware 
00007075  DL_Timer_setCaptureCompareOutCtl
00007269  SysTick_Handler                 
0000727d  SysTick_Init                    
00007291  __aeabi_uldivmod                
000072a5  dmp_register_android_orient_cb  
000072b9  dmp_register_tap_cb             
000072f3  DL_UART_setClockConfig          
00007305  TI_memcpy_small                 
00007317  __TI_decompress_none            
00007349  DL_Timer_setCaptureCompareValue 
00007359  Tick_SysTickCallback            
00007369  wcslen                          
00007379  __TI_zero_init                  
00007389  __aeabi_memset                  
00007389  __aeabi_memset4                 
00007389  __aeabi_memset8                 
000073b3  TI_memset_small                 
000073c1  SYSCFG_DL_SYSTICK_init          
000073cd  __aeabi_memclr                  
000073cd  __aeabi_memclr4                 
000073cd  __aeabi_memclr8                 
000073d9  DL_Common_delayCycles           
000073e3  LED_init                        
00007479  __aeabi_errno_addr              
00007481  __aeabi_memcpy                  
00007481  __aeabi_memcpy4                 
00007481  __aeabi_memcpy8                 
000074a7  abort                           
000074ad  ADC0_IRQHandler                 
000074ad  ADC1_IRQHandler                 
000074ad  AES_IRQHandler                  
000074ad  CANFD0_IRQHandler               
000074ad  DAC0_IRQHandler                 
000074ad  DMA_IRQHandler                  
000074ad  Default_Handler                 
000074ad  GROUP0_IRQHandler               
000074ad  HardFault_Handler               
000074ad  I2C0_IRQHandler                 
000074ad  I2C1_IRQHandler                 
000074ad  NMI_Handler                     
000074ad  PendSV_Handler                  
000074ad  RTC_IRQHandler                  
000074ad  SPI0_IRQHandler                 
000074ad  SPI1_IRQHandler                 
000074ad  SVC_Handler                     
000074ad  TIMA0_IRQHandler                
000074ad  TIMA1_IRQHandler                
000074ad  TIMG0_IRQHandler                
000074ad  TIMG12_IRQHandler               
000074ad  TIMG6_IRQHandler                
000074ad  TIMG7_IRQHandler                
000074ad  TIMG8_IRQHandler                
000074ad  UART0_IRQHandler                
000074ad  UART1_IRQHandler                
000074ad  UART2_IRQHandler                
000074ad  UART3_IRQHandler                
000074b0  C$$EXIT                         
000074b1  HOSTexit                        
000074b9  Reset_Handler                   
000074cd  _system_pre_init                
000080d0  __aeabi_ctype_table_            
000080d0  __aeabi_ctype_table_C           
00008218  test                            
00008240  reg                             
000082c0  hw                              
00008320  __TI_Handler_Table_Base         
0000832c  __TI_Handler_Table_Limit        
00008334  __TI_CINIT_Base                 
00008344  __TI_CINIT_Limit                
00008344  __TI_CINIT_Warm                 
20200000  __start___llvm_prf_bits         
20200000  __start___llvm_prf_cnts         
20200000  __stop___llvm_prf_bits          
20200000  __stop___llvm_prf_cnts          
20200000  gPWM_MOTORBackup                
202000bc  gTIMER_EncoderBackup            
20200178  sensor                          
20200228  motor_l                         
202002d4  motor_r                         
20200380  ADC_VALUE                       
202003d0  tracking_pid                    
20200418  gUART_0Backup                   
20200448  encL                            
2020046c  encR                            
20200490  quat                            
202004a0  accel                           
202004a6  gyro                            
202004ac  long_pressed_key_time           
202004b0  pitch                           
202004b4  roll                            
202004b8  sensor_timestamp                
202004bc  state                           
202004c0  tick_ms                         
202004c4  yaw                             
202004c8  sensors                         
202004ca  more                            
202004f8  black                           
20200518  white                           
2020053f  enable_group1_irq               
20200540  Tick                            
20200544  __aeabi_errno                   
20200548  current_yaw                     
2020054c  last_key_time                   
20200554  key_pressed                     
20207e00  __stack                         
20208000  __STACK_END                     
ffffffff  __TI_pprof_out_hndl             
ffffffff  __TI_prof_data_size             
ffffffff  __TI_prof_data_start            
ffffffff  __binit__                       
ffffffff  binit                           
UNDEFED   __mpu_init                      
UNDEFED   _system_post_cinit              

[299 symbols]
