******************************************************************************
            TI ARM Clang Linker PC v4.0.4                      
******************************************************************************
>> Linked Mon Jul 20 15:04:40 2026

OUTPUT FILE NAME:   <diansai2024.out>
ENTRY POINT SYMBOL: "_c_int00_noargs"  address: 0000386d


MEMORY CONFIGURATION

         name            origin    length      used     unused   attr    fill
----------------------  --------  ---------  --------  --------  ----  --------
  FLASH                 00000000   00020000  00004dc0  0001b240  R  X
  SRAM                  20200000   00008000  00000535  00007acb  RW X
  BCR_CONFIG            41c00000   000000ff  00000000  000000ff  R   
  BSL_CONFIG            41c00100   00000080  00000000  00000080  R   


SEGMENT ALLOCATION MAP

run origin  load origin   length   init length attrs members
----------  ----------- ---------- ----------- ----- -------
00000000    00000000    00004dc0   00004dc0    r-x
  00000000    00000000    000000c0   000000c0    r-- .intvecs
  000000c0    000000c0    00004000   00004000    r-x .text
  000040c0    000040c0    00000cc0   00000cc0    r-- .rodata
  00004d80    00004d80    00000040   00000040    r-- .cinit
20200000    20200000    00000335   00000000    rw-
  20200000    20200000    000002b8   00000000    rw- .bss
  202002b8    202002b8    0000007d   00000000    rw- .data
20207e00    20207e00    00000200   00000000    rw-
  20207e00    20207e00    00000200   00000000    rw- .stack


SECTION ALLOCATION MAP

 output                                  attributes/
section   page    origin      length       input sections
--------  ----  ----------  ----------   ----------------
.intvecs   0    00000000    000000c0     
                  00000000    000000c0     startup_mspm0g350x_ticlang.o (.intvecs)

.text      0    000000c0    00004000     
                  000000c0    00000278     inv_mpu_dmp_motion_driver.o (.text.dmp_enable_feature)
                  00000338    00000238     inv_mpu_dmp_motion_driver.o (.text.dmp_set_tap_thresh)
                  00000570    0000022c     inv_mpu.o (.text.mpu_reset_fifo)
                  0000079c    000001c0     ti_msp_dl_config.o (.text.SYSCFG_DL_GPIO_init)
                  0000095c    000001a0     inv_mpu.o (.text.mpu_set_bypass)
                  00000afc    00000192     libclang_rt.builtins.a : adddf3.S.obj (.text.adddf3_subdf3)
                  00000c8e    00000002                            : aeabi_div0.c.obj (.text.__aeabi_idiv0)
                  00000c90    00000188     No_Mcu_Ganv_Grayscale_Sensor.o (.text.No_MCU_Ganv_Sensor_Init)
                  00000e18    00000178     inv_mpu_dmp_motion_driver.o (.text.dmp_set_orientation)
                  00000f90    00000144     mpu6050.o (.text.MPU6050_Init)
                  000010d4    00000134     mspm0_i2c.o (.text.mspm0_i2c_read)
                  00001208    00000130     inv_mpu.o (.text.mpu_set_sensors)
                  00001338    00000128     inv_mpu.o (.text.mpu_init)
                  00001460    00000124     inv_mpu.o (.text.mpu_load_firmware)
                  00001584    0000010c     libclang_rt.builtins.a : divdf3.S.obj (.text.__divdf3)
                  00001690    00000104     driverlib.a : dl_timer.o (.text.DL_Timer_initFourCCPWMMode)
                  00001794    00000100     inv_mpu.o (.text.mpu_lp_accel_mode)
                  00001894    000000fc     driverlib.a : dl_timer.o (.text.DL_Timer_initTimerMode)
                  00001990    000000ec     inv_mpu.o (.text.mpu_set_sample_rate)
                  00001a7c    000000e4     inv_mpu.o (.text.mpu_set_accel_fsr)
                  00001b60    000000d4     inv_mpu.o (.text.set_int_enable)
                  00001c34    000000d0     inv_mpu.o (.text.mpu_set_lpf)
                  00001d04    000000c4     inv_mpu.o (.text.mpu_set_gyro_fsr)
                  00001dc8    000000c4     mspm0_i2c.o (.text.mspm0_i2c_write)
                  00001e8c    000000bc     inv_mpu.o (.text.mpu_configure_fifo)
                  00001f48    000000b8     inv_mpu.o (.text.mpu_set_dmp_state)
                  00002000    000000b0     ti_msp_dl_config.o (.text.SYSCFG_DL_initPower)
                  000020b0    000000ac     inv_mpu.o (.text.mpu_read_mem)
                  0000215c    000000ac     inv_mpu.o (.text.mpu_write_mem)
                  00002208    0000009c     inv_mpu.o (.text.mpu_set_int_latched)
                  000022a4    00000098     inv_mpu_dmp_motion_driver.o (.text.dmp_set_fifo_rate)
                  0000233c    00000098     main.o (.text.main)
                  000023d4    00000096     mpu6050.o (.text.inv_row_2_scale)
                  0000246a    00000002     --HOLE-- [fill = 0]
                  0000246c    00000090     ti_msp_dl_config.o (.text.SYSCFG_DL_PWM_MOTOR_init)
                  000024fc    0000008c     libclang_rt.builtins.a : mulsf3.S.obj (.text.__mulsf3)
                  00002588    00000084     ti_msp_dl_config.o (.text.__NVIC_SetPriority)
                  0000260c    00000082     libclang_rt.builtins.a : divsf3.S.obj (.text.__divsf3)
                  0000268e    00000002     --HOLE-- [fill = 0]
                  00002690    00000080     led.o (.text.LED_setAll)
                  00002710    0000007c     libc.a : copy_decompress_lzss.c.obj (.text:decompress:lzss)
                  0000278c    00000074     inv_mpu.o (.text.mpu_get_accel_fsr)
                  00002800    00000072     No_Mcu_Ganv_Grayscale_Sensor.o (.text.No_MCU_Ganv_Sensor_Init_Frist)
                  00002872    00000002     --HOLE-- [fill = 0]
                  00002874    0000006c     ti_msp_dl_config.o (.text.SYSCFG_DL_ADC_VOLTAGE_init)
                  000028e0    00000068     control.o (.text.GROUP1_IRQHandler)
                  00002948    00000066     inv_mpu_dmp_motion_driver.o (.text.dmp_set_tap_axes)
                  000029ae    00000002     --HOLE-- [fill = 0]
                  000029b0    00000064     ti_msp_dl_config.o (.text.DL_ADC12_initSingleSample)
                  00002a14    00000060     inv_mpu_dmp_motion_driver.o (.text.dmp_enable_gyro_cal)
                  00002a74    00000060     mspm0_i2c.o (.text.mpu6050_i2c_sda_unlock)
                  00002ad4    00000060     inv_mpu.o (.text.mpu_get_gyro_fsr)
                  00002b34    0000005e     driverlib.a : dl_i2c.o (.text.DL_I2C_fillControllerTXFIFO)
                  00002b92    00000002     --HOLE-- [fill = 0]
                  00002b94    0000005c     mspm0_i2c.o (.text.mspm0_i2c_enable)
                  00002bf0    00000058     ti_msp_dl_config.o (.text.SYSCFG_DL_I2C_MPU6050_init)
                  00002c48    00000058     ti_msp_dl_config.o (.text.SYSCFG_DL_I2C_OLED_init)
                  00002ca0    00000056     libclang_rt.builtins.a : aeabi_idivmod.S.obj (.text.__aeabi_idivmod)
                  00002cf6    00000002     --HOLE-- [fill = 0]
                  00002cf8    00000054     ti_msp_dl_config.o (.text.SYSCFG_DL_init)
                  00002d4c    00000050     mspm0_i2c.o (.text.DL_GPIO_initPeripheralInputFunctionFeatures)
                  00002d9c    00000050     ti_msp_dl_config.o (.text.DL_GPIO_initPeripheralInputFunctionFeatures)
                  00002dec    00000050     mspm0_i2c.o (.text.DL_I2C_startControllerTransfer)
                  00002e3c    00000050     ti_msp_dl_config.o (.text.SysTick_Config)
                  00002e8c    0000004c     driverlib.a : dl_dma.o (.text.DL_DMA_initChannel)
                  00002ed8    0000004c     mspm0_i2c.o (.text.DL_GPIO_initDigitalInputFeatures)
                  00002f24    0000004c     ti_msp_dl_config.o (.text.DL_GPIO_initDigitalInputFeatures)
                  00002f70    0000004c     ti_msp_dl_config.o (.text.DL_UART_setBaudRateDivisor)
                  00002fbc    0000004a     ti_msp_dl_config.o (.text.DL_ADC12_configConversionMem)
                  00003006    00000002     --HOLE-- [fill = 0]
                  00003008    00000048     driverlib.a : dl_uart.o (.text.DL_UART_init)
                  00003050    00000048     ti_msp_dl_config.o (.text.SYSCFG_DL_UART_0_init)
                  00003098    00000048     inv_mpu_dmp_motion_driver.o (.text.dmp_enable_6x_lp_quat)
                  000030e0    00000048     inv_mpu_dmp_motion_driver.o (.text.dmp_enable_lp_quat)
                  00003128    00000048     mspm0_i2c.o (.text.mspm0_i2c_disable)
                  00003170    00000044     inv_mpu_dmp_motion_driver.o (.text.dmp_set_shake_reject_thresh)
                  000031b4    00000044     inv_mpu_dmp_motion_driver.o (.text.dmp_set_tap_count)
                  000031f8    00000040     driverlib.a : dl_adc12.o (.text.DL_ADC12_setClockConfig)
                  00003238    00000040     ti_msp_dl_config.o (.text.SYSCFG_DL_UART_1_init)
                  00003278    00000040     libclang_rt.builtins.a : aeabi_uidivmod.S.obj (.text.__aeabi_uidivmod)
                  000032b8    0000003e     mpu6050.o (.text.inv_orientation_matrix_to_scalar)
                  000032f6    00000002     --HOLE-- [fill = 0]
                  000032f8    0000003c     driverlib.a : dl_i2c.o (.text.DL_I2C_flushControllerTXFIFO)
                  00003334    0000003c     ti_msp_dl_config.o (.text.DL_Timer_setCounterControl)
                  00003370    0000003c     uart.o (.text.uart0_send_string)
                  000033ac    0000003c     libc.a : autoinit.c.obj (.text:__TI_auto_init_nobinit_nopinit)
                  000033e8    0000003a     libclang_rt.builtins.a : muldsi3.S.obj (.text.__muldsi3)
                  00003422    00000002     --HOLE-- [fill = 0]
                  00003424    00000038                            : fixsfsi.S.obj (.text.__fixsfsi)
                  0000345c    00000034     inv_mpu.o (.text.mpu_get_sample_rate)
                  00003490    00000034     flash.o (.text.readBlackFromFlash)
                  000034c4    00000034     flash.o (.text.readWhiteFromFlash)
                  000034f8    00000032     ti_msp_dl_config.o (.text.SYSCFG_DL_SYSCTL_init)
                  0000352a    00000032     inv_mpu_dmp_motion_driver.o (.text.dmp_set_shake_reject_time)
                  0000355c    00000032     inv_mpu_dmp_motion_driver.o (.text.dmp_set_shake_reject_timeout)
                  0000358e    00000002     --HOLE-- [fill = 0]
                  00003590    00000030     ti_msp_dl_config.o (.text.DL_DMA_setTransferSize)
                  000035c0    00000030     inv_mpu_dmp_motion_driver.o (.text.dmp_set_tap_time)
                  000035f0    00000030     inv_mpu_dmp_motion_driver.o (.text.dmp_set_tap_time_multi)
                  00003620    00000030     clock.o (.text.mspm0_delay_ms)
                  00003650    0000002c     ti_msp_dl_config.o (.text.DL_ADC12_setDMASamplesCnt)
                  0000367c    0000002c     ti_msp_dl_config.o (.text.SYSCFG_DL_TIMER_Encoder_init)
                  000036a8    0000002c     main.o (.text.__NVIC_EnableIRQ)
                  000036d4    0000002c     clock.o (.text.mspm0_get_clock_ms)
                  00003700    0000002c     uart.o (.text.uart0_send_char)
                  0000372c    00000028     mspm0_i2c.o (.text.DL_Common_updateReg)
                  00003754    00000028     ti_msp_dl_config.o (.text.DL_Common_updateReg)
                  0000377c    00000028     main.o (.text.DL_DMA_setDestAddr)
                  000037a4    00000028     main.o (.text.DL_DMA_setSrcAddr)
                  000037cc    00000028     ti_msp_dl_config.o (.text.DL_I2C_setControllerRXFIFOThreshold)
                  000037f4    00000028     ti_msp_dl_config.o (.text.DL_I2C_setControllerTXFIFOThreshold)
                  0000381c    00000028     ti_msp_dl_config.o (.text.SYSCFG_DL_DMA_CH0_init)
                  00003844    00000028     libclang_rt.builtins.a : floatunsisf.S.obj (.text.__floatunsisf)
                  0000386c    00000028     libc.a : boot_cortex_m.c.obj (.text:_c_int00_noargs)
                  00003894    00000026     main.o (.text.DL_DMA_enableChannel)
                  000038ba    00000026     ti_msp_dl_config.o (.text.DL_I2C_setAnalogGlitchFilterPulseWidth)
                  000038e0    00000026     driverlib.a : dl_i2c.o (.text.DL_I2C_setClockConfig)
                  00003906    00000002     --HOLE-- [fill = 0]
                  00003908    00000024     libclang_rt.builtins.a : floatunsidf.S.obj (.text.__floatunsidf)
                  0000392c    00000020     ti_msp_dl_config.o (.text.DL_GPIO_initPeripheralInputFunction)
                  0000394c    00000020     libc.a : memcmp.c.obj (.text.memcmp)
                  0000396c    0000001e     ti_msp_dl_config.o (.text.DL_UART_setOversampling)
                  0000398a    00000002     --HOLE-- [fill = 0]
                  0000398c    0000001c     ti_msp_dl_config.o (.text.DL_ADC12_enableDMA)
                  000039a8    0000001c     ti_msp_dl_config.o (.text.DL_ADC12_enableDMATrigger)
                  000039c4    0000001c     main.o (.text.DL_ADC12_startConversion)
                  000039e0    0000001c     ti_msp_dl_config.o (.text.DL_GPIO_clearInterruptStatus)
                  000039fc    0000001c     mspm0_i2c.o (.text.DL_GPIO_enableHiZ)
                  00003a18    0000001c     ti_msp_dl_config.o (.text.DL_GPIO_enableHiZ)
                  00003a34    0000001c     ti_msp_dl_config.o (.text.DL_GPIO_enableInterrupt)
                  00003a50    0000001c     ti_msp_dl_config.o (.text.DL_GPIO_initPeripheralOutputFunction)
                  00003a6c    0000001c     ti_msp_dl_config.o (.text.DL_GPIO_setLowerPinsPolarity)
                  00003a88    0000001c     mpu6050.o (.text.DL_I2C_getSDAStatus)
                  00003aa4    0000001c     mspm0_i2c.o (.text.DL_I2C_isControllerRXFIFOEmpty)
                  00003ac0    0000001c     ti_msp_dl_config.o (.text.DL_SYSCTL_setMCLKDivider)
                  00003adc    0000001c     ti_msp_dl_config.o (.text.DL_SYSCTL_setSYSOSCFreq)
                  00003af8    0000001c     ti_msp_dl_config.o (.text.DL_SYSCTL_setULPCLKDivider)
                  00003b14    0000001c     driverlib.a : dl_timer.o (.text.DL_Timer_setCaptCompUpdateMethod)
                  00003b30    0000001c                 : dl_timer.o (.text.DL_Timer_setClockConfig)
                  00003b4c    0000001c     ti_msp_dl_config.o (.text.DL_UART_enableInterrupt)
                  00003b68    0000001c     inv_mpu_dmp_motion_driver.o (.text.dmp_load_motion_driver_firmware)
                  00003b84    00000018     ti_msp_dl_config.o (.text.DL_ADC12_enablePower)
                  00003b9c    00000018     ti_msp_dl_config.o (.text.DL_ADC12_reset)
                  00003bb4    00000018     ti_msp_dl_config.o (.text.DL_ADC12_setSampleTime0)
                  00003bcc    00000018     mspm0_i2c.o (.text.DL_GPIO_enableOutput)
                  00003be4    00000018     ti_msp_dl_config.o (.text.DL_GPIO_enableOutput)
                  00003bfc    00000018     ti_msp_dl_config.o (.text.DL_GPIO_enablePower)
                  00003c14    00000018     mspm0_i2c.o (.text.DL_GPIO_initDigitalOutput)
                  00003c2c    00000018     ti_msp_dl_config.o (.text.DL_GPIO_initDigitalOutput)
                  00003c44    00000018     ti_msp_dl_config.o (.text.DL_GPIO_reset)
                  00003c5c    00000018     led.o (.text.DL_GPIO_setPins)
                  00003c74    00000018     mspm0_i2c.o (.text.DL_GPIO_setPins)
                  00003c8c    00000018     ti_msp_dl_config.o (.text.DL_GPIO_setUpperPinsPolarity)
                  00003ca4    00000018     mspm0_i2c.o (.text.DL_I2C_clearInterruptStatus)
                  00003cbc    00000018     ti_msp_dl_config.o (.text.DL_I2C_enableAnalogGlitchFilter)
                  00003cd4    00000018     ti_msp_dl_config.o (.text.DL_I2C_enableController)
                  00003cec    00000018     ti_msp_dl_config.o (.text.DL_I2C_enableControllerClockStretching)
                  00003d04    00000018     mspm0_i2c.o (.text.DL_I2C_enablePower)
                  00003d1c    00000018     ti_msp_dl_config.o (.text.DL_I2C_enablePower)
                  00003d34    00000018     mspm0_i2c.o (.text.DL_I2C_getRawInterruptStatus)
                  00003d4c    00000018     mspm0_i2c.o (.text.DL_I2C_reset)
                  00003d64    00000018     ti_msp_dl_config.o (.text.DL_I2C_reset)
                  00003d7c    00000018     ti_msp_dl_config.o (.text.DL_I2C_setTimerPeriod)
                  00003d94    00000018     ti_msp_dl_config.o (.text.DL_SYSCTL_setBORThreshold)
                  00003dac    00000018     ti_msp_dl_config.o (.text.DL_Timer_enablePower)
                  00003dc4    00000018     ti_msp_dl_config.o (.text.DL_Timer_reset)
                  00003ddc    00000018     driverlib.a : dl_timer.o (.text.DL_Timer_setCaptureCompareOutCtl)
                  00003df4    00000018     main.o (.text.DL_Timer_startCounter)
                  00003e0c    00000018     ti_msp_dl_config.o (.text.DL_UART_enablePower)
                  00003e24    00000018     uart.o (.text.DL_UART_isBusy)
                  00003e3c    00000018     ti_msp_dl_config.o (.text.DL_UART_reset)
                  00003e54    00000016     ti_msp_dl_config.o (.text.DL_ADC12_enableConversions)
                  00003e6a    00000016     control.o (.text.DL_GPIO_readPins)
                  00003e80    00000016     mspm0_i2c.o (.text.DL_GPIO_readPins)
                  00003e96    00000016     mspm0_i2c.o (.text.DL_I2C_transmitControllerData)
                  00003eac    00000016     ti_msp_dl_config.o (.text.DL_UART_enable)
                  00003ec2    00000016     uart.o (.text.DL_UART_transmitData)
                  00003ed8    00000016     libc.a : copy_zero_init.c.obj (.text:decompress:ZI:__TI_zero_init_nomemset)
                  00003eee    00000014     led.o (.text.DL_GPIO_clearPins)
                  00003f02    00000014     mspm0_i2c.o (.text.DL_GPIO_clearPins)
                  00003f16    00000014     ti_msp_dl_config.o (.text.DL_GPIO_clearPins)
                  00003f2a    00000002     --HOLE-- [fill = 0]
                  00003f2c    00000014     mspm0_i2c.o (.text.DL_I2C_getControllerStatus)
                  00003f40    00000014     mspm0_i2c.o (.text.DL_I2C_receiveControllerData)
                  00003f54    00000014     ti_msp_dl_config.o (.text.DL_I2C_resetControllerTransfer)
                  00003f68    00000014     ti_msp_dl_config.o (.text.DL_SYSCTL_disableSYSPLL)
                  00003f7c    00000014     ti_msp_dl_config.o (.text.DL_Timer_enableClock)
                  00003f90    00000014     ti_msp_dl_config.o (.text.DL_Timer_setCCPDirection)
                  00003fa4    00000014     inv_mpu_dmp_motion_driver.o (.text.dmp_register_android_orient_cb)
                  00003fb8    00000014     inv_mpu_dmp_motion_driver.o (.text.dmp_register_tap_cb)
                  00003fcc    00000012     control.o (.text.DL_GPIO_getPendingInterrupt)
                  00003fde    00000012     driverlib.a : dl_uart.o (.text.DL_UART_setClockConfig)
                  00003ff0    00000012     libc.a : memcpy16.S.obj (.text:TI_memcpy_small)
                  00004002    00000012            : copy_decompress_none.c.obj (.text:decompress:none)
                  00004014    00000010     ti_msp_dl_config.o (.text.DL_SYSCTL_disableHFXT)
                  00004024    00000010     driverlib.a : dl_timer.o (.text.DL_Timer_setCaptureCompareValue)
                  00004034    00000010     delay.o (.text.Tick_SysTickCallback)
                  00004044    0000000e     mpu6050.o (.text.tap_cb)
                  00004052    0000000c     ti_msp_dl_config.o (.text.SYSCFG_DL_SYSTICK_init)
                  0000405e    0000000a     driverlib.a : dl_common.o (.text.DL_Common_delayCycles)
                  00004068    0000000a     led.o (.text.LED_init)
                  00004072    0000000a     mpu6050.o (.text.android_orient_cb)
                  0000407c    00000008     ti_msp_dl_config.o (.text.SYSCFG_DL_DMA_init)
                  00004084    00000008     delay.o (.text.SysTick_Handler)
                  0000408c    00000008     libclang_rt.builtins.a : aeabi_memcpy.S.obj (.text.__aeabi_memcpy)
                  00004094    00000006     libc.a : exit.c.obj (.text:abort)
                  0000409a    00000004     startup_mspm0g350x_ticlang.o (.text.Default_Handler)
                  0000409e    00000004     libsysbm.a : hostexit.c.obj (.text.HOSTexit)
                  000040a2    00000004     startup_mspm0g350x_ticlang.o (.text.Reset_Handler)
                  000040a6    00000002     --HOLE-- [fill = 0]
                  000040a8    00000010     libc.a : boot_cortex_m.c.obj (.tramp._c_int00_noargs.1)
                  000040b8    00000004            : pre_init.c.obj (.text._system_pre_init)
                  000040bc    00000004     --HOLE-- [fill = 0]

.cinit     0    00004d80    00000040     
                  00004d80    0000001b     (.cinit..data.load) [load image, compression = lzss]
                  00004d9b    00000001     --HOLE-- [fill = 0]
                  00004d9c    0000000c     (__TI_handler_table)
                  00004da8    00000008     (.cinit..bss.load) [load image, compression = zero_init]
                  00004db0    00000010     (__TI_cinit_table)

.rodata    0    000040c0    00000cc0     
                  000040c0    00000bf6     inv_mpu_dmp_motion_driver.o (.rodata.dmp_memory)
                  00004cb6    00000002     ti_msp_dl_config.o (.rodata.gI2C_MPU6050ClockConfig)
                  00004cb8    00000028     inv_mpu.o (.rodata.test)
                  00004ce0    0000001e     inv_mpu.o (.rodata.reg)
                  00004cfe    00000002     ti_msp_dl_config.o (.rodata.gI2C_OLEDClockConfig)
                  00004d00    00000018     ti_msp_dl_config.o (.rodata.gDMA_CH0Config)
                  00004d18    00000014     ti_msp_dl_config.o (.rodata.gTIMER_EncoderTimerConfig)
                  00004d2c    00000012     main.o (.rodata.str1.15159059442110792349.1)
                  00004d3e    0000000c     inv_mpu.o (.rodata.hw)
                  00004d4a    0000000a     ti_msp_dl_config.o (.rodata.gUART_0Config)
                  00004d54    0000000a     ti_msp_dl_config.o (.rodata.gUART_1Config)
                  00004d5e    00000002     ti_msp_dl_config.o (.rodata.gUART_0ClockConfig)
                  00004d60    00000008     ti_msp_dl_config.o (.rodata.gADC_VOLTAGEClockConfig)
                  00004d68    00000008     ti_msp_dl_config.o (.rodata.gPWM_MOTORConfig)
                  00004d70    00000004     led.o (.rodata.LED_PINS)
                  00004d74    00000003     ti_msp_dl_config.o (.rodata.gPWM_MOTORClockConfig)
                  00004d77    00000003     ti_msp_dl_config.o (.rodata.gTIMER_EncoderClockConfig)
                  00004d7a    00000002     ti_msp_dl_config.o (.rodata.gUART_1ClockConfig)
                  00004d7c    00000004     --HOLE-- [fill = 0]

.init_array 
*          0    00000000    00000000     UNINITIALIZED

.binit     0    00000000    00000000     

.bss       0    20200000    000002b8     UNINITIALIZED
                  20200000    000000bc     (.common:gPWM_MOTORBackup)
                  202000bc    000000bc     (.common:gTIMER_EncoderBackup)
                  20200178    000000b0     (.common:sensor)
                  20200228    00000050     (.common:ADC_VALUE)
                  20200278    00000030     (.common:gUART_0Backup)
                  202002a8    00000004     (.common:long_pressed_key_time)
                  202002ac    00000004     (.common:start_time)
                  202002b0    00000004     (.common:state)
                  202002b4    00000004     (.common:tick_ms)

.data      0    202002b8    0000007d     UNINITIALIZED
                  202002b8    0000002c     inv_mpu.o (.data.st)
                  202002e4    00000010     control.o (.data.black)
                  202002f4    00000010     inv_mpu_dmp_motion_driver.o (.data.dmp)
                  20200304    00000010     control.o (.data.white)
                  20200314    0000000e     mpu6050.o (.data.hal)
                  20200322    00000009     mpu6050.o (.data.gyro_orientation)
                  2020032b    00000001     interrupt.o (.data.enable_group1_irq)
                  2020032c    00000004     delay.o (.data.Tick)
                  20200330    00000004     key.o (.data.last_key_time)
                  20200334    00000001     key.o (.data.key_pressed)

.stack     0    20207e00    00000200     UNINITIALIZED
                  20207e00    00000004     libc.a : boot_cortex_m.c.obj (.stack)
                  20207e04    000001fc     --HOLE--

__llvm_prf_cnts 
*          0    20200000    00000000     UNINITIALIZED

__llvm_prf_bits 
*          0    20200000    00000000     UNINITIALIZED

MODULE SUMMARY

       Module                           code    ro data   rw data
       ------                           ----    -------   -------
    .\
       ti_msp_dl_config.o               3340    94        424    
       main.o                           366     18        0      
       startup_mspm0g350x_ticlang.o     8       192       0      
    +--+--------------------------------+-------+---------+---------+
       Total:                           3714    304       424    
                                                                 
    .\Driver\
       No_Mcu_Ganv_Grayscale_Sensor.o   506     0         0      
       led.o                            182     4         0      
       uart.o                           150     0         0      
       flash.o                          104     0         0      
       adc.o                            0       0         80     
       delay.o                          24      0         4      
       key.o                            0       0         13     
    +--+--------------------------------+-------+---------+---------+
       Total:                           966     4         97     
                                                                 
    .\Drivers\MPU6050\
       inv_mpu_dmp_motion_driver.o      2470    3062      16     
       inv_mpu.o                        4336    82        44     
       mspm0_i2c.o                      1368    0         0      
       mpu6050.o                        588     0         23     
    +--+--------------------------------+-------+---------+---------+
       Total:                           8762    3144      83     
                                                                 
    .\Drivers\MSPM0\
       clock.o                          92      0         8      
       interrupt.o                      0       0         1      
    +--+--------------------------------+-------+---------+---------+
       Total:                           92      0         9      
                                                                 
    .\User\
       control.o                        144     0         208    
    +--+--------------------------------+-------+---------+---------+
       Total:                           144     0         208    
                                                                 
    D:/ti/mspm0_sdk_2_10_00_04/source/ti/driverlib/lib/ticlang/m0p/mspm0g1x0x_g3x0x/driverlib.a
       dl_timer.o                       608     0         0      
       dl_i2c.o                         192     0         0      
       dl_uart.o                        90      0         0      
       dl_dma.o                         76      0         0      
       dl_adc12.o                       64      0         0      
       dl_common.o                      10      0         0      
    +--+--------------------------------+-------+---------+---------+
       Total:                           1040    0         0      
                                                                 
    D:\ti\ccs2051\ccs\tools\compiler\ti-cgt-armllvm_4.0.4.LTS\lib\armv6m-ti-none-eabi/c/libc.a
       copy_decompress_lzss.c.obj       124     0         0      
       autoinit.c.obj                   60      0         0      
       boot_cortex_m.c.obj              56      0         0      
       memcmp.c.obj                     32      0         0      
       copy_zero_init.c.obj             22      0         0      
       copy_decompress_none.c.obj       18      0         0      
       memcpy16.S.obj                   18      0         0      
       exit.c.obj                       6       0         0      
       pre_init.c.obj                   4       0         0      
    +--+--------------------------------+-------+---------+---------+
       Total:                           340     0         0      
                                                                 
    D:\ti\ccs2051\ccs\tools\compiler\ti-cgt-armllvm_4.0.4.LTS\lib\armv6m-ti-none-eabi/c/libsysbm.a
       hostexit.c.obj                   4       0         0      
    +--+--------------------------------+-------+---------+---------+
       Total:                           4       0         0      
                                                                 
    D:\ti\ccs2051\ccs\tools\compiler\ti-cgt-armllvm_4.0.4.LTS\lib\armv6m-ti-none-eabi/libclang_rt.builtins.a
       adddf3.S.obj                     402     0         0      
       divdf3.S.obj                     268     0         0      
       mulsf3.S.obj                     140     0         0      
       divsf3.S.obj                     130     0         0      
       aeabi_idivmod.S.obj              86      0         0      
       aeabi_uidivmod.S.obj             64      0         0      
       muldsi3.S.obj                    58      0         0      
       fixsfsi.S.obj                    56      0         0      
       floatunsisf.S.obj                40      0         0      
       floatunsidf.S.obj                36      0         0      
       aeabi_memcpy.S.obj               8       0         0      
       aeabi_div0.c.obj                 2       0         0      
    +--+--------------------------------+-------+---------+---------+
       Total:                           1290    0         0      
                                                                 
       Stack:                           0       0         512    
       Linker Generated:                0       63        0      
    +--+--------------------------------+-------+---------+---------+
       Grand Total:                     16352   3515      1333   


LINKER GENERATED COPY TABLES

__TI_cinit_table @ 00004db0 records: 2, size/record: 8, table size: 16
	.data: load addr=00004d80, load size=0000001b bytes, run addr=202002b8, run size=0000007d bytes, compression=lzss
	.bss: load addr=00004da8, load size=00000008 bytes, run addr=20200000, run size=000002b8 bytes, compression=zero_init


LINKER GENERATED HANDLER TABLE

__TI_handler_table @ 00004d9c records: 3, size/record: 4, table size: 12
	index: 0, handler: __TI_decompress_lzss
	index: 1, handler: __TI_decompress_none
	index: 2, handler: __TI_zero_init


FAR CALL TRAMPOLINES

callee name               trampoline name
   callee addr  tramp addr   call addr  call info
--------------  -----------  ---------  ----------------
_c_int00_noargs           $Tramp$TT$L$PI$$_c_int00_noargs
   0000386d     000040a8     000040a2   startup_mspm0g350x_ticlang.o (.text.Reset_Handler)

[1 trampolines]
[1 trampoline calls]


GLOBAL SYMBOLS: SORTED ALPHABETICALLY BY Name 

address   name                            
-------   ----                            
0000409b  ADC0_IRQHandler                 
0000409b  ADC1_IRQHandler                 
20200228  ADC_VALUE                       
0000409b  AES_IRQHandler                  
0000409e  C$$EXIT                         
0000409b  CANFD0_IRQHandler               
0000409b  DAC0_IRQHandler                 
000031f9  DL_ADC12_setClockConfig         
0000405f  DL_Common_delayCycles           
00002e8d  DL_DMA_initChannel              
00002b35  DL_I2C_fillControllerTXFIFO     
000032f9  DL_I2C_flushControllerTXFIFO    
000038e1  DL_I2C_setClockConfig           
00001691  DL_Timer_initFourCCPWMMode      
00001895  DL_Timer_initTimerMode          
00003b15  DL_Timer_setCaptCompUpdateMethod
00003ddd  DL_Timer_setCaptureCompareOutCtl
00004025  DL_Timer_setCaptureCompareValue 
00003b31  DL_Timer_setClockConfig         
00003009  DL_UART_init                    
00003fdf  DL_UART_setClockConfig          
0000409b  DMA_IRQHandler                  
0000409b  Default_Handler                 
0000409b  GROUP0_IRQHandler               
000028e1  GROUP1_IRQHandler               
0000409f  HOSTexit                        
0000409b  HardFault_Handler               
0000409b  I2C0_IRQHandler                 
0000409b  I2C1_IRQHandler                 
00004069  LED_init                        
00002691  LED_setAll                      
00000f91  MPU6050_Init                    
0000409b  NMI_Handler                     
00000c91  No_MCU_Ganv_Sensor_Init         
00002801  No_MCU_Ganv_Sensor_Init_Frist   
0000409b  PendSV_Handler                  
0000409b  RTC_IRQHandler                  
000040a3  Reset_Handler                   
0000409b  SPI0_IRQHandler                 
0000409b  SPI1_IRQHandler                 
0000409b  SVC_Handler                     
00002875  SYSCFG_DL_ADC_VOLTAGE_init      
0000381d  SYSCFG_DL_DMA_CH0_init          
0000407d  SYSCFG_DL_DMA_init              
0000079d  SYSCFG_DL_GPIO_init             
00002bf1  SYSCFG_DL_I2C_MPU6050_init      
00002c49  SYSCFG_DL_I2C_OLED_init         
0000246d  SYSCFG_DL_PWM_MOTOR_init        
000034f9  SYSCFG_DL_SYSCTL_init           
00004053  SYSCFG_DL_SYSTICK_init          
0000367d  SYSCFG_DL_TIMER_Encoder_init    
00003051  SYSCFG_DL_UART_0_init           
00003239  SYSCFG_DL_UART_1_init           
00002cf9  SYSCFG_DL_init                  
00002001  SYSCFG_DL_initPower             
00004085  SysTick_Handler                 
0000409b  TIMA0_IRQHandler                
0000409b  TIMA1_IRQHandler                
0000409b  TIMG0_IRQHandler                
0000409b  TIMG12_IRQHandler               
0000409b  TIMG6_IRQHandler                
0000409b  TIMG7_IRQHandler                
0000409b  TIMG8_IRQHandler                
00003ff1  TI_memcpy_small                 
2020032c  Tick                            
00004035  Tick_SysTickCallback            
0000409b  UART0_IRQHandler                
0000409b  UART1_IRQHandler                
0000409b  UART2_IRQHandler                
0000409b  UART3_IRQHandler                
20208000  __STACK_END                     
00000200  __STACK_SIZE                    
00000000  __TI_ATRegion0_region_sz        
00000000  __TI_ATRegion0_src_addr         
00000000  __TI_ATRegion0_trg_addr         
00000000  __TI_ATRegion1_region_sz        
00000000  __TI_ATRegion1_src_addr         
00000000  __TI_ATRegion1_trg_addr         
00000000  __TI_ATRegion2_region_sz        
00000000  __TI_ATRegion2_src_addr         
00000000  __TI_ATRegion2_trg_addr         
00004db0  __TI_CINIT_Base                 
00004dc0  __TI_CINIT_Limit                
00004dc0  __TI_CINIT_Warm                 
00004d9c  __TI_Handler_Table_Base         
00004da8  __TI_Handler_Table_Limit        
000033ad  __TI_auto_init_nobinit_nopinit  
00002711  __TI_decompress_lzss            
00004003  __TI_decompress_none            
ffffffff  __TI_pprof_out_hndl             
ffffffff  __TI_prof_data_size             
ffffffff  __TI_prof_data_start            
00000000  __TI_static_base__              
00003ed9  __TI_zero_init_nomemset         
00000b07  __adddf3                        
00000b07  __aeabi_dadd                    
00001585  __aeabi_ddiv                    
00000afd  __aeabi_dsub                    
00003425  __aeabi_f2iz                    
0000260d  __aeabi_fdiv                    
000024fd  __aeabi_fmul                    
00002ca1  __aeabi_idiv                    
00000c8f  __aeabi_idiv0                   
00002ca1  __aeabi_idivmod                 
0000408d  __aeabi_memcpy                  
0000408d  __aeabi_memcpy4                 
0000408d  __aeabi_memcpy8                 
00003909  __aeabi_ui2d                    
00003845  __aeabi_ui2f                    
00003279  __aeabi_uidiv                   
00003279  __aeabi_uidivmod                
ffffffff  __binit__                       
00001585  __divdf3                        
0000260d  __divsf3                        
00003425  __fixsfsi                       
00003909  __floatunsidf                   
00003845  __floatunsisf                   
UNDEFED   __mpu_init                      
000033e9  __muldsi3                       
000024fd  __mulsf3                        
20207e00  __stack                         
20200000  __start___llvm_prf_bits         
20200000  __start___llvm_prf_cnts         
20200000  __stop___llvm_prf_bits          
20200000  __stop___llvm_prf_cnts          
00000afd  __subdf3                        
0000386d  _c_int00_noargs                 
UNDEFED   _system_post_cinit              
000040b9  _system_pre_init                
00004095  abort                           
ffffffff  binit                           
202002e4  black                           
00003099  dmp_enable_6x_lp_quat           
000000c1  dmp_enable_feature              
00002a15  dmp_enable_gyro_cal             
000030e1  dmp_enable_lp_quat              
00003b69  dmp_load_motion_driver_firmware 
00003fa5  dmp_register_android_orient_cb  
00003fb9  dmp_register_tap_cb             
000022a5  dmp_set_fifo_rate               
00000e19  dmp_set_orientation             
00003171  dmp_set_shake_reject_thresh     
0000352b  dmp_set_shake_reject_time       
0000355d  dmp_set_shake_reject_timeout    
00002949  dmp_set_tap_axes                
000031b5  dmp_set_tap_count               
00000339  dmp_set_tap_thresh              
000035c1  dmp_set_tap_time                
000035f1  dmp_set_tap_time_multi          
2020032b  enable_group1_irq               
20200000  gPWM_MOTORBackup                
202000bc  gTIMER_EncoderBackup            
20200278  gUART_0Backup                   
00004d3e  hw                              
00000000  interruptVectors                
20200334  key_pressed                     
20200330  last_key_time                   
202002a8  long_pressed_key_time           
0000233d  main                            
0000394d  memcmp                          
00002a75  mpu6050_i2c_sda_unlock          
00001e8d  mpu_configure_fifo              
0000278d  mpu_get_accel_fsr               
00002ad5  mpu_get_gyro_fsr                
0000345d  mpu_get_sample_rate             
00001339  mpu_init                        
00001461  mpu_load_firmware               
00001795  mpu_lp_accel_mode               
000020b1  mpu_read_mem                    
00000571  mpu_reset_fifo                  
00001a7d  mpu_set_accel_fsr               
0000095d  mpu_set_bypass                  
00001f49  mpu_set_dmp_state               
00001d05  mpu_set_gyro_fsr                
00002209  mpu_set_int_latched             
00001c35  mpu_set_lpf                     
00001991  mpu_set_sample_rate             
00001209  mpu_set_sensors                 
0000215d  mpu_write_mem                   
00003621  mspm0_delay_ms                  
000036d5  mspm0_get_clock_ms              
000010d5  mspm0_i2c_read                  
00001dc9  mspm0_i2c_write                 
00003491  readBlackFromFlash              
000034c5  readWhiteFromFlash              
00004ce0  reg                             
20200178  sensor                          
202002ac  start_time                      
202002b0  state                           
00004cb8  test                            
202002b4  tick_ms                         
00003701  uart0_send_char                 
00003371  uart0_send_string               
20200304  white                           


GLOBAL SYMBOLS: SORTED BY Symbol Address 

address   name                            
-------   ----                            
00000000  __TI_ATRegion0_region_sz        
00000000  __TI_ATRegion0_src_addr         
00000000  __TI_ATRegion0_trg_addr         
00000000  __TI_ATRegion1_region_sz        
00000000  __TI_ATRegion1_src_addr         
00000000  __TI_ATRegion1_trg_addr         
00000000  __TI_ATRegion2_region_sz        
00000000  __TI_ATRegion2_src_addr         
00000000  __TI_ATRegion2_trg_addr         
00000000  __TI_static_base__              
00000000  interruptVectors                
000000c1  dmp_enable_feature              
00000200  __STACK_SIZE                    
00000339  dmp_set_tap_thresh              
00000571  mpu_reset_fifo                  
0000079d  SYSCFG_DL_GPIO_init             
0000095d  mpu_set_bypass                  
00000afd  __aeabi_dsub                    
00000afd  __subdf3                        
00000b07  __adddf3                        
00000b07  __aeabi_dadd                    
00000c8f  __aeabi_idiv0                   
00000c91  No_MCU_Ganv_Sensor_Init         
00000e19  dmp_set_orientation             
00000f91  MPU6050_Init                    
000010d5  mspm0_i2c_read                  
00001209  mpu_set_sensors                 
00001339  mpu_init                        
00001461  mpu_load_firmware               
00001585  __aeabi_ddiv                    
00001585  __divdf3                        
00001691  DL_Timer_initFourCCPWMMode      
00001795  mpu_lp_accel_mode               
00001895  DL_Timer_initTimerMode          
00001991  mpu_set_sample_rate             
00001a7d  mpu_set_accel_fsr               
00001c35  mpu_set_lpf                     
00001d05  mpu_set_gyro_fsr                
00001dc9  mspm0_i2c_write                 
00001e8d  mpu_configure_fifo              
00001f49  mpu_set_dmp_state               
00002001  SYSCFG_DL_initPower             
000020b1  mpu_read_mem                    
0000215d  mpu_write_mem                   
00002209  mpu_set_int_latched             
000022a5  dmp_set_fifo_rate               
0000233d  main                            
0000246d  SYSCFG_DL_PWM_MOTOR_init        
000024fd  __aeabi_fmul                    
000024fd  __mulsf3                        
0000260d  __aeabi_fdiv                    
0000260d  __divsf3                        
00002691  LED_setAll                      
00002711  __TI_decompress_lzss            
0000278d  mpu_get_accel_fsr               
00002801  No_MCU_Ganv_Sensor_Init_Frist   
00002875  SYSCFG_DL_ADC_VOLTAGE_init      
000028e1  GROUP1_IRQHandler               
00002949  dmp_set_tap_axes                
00002a15  dmp_enable_gyro_cal             
00002a75  mpu6050_i2c_sda_unlock          
00002ad5  mpu_get_gyro_fsr                
00002b35  DL_I2C_fillControllerTXFIFO     
00002bf1  SYSCFG_DL_I2C_MPU6050_init      
00002c49  SYSCFG_DL_I2C_OLED_init         
00002ca1  __aeabi_idiv                    
00002ca1  __aeabi_idivmod                 
00002cf9  SYSCFG_DL_init                  
00002e8d  DL_DMA_initChannel              
00003009  DL_UART_init                    
00003051  SYSCFG_DL_UART_0_init           
00003099  dmp_enable_6x_lp_quat           
000030e1  dmp_enable_lp_quat              
00003171  dmp_set_shake_reject_thresh     
000031b5  dmp_set_tap_count               
000031f9  DL_ADC12_setClockConfig         
00003239  SYSCFG_DL_UART_1_init           
00003279  __aeabi_uidiv                   
00003279  __aeabi_uidivmod                
000032f9  DL_I2C_flushControllerTXFIFO    
00003371  uart0_send_string               
000033ad  __TI_auto_init_nobinit_nopinit  
000033e9  __muldsi3                       
00003425  __aeabi_f2iz                    
00003425  __fixsfsi                       
0000345d  mpu_get_sample_rate             
00003491  readBlackFromFlash              
000034c5  readWhiteFromFlash              
000034f9  SYSCFG_DL_SYSCTL_init           
0000352b  dmp_set_shake_reject_time       
0000355d  dmp_set_shake_reject_timeout    
000035c1  dmp_set_tap_time                
000035f1  dmp_set_tap_time_multi          
00003621  mspm0_delay_ms                  
0000367d  SYSCFG_DL_TIMER_Encoder_init    
000036d5  mspm0_get_clock_ms              
00003701  uart0_send_char                 
0000381d  SYSCFG_DL_DMA_CH0_init          
00003845  __aeabi_ui2f                    
00003845  __floatunsisf                   
0000386d  _c_int00_noargs                 
000038e1  DL_I2C_setClockConfig           
00003909  __aeabi_ui2d                    
00003909  __floatunsidf                   
0000394d  memcmp                          
00003b15  DL_Timer_setCaptCompUpdateMethod
00003b31  DL_Timer_setClockConfig         
00003b69  dmp_load_motion_driver_firmware 
00003ddd  DL_Timer_setCaptureCompareOutCtl
00003ed9  __TI_zero_init_nomemset         
00003fa5  dmp_register_android_orient_cb  
00003fb9  dmp_register_tap_cb             
00003fdf  DL_UART_setClockConfig          
00003ff1  TI_memcpy_small                 
00004003  __TI_decompress_none            
00004025  DL_Timer_setCaptureCompareValue 
00004035  Tick_SysTickCallback            
00004053  SYSCFG_DL_SYSTICK_init          
0000405f  DL_Common_delayCycles           
00004069  LED_init                        
0000407d  SYSCFG_DL_DMA_init              
00004085  SysTick_Handler                 
0000408d  __aeabi_memcpy                  
0000408d  __aeabi_memcpy4                 
0000408d  __aeabi_memcpy8                 
00004095  abort                           
0000409b  ADC0_IRQHandler                 
0000409b  ADC1_IRQHandler                 
0000409b  AES_IRQHandler                  
0000409b  CANFD0_IRQHandler               
0000409b  DAC0_IRQHandler                 
0000409b  DMA_IRQHandler                  
0000409b  Default_Handler                 
0000409b  GROUP0_IRQHandler               
0000409b  HardFault_Handler               
0000409b  I2C0_IRQHandler                 
0000409b  I2C1_IRQHandler                 
0000409b  NMI_Handler                     
0000409b  PendSV_Handler                  
0000409b  RTC_IRQHandler                  
0000409b  SPI0_IRQHandler                 
0000409b  SPI1_IRQHandler                 
0000409b  SVC_Handler                     
0000409b  TIMA0_IRQHandler                
0000409b  TIMA1_IRQHandler                
0000409b  TIMG0_IRQHandler                
0000409b  TIMG12_IRQHandler               
0000409b  TIMG6_IRQHandler                
0000409b  TIMG7_IRQHandler                
0000409b  TIMG8_IRQHandler                
0000409b  UART0_IRQHandler                
0000409b  UART1_IRQHandler                
0000409b  UART2_IRQHandler                
0000409b  UART3_IRQHandler                
0000409e  C$$EXIT                         
0000409f  HOSTexit                        
000040a3  Reset_Handler                   
000040b9  _system_pre_init                
00004cb8  test                            
00004ce0  reg                             
00004d3e  hw                              
00004d9c  __TI_Handler_Table_Base         
00004da8  __TI_Handler_Table_Limit        
00004db0  __TI_CINIT_Base                 
00004dc0  __TI_CINIT_Limit                
00004dc0  __TI_CINIT_Warm                 
20200000  __start___llvm_prf_bits         
20200000  __start___llvm_prf_cnts         
20200000  __stop___llvm_prf_bits          
20200000  __stop___llvm_prf_cnts          
20200000  gPWM_MOTORBackup                
202000bc  gTIMER_EncoderBackup            
20200178  sensor                          
20200228  ADC_VALUE                       
20200278  gUART_0Backup                   
202002a8  long_pressed_key_time           
202002ac  start_time                      
202002b0  state                           
202002b4  tick_ms                         
202002e4  black                           
20200304  white                           
2020032b  enable_group1_irq               
2020032c  Tick                            
20200330  last_key_time                   
20200334  key_pressed                     
20207e00  __stack                         
20208000  __STACK_END                     
ffffffff  __TI_pprof_out_hndl             
ffffffff  __TI_prof_data_size             
ffffffff  __TI_prof_data_start            
ffffffff  __binit__                       
ffffffff  binit                           
UNDEFED   __mpu_init                      
UNDEFED   _system_post_cinit              

[194 symbols]
