******************************************************************************
            TI ARM Clang Linker PC v4.0.4                      
******************************************************************************
>> Linked Thu Jul 30 14:02:02 2026

OUTPUT FILE NAME:   <diansai2024.out>
ENTRY POINT SYMBOL: "_c_int00_noargs"  address: 000072a1


MEMORY CONFIGURATION

         name            origin    length      used     unused   attr    fill
----------------------  --------  ---------  --------  --------  ----  --------
  FLASH                 00000000   00020000  00009548  00016ab8  R  X
  SRAM                  20200000   00008000  0000090e  000076f2  RW X
  BCR_CONFIG            41c00000   000000ff  00000000  000000ff  R   
  BSL_CONFIG            41c00100   00000080  00000000  00000080  R   


SEGMENT ALLOCATION MAP

run origin  load origin   length   init length attrs members
----------  ----------- ---------- ----------- ----- -------
00000000    00000000    00009480   00009480    r-x
  00000000    00000000    000000c0   000000c0    r-- .intvecs
  000000c0    000000c0    00007e70   00007e70    r-x .text
  00007f30    00007f30    00001550   00001550    r-- .rodata
000094e0    000094e0    00000068   00000068    r--
  000094e0    000094e0    00000058   00000058    r-- .cinit
  00009538    00009538    00000010   00000010    r-- .binit
20200000    20200000    000006ae   00000000    rw-
  20200000    20200000    000005d8   00000000    rw- .bss
  202005d8    202005d8    000000d6   00000000    rw- .data
202006b0    00009480    00000060   00000060    r-x
  202006b0    00009480    00000060   00000060    r-x .TI.ramfunc
20207e00    20207e00    00000200   00000000    rw-
  20207e00    20207e00    00000200   00000000    rw- .stack


SECTION ALLOCATION MAP

 output                                  attributes/
section   page    origin      length       input sections
--------  ----  ----------  ----------   ----------------
.intvecs   0    00000000    000000c0     
                  00000000    000000c0     startup_mspm0g350x_ticlang.o (.intvecs)

.text      0    000000c0    00007e70     
                  000000c0    00000364     libc.a : e_asin.c.obj (.text.asin)
                  00000424    000002f8            : s_atan.c.obj (.text.atan)
                  0000071c    00000284            : _printfi.c.obj (.text:__TI_printfi_minimal)
                  000009a0    00000278     inv_mpu_dmp_motion_driver.o (.text.dmp_enable_feature)
                  00000c18    00000238     inv_mpu_dmp_motion_driver.o (.text.dmp_set_tap_thresh)
                  00000e50    00000234     key.o (.text.Key_Process)
                  00001084    0000022c     mpu6050.o (.text.Read_Quad)
                  000012b0    0000022c     inv_mpu.o (.text.mpu_reset_fifo)
                  000014dc    000001f4     inv_mpu_dmp_motion_driver.o (.text.dmp_read_fifo)
                  000016d0    000001b4     trace.o (.text.Control)
                  00001884    000001b4     pid.o (.text.PID_Calc)
                  00001a38    000001ac     ti_msp_dl_config.o (.text.SYSCFG_DL_GPIO_init)
                  00001be4    000001a0     inv_mpu.o (.text.mpu_set_bypass)
                  00001d84    00000192     libclang_rt.builtins.a : adddf3.S.obj (.text.adddf3_subdf3)
                  00001f16    00000002                            : aeabi_div0.c.obj (.text.__aeabi_idiv0)
                  00001f18    00000188     No_Mcu_Ganv_Grayscale_Sensor.o (.text.No_MCU_Ganv_Sensor_Init)
                  000020a0    00000188     libc.a : e_atan2.c.obj (.text.atan2)
                  00002228    00000180     main.o (.text.main)
                  000023a8    00000178     inv_mpu_dmp_motion_driver.o (.text.dmp_set_orientation)
                  00002520    00000170     libc.a : e_sqrt.c.obj (.text.sqrt)
                  00002690    00000150     main.o (.text.OLED_ShowTimer)
                  000027e0    00000144     mpu6050.o (.text.MPU6050_Init)
                  00002924    00000134     mspm0_i2c.o (.text.mspm0_i2c_read)
                  00002a58    00000130     inv_mpu.o (.text.mpu_set_sensors)
                  00002b88    0000012c     trace.o (.text.Trace_init)
                  00002cb4    00000128     inv_mpu.o (.text.mpu_init)
                  00002ddc    00000126     Task.o (.text.StrToFloat)
                  00002f02    00000002     Task.o (.text.task2)
                  00002f04    00000124     inv_mpu.o (.text.mpu_load_firmware)
                  00003028    00000118     oled_software_i2c.o (.text.OLED_ShowChar)
                  00003140    0000010c     trace.o (.text.Turn_angel)
                  0000324c    0000010c     libclang_rt.builtins.a : divdf3.S.obj (.text.__divdf3)
                  00003358    00000108     inv_mpu.o (.text.mpu_read_fifo_stream)
                  00003460    00000104     driverlib.a : dl_timer.o (.text.DL_Timer_initFourCCPWMMode)
                  00003564    00000100     inv_mpu.o (.text.mpu_lp_accel_mode)
                  00003664    000000fc     driverlib.a : dl_timer.o (.text.DL_Timer_initTimerMode)
                  00003760    000000fa     oled_software_i2c.o (.text.OLED_Init)
                  0000385a    00000002     Task.o (.text.task3)
                  0000385c    000000f8     trace.o (.text.Motor_Ctrl)
                  00003954    000000f6     oled_software_i2c.o (.text.OLED_ShowNum)
                  00003a4a    00000002     Task.o (.text.task4)
                  00003a4c    000000f0     manu.o (.text.Menu_ShowOLED)
                  00003b3c    000000ec     inv_mpu.o (.text.mpu_set_sample_rate)
                  00003c28    000000e4     libclang_rt.builtins.a : muldf3.S.obj (.text.__muldf3)
                  00003d0c    000000e4     inv_mpu.o (.text.mpu_set_accel_fsr)
                  00003df0    000000d8     driverlib.a : dl_flashctl.o (.text.DL_FlashCTL_unprotectSector)
                  00003ec8    000000d8     libclang_rt.builtins.a : addsf3.S.obj (.text)
                  00003fa0    000000d4     inv_mpu.o (.text.set_int_enable)
                  00004074    000000d0     inv_mpu.o (.text.mpu_set_lpf)
                  00004144    000000cc     motor.o (.text.Motor_Speed_Get)
                  00004210    000000c4     trace.o (.text.GROUP1_IRQHandler)
                  000042d4    000000c4     inv_mpu.o (.text.mpu_set_gyro_fsr)
                  00004398    000000c4     mspm0_i2c.o (.text.mspm0_i2c_write)
                  0000445c    000000bc     inv_mpu.o (.text.mpu_configure_fifo)
                  00004518    000000b8     No_Mcu_Ganv_Grayscale_Sensor.o (.text.Get_Analog_value)
                  000045d0    000000b8     inv_mpu.o (.text.mpu_set_dmp_state)
                  00004688    000000b4     flash.o (.text.writeToFlash)
                  0000473c    000000b0     manu.o (.text.Menu_Update)
                  000047ec    000000b0     ti_msp_dl_config.o (.text.SYSCFG_DL_initPower)
                  0000489c    000000ac     Task.o (.text.UART3_IRQHandler)
                  00004948    000000ac     inv_mpu.o (.text.mpu_read_mem)
                  000049f4    000000ac     inv_mpu.o (.text.mpu_write_mem)
                  00004aa0    000000aa     No_Mcu_Ganv_Grayscale_Sensor.o (.text.normalizeAnalogValues)
                  00004b4a    00000002     Task.o (.text.task5)
                  00004b4c    000000a0     motor.o (.text.Motor_Encoder_Update)
                  00004bec    0000009c     trace.o (.text.RunStraight)
                  00004c88    0000009c     inv_mpu.o (.text.mpu_set_int_latched)
                  00004d24    00000098     inv_mpu_dmp_motion_driver.o (.text.dmp_set_fifo_rate)
                  00004dbc    00000096     mpu6050.o (.text.inv_row_2_scale)
                  00004e52    00000002     --HOLE-- [fill = 0]
                  00004e54    00000090     trace.o (.text.Calculate_Position_Error)
                  00004ee4    00000090     motor.o (.text.Motor_Driver)
                  00004f74    00000090     motor.o (.text.Motor_Init)
                  00005004    00000090     ti_msp_dl_config.o (.text.SYSCFG_DL_PWM_MOTOR_init)
                  00005094    0000008c     libclang_rt.builtins.a : mulsf3.S.obj (.text.__mulsf3)
                  00005120    0000008c     inv_mpu_dmp_motion_driver.o (.text.decode_gesture)
                  000051ac    00000088     encoder.o (.text.Encoder_HandleGPIOA)
                  00005234    00000088     adc.o (.text.adc_getValue)
                  000052bc    00000084     clock.o (.text.__NVIC_SetPriority)
                  00005340    00000084     ti_msp_dl_config.o (.text.__NVIC_SetPriority)
                  000053c4    00000082     libclang_rt.builtins.a : divsf3.S.obj (.text.__divsf3)
                  00005446    00000002     --HOLE-- [fill = 0]
                  00005448    00000080     led.o (.text.LED_setAll)
                  000054c8    0000007c     oled_software_i2c.o (.text.Send_Byte)
                  00005544    0000007c     libc.a : copy_decompress_lzss.c.obj (.text:decompress:lzss)
                  000055c0    00000074     balance.o (.text.Balance_Init)
                  00005634    00000074     libclang_rt.builtins.a : comparedf2.c.obj (.text.__gedf2)
                  000056a8    00000008     ti_msp_dl_config.o (.text.SYSCFG_DL_DMA_init)
                  000056b0    00000074     libclang_rt.builtins.a : truncdfsf2.S.obj (.text.__truncdfsf2)
                  00005724    00000074     inv_mpu.o (.text.mpu_get_accel_fsr)
                  00005798    00000072     No_Mcu_Ganv_Grayscale_Sensor.o (.text.No_MCU_Ganv_Sensor_Init_Frist)
                  0000580a    00000070     oled_software_i2c.o (.text.OLED_ShowString)
                  0000587a    00000002     --HOLE-- [fill = 0]
                  0000587c    0000006c     ti_msp_dl_config.o (.text.SYSCFG_DL_ADC_VOLTAGE_init)
                  000058e8    0000006c     No_Mcu_Ganv_Grayscale_Sensor.o (.text.convertAnalogToDigital)
                  00005954    0000006a     oled_software_i2c.o (.text.OLED_Clear)
                  000059be    00000002     --HOLE-- [fill = 0]
                  000059c0    00000068     libclang_rt.builtins.a : comparedf2.c.obj (.text.__ledf2)
                  00005a28    00000066     inv_mpu_dmp_motion_driver.o (.text.dmp_set_tap_axes)
                  00005a8e    00000002     --HOLE-- [fill = 0]
                  00005a90    00000064     ti_msp_dl_config.o (.text.DL_ADC12_initSingleSample)
                  00005af4    00000064     encoder.o (.text.Encoder_Init)
                  00005b58    00000064     ti_msp_dl_config.o (.text.SYSCFG_DL_PWM_Servo_init)
                  00005bbc    00000062     libclang_rt.builtins.a : aeabi_dcmp.S.obj (.text.__aeabi_dcmp)
                  00005c1e    00000002     --HOLE-- [fill = 0]
                  00005c20    00000062                            : aeabi_fcmp.S.obj (.text.__aeabi_fcmp)
                  00005c82    00000002     --HOLE-- [fill = 0]
                  00005c84    00000060     trace.o (.text.Calculate_Heading_Error)
                  00005ce4    00000060     inv_mpu_dmp_motion_driver.o (.text.dmp_enable_gyro_cal)
                  00005d44    00000060     mspm0_i2c.o (.text.mpu6050_i2c_sda_unlock)
                  00005da4    00000060     inv_mpu.o (.text.mpu_get_gyro_fsr)
                  00005e04    0000005e     driverlib.a : dl_i2c.o (.text.DL_I2C_fillControllerTXFIFO)
                  00005e62    00000002     --HOLE-- [fill = 0]
                  00005e64    0000005c     mspm0_i2c.o (.text.mspm0_i2c_enable)
                  00005ec0    00000058     ti_msp_dl_config.o (.text.SYSCFG_DL_I2C_MPU6050_init)
                  00005f18    00000058     key.o (.text.adjust_white_black)
                  00005f70    00000056     libclang_rt.builtins.a : aeabi_idivmod.S.obj (.text.__aeabi_idivmod)
                  00005fc6    00000002     --HOLE-- [fill = 0]
                  00005fc8    00000054     ti_msp_dl_config.o (.text.SYSCFG_DL_init)
                  0000601c    00000050     mspm0_i2c.o (.text.DL_GPIO_initPeripheralInputFunctionFeatures)
                  0000606c    00000050     ti_msp_dl_config.o (.text.DL_GPIO_initPeripheralInputFunctionFeatures)
                  000060bc    00000050     mspm0_i2c.o (.text.DL_I2C_startControllerTransfer)
                  0000610c    00000050     pid.o (.text.PID_Init)
                  0000615c    00000050     clock.o (.text.SysTick_Config)
                  000061ac    00000050     ti_msp_dl_config.o (.text.SysTick_Config)
                  000061fc    0000004e     oled_software_i2c.o (.text.OLED_WR_Byte)
                  0000624a    00000002     --HOLE-- [fill = 0]
                  0000624c    0000004c     driverlib.a : dl_dma.o (.text.DL_DMA_initChannel)
                  00006298    0000004c     mspm0_i2c.o (.text.DL_GPIO_initDigitalInputFeatures)
                  000062e4    0000004c     ti_msp_dl_config.o (.text.DL_GPIO_initDigitalInputFeatures)
                  00006330    0000004c     ti_msp_dl_config.o (.text.DL_UART_setBaudRateDivisor)
                  0000637c    0000004c     libc.a : cpy_tbl.c.obj (.text.copy_in)
                  000063c8    0000004c            : autoinit.c.obj (.text:__TI_auto_init_nopinit)
                  00006414    0000004a     ti_msp_dl_config.o (.text.DL_ADC12_configConversionMem)
                  0000645e    00000002     --HOLE-- [fill = 0]
                  00006460    0000004a     libclang_rt.builtins.a : fixdfsi.S.obj (.text.__fixdfsi)
                  000064aa    00000002     --HOLE-- [fill = 0]
                  000064ac    00000048     driverlib.a : dl_uart.o (.text.DL_UART_init)
                  000064f4    00000048     ti_msp_dl_config.o (.text.SYSCFG_DL_UART_k230_init)
                  0000653c    00000048     inv_mpu_dmp_motion_driver.o (.text.dmp_enable_6x_lp_quat)
                  00006584    00000048     inv_mpu_dmp_motion_driver.o (.text.dmp_enable_lp_quat)
                  000065cc    00000048     mspm0_i2c.o (.text.mspm0_i2c_disable)
                  00006614    00000044     pid.o (.text.LimitMax)
                  00006658    00000044     inv_mpu_dmp_motion_driver.o (.text.dmp_set_shake_reject_thresh)
                  0000669c    00000044     inv_mpu_dmp_motion_driver.o (.text.dmp_set_tap_count)
                  000066e0    00000042     No_Mcu_Ganv_Grayscale_Sensor.o (.text.No_Mcu_Ganv_Sensor_Task_Without_tick)
                  00006722    00000002     --HOLE-- [fill = 0]
                  00006724    00000040     driverlib.a : dl_adc12.o (.text.DL_ADC12_setClockConfig)
                  00006764    00000040     libclang_rt.builtins.a : aeabi_uidivmod.S.obj (.text.__aeabi_uidivmod)
                  000067a4    00000040                            : extendsfdf2.S.obj (.text.__extendsfdf2)
                  000067e4    0000003e     mpu6050.o (.text.inv_orientation_matrix_to_scalar)
                  00006822    00000002     --HOLE-- [fill = 0]
                  00006824    0000003c     driverlib.a : dl_i2c.o (.text.DL_I2C_flushControllerTXFIFO)
                  00006860    0000003c     ti_msp_dl_config.o (.text.DL_Timer_setCounterControl)
                  0000689c    0000003c     No_Mcu_Ganv_Grayscale_Sensor.o (.text.Get_Anolog_Value)
                  000068d8    0000003c     led.o (.text.LED_KEY_Blink_Update)
                  00006914    0000003c     oled_software_i2c.o (.text.OLED_Set_Pos)
                  00006950    0000003c     pid.o (.text.PID_clear)
                  0000698c    0000003c     libclang_rt.builtins.a : floatsisf.S.obj (.text.__floatsisf)
                  000069c8    0000003c                            : comparesf2.S.obj (.text.__gtsf2)
                  00006a04    0000003c     clock.o (.text.mspm0_delay_ms)
                  00006a40    0000003c     Task.o (.text.task1)
                  00006a7c    0000003c     uart.o (.text.uart0_send_string)
                  00006ab8    0000003a     libclang_rt.builtins.a : comparesf2.S.obj (.text.__eqsf2)
                  00006af2    00000002     --HOLE-- [fill = 0]
                  00006af4    0000003a                            : muldsi3.S.obj (.text.__muldsi3)
                  00006b2e    00000002     --HOLE-- [fill = 0]
                  00006b30    00000038     oled_software_i2c.o (.text.I2C_Start)
                  00006b68    00000038     motor.o (.text.Motor_Pid_Init)
                  00006ba0    00000038     libclang_rt.builtins.a : fixsfsi.S.obj (.text.__fixsfsi)
                  00006bd8    00000038     libc.a : sprintf.c.obj (.text.sprintf)
                  00006c10    00000034     led.o (.text.LED_off)
                  00006c44    00000034     led.o (.text.LED_toggle)
                  00006c78    00000034     inv_mpu.o (.text.mpu_get_sample_rate)
                  00006cac    00000034     flash.o (.text.readBlackFromFlash)
                  00006ce0    00000034     flash.o (.text.readWhiteFromFlash)
                  00006d14    00000032     ti_msp_dl_config.o (.text.SYSCFG_DL_SYSCTL_init)
                  00006d46    00000002     --HOLE-- [fill = 0]
                  00006d48    00000032     libclang_rt.builtins.a : fixunssfsi.S.obj (.text.__fixunssfsi)
                  00006d7a    00000032     inv_mpu_dmp_motion_driver.o (.text.dmp_set_shake_reject_time)
                  00006dac    00000032     inv_mpu_dmp_motion_driver.o (.text.dmp_set_shake_reject_timeout)
                  00006dde    00000002     --HOLE-- [fill = 0]
                  00006de0    00000030     ti_msp_dl_config.o (.text.DL_DMA_setTransferSize)
                  00006e10    00000030     Task.o (.text.GetDistance)
                  00006e40    00000030     oled_software_i2c.o (.text.I2C_Stop)
                  00006e70    00000030     oled_software_i2c.o (.text.I2C_WaitAck)
                  00006ea0    00000030     inv_mpu_dmp_motion_driver.o (.text.dmp_set_tap_time)
                  00006ed0    00000030     inv_mpu_dmp_motion_driver.o (.text.dmp_set_tap_time_multi)
                  00006f00    00000030     oled_software_i2c.o (.text.oled_pow)
                  00006f30    0000002c     ti_msp_dl_config.o (.text.DL_ADC12_setDMASamplesCnt)
                  00006f5c    0000002c     flash.o (.text.DL_FlashCTL_waitForCmdDone)
                  00006f88    0000002c     encoder.o (.text.Encoder_HandleGPIOB)
                  00006fb4    0000002c     ti_msp_dl_config.o (.text.SYSCFG_DL_TIMER_Encoder_init)
                  00006fe0    0000002c     ti_msp_dl_config.o (.text.SYSCFG_DL_TIMER_Tick_init)
                  0000700c    0000002c     interrupt.o (.text.__NVIC_EnableIRQ)
                  00007038    0000002c     main.o (.text.__NVIC_EnableIRQ)
                  00007064    0000002c     libclang_rt.builtins.a : floatsidf.S.obj (.text.__floatsidf)
                  00007090    0000002c     clock.o (.text.mspm0_get_clock_ms)
                  000070bc    0000002c     uart.o (.text.uart0_send_char)
                  000070e8    00000028     mspm0_i2c.o (.text.DL_Common_updateReg)
                  00007110    00000028     ti_msp_dl_config.o (.text.DL_Common_updateReg)
                  00007138    00000028     main.o (.text.DL_DMA_setDestAddr)
                  00007160    00000028     main.o (.text.DL_DMA_setSrcAddr)
                  00007188    00000028     ti_msp_dl_config.o (.text.DL_I2C_setControllerRXFIFOThreshold)
                  000071b0    00000028     ti_msp_dl_config.o (.text.DL_I2C_setControllerTXFIFOThreshold)
                  000071d8    00000028     Distance.o (.text.Encoder_GetDistance_mm)
                  00007200    00000028     ti_msp_dl_config.o (.text.SYSCFG_DL_DMA_CH0_init)
                  00007228    00000028     delay.o (.text.Tick_delay)
                  00007250    00000028     Task.o (.text.Trace_Stop)
                  00007278    00000028     libclang_rt.builtins.a : floatunsisf.S.obj (.text.__floatunsisf)
                  000072a0    00000028     libc.a : boot_cortex_m.c.obj (.text:_c_int00_noargs)
                  000072c8    00000026     main.o (.text.DL_DMA_enableChannel)
                  000072ee    00000026     ti_msp_dl_config.o (.text.DL_I2C_setAnalogGlitchFilterPulseWidth)
                  00007314    00000026     driverlib.a : dl_i2c.o (.text.DL_I2C_setClockConfig)
                  0000733a    00000002     --HOLE-- [fill = 0]
                  0000733c    00000024                 : dl_flashctl.o (.text.DL_FlashCTL_programMemoryFromRAM64)
                  00007360    00000024     libclang_rt.builtins.a : floatunsidf.S.obj (.text.__floatunsidf)
                  00007384    00000022     libc.a : memccpy.c.obj (.text.memccpy)
                  000073a6    00000002     --HOLE-- [fill = 0]
                  000073a8    00000020     ti_msp_dl_config.o (.text.DL_GPIO_initPeripheralInputFunction)
                  000073c8    00000020     encoder.o (.text.Encoder_GetDelta)
                  000073e8    00000020     libc.a : memcmp.c.obj (.text.memcmp)
                  00007408    0000001e     ti_msp_dl_config.o (.text.DL_UART_setOversampling)
                  00007426    0000001e     motor.o (.text.Motor_Calc)
                  00007444    0000001e     delay.o (.text.delay_us)
                  00007462    00000002     --HOLE-- [fill = 0]
                  00007464    0000001c     ti_msp_dl_config.o (.text.DL_ADC12_enableDMA)
                  00007480    0000001c     ti_msp_dl_config.o (.text.DL_ADC12_enableDMATrigger)
                  0000749c    0000001c     main.o (.text.DL_ADC12_startConversion)
                  000074b8    0000001c     encoder.o (.text.DL_GPIO_clearInterruptStatus)
                  000074d4    0000001c     ti_msp_dl_config.o (.text.DL_GPIO_clearInterruptStatus)
                  000074f0    0000001c     trace.o (.text.DL_GPIO_clearInterruptStatus)
                  0000750c    0000001c     encoder.o (.text.DL_GPIO_disableInterrupt)
                  00007528    0000001c     mspm0_i2c.o (.text.DL_GPIO_enableHiZ)
                  00007544    0000001c     ti_msp_dl_config.o (.text.DL_GPIO_enableHiZ)
                  00007560    0000001c     encoder.o (.text.DL_GPIO_enableInterrupt)
                  0000757c    0000001c     ti_msp_dl_config.o (.text.DL_GPIO_enableInterrupt)
                  00007598    0000001c     ti_msp_dl_config.o (.text.DL_GPIO_initPeripheralOutputFunction)
                  000075b4    0000001c     ti_msp_dl_config.o (.text.DL_GPIO_setLowerPinsPolarity)
                  000075d0    0000001c     mpu6050.o (.text.DL_I2C_getSDAStatus)
                  000075ec    0000001c     mspm0_i2c.o (.text.DL_I2C_isControllerRXFIFOEmpty)
                  00007608    0000001c     ti_msp_dl_config.o (.text.DL_SYSCTL_setMCLKDivider)
                  00007624    0000001c     ti_msp_dl_config.o (.text.DL_SYSCTL_setSYSOSCFreq)
                  00007640    0000001c     ti_msp_dl_config.o (.text.DL_SYSCTL_setULPCLKDivider)
                  0000765c    0000001c     driverlib.a : dl_timer.o (.text.DL_Timer_setCaptCompUpdateMethod)
                  00007678    0000001c                 : dl_timer.o (.text.DL_Timer_setClockConfig)
                  00007694    0000001c     ti_msp_dl_config.o (.text.DL_UART_enableInterrupt)
                  000076b0    0000001c     Distance.o (.text.Encoder_GetDistance_cm)
                  000076cc    0000001c     interrupt.o (.text.Interrupt_Init)
                  000076e8    0000001c     inv_mpu_dmp_motion_driver.o (.text.dmp_load_motion_driver_firmware)
                  00007704    00000018     ti_msp_dl_config.o (.text.DL_ADC12_enablePower)
                  0000771c    00000018     ti_msp_dl_config.o (.text.DL_ADC12_reset)
                  00007734    00000018     ti_msp_dl_config.o (.text.DL_ADC12_setSampleTime0)
                  0000774c    00000018     driverlib.a : dl_flashctl.o (.text.DL_FlashCTL_eraseMemoryFromRAM)
                  00007764    00000018     mspm0_i2c.o (.text.DL_GPIO_enableOutput)
                  0000777c    00000018     ti_msp_dl_config.o (.text.DL_GPIO_enableOutput)
                  00007794    00000018     ti_msp_dl_config.o (.text.DL_GPIO_enablePower)
                  000077ac    00000018     mspm0_i2c.o (.text.DL_GPIO_initDigitalOutput)
                  000077c4    00000018     ti_msp_dl_config.o (.text.DL_GPIO_initDigitalOutput)
                  000077dc    00000018     ti_msp_dl_config.o (.text.DL_GPIO_reset)
                  000077f4    00000018     No_Mcu_Ganv_Grayscale_Sensor.o (.text.DL_GPIO_setPins)
                  0000780c    00000018     led.o (.text.DL_GPIO_setPins)
                  00007824    00000018     motor.o (.text.DL_GPIO_setPins)
                  0000783c    00000018     mspm0_i2c.o (.text.DL_GPIO_setPins)
                  00007854    00000018     oled_software_i2c.o (.text.DL_GPIO_setPins)
                  0000786c    00000018     ti_msp_dl_config.o (.text.DL_GPIO_setPins)
                  00007884    00000018     trace.o (.text.DL_GPIO_setPins)
                  0000789c    00000018     ti_msp_dl_config.o (.text.DL_GPIO_setUpperPinsPolarity)
                  000078b4    00000018     led.o (.text.DL_GPIO_togglePins)
                  000078cc    00000018     mspm0_i2c.o (.text.DL_I2C_clearInterruptStatus)
                  000078e4    00000018     ti_msp_dl_config.o (.text.DL_I2C_enableAnalogGlitchFilter)
                  000078fc    00000018     ti_msp_dl_config.o (.text.DL_I2C_enableController)
                  00007914    00000018     ti_msp_dl_config.o (.text.DL_I2C_enableControllerClockStretching)
                  0000792c    00000018     mspm0_i2c.o (.text.DL_I2C_enablePower)
                  00007944    00000018     ti_msp_dl_config.o (.text.DL_I2C_enablePower)
                  0000795c    00000018     mspm0_i2c.o (.text.DL_I2C_getRawInterruptStatus)
                  00007974    00000018     mspm0_i2c.o (.text.DL_I2C_reset)
                  0000798c    00000018     ti_msp_dl_config.o (.text.DL_I2C_reset)
                  000079a4    00000018     ti_msp_dl_config.o (.text.DL_I2C_setTimerPeriod)
                  000079bc    00000018     ti_msp_dl_config.o (.text.DL_SYSCTL_setBORThreshold)
                  000079d4    00000018     ti_msp_dl_config.o (.text.DL_Timer_enablePower)
                  000079ec    00000018     ti_msp_dl_config.o (.text.DL_Timer_reset)
                  00007a04    00000018     driverlib.a : dl_timer.o (.text.DL_Timer_setCaptureCompareOutCtl)
                  00007a1c    00000018     motor.o (.text.DL_Timer_startCounter)
                  00007a34    00000018     ti_msp_dl_config.o (.text.DL_UART_enablePower)
                  00007a4c    00000018     uart.o (.text.DL_UART_isBusy)
                  00007a64    00000018     ti_msp_dl_config.o (.text.DL_UART_reset)
                  00007a7c    00000018     led.o (.text.LED_KEY_Blink_Start)
                  00007a94    00000018     trace.o (.text.SlowForward)
                  00007aac    00000018     libc.a : sprintf.c.obj (.text._outs)
                  00007ac4    00000016     ti_msp_dl_config.o (.text.DL_ADC12_enableConversions)
                  00007ada    00000016     encoder.o (.text.DL_GPIO_readPins)
                  00007af0    00000016     key.o (.text.DL_GPIO_readPins)
                  00007b06    00000016     mspm0_i2c.o (.text.DL_GPIO_readPins)
                  00007b1c    00000016     trace.o (.text.DL_GPIO_readPins)
                  00007b32    00000016     mspm0_i2c.o (.text.DL_I2C_transmitControllerData)
                  00007b48    00000016     ti_msp_dl_config.o (.text.DL_UART_enable)
                  00007b5e    00000016     uart.o (.text.DL_UART_transmitData)
                  00007b74    00000014     balance.o (.text.Balance_FeedBallPos)
                  00007b88    00000014     No_Mcu_Ganv_Grayscale_Sensor.o (.text.DL_GPIO_clearPins)
                  00007b9c    00000014     led.o (.text.DL_GPIO_clearPins)
                  00007bb0    00000014     motor.o (.text.DL_GPIO_clearPins)
                  00007bc4    00000014     mspm0_i2c.o (.text.DL_GPIO_clearPins)
                  00007bd8    00000014     oled_software_i2c.o (.text.DL_GPIO_clearPins)
                  00007bec    00000014     ti_msp_dl_config.o (.text.DL_GPIO_clearPins)
                  00007c00    00000014     mspm0_i2c.o (.text.DL_I2C_getControllerStatus)
                  00007c14    00000014     mspm0_i2c.o (.text.DL_I2C_receiveControllerData)
                  00007c28    00000014     ti_msp_dl_config.o (.text.DL_I2C_resetControllerTransfer)
                  00007c3c    00000014     ti_msp_dl_config.o (.text.DL_SYSCTL_disableSYSPLL)
                  00007c50    00000014     ti_msp_dl_config.o (.text.DL_Timer_enableClock)
                  00007c64    00000014     ti_msp_dl_config.o (.text.DL_Timer_setCCPDirection)
                  00007c78    00000014     Task.o (.text.DL_UART_receiveData)
                  00007c8c    00000014     led.o (.text.LED_KEY_Blink_SetInterval)
                  00007ca0    00000014     led.o (.text.LED_KEY_Blink_Stop)
                  00007cb4    00000014     manu.o (.text.Menu_Init)
                  00007cc8    00000014     delay.o (.text.SysTick_Handler)
                  00007cdc    00000014     clock.o (.text.SysTick_Init)
                  00007cf0    00000014     Task.o (.text.Trace_Follow)
                  00007d04    00000014     inv_mpu_dmp_motion_driver.o (.text.dmp_register_android_orient_cb)
                  00007d18    00000014     inv_mpu_dmp_motion_driver.o (.text.dmp_register_tap_cb)
                  00007d2c    00000012     trace.o (.text.DL_GPIO_getPendingInterrupt)
                  00007d3e    00000012     Task.o (.text.DL_UART_getPendingInterrupt)
                  00007d50    00000012     driverlib.a : dl_uart.o (.text.DL_UART_setClockConfig)
                  00007d62    00000012     libc.a : memcpy16.S.obj (.text:TI_memcpy_small)
                  00007d74    00000012            : copy_decompress_none.c.obj (.text:decompress:none)
                  00007d86    00000002     --HOLE-- [fill = 0]
                  00007d88    00000010     ti_msp_dl_config.o (.text.DL_SYSCTL_disableHFXT)
                  00007d98    00000010     motor.o (.text.DL_Timer_getTimerCount)
                  00007da8    00000010     driverlib.a : dl_timer.o (.text.DL_Timer_setCaptureCompareValue)
                  00007db8    00000010     delay.o (.text.Tick_SysTickCallback)
                  00007dc8    00000010     oled_software_i2c.o (.text.delay_ms)
                  00007dd8    00000010     libc.a : copy_zero_init.c.obj (.text:decompress:ZI)
                  00007de8    0000000e     No_Mcu_Ganv_Grayscale_Sensor.o (.text.Get_Digtal_For_User)
                  00007df6    00000002     --HOLE-- [fill = 0]
                  00007df8    0000000e     libclang_rt.builtins.a : aeabi_memset.S.obj (.text.__aeabi_memset)
                  00007e06    0000000e     libc.a : _printfi.c.obj (.text.strlen)
                  00007e14    0000000e     mpu6050.o (.text.tap_cb)
                  00007e22    0000000e     libc.a : memset16.S.obj (.text:TI_memset_small)
                  00007e30    0000000c     ti_msp_dl_config.o (.text.SYSCFG_DL_SYSTICK_init)
                  00007e3c    0000000c     libclang_rt.builtins.a : aeabi_memset.S.obj (.text.__aeabi_memclr)
                  00007e48    0000000a     driverlib.a : dl_common.o (.text.DL_Common_delayCycles)
                  00007e52    0000000a     led.o (.text.LED_init)
                  00007e5c    0000000a     libc.a : e_asin.c.obj (.text.OUTLINED_FUNCTION_0)
                  00007e66    00000002     --HOLE-- [fill = 0]
                  00007e68    00000010     libclang_rt.builtins.a : muldf3.S.obj (.tramp.__aeabi_dmul.1)
                  00007e78    0000000a     libc.a : s_atan.c.obj (.text.OUTLINED_FUNCTION_0)
                  00007e82    0000000a            : e_asin.c.obj (.text.OUTLINED_FUNCTION_1)
                  00007e8c    0000000a            : e_asin.c.obj (.text.OUTLINED_FUNCTION_3)
                  00007e96    00000002     --HOLE-- [fill = 0]
                  00007e98    00000010     libclang_rt.builtins.a : divdf3.S.obj (.tramp.__aeabi_ddiv.1)
                  00007ea8    0000000a     libc.a : sprintf.c.obj (.text._outc)
                  00007eb2    0000000a     mpu6050.o (.text.android_orient_cb)
                  00007ebc    00000008     libc.a : s_atan.c.obj (.text.OUTLINED_FUNCTION_2)
                  00007ec4    00000008            : aeabi_portable.c.obj (.text.__aeabi_errno_addr)
                  00007ecc    00000008     libclang_rt.builtins.a : aeabi_memcpy.S.obj (.text.__aeabi_memcpy)
                  00007ed4    00000006     libc.a : s_atan.c.obj (.text.OUTLINED_FUNCTION_1)
                  00007eda    00000002     --HOLE-- [fill = 0]
                  00007edc    00000010     libclang_rt.builtins.a : adddf3.S.obj (.tramp.__aeabi_dadd.1)
                  00007eec    00000006     libc.a : e_asin.c.obj (.text.OUTLINED_FUNCTION_2)
                  00007ef2    00000006            : exit.c.obj (.text:abort)
                  00007ef8    00000004     startup_mspm0g350x_ticlang.o (.text.Default_Handler)
                  00007efc    00000004     libsysbm.a : hostexit.c.obj (.text.HOSTexit)
                  00007f00    00000004     libc.a : e_asin.c.obj (.text.OUTLINED_FUNCTION_4)
                  00007f04    00000004     startup_mspm0g350x_ticlang.o (.text.Reset_Handler)
                  00007f08    00000010     libc.a : boot_cortex_m.c.obj (.tramp._c_int00_noargs.1)
                  00007f18    00000004            : pre_init.c.obj (.text._system_pre_init)
                  00007f1c    00000010     driverlib.a : dl_flashctl.o (.tramp.DL_FlashCTL_executeCommandFromRAM.1)
                  00007f2c    00000004     --HOLE-- [fill = 0]

.TI.ramfunc 
*          0    00009480    00000060     RUN ADDR = 202006b0
                  00009480    00000060     driverlib.a : dl_flashctl.o (.TI.ramfunc)

.cinit     0    000094e0    00000058     
                  000094e0    00000031     (.cinit..data.load) [load image, compression = lzss]
                  00009511    00000003     --HOLE-- [fill = 0]
                  00009514    0000000c     (__TI_handler_table)
                  00009520    00000008     (.cinit..bss.load) [load image, compression = zero_init]
                  00009528    00000010     (__TI_cinit_table)

.rodata    0    00007f30    00001550     
                  00007f30    00000bf6     inv_mpu_dmp_motion_driver.o (.rodata.dmp_memory)
                  00008b26    000005f0     oled_software_i2c.o (.rodata.asc2_1608)
                  00009116    00000228     oled_software_i2c.o (.rodata.asc2_0806)
                  0000933e    00000002     ti_msp_dl_config.o (.rodata.gI2C_MPU6050ClockConfig)
                  00009340    00000040     libc.a : s_atan.c.obj (.rodata.cst32)
                  00009380    00000028     inv_mpu.o (.rodata.test)
                  000093a8    0000001e     inv_mpu.o (.rodata.reg)
                  000093c6    00000002     ti_msp_dl_config.o (.rodata.gUART_k230ClockConfig)
                  000093c8    00000018     ti_msp_dl_config.o (.rodata.gDMA_CH0Config)
                  000093e0    00000014     ti_msp_dl_config.o (.rodata.gTIMER_EncoderTimerConfig)
                  000093f4    00000014     ti_msp_dl_config.o (.rodata.gTIMER_TickTimerConfig)
                  00009408    00000012     main.o (.rodata.str1.15159059442110792349.1)
                  0000941a    00000011     libc.a : _printfi.c.obj (.rodata.str1.15363888844622738466.1)
                  0000942b    00000001     --HOLE-- [fill = 0]
                  0000942c    0000000c     inv_mpu.o (.rodata.hw)
                  00009438    0000000a     ti_msp_dl_config.o (.rodata.gUART_k230Config)
                  00009442    00000002     --HOLE-- [fill = 0]
                  00009444    00000008     ti_msp_dl_config.o (.rodata.gADC_VOLTAGEClockConfig)
                  0000944c    00000008     ti_msp_dl_config.o (.rodata.gPWM_MOTORConfig)
                  00009454    00000008     ti_msp_dl_config.o (.rodata.gPWM_ServoConfig)
                  0000945c    00000005     manu.o (.rodata.str1.460030272109017981.1)
                  00009461    00000003     ti_msp_dl_config.o (.rodata.gPWM_MOTORClockConfig)
                  00009464    00000004     led.o (.rodata.LED_PINS)
                  00009468    00000003     ti_msp_dl_config.o (.rodata.gPWM_ServoClockConfig)
                  0000946b    00000003     ti_msp_dl_config.o (.rodata.gTIMER_EncoderClockConfig)
                  0000946e    00000003     ti_msp_dl_config.o (.rodata.gTIMER_TickClockConfig)
                  00009471    00000003     main.o (.rodata.str1.17100691992556644108.1)
                  00009474    00000003     main.o (.rodata.str1.8154729771448623357.1)
                  00009477    00000003     Task.o (.rodata.str1.99587616205557558.1)
                  0000947a    00000006     --HOLE-- [fill = 0]

.init_array 
*          0    00000000    00000000     UNINITIALIZED

.binit     0    00009538    00000010     
                  00009538    00000010     (.binit)

.bss       0    20200000    000005d8     UNINITIALIZED
                  20200000    000000bc     (.common:gPWM_MOTORBackup)
                  202000bc    000000bc     (.common:gTIMER_EncoderBackup)
                  20200178    000000b0     (.common:sensor)
                  20200228    000000ac     (.common:motor_l)
                  202002d4    000000ac     (.common:motor_r)
                  20200380    000000a4     (.common:bal)
                  20200424    00000050     (.common:ADC_VALUE)
                  20200474    00000048     (.common:tracking_pid)
                  202004bc    00000048     (.common:yaw_pid)
                  20200504    00000030     (.common:gUART_k230Backup)
                  20200534    00000024     (.common:encL)
                  20200558    00000024     (.common:encR)
                  2020057c    00000010     Task.o (.bss.rx_buf)
                  2020058c    00000010     (.common:quat)
                  2020059c    0000000c     (.common:menu)
                  202005a8    00000006     (.common:accel)
                  202005ae    00000006     (.common:gyro)
                  202005b4    00000004     trace.o (.bss.RunStraight.target_yaw)
                  202005b8    00000004     (.common:long_pressed_key_time)
                  202005bc    00000004     (.common:pitch)
                  202005c0    00000004     (.common:roll)
                  202005c4    00000004     (.common:sensor_timestamp)
                  202005c8    00000004     (.common:state)
                  202005cc    00000004     (.common:tick_ms)
                  202005d0    00000004     (.common:yaw)
                  202005d4    00000002     (.common:sensors)
                  202005d6    00000001     (.common:Digtal)
                  202005d7    00000001     (.common:more)

.data      0    202005d8    000000d6     UNINITIALIZED
                  202005d8    0000002c     inv_mpu.o (.data.st)
                  20200604    00000010     trace.o (.data.Anolog)
                  20200614    00000010     trace.o (.data.black)
                  20200624    00000010     inv_mpu_dmp_motion_driver.o (.data.dmp)
                  20200634    00000010     trace.o (.data.white)
                  20200644    0000000e     mpu6050.o (.data.hal)
                  20200652    00000001     manu.o (.data.Menu_ShowOLED.last_cursor)
                  20200653    00000001     manu.o (.data.Menu_ShowOLED.last_state)
                  20200654    0000000c     led.o (.data.keyBlinkCtrl)
                  20200660    00000009     mpu6050.o (.data.gyro_orientation)
                  20200669    00000001     main.o (.data.OLED_ShowTimer.first)
                  2020066a    00000001     trace.o (.data.RunStraight.first)
                  2020066b    00000001     trace.o (.data.Turn_angel.ok_cnt)
                  2020066c    00000004     trace.o (.data.Control.last_loop_tick)
                  20200670    00000004     key.o (.data.Key_Process.last_blink_time)
                  20200674    00000004     manu.o (.data.Menu_ShowOLED.last_sec)
                  20200678    00000004     trace.o (.data.Motor_Ctrl.corr_filtered)
                  2020067c    00000004     main.o (.data.OLED_ShowTimer.last_oled)
                  20200680    00000004     delay.o (.data.Tick)
                  20200684    00000004     trace.o (.data.Turn_angel.target_heading)
                  20200688    00000004     libc.a : aeabi_portable.c.obj (.data.__aeabi_errno)
                  2020068c    00000004     trace.o (.data.base_target_speed)
                  20200690    00000004     trace.o (.data.current_yaw)
                  20200694    00000004     key.o (.data.last_key_time)
                  20200698    00000004     Task.o (.data.rx_ball)
                  2020069c    00000004     trace.o (.data.target_angle)
                  202006a0    00000004     main.o (.data.tick_start)
                  202006a4    00000001     trace.o (.data.Turn_angel.target_set)
                  202006a5    00000001     trace.o (.data.drive_mode)
                  202006a6    00000001     interrupt.o (.data.enable_group1_irq)
                  202006a7    00000001     trace.o (.data.heading_relock)
                  202006a8    00000001     key.o (.data.key_pressed)
                  202006a9    00000001     key.o (.data.long_err_flag)
                  202006aa    00000001     main.o (.data.main.first_frame)
                  202006ab    00000001     Task.o (.data.rx_done)
                  202006ac    00000001     Task.o (.data.rx_idx)
                  202006ad    00000001     Task.o (.data.task1.finish)

.stack     0    20207e00    00000200     UNINITIALIZED
                  20207e00    00000004     libc.a : boot_cortex_m.c.obj (.stack)
                  20207e04    000001fc     --HOLE--

__llvm_prf_cnts 
*          0    20200000    00000000     UNINITIALIZED

__llvm_prf_bits 
*          0    20200000    00000000     UNINITIALIZED

MODULE SUMMARY

       Module                           code    ro data   rw data
       ------                           ----    -------   -------
    .\
       ti_msp_dl_config.o               3336    114       424    
       main.o                           910     24        10     
       startup_mspm0g350x_ticlang.o     8       192       0      
    +--+--------------------------------+-------+---------+---------+
       Total:                           4254    330       434    
                                                                 
    .\Driver\
       No_Mcu_Ganv_Grayscale_Sensor.o   1152    0         0      
       key.o                            674     0         18     
       encoder.o                        418     0         72     
       led.o                            434     4         12     
       flash.o                          328     0         0      
       adc.o                            136     0         80     
       uart.o                           150     0         0      
       delay.o                          106     0         4      
    +--+--------------------------------+-------+---------+---------+
       Total:                           3398    4         186    
                                                                 
    .\Drivers\MPU6050\
       inv_mpu_dmp_motion_driver.o      3110    3062      16     
       inv_mpu.o                        4600    82        44     
       mspm0_i2c.o                      1368    0         0      
       mpu6050.o                        1144    0         70     
    +--+--------------------------------+-------+---------+---------+
       Total:                           10222   3144      130    
                                                                 
    .\Drivers\MSPM0\
       clock.o                          336     0         4      
       interrupt.o                      72      0         1      
    +--+--------------------------------+-------+---------+---------+
       Total:                           408     0         5      
                                                                 
    .\Drivers\OLED_Software_I2C\
       oled_software_i2c.o              1516    2072      0      
    +--+--------------------------------+-------+---------+---------+
       Total:                           1516    2072      0      
                                                                 
    .\Motor\
       motor.o                          822     0         0      
    +--+--------------------------------+-------+---------+---------+
       Total:                           822     0         0      
                                                                 
    .\User\Distance\
       Distance.o                       68      0         0      
    +--+--------------------------------+-------+---------+---------+
       Total:                           68      0         0      
                                                                 
    .\User\PID\
       pid.o                            644     0         0      
    +--+--------------------------------+-------+---------+---------+
       Total:                           644     0         0      
                                                                 
    .\User\Task\
       Task.o                           680     3         23     
    +--+--------------------------------+-------+---------+---------+
       Total:                           680     3         23     
                                                                 
    .\User\balance\
       balance.o                        136     0         164    
    +--+--------------------------------+-------+---------+---------+
       Total:                           136     0         164    
                                                                 
    .\User\manu\
       manu.o                           436     5         18     
    +--+--------------------------------+-------+---------+---------+
       Total:                           436     5         18     
                                                                 
    .\User\trace\
       trace.o                          1960    0         746    
    +--+--------------------------------+-------+---------+---------+
       Total:                           1960    0         746    
                                                                 
    D:/ti/mspm0_sdk_2_10_00_04/source/ti/driverlib/lib/ticlang/m0p/mspm0g1x0x_g3x0x/driverlib.a
       dl_timer.o                       608     0         0      
       dl_flashctl.o                    484     0         0      
       dl_i2c.o                         192     0         0      
       dl_uart.o                        90      0         0      
       dl_dma.o                         76      0         0      
       dl_adc12.o                       64      0         0      
       dl_common.o                      10      0         0      
    +--+--------------------------------+-------+---------+---------+
       Total:                           1524    0         0      
                                                                 
    D:\ti\ccs2051\ccs\tools\compiler\ti-cgt-armllvm_4.0.4.LTS\lib\armv6m-ti-none-eabi/c/libc.a
       e_asin.c.obj                     908     0         0      
       s_atan.c.obj                     784     64        0      
       _printfi.c.obj                   658     17        0      
       e_atan2.c.obj                    392     0         0      
       e_sqrt.c.obj                     368     0         0      
       copy_decompress_lzss.c.obj       124     0         0      
       sprintf.c.obj                    90      0         0      
       autoinit.c.obj                   76      0         0      
       cpy_tbl.c.obj                    76      0         0      
       boot_cortex_m.c.obj              56      0         0      
       memccpy.c.obj                    34      0         0      
       memcmp.c.obj                     32      0         0      
       copy_decompress_none.c.obj       18      0         0      
       memcpy16.S.obj                   18      0         0      
       copy_zero_init.c.obj             16      0         0      
       memset16.S.obj                   14      0         0      
       aeabi_portable.c.obj             8       0         4      
       exit.c.obj                       6       0         0      
       pre_init.c.obj                   4       0         0      
    +--+--------------------------------+-------+---------+---------+
       Total:                           3682    81        4      
                                                                 
    D:\ti\ccs2051\ccs\tools\compiler\ti-cgt-armllvm_4.0.4.LTS\lib\armv6m-ti-none-eabi/c/libsysbm.a
       hostexit.c.obj                   4       0         0      
    +--+--------------------------------+-------+---------+---------+
       Total:                           4       0         0      
                                                                 
    D:\ti\ccs2051\ccs\tools\compiler\ti-cgt-armllvm_4.0.4.LTS\lib\armv6m-ti-none-eabi/libclang_rt.builtins.a
       adddf3.S.obj                     418     0         0      
       divdf3.S.obj                     284     0         0      
       muldf3.S.obj                     244     0         0      
       comparedf2.c.obj                 220     0         0      
       addsf3.S.obj                     216     0         0      
       mulsf3.S.obj                     140     0         0      
       divsf3.S.obj                     130     0         0      
       comparesf2.S.obj                 118     0         0      
       truncdfsf2.S.obj                 116     0         0      
       aeabi_dcmp.S.obj                 98      0         0      
       aeabi_fcmp.S.obj                 98      0         0      
       aeabi_idivmod.S.obj              86      0         0      
       fixdfsi.S.obj                    74      0         0      
       aeabi_uidivmod.S.obj             64      0         0      
       extendsfdf2.S.obj                64      0         0      
       floatsisf.S.obj                  60      0         0      
       muldsi3.S.obj                    58      0         0      
       fixsfsi.S.obj                    56      0         0      
       fixunssfsi.S.obj                 50      0         0      
       floatsidf.S.obj                  44      0         0      
       floatunsisf.S.obj                40      0         0      
       floatunsidf.S.obj                36      0         0      
       aeabi_memset.S.obj               26      0         0      
       aeabi_memcpy.S.obj               8       0         0      
       aeabi_div0.c.obj                 2       0         0      
    +--+--------------------------------+-------+---------+---------+
       Total:                           2750    0         0      
                                                                 
       Stack:                           0       0         512    
       Linker Generated:                0       101       0      
    +--+--------------------------------+-------+---------+---------+
       Grand Total:                     32504   5740      2222   


LINKER GENERATED COPY TABLES

__TI_cinit_table @ 00009528 records: 2, size/record: 8, table size: 16
	.data: load addr=000094e0, load size=00000031 bytes, run addr=202005d8, run size=000000d6 bytes, compression=lzss
	.bss: load addr=00009520, load size=00000008 bytes, run addr=20200000, run size=000005d8 bytes, compression=zero_init
binit @ 00009538 records: 1, size/record: 12, table size: 16
	.TI.ramfunc: load addr=00009480, load size=00000060, run addr=202006b0, run size=00000060, compression=none


LINKER GENERATED HANDLER TABLE

__TI_handler_table @ 00009514 records: 3, size/record: 4, table size: 12
	index: 0, handler: __TI_decompress_lzss
	index: 1, handler: __TI_decompress_none
	index: 2, handler: __TI_zero_init


FAR CALL TRAMPOLINES

callee name               trampoline name
   callee addr  tramp addr   call addr  call info
--------------  -----------  ---------  ----------------
__aeabi_dmul              $Tramp$TT$L$PI$$__aeabi_dmul
   00003c29     00007e68     00007e64   libc.a : e_asin.c.obj (.text.OUTLINED_FUNCTION_0)
                             00007e80          : s_atan.c.obj (.text.OUTLINED_FUNCTION_0)
                             00007e8a          : e_asin.c.obj (.text.OUTLINED_FUNCTION_1)
                             00007ec2          : s_atan.c.obj (.text.OUTLINED_FUNCTION_2)
                             00007ef0          : e_asin.c.obj (.text.OUTLINED_FUNCTION_2)
__aeabi_ddiv              $Tramp$TT$L$PI$$__aeabi_ddiv
   0000324d     00007e98     00007e94   libc.a : e_asin.c.obj (.text.OUTLINED_FUNCTION_3)
__aeabi_dadd              $Tramp$TT$L$PI$$__aeabi_dadd
   00001d8f     00007edc     00007ed8   libc.a : s_atan.c.obj (.text.OUTLINED_FUNCTION_1)
                             00007f02          : e_asin.c.obj (.text.OUTLINED_FUNCTION_4)
_c_int00_noargs           $Tramp$TT$L$PI$$_c_int00_noargs
   000072a1     00007f08     00007f04   startup_mspm0g350x_ticlang.o (.text.Reset_Handler)
DL_FlashCTL_executeCommandFromRAM  $Tramp$TT$L$PI$$DL_FlashCTL_executeCommandFromRAM
   202006b1     00007f1c     00007354   driverlib.a : dl_flashctl.o (.text.DL_FlashCTL_programMemoryFromRAM64)
                             0000775a               : dl_flashctl.o (.text.DL_FlashCTL_eraseMemoryFromRAM)

[5 trampolines]
[11 trampoline calls]


GLOBAL SYMBOLS: SORTED ALPHABETICALLY BY Name 

address   name                                
-------   ----                                
00007ef9  ADC0_IRQHandler                     
00007ef9  ADC1_IRQHandler                     
20200424  ADC_VALUE                           
00007ef9  AES_IRQHandler                      
20200604  Anolog                              
00007b75  Balance_FeedBallPos                 
000055c1  Balance_Init                        
00007efc  C$$EXIT                             
00007ef9  CANFD0_IRQHandler                   
00005c85  Calculate_Heading_Error             
00004e55  Calculate_Position_Error            
000016d1  Control                             
00007ef9  DAC0_IRQHandler                     
00006725  DL_ADC12_setClockConfig             
00007e49  DL_Common_delayCycles               
0000624d  DL_DMA_initChannel                  
0000774d  DL_FlashCTL_eraseMemoryFromRAM      
0000733d  DL_FlashCTL_programMemoryFromRAM64  
00003df1  DL_FlashCTL_unprotectSector         
00005e05  DL_I2C_fillControllerTXFIFO         
00006825  DL_I2C_flushControllerTXFIFO        
00007315  DL_I2C_setClockConfig               
00003461  DL_Timer_initFourCCPWMMode          
00003665  DL_Timer_initTimerMode              
0000765d  DL_Timer_setCaptCompUpdateMethod    
00007a05  DL_Timer_setCaptureCompareOutCtl    
00007da9  DL_Timer_setCaptureCompareValue     
00007679  DL_Timer_setClockConfig             
000064ad  DL_UART_init                        
00007d51  DL_UART_setClockConfig              
00007ef9  DMA_IRQHandler                      
00007ef9  Default_Handler                     
202005d6  Digtal                              
000073c9  Encoder_GetDelta                    
000076b1  Encoder_GetDistance_cm              
000071d9  Encoder_GetDistance_mm              
000051ad  Encoder_HandleGPIOA                 
00006f89  Encoder_HandleGPIOB                 
00005af5  Encoder_Init                        
00007ef9  GROUP0_IRQHandler                   
00004211  GROUP1_IRQHandler                   
00004519  Get_Analog_value                    
0000689d  Get_Anolog_Value                    
00007de9  Get_Digtal_For_User                 
00007efd  HOSTexit                            
00007ef9  HardFault_Handler                   
00007ef9  I2C0_IRQHandler                     
00007ef9  I2C1_IRQHandler                     
00006b31  I2C_Start                           
00006e41  I2C_Stop                            
00006e71  I2C_WaitAck                         
000076cd  Interrupt_Init                      
00000e51  Key_Process                         
00007c8d  LED_KEY_Blink_SetInterval           
00007a7d  LED_KEY_Blink_Start                 
00007ca1  LED_KEY_Blink_Stop                  
000068d9  LED_KEY_Blink_Update                
00007e53  LED_init                            
00006c11  LED_off                             
00005449  LED_setAll                          
00006c45  LED_toggle                          
000027e1  MPU6050_Init                        
00007cb5  Menu_Init                           
00003a4d  Menu_ShowOLED                       
0000473d  Menu_Update                         
0000385d  Motor_Ctrl                          
00004f75  Motor_Init                          
00007ef9  NMI_Handler                         
00001f19  No_MCU_Ganv_Sensor_Init             
00005799  No_MCU_Ganv_Sensor_Init_Frist       
000066e1  No_Mcu_Ganv_Sensor_Task_Without_tick
00005955  OLED_Clear                          
00003761  OLED_Init                           
00006915  OLED_Set_Pos                        
00003029  OLED_ShowChar                       
00003955  OLED_ShowNum                        
0000580b  OLED_ShowString                     
00002691  OLED_ShowTimer                      
000061fd  OLED_WR_Byte                        
00001885  PID_Calc                            
0000610d  PID_Init                            
00006951  PID_clear                           
00007ef9  PendSV_Handler                      
00007ef9  RTC_IRQHandler                      
00001085  Read_Quad                           
00007f05  Reset_Handler                       
00004bed  RunStraight                         
00007ef9  SPI0_IRQHandler                     
00007ef9  SPI1_IRQHandler                     
00007ef9  SVC_Handler                         
0000587d  SYSCFG_DL_ADC_VOLTAGE_init          
00007201  SYSCFG_DL_DMA_CH0_init              
000056a9  SYSCFG_DL_DMA_init                  
00001a39  SYSCFG_DL_GPIO_init                 
00005ec1  SYSCFG_DL_I2C_MPU6050_init          
00005005  SYSCFG_DL_PWM_MOTOR_init            
00005b59  SYSCFG_DL_PWM_Servo_init            
00006d15  SYSCFG_DL_SYSCTL_init               
00007e31  SYSCFG_DL_SYSTICK_init              
00006fb5  SYSCFG_DL_TIMER_Encoder_init        
00006fe1  SYSCFG_DL_TIMER_Tick_init           
000064f5  SYSCFG_DL_UART_k230_init            
00005fc9  SYSCFG_DL_init                      
000047ed  SYSCFG_DL_initPower                 
000054c9  Send_Byte                           
00007a95  SlowForward                         
00002ddd  StrToFloat                          
00007cc9  SysTick_Handler                     
00007cdd  SysTick_Init                        
00007ef9  TIMA0_IRQHandler                    
00007ef9  TIMA1_IRQHandler                    
00007ef9  TIMG0_IRQHandler                    
00007ef9  TIMG12_IRQHandler                   
00007ef9  TIMG6_IRQHandler                    
00007ef9  TIMG7_IRQHandler                    
00007ef9  TIMG8_IRQHandler                    
00007d63  TI_memcpy_small                     
00007e23  TI_memset_small                     
20200680  Tick                                
00007db9  Tick_SysTickCallback                
00007229  Tick_delay                          
00007cf1  Trace_Follow                        
00007251  Trace_Stop                          
00002b89  Trace_init                          
00003141  Turn_angel                          
00007ef9  UART0_IRQHandler                    
00007ef9  UART1_IRQHandler                    
00007ef9  UART2_IRQHandler                    
0000489d  UART3_IRQHandler                    
20208000  __STACK_END                         
00000200  __STACK_SIZE                        
00000000  __TI_ATRegion0_region_sz            
00000000  __TI_ATRegion0_src_addr             
00000000  __TI_ATRegion0_trg_addr             
00000000  __TI_ATRegion1_region_sz            
00000000  __TI_ATRegion1_src_addr             
00000000  __TI_ATRegion1_trg_addr             
00000000  __TI_ATRegion2_region_sz            
00000000  __TI_ATRegion2_src_addr             
00000000  __TI_ATRegion2_trg_addr             
00009528  __TI_CINIT_Base                     
00009538  __TI_CINIT_Limit                    
00009538  __TI_CINIT_Warm                     
00009514  __TI_Handler_Table_Base             
00009520  __TI_Handler_Table_Limit            
000063c9  __TI_auto_init_nopinit              
00005545  __TI_decompress_lzss                
00007d75  __TI_decompress_none                
ffffffff  __TI_pprof_out_hndl                 
0000071d  __TI_printfi_minimal                
ffffffff  __TI_prof_data_size                 
ffffffff  __TI_prof_data_start                
00000000  __TI_static_base__                  
00009538  __TI_table_binit                    
00007dd9  __TI_zero_init                      
00001d8f  __adddf3                            
00003ed3  __addsf3                            
000056b1  __aeabi_d2f                         
00006461  __aeabi_d2iz                        
00001d8f  __aeabi_dadd                        
00005bbd  __aeabi_dcmpeq                      
00005bf9  __aeabi_dcmpge                      
00005c0d  __aeabi_dcmpgt                      
00005be5  __aeabi_dcmple                      
00005bd1  __aeabi_dcmplt                      
0000324d  __aeabi_ddiv                        
00003c29  __aeabi_dmul                        
00001d85  __aeabi_dsub                        
20200688  __aeabi_errno                       
00007ec5  __aeabi_errno_addr                  
000067a5  __aeabi_f2d                         
00006ba1  __aeabi_f2iz                        
00006d49  __aeabi_f2uiz                       
00003ed3  __aeabi_fadd                        
00005c21  __aeabi_fcmpeq                      
00005c5d  __aeabi_fcmpge                      
00005c71  __aeabi_fcmpgt                      
00005c49  __aeabi_fcmple                      
00005c35  __aeabi_fcmplt                      
000053c5  __aeabi_fdiv                        
00005095  __aeabi_fmul                        
00003ec9  __aeabi_fsub                        
00007065  __aeabi_i2d                         
0000698d  __aeabi_i2f                         
00005f71  __aeabi_idiv                        
00001f17  __aeabi_idiv0                       
00005f71  __aeabi_idivmod                     
00007e3d  __aeabi_memclr                      
00007e3d  __aeabi_memclr4                     
00007e3d  __aeabi_memclr8                     
00007ecd  __aeabi_memcpy                      
00007ecd  __aeabi_memcpy4                     
00007ecd  __aeabi_memcpy8                     
00007df9  __aeabi_memset                      
00007df9  __aeabi_memset4                     
00007df9  __aeabi_memset8                     
00007361  __aeabi_ui2d                        
00007279  __aeabi_ui2f                        
00006765  __aeabi_uidiv                       
00006765  __aeabi_uidivmod                    
00009538  __binit__                           
000059c1  __cmpdf2                            
00006ab9  __cmpsf2                            
0000324d  __divdf3                            
000053c5  __divsf3                            
000059c1  __eqdf2                             
00006ab9  __eqsf2                             
000067a5  __extendsfdf2                       
00006461  __fixdfsi                           
00006ba1  __fixsfsi                           
00006d49  __fixunssfsi                        
00007065  __floatsidf                         
0000698d  __floatsisf                         
00007361  __floatunsidf                       
00007279  __floatunsisf                       
00005635  __gedf2                             
000069c9  __gesf2                             
00005635  __gtdf2                             
000069c9  __gtsf2                             
000059c1  __ledf2                             
00006ab9  __lesf2                             
000059c1  __ltdf2                             
00006ab9  __ltsf2                             
UNDEFED   __mpu_init                          
00003c29  __muldf3                            
00006af5  __muldsi3                           
00005095  __mulsf3                            
000059c1  __nedf2                             
00006ab9  __nesf2                             
20207e00  __stack                             
20200000  __start___llvm_prf_bits             
20200000  __start___llvm_prf_cnts             
20200000  __stop___llvm_prf_bits              
20200000  __stop___llvm_prf_cnts              
00001d85  __subdf3                            
00003ec9  __subsf3                            
000056b1  __truncdfsf2                        
000072a1  _c_int00_noargs                     
UNDEFED   _system_post_cinit                  
00007f19  _system_pre_init                    
00007ef3  abort                               
202005a8  accel                               
00005235  adc_getValue                        
00005f19  adjust_white_black                  
00009116  asc2_0806                           
00008b26  asc2_1608                           
000000c1  asin                                
000000c1  asinl                               
00000425  atan                                
000020a1  atan2                               
000020a1  atan2l                              
00000425  atanl                               
20200380  bal                                 
2020068c  base_target_speed                   
00009538  binit                               
20200614  black                               
000058e9  convertAnalogToDigital              
0000637d  copy_in                             
20200690  current_yaw                         
00007dc9  delay_ms                            
00007445  delay_us                            
0000653d  dmp_enable_6x_lp_quat               
000009a1  dmp_enable_feature                  
00005ce5  dmp_enable_gyro_cal                 
00006585  dmp_enable_lp_quat                  
000076e9  dmp_load_motion_driver_firmware     
000014dd  dmp_read_fifo                       
00007d05  dmp_register_android_orient_cb      
00007d19  dmp_register_tap_cb                 
00004d25  dmp_set_fifo_rate                   
000023a9  dmp_set_orientation                 
00006659  dmp_set_shake_reject_thresh         
00006d7b  dmp_set_shake_reject_time           
00006dad  dmp_set_shake_reject_timeout        
00005a29  dmp_set_tap_axes                    
0000669d  dmp_set_tap_count                   
00000c19  dmp_set_tap_thresh                  
00006ea1  dmp_set_tap_time                    
00006ed1  dmp_set_tap_time_multi              
202006a5  drive_mode                          
202006a6  enable_group1_irq                   
20200534  encL                                
20200558  encR                                
20200000  gPWM_MOTORBackup                    
202000bc  gTIMER_EncoderBackup                
20200504  gUART_k230Backup                    
202005ae  gyro                                
202006a7  heading_relock                      
0000942c  hw                                  
00000000  interruptVectors                    
202006a8  key_pressed                         
20200694  last_key_time                       
202006a9  long_err_flag                       
202005b8  long_pressed_key_time               
00002229  main                                
00007385  memccpy                             
000073e9  memcmp                              
2020059c  menu                                
202005d7  more                                
20200228  motor_l                             
202002d4  motor_r                             
00005d45  mpu6050_i2c_sda_unlock              
0000445d  mpu_configure_fifo                  
00005725  mpu_get_accel_fsr                   
00005da5  mpu_get_gyro_fsr                    
00006c79  mpu_get_sample_rate                 
00002cb5  mpu_init                            
00002f05  mpu_load_firmware                   
00003565  mpu_lp_accel_mode                   
00003359  mpu_read_fifo_stream                
00004949  mpu_read_mem                        
000012b1  mpu_reset_fifo                      
00003d0d  mpu_set_accel_fsr                   
00001be5  mpu_set_bypass                      
000045d1  mpu_set_dmp_state                   
000042d5  mpu_set_gyro_fsr                    
00004c89  mpu_set_int_latched                 
00004075  mpu_set_lpf                         
00003b3d  mpu_set_sample_rate                 
00002a59  mpu_set_sensors                     
000049f5  mpu_write_mem                       
00006a05  mspm0_delay_ms                      
00007091  mspm0_get_clock_ms                  
00002925  mspm0_i2c_read                      
00004399  mspm0_i2c_write                     
00004aa1  normalizeAnalogValues               
00006f01  oled_pow                            
202005bc  pitch                               
2020058c  quat                                
00006cad  readBlackFromFlash                  
00006ce1  readWhiteFromFlash                  
000093a8  reg                                 
202005c0  roll                                
20200698  rx_ball                             
202006ab  rx_done                             
20200178  sensor                              
202005c4  sensor_timestamp                    
202005d4  sensors                             
00006bd9  sprintf                             
00002521  sqrt                                
00002521  sqrtl                               
202005c8  state                               
2020069c  target_angle                        
00006a41  task1                               
00002f03  task2                               
0000385b  task3                               
00003a4b  task4                               
00004b4b  task5                               
00009380  test                                
202005cc  tick_ms                             
202006a0  tick_start                          
20200474  tracking_pid                        
000070bd  uart0_send_char                     
00006a7d  uart0_send_string                   
20200634  white                               
00004689  writeToFlash                        
202005d0  yaw                                 
202004bc  yaw_pid                             


GLOBAL SYMBOLS: SORTED BY Symbol Address 

address   name                                
-------   ----                                
00000000  __TI_ATRegion0_region_sz            
00000000  __TI_ATRegion0_src_addr             
00000000  __TI_ATRegion0_trg_addr             
00000000  __TI_ATRegion1_region_sz            
00000000  __TI_ATRegion1_src_addr             
00000000  __TI_ATRegion1_trg_addr             
00000000  __TI_ATRegion2_region_sz            
00000000  __TI_ATRegion2_src_addr             
00000000  __TI_ATRegion2_trg_addr             
00000000  __TI_static_base__                  
00000000  interruptVectors                    
000000c1  asin                                
000000c1  asinl                               
00000200  __STACK_SIZE                        
00000425  atan                                
00000425  atanl                               
0000071d  __TI_printfi_minimal                
000009a1  dmp_enable_feature                  
00000c19  dmp_set_tap_thresh                  
00000e51  Key_Process                         
00001085  Read_Quad                           
000012b1  mpu_reset_fifo                      
000014dd  dmp_read_fifo                       
000016d1  Control                             
00001885  PID_Calc                            
00001a39  SYSCFG_DL_GPIO_init                 
00001be5  mpu_set_bypass                      
00001d85  __aeabi_dsub                        
00001d85  __subdf3                            
00001d8f  __adddf3                            
00001d8f  __aeabi_dadd                        
00001f17  __aeabi_idiv0                       
00001f19  No_MCU_Ganv_Sensor_Init             
000020a1  atan2                               
000020a1  atan2l                              
00002229  main                                
000023a9  dmp_set_orientation                 
00002521  sqrt                                
00002521  sqrtl                               
00002691  OLED_ShowTimer                      
000027e1  MPU6050_Init                        
00002925  mspm0_i2c_read                      
00002a59  mpu_set_sensors                     
00002b89  Trace_init                          
00002cb5  mpu_init                            
00002ddd  StrToFloat                          
00002f03  task2                               
00002f05  mpu_load_firmware                   
00003029  OLED_ShowChar                       
00003141  Turn_angel                          
0000324d  __aeabi_ddiv                        
0000324d  __divdf3                            
00003359  mpu_read_fifo_stream                
00003461  DL_Timer_initFourCCPWMMode          
00003565  mpu_lp_accel_mode                   
00003665  DL_Timer_initTimerMode              
00003761  OLED_Init                           
0000385b  task3                               
0000385d  Motor_Ctrl                          
00003955  OLED_ShowNum                        
00003a4b  task4                               
00003a4d  Menu_ShowOLED                       
00003b3d  mpu_set_sample_rate                 
00003c29  __aeabi_dmul                        
00003c29  __muldf3                            
00003d0d  mpu_set_accel_fsr                   
00003df1  DL_FlashCTL_unprotectSector         
00003ec9  __aeabi_fsub                        
00003ec9  __subsf3                            
00003ed3  __addsf3                            
00003ed3  __aeabi_fadd                        
00004075  mpu_set_lpf                         
00004211  GROUP1_IRQHandler                   
000042d5  mpu_set_gyro_fsr                    
00004399  mspm0_i2c_write                     
0000445d  mpu_configure_fifo                  
00004519  Get_Analog_value                    
000045d1  mpu_set_dmp_state                   
00004689  writeToFlash                        
0000473d  Menu_Update                         
000047ed  SYSCFG_DL_initPower                 
0000489d  UART3_IRQHandler                    
00004949  mpu_read_mem                        
000049f5  mpu_write_mem                       
00004aa1  normalizeAnalogValues               
00004b4b  task5                               
00004bed  RunStraight                         
00004c89  mpu_set_int_latched                 
00004d25  dmp_set_fifo_rate                   
00004e55  Calculate_Position_Error            
00004f75  Motor_Init                          
00005005  SYSCFG_DL_PWM_MOTOR_init            
00005095  __aeabi_fmul                        
00005095  __mulsf3                            
000051ad  Encoder_HandleGPIOA                 
00005235  adc_getValue                        
000053c5  __aeabi_fdiv                        
000053c5  __divsf3                            
00005449  LED_setAll                          
000054c9  Send_Byte                           
00005545  __TI_decompress_lzss                
000055c1  Balance_Init                        
00005635  __gedf2                             
00005635  __gtdf2                             
000056a9  SYSCFG_DL_DMA_init                  
000056b1  __aeabi_d2f                         
000056b1  __truncdfsf2                        
00005725  mpu_get_accel_fsr                   
00005799  No_MCU_Ganv_Sensor_Init_Frist       
0000580b  OLED_ShowString                     
0000587d  SYSCFG_DL_ADC_VOLTAGE_init          
000058e9  convertAnalogToDigital              
00005955  OLED_Clear                          
000059c1  __cmpdf2                            
000059c1  __eqdf2                             
000059c1  __ledf2                             
000059c1  __ltdf2                             
000059c1  __nedf2                             
00005a29  dmp_set_tap_axes                    
00005af5  Encoder_Init                        
00005b59  SYSCFG_DL_PWM_Servo_init            
00005bbd  __aeabi_dcmpeq                      
00005bd1  __aeabi_dcmplt                      
00005be5  __aeabi_dcmple                      
00005bf9  __aeabi_dcmpge                      
00005c0d  __aeabi_dcmpgt                      
00005c21  __aeabi_fcmpeq                      
00005c35  __aeabi_fcmplt                      
00005c49  __aeabi_fcmple                      
00005c5d  __aeabi_fcmpge                      
00005c71  __aeabi_fcmpgt                      
00005c85  Calculate_Heading_Error             
00005ce5  dmp_enable_gyro_cal                 
00005d45  mpu6050_i2c_sda_unlock              
00005da5  mpu_get_gyro_fsr                    
00005e05  DL_I2C_fillControllerTXFIFO         
00005ec1  SYSCFG_DL_I2C_MPU6050_init          
00005f19  adjust_white_black                  
00005f71  __aeabi_idiv                        
00005f71  __aeabi_idivmod                     
00005fc9  SYSCFG_DL_init                      
0000610d  PID_Init                            
000061fd  OLED_WR_Byte                        
0000624d  DL_DMA_initChannel                  
0000637d  copy_in                             
000063c9  __TI_auto_init_nopinit              
00006461  __aeabi_d2iz                        
00006461  __fixdfsi                           
000064ad  DL_UART_init                        
000064f5  SYSCFG_DL_UART_k230_init            
0000653d  dmp_enable_6x_lp_quat               
00006585  dmp_enable_lp_quat                  
00006659  dmp_set_shake_reject_thresh         
0000669d  dmp_set_tap_count                   
000066e1  No_Mcu_Ganv_Sensor_Task_Without_tick
00006725  DL_ADC12_setClockConfig             
00006765  __aeabi_uidiv                       
00006765  __aeabi_uidivmod                    
000067a5  __aeabi_f2d                         
000067a5  __extendsfdf2                       
00006825  DL_I2C_flushControllerTXFIFO        
0000689d  Get_Anolog_Value                    
000068d9  LED_KEY_Blink_Update                
00006915  OLED_Set_Pos                        
00006951  PID_clear                           
0000698d  __aeabi_i2f                         
0000698d  __floatsisf                         
000069c9  __gesf2                             
000069c9  __gtsf2                             
00006a05  mspm0_delay_ms                      
00006a41  task1                               
00006a7d  uart0_send_string                   
00006ab9  __cmpsf2                            
00006ab9  __eqsf2                             
00006ab9  __lesf2                             
00006ab9  __ltsf2                             
00006ab9  __nesf2                             
00006af5  __muldsi3                           
00006b31  I2C_Start                           
00006ba1  __aeabi_f2iz                        
00006ba1  __fixsfsi                           
00006bd9  sprintf                             
00006c11  LED_off                             
00006c45  LED_toggle                          
00006c79  mpu_get_sample_rate                 
00006cad  readBlackFromFlash                  
00006ce1  readWhiteFromFlash                  
00006d15  SYSCFG_DL_SYSCTL_init               
00006d49  __aeabi_f2uiz                       
00006d49  __fixunssfsi                        
00006d7b  dmp_set_shake_reject_time           
00006dad  dmp_set_shake_reject_timeout        
00006e41  I2C_Stop                            
00006e71  I2C_WaitAck                         
00006ea1  dmp_set_tap_time                    
00006ed1  dmp_set_tap_time_multi              
00006f01  oled_pow                            
00006f89  Encoder_HandleGPIOB                 
00006fb5  SYSCFG_DL_TIMER_Encoder_init        
00006fe1  SYSCFG_DL_TIMER_Tick_init           
00007065  __aeabi_i2d                         
00007065  __floatsidf                         
00007091  mspm0_get_clock_ms                  
000070bd  uart0_send_char                     
000071d9  Encoder_GetDistance_mm              
00007201  SYSCFG_DL_DMA_CH0_init              
00007229  Tick_delay                          
00007251  Trace_Stop                          
00007279  __aeabi_ui2f                        
00007279  __floatunsisf                       
000072a1  _c_int00_noargs                     
00007315  DL_I2C_setClockConfig               
0000733d  DL_FlashCTL_programMemoryFromRAM64  
00007361  __aeabi_ui2d                        
00007361  __floatunsidf                       
00007385  memccpy                             
000073c9  Encoder_GetDelta                    
000073e9  memcmp                              
00007445  delay_us                            
0000765d  DL_Timer_setCaptCompUpdateMethod    
00007679  DL_Timer_setClockConfig             
000076b1  Encoder_GetDistance_cm              
000076cd  Interrupt_Init                      
000076e9  dmp_load_motion_driver_firmware     
0000774d  DL_FlashCTL_eraseMemoryFromRAM      
00007a05  DL_Timer_setCaptureCompareOutCtl    
00007a7d  LED_KEY_Blink_Start                 
00007a95  SlowForward                         
00007b75  Balance_FeedBallPos                 
00007c8d  LED_KEY_Blink_SetInterval           
00007ca1  LED_KEY_Blink_Stop                  
00007cb5  Menu_Init                           
00007cc9  SysTick_Handler                     
00007cdd  SysTick_Init                        
00007cf1  Trace_Follow                        
00007d05  dmp_register_android_orient_cb      
00007d19  dmp_register_tap_cb                 
00007d51  DL_UART_setClockConfig              
00007d63  TI_memcpy_small                     
00007d75  __TI_decompress_none                
00007da9  DL_Timer_setCaptureCompareValue     
00007db9  Tick_SysTickCallback                
00007dc9  delay_ms                            
00007dd9  __TI_zero_init                      
00007de9  Get_Digtal_For_User                 
00007df9  __aeabi_memset                      
00007df9  __aeabi_memset4                     
00007df9  __aeabi_memset8                     
00007e23  TI_memset_small                     
00007e31  SYSCFG_DL_SYSTICK_init              
00007e3d  __aeabi_memclr                      
00007e3d  __aeabi_memclr4                     
00007e3d  __aeabi_memclr8                     
00007e49  DL_Common_delayCycles               
00007e53  LED_init                            
00007ec5  __aeabi_errno_addr                  
00007ecd  __aeabi_memcpy                      
00007ecd  __aeabi_memcpy4                     
00007ecd  __aeabi_memcpy8                     
00007ef3  abort                               
00007ef9  ADC0_IRQHandler                     
00007ef9  ADC1_IRQHandler                     
00007ef9  AES_IRQHandler                      
00007ef9  CANFD0_IRQHandler                   
00007ef9  DAC0_IRQHandler                     
00007ef9  DMA_IRQHandler                      
00007ef9  Default_Handler                     
00007ef9  GROUP0_IRQHandler                   
00007ef9  HardFault_Handler                   
00007ef9  I2C0_IRQHandler                     
00007ef9  I2C1_IRQHandler                     
00007ef9  NMI_Handler                         
00007ef9  PendSV_Handler                      
00007ef9  RTC_IRQHandler                      
00007ef9  SPI0_IRQHandler                     
00007ef9  SPI1_IRQHandler                     
00007ef9  SVC_Handler                         
00007ef9  TIMA0_IRQHandler                    
00007ef9  TIMA1_IRQHandler                    
00007ef9  TIMG0_IRQHandler                    
00007ef9  TIMG12_IRQHandler                   
00007ef9  TIMG6_IRQHandler                    
00007ef9  TIMG7_IRQHandler                    
00007ef9  TIMG8_IRQHandler                    
00007ef9  UART0_IRQHandler                    
00007ef9  UART1_IRQHandler                    
00007ef9  UART2_IRQHandler                    
00007efc  C$$EXIT                             
00007efd  HOSTexit                            
00007f05  Reset_Handler                       
00007f19  _system_pre_init                    
00008b26  asc2_1608                           
00009116  asc2_0806                           
00009380  test                                
000093a8  reg                                 
0000942c  hw                                  
00009514  __TI_Handler_Table_Base             
00009520  __TI_Handler_Table_Limit            
00009528  __TI_CINIT_Base                     
00009538  __TI_CINIT_Limit                    
00009538  __TI_CINIT_Warm                     
00009538  __TI_table_binit                    
00009538  __binit__                           
00009538  binit                               
20200000  __start___llvm_prf_bits             
20200000  __start___llvm_prf_cnts             
20200000  __stop___llvm_prf_bits              
20200000  __stop___llvm_prf_cnts              
20200000  gPWM_MOTORBackup                    
202000bc  gTIMER_EncoderBackup                
20200178  sensor                              
20200228  motor_l                             
202002d4  motor_r                             
20200380  bal                                 
20200424  ADC_VALUE                           
20200474  tracking_pid                        
202004bc  yaw_pid                             
20200504  gUART_k230Backup                    
20200534  encL                                
20200558  encR                                
2020058c  quat                                
2020059c  menu                                
202005a8  accel                               
202005ae  gyro                                
202005b8  long_pressed_key_time               
202005bc  pitch                               
202005c0  roll                                
202005c4  sensor_timestamp                    
202005c8  state                               
202005cc  tick_ms                             
202005d0  yaw                                 
202005d4  sensors                             
202005d6  Digtal                              
202005d7  more                                
20200604  Anolog                              
20200614  black                               
20200634  white                               
20200680  Tick                                
20200688  __aeabi_errno                       
2020068c  base_target_speed                   
20200690  current_yaw                         
20200694  last_key_time                       
20200698  rx_ball                             
2020069c  target_angle                        
202006a0  tick_start                          
202006a5  drive_mode                          
202006a6  enable_group1_irq                   
202006a7  heading_relock                      
202006a8  key_pressed                         
202006a9  long_err_flag                       
202006ab  rx_done                             
20207e00  __stack                             
20208000  __STACK_END                         
ffffffff  __TI_pprof_out_hndl                 
ffffffff  __TI_prof_data_size                 
ffffffff  __TI_prof_data_start                
UNDEFED   __mpu_init                          
UNDEFED   _system_post_cinit                  

[358 symbols]
