******************************************************************************
            TI ARM Clang Linker PC v4.0.4                      
******************************************************************************
>> Linked Sun Jul 19 19:37:37 2026

OUTPUT FILE NAME:   <diansai2024.out>
ENTRY POINT SYMBOL: "_c_int00_noargs"  address: 000030bd


MEMORY CONFIGURATION

         name            origin    length      used     unused   attr    fill
----------------------  --------  ---------  --------  --------  ----  --------
  FLASH                 00000000   00020000  00003bc8  0001c438  R  X
  SRAM                  20200000   00008000  00000565  00007a9b  RW X
  BCR_CONFIG            41c00000   000000ff  00000000  000000ff  R   
  BSL_CONFIG            41c00100   00000080  00000000  00000080  R   


SEGMENT ALLOCATION MAP

run origin  load origin   length   init length attrs members
----------  ----------- ---------- ----------- ----- -------
00000000    00000000    00003b20   00003b20    r-x
  00000000    00000000    000000c0   000000c0    r-- .intvecs
  000000c0    000000c0    00003880   00003880    r-x .text
  00003940    00003940    000001e0   000001e0    r-- .rodata
00003b80    00003b80    00000048   00000048    r--
  00003b80    00003b80    00000038   00000038    r-- .cinit
  00003bb8    00003bb8    00000010   00000010    r-- .binit
20200000    20200000    000002b1   00000000    rw-
  20200000    20200000    000002b1   00000000    rw- .bss
202002b8    00003b20    00000060   00000060    r-x
  202002b8    00003b20    00000060   00000060    r-x .TI.ramfunc
20200318    20200318    00000054   00000000    rw-
  20200318    20200318    00000054   00000000    rw- .data
20207e00    20207e00    00000200   00000000    rw-
  20207e00    20207e00    00000200   00000000    rw- .stack


SECTION ALLOCATION MAP

 output                                  attributes/
section   page    origin      length       input sections
--------  ----  ----------  ----------   ----------------
.intvecs   0    00000000    000000c0     
                  00000000    000000c0     startup_mspm0g350x_ticlang.o (.intvecs)

.text      0    000000c0    00003880     
                  000000c0    00000868     libc.a : _printfi.c.obj (.text:__TI_printfi_nofloat)
                  00000928    00000234     key.o (.text.Key_Process)
                  00000b5c    000001c0     ti_msp_dl_config.o (.text.SYSCFG_DL_GPIO_init)
                  00000d1c    000001b0     motor.o (.text.Set_Speed)
                  00000ecc    00000192     libclang_rt.builtins.a : adddf3.S.obj (.text.adddf3_subdf3)
                  0000105e    00000002                            : aeabi_div0.c.obj (.text.__aeabi_idiv0)
                  00001060    00000188     No_Mcu_Ganv_Grayscale_Sensor.o (.text.No_MCU_Ganv_Sensor_Init)
                  000011e8    0000010c     libclang_rt.builtins.a : divdf3.S.obj (.text.__divdf3)
                  000012f4    00000104     driverlib.a : dl_timer.o (.text.DL_Timer_initFourCCPWMMode)
                  000013f8    000000fc                 : dl_timer.o (.text.DL_Timer_initTimerMode)
                  000014f4    000000e4     libclang_rt.builtins.a : muldf3.S.obj (.text.__muldf3)
                  000015d8    000000dc     control.o (.text.Control)
                  000016b4    000000d8     driverlib.a : dl_flashctl.o (.text.DL_FlashCTL_unprotectSector)
                  0000178c    000000d8     libclang_rt.builtins.a : addsf3.S.obj (.text)
                  00001864    000000b8     No_Mcu_Ganv_Grayscale_Sensor.o (.text.Get_Analog_value)
                  0000191c    000000b8     control.o (.text.Motor_Ctrl)
                  000019d4    000000b4     flash.o (.text.writeToFlash)
                  00001a88    000000b0     ti_msp_dl_config.o (.text.SYSCFG_DL_initPower)
                  00001b38    000000aa     No_Mcu_Ganv_Grayscale_Sensor.o (.text.normalizeAnalogValues)
                  00001be2    00000002     libclang_rt.builtins.a : aeabi_div0.c.obj (.text.__aeabi_ldiv0)
                  00001be4    000000a2                            : udivmoddi4.S.obj (.text)
                  00001c86    00000002     --HOLE-- [fill = 0]
                  00001c88    0000009c     control.o (.text.Calculate_Position_Error)
                  00001d24    00000098     main.o (.text.main)
                  00001dbc    00000090     ti_msp_dl_config.o (.text.SYSCFG_DL_PWM_MOTOR_init)
                  00001e4c    0000008c     libclang_rt.builtins.a : mulsf3.S.obj (.text.__mulsf3)
                  00001ed8    00000088     adc.o (.text.adc_getValue)
                  00001f60    00000084     ti_msp_dl_config.o (.text.__NVIC_SetPriority)
                  00001fe4    00000082     libclang_rt.builtins.a : divsf3.S.obj (.text.__divsf3)
                  00002066    00000002     --HOLE-- [fill = 0]
                  00002068    00000080     led.o (.text.LED_setAll)
                  000020e8    0000007c     libc.a : copy_decompress_lzss.c.obj (.text:decompress:lzss)
                  00002164    00000074     libclang_rt.builtins.a : comparedf2.c.obj (.text.__gedf2)
                  000021d8    00000008     ti_msp_dl_config.o (.text.SYSCFG_DL_DMA_init)
                  000021e0    00000074     libclang_rt.builtins.a : truncdfsf2.S.obj (.text.__truncdfsf2)
                  00002254    00000072     No_Mcu_Ganv_Grayscale_Sensor.o (.text.No_MCU_Ganv_Sensor_Init_Frist)
                  000022c6    00000002     --HOLE-- [fill = 0]
                  000022c8    0000006c     ti_msp_dl_config.o (.text.SYSCFG_DL_ADC_VOLTAGE_init)
                  00002334    0000006c     No_Mcu_Ganv_Grayscale_Sensor.o (.text.convertAnalogToDigital)
                  000023a0    00000068     control.o (.text.GROUP1_IRQHandler)
                  00002408    00000068     libclang_rt.builtins.a : comparedf2.c.obj (.text.__ledf2)
                  00002470    00000064     ti_msp_dl_config.o (.text.DL_ADC12_initSingleSample)
                  000024d4    00000062     libclang_rt.builtins.a : aeabi_dcmp.S.obj (.text.__aeabi_dcmp)
                  00002536    00000002     --HOLE-- [fill = 0]
                  00002538    00000058     ti_msp_dl_config.o (.text.SYSCFG_DL_I2C_MPU6050_init)
                  00002590    00000058     ti_msp_dl_config.o (.text.SYSCFG_DL_I2C_OLED_init)
                  000025e8    00000058     key.o (.text.adjust_white_black)
                  00002640    00000054     ti_msp_dl_config.o (.text.SYSCFG_DL_init)
                  00002694    00000050     ti_msp_dl_config.o (.text.DL_GPIO_initPeripheralInputFunctionFeatures)
                  000026e4    00000050     ti_msp_dl_config.o (.text.SysTick_Config)
                  00002734    0000004c     driverlib.a : dl_dma.o (.text.DL_DMA_initChannel)
                  00002780    0000004c     ti_msp_dl_config.o (.text.DL_GPIO_initDigitalInputFeatures)
                  000027cc    0000004c     ti_msp_dl_config.o (.text.DL_UART_setBaudRateDivisor)
                  00002818    0000004c     libc.a : cpy_tbl.c.obj (.text.copy_in)
                  00002864    0000004c            : autoinit.c.obj (.text:__TI_auto_init_nopinit)
                  000028b0    0000004a     ti_msp_dl_config.o (.text.DL_ADC12_configConversionMem)
                  000028fa    00000002     --HOLE-- [fill = 0]
                  000028fc    0000004a     libclang_rt.builtins.a : fixdfsi.S.obj (.text.__fixdfsi)
                  00002946    00000002     --HOLE-- [fill = 0]
                  00002948    00000048     driverlib.a : dl_uart.o (.text.DL_UART_init)
                  00002990    00000048     ti_msp_dl_config.o (.text.SYSCFG_DL_UART_0_init)
                  000029d8    00000042     No_Mcu_Ganv_Grayscale_Sensor.o (.text.No_Mcu_Ganv_Sensor_Task_Without_tick)
                  00002a1a    00000002     --HOLE-- [fill = 0]
                  00002a1c    00000040     driverlib.a : dl_adc12.o (.text.DL_ADC12_setClockConfig)
                  00002a5c    00000040     ti_msp_dl_config.o (.text.SYSCFG_DL_UART_1_init)
                  00002a9c    00000040     libclang_rt.builtins.a : aeabi_uidivmod.S.obj (.text.__aeabi_uidivmod)
                  00002adc    00000040                            : extendsfdf2.S.obj (.text.__extendsfdf2)
                  00002b1c    00000040     libc.a : atoi.c.obj (.text.atoi)
                  00002b5c    0000003c     ti_msp_dl_config.o (.text.DL_Timer_setCounterControl)
                  00002b98    0000003c     No_Mcu_Ganv_Grayscale_Sensor.o (.text.Get_Anolog_Value)
                  00002bd4    0000003c     led.o (.text.LED_KEY_Blink_Update)
                  00002c10    0000003c     libclang_rt.builtins.a : floatsisf.S.obj (.text.__floatsisf)
                  00002c4c    0000003c     uart.o (.text.uart0_send_string)
                  00002c88    0000003a     libclang_rt.builtins.a : muldsi3.S.obj (.text.__muldsi3)
                  00002cc2    00000002     --HOLE-- [fill = 0]
                  00002cc4    00000038                            : fixsfsi.S.obj (.text.__fixsfsi)
                  00002cfc    00000038     libc.a : sprintf.c.obj (.text.sprintf)
                  00002d34    00000034     led.o (.text.LED_off)
                  00002d68    00000034     led.o (.text.LED_toggle)
                  00002d9c    00000034     flash.o (.text.readBlackFromFlash)
                  00002dd0    00000034     flash.o (.text.readWhiteFromFlash)
                  00002e04    00000032     ti_msp_dl_config.o (.text.SYSCFG_DL_SYSCTL_init)
                  00002e36    00000002     --HOLE-- [fill = 0]
                  00002e38    00000032     libclang_rt.builtins.a : fixunssfsi.S.obj (.text.__fixunssfsi)
                  00002e6a    00000002     --HOLE-- [fill = 0]
                  00002e6c    00000030     ti_msp_dl_config.o (.text.DL_DMA_setTransferSize)
                  00002e9c    0000002c     ti_msp_dl_config.o (.text.DL_ADC12_setDMASamplesCnt)
                  00002ec8    0000002c     flash.o (.text.DL_FlashCTL_waitForCmdDone)
                  00002ef4    0000002c     ti_msp_dl_config.o (.text.SYSCFG_DL_TIMER_Encoder_init)
                  00002f20    0000002c     main.o (.text.__NVIC_EnableIRQ)
                  00002f4c    0000002c     libclang_rt.builtins.a : floatsidf.S.obj (.text.__floatsidf)
                  00002f78    0000002c     uart.o (.text.uart0_send_char)
                  00002fa4    00000028     ti_msp_dl_config.o (.text.DL_Common_updateReg)
                  00002fcc    00000028     main.o (.text.DL_DMA_setDestAddr)
                  00002ff4    00000028     main.o (.text.DL_DMA_setSrcAddr)
                  0000301c    00000028     ti_msp_dl_config.o (.text.DL_I2C_setControllerRXFIFOThreshold)
                  00003044    00000028     ti_msp_dl_config.o (.text.DL_I2C_setControllerTXFIFOThreshold)
                  0000306c    00000028     ti_msp_dl_config.o (.text.SYSCFG_DL_DMA_CH0_init)
                  00003094    00000028     delay.o (.text.Tick_delay)
                  000030bc    00000028     libc.a : boot_cortex_m.c.obj (.text:_c_int00_noargs)
                  000030e4    00000026     main.o (.text.DL_DMA_enableChannel)
                  0000310a    00000026     ti_msp_dl_config.o (.text.DL_I2C_setAnalogGlitchFilterPulseWidth)
                  00003130    00000026     driverlib.a : dl_i2c.o (.text.DL_I2C_setClockConfig)
                  00003156    00000002     --HOLE-- [fill = 0]
                  00003158    00000024                 : dl_flashctl.o (.text.DL_FlashCTL_programMemoryFromRAM64)
                  0000317c    00000024     libclang_rt.builtins.a : floatunsidf.S.obj (.text.__floatunsidf)
                  000031a0    00000024                            : muldi3.S.obj (.text.__muldi3)
                  000031c4    00000022     libc.a : memccpy.c.obj (.text.memccpy)
                  000031e6    00000002     --HOLE-- [fill = 0]
                  000031e8    00000020     ti_msp_dl_config.o (.text.DL_GPIO_initPeripheralInputFunction)
                  00003208    0000001e     ti_msp_dl_config.o (.text.DL_UART_setOversampling)
                  00003226    00000002     --HOLE-- [fill = 0]
                  00003228    0000001e     libclang_rt.builtins.a : ashldi3.S.obj (.text.__ashldi3)
                  00003246    00000002     --HOLE-- [fill = 0]
                  00003248    0000001c     ti_msp_dl_config.o (.text.DL_ADC12_enableDMA)
                  00003264    0000001c     ti_msp_dl_config.o (.text.DL_ADC12_enableDMATrigger)
                  00003280    0000001c     main.o (.text.DL_ADC12_startConversion)
                  0000329c    0000001c     ti_msp_dl_config.o (.text.DL_GPIO_clearInterruptStatus)
                  000032b8    0000001c     ti_msp_dl_config.o (.text.DL_GPIO_enableHiZ)
                  000032d4    0000001c     ti_msp_dl_config.o (.text.DL_GPIO_enableInterrupt)
                  000032f0    0000001c     ti_msp_dl_config.o (.text.DL_GPIO_initPeripheralOutputFunction)
                  0000330c    0000001c     ti_msp_dl_config.o (.text.DL_GPIO_setLowerPinsPolarity)
                  00003328    0000001c     ti_msp_dl_config.o (.text.DL_SYSCTL_setMCLKDivider)
                  00003344    0000001c     ti_msp_dl_config.o (.text.DL_SYSCTL_setSYSOSCFreq)
                  00003360    0000001c     ti_msp_dl_config.o (.text.DL_SYSCTL_setULPCLKDivider)
                  0000337c    0000001c     driverlib.a : dl_timer.o (.text.DL_Timer_setCaptCompUpdateMethod)
                  00003398    0000001c                 : dl_timer.o (.text.DL_Timer_setClockConfig)
                  000033b4    0000001c     ti_msp_dl_config.o (.text.DL_UART_enableInterrupt)
                  000033d0    00000018     ti_msp_dl_config.o (.text.DL_ADC12_enablePower)
                  000033e8    00000018     ti_msp_dl_config.o (.text.DL_ADC12_reset)
                  00003400    00000018     ti_msp_dl_config.o (.text.DL_ADC12_setSampleTime0)
                  00003418    00000018     driverlib.a : dl_flashctl.o (.text.DL_FlashCTL_eraseMemoryFromRAM)
                  00003430    00000018     ti_msp_dl_config.o (.text.DL_GPIO_enableOutput)
                  00003448    00000018     ti_msp_dl_config.o (.text.DL_GPIO_enablePower)
                  00003460    00000018     ti_msp_dl_config.o (.text.DL_GPIO_initDigitalOutput)
                  00003478    00000018     ti_msp_dl_config.o (.text.DL_GPIO_reset)
                  00003490    00000018     No_Mcu_Ganv_Grayscale_Sensor.o (.text.DL_GPIO_setPins)
                  000034a8    00000018     led.o (.text.DL_GPIO_setPins)
                  000034c0    00000018     motor.o (.text.DL_GPIO_setPins)
                  000034d8    00000018     ti_msp_dl_config.o (.text.DL_GPIO_setUpperPinsPolarity)
                  000034f0    00000018     led.o (.text.DL_GPIO_togglePins)
                  00003508    00000018     ti_msp_dl_config.o (.text.DL_I2C_enableAnalogGlitchFilter)
                  00003520    00000018     ti_msp_dl_config.o (.text.DL_I2C_enableController)
                  00003538    00000018     ti_msp_dl_config.o (.text.DL_I2C_enableControllerClockStretching)
                  00003550    00000018     ti_msp_dl_config.o (.text.DL_I2C_enablePower)
                  00003568    00000018     ti_msp_dl_config.o (.text.DL_I2C_reset)
                  00003580    00000018     ti_msp_dl_config.o (.text.DL_I2C_setTimerPeriod)
                  00003598    00000018     ti_msp_dl_config.o (.text.DL_SYSCTL_setBORThreshold)
                  000035b0    00000018     ti_msp_dl_config.o (.text.DL_Timer_enablePower)
                  000035c8    00000018     ti_msp_dl_config.o (.text.DL_Timer_reset)
                  000035e0    00000018     driverlib.a : dl_timer.o (.text.DL_Timer_setCaptureCompareOutCtl)
                  000035f8    00000018     main.o (.text.DL_Timer_startCounter)
                  00003610    00000018     ti_msp_dl_config.o (.text.DL_UART_enablePower)
                  00003628    00000018     uart.o (.text.DL_UART_isBusy)
                  00003640    00000018     ti_msp_dl_config.o (.text.DL_UART_reset)
                  00003658    00000018     led.o (.text.LED_KEY_Blink_Start)
                  00003670    00000018     libc.a : sprintf.c.obj (.text._outs)
                  00003688    00000016     ti_msp_dl_config.o (.text.DL_ADC12_enableConversions)
                  0000369e    00000016     control.o (.text.DL_GPIO_readPins)
                  000036b4    00000016     key.o (.text.DL_GPIO_readPins)
                  000036ca    00000016     ti_msp_dl_config.o (.text.DL_UART_enable)
                  000036e0    00000016     uart.o (.text.DL_UART_transmitData)
                  000036f6    00000016     libc.a : copy_zero_init.c.obj (.text:decompress:ZI:__TI_zero_init_nomemset)
                  0000370c    00000014     No_Mcu_Ganv_Grayscale_Sensor.o (.text.DL_GPIO_clearPins)
                  00003720    00000014     led.o (.text.DL_GPIO_clearPins)
                  00003734    00000014     motor.o (.text.DL_GPIO_clearPins)
                  00003748    00000014     ti_msp_dl_config.o (.text.DL_GPIO_clearPins)
                  0000375c    00000014     ti_msp_dl_config.o (.text.DL_I2C_resetControllerTransfer)
                  00003770    00000014     ti_msp_dl_config.o (.text.DL_SYSCTL_disableSYSPLL)
                  00003784    00000014     ti_msp_dl_config.o (.text.DL_Timer_enableClock)
                  00003798    00000014     ti_msp_dl_config.o (.text.DL_Timer_setCCPDirection)
                  000037ac    00000014     led.o (.text.LED_KEY_Blink_SetInterval)
                  000037c0    00000014     led.o (.text.LED_KEY_Blink_Stop)
                  000037d4    00000014     motor.o (.text.Motor_On)
                  000037e8    00000014     libclang_rt.builtins.a : aeabi_uldivmod.S.obj (.text.__aeabi_uldivmod)
                  000037fc    00000012     control.o (.text.DL_GPIO_getPendingInterrupt)
                  0000380e    00000012     driverlib.a : dl_uart.o (.text.DL_UART_setClockConfig)
                  00003820    00000012     libc.a : memcpy16.S.obj (.text:TI_memcpy_small)
                  00003832    00000012            : copy_decompress_none.c.obj (.text:decompress:none)
                  00003844    00000010     ti_msp_dl_config.o (.text.DL_SYSCTL_disableHFXT)
                  00003854    00000010     driverlib.a : dl_timer.o (.text.DL_Timer_setCaptureCompareValue)
                  00003864    00000010     delay.o (.text.Tick_SysTickCallback)
                  00003874    00000010     libc.a : wcslen.c.obj (.text.wcslen)
                  00003884    0000000e     No_Mcu_Ganv_Grayscale_Sensor.o (.text.Get_Digtal_For_User)
                  00003892    00000002     --HOLE-- [fill = 0]
                  00003894    0000000e     libclang_rt.builtins.a : aeabi_memset.S.obj (.text.__aeabi_memset)
                  000038a2    0000000e     libc.a : _printfi.c.obj (.text.strlen)
                  000038b0    0000000e            : memset16.S.obj (.text:TI_memset_small)
                  000038be    0000000c     ti_msp_dl_config.o (.text.SYSCFG_DL_SYSTICK_init)
                  000038ca    0000000a     driverlib.a : dl_common.o (.text.DL_Common_delayCycles)
                  000038d4    0000000a     led.o (.text.LED_init)
                  000038de    0000000a     libc.a : sprintf.c.obj (.text._outc)
                  000038e8    00000008     delay.o (.text.SysTick_Handler)
                  000038f0    00000008     libc.a : aeabi_portable.c.obj (.text.__aeabi_errno_addr)
                  000038f8    00000008     libclang_rt.builtins.a : aeabi_memcpy.S.obj (.text.__aeabi_memcpy)
                  00003900    00000006     libc.a : exit.c.obj (.text:abort)
                  00003906    00000004     startup_mspm0g350x_ticlang.o (.text.Default_Handler)
                  0000390a    00000004     libsysbm.a : hostexit.c.obj (.text.HOSTexit)
                  0000390e    00000004     startup_mspm0g350x_ticlang.o (.text.Reset_Handler)
                  00003912    00000002     --HOLE-- [fill = 0]
                  00003914    00000010     libc.a : boot_cortex_m.c.obj (.tramp._c_int00_noargs.1)
                  00003924    00000004            : pre_init.c.obj (.text._system_pre_init)
                  00003928    00000010     driverlib.a : dl_flashctl.o (.tramp.DL_FlashCTL_executeCommandFromRAM.1)
                  00003938    00000008     --HOLE-- [fill = 0]

.TI.ramfunc 
*          0    00003b20    00000060     RUN ADDR = 202002b8
                  00003b20    00000060     driverlib.a : dl_flashctl.o (.TI.ramfunc)

.cinit     0    00003b80    00000038     
                  00003b80    0000000d     (.cinit..data.load) [load image, compression = lzss]
                  00003b8d    00000003     --HOLE-- [fill = 0]
                  00003b90    0000000c     (__TI_handler_table)
                  00003b9c    00000008     (.cinit..bss.load) [load image, compression = zero_init]
                  00003ba4    00000010     (__TI_cinit_table)
                  00003bb4    00000004     --HOLE-- [fill = 0]

.rodata    0    00003940    000001e0     
                  00003940    00000101     libc.a : aeabi_ctype.S.obj (.rodata:__aeabi_ctype_table_)
                  00003a41    00000021     control.o (.rodata.str1.12973214505348267223.1)
                  00003a62    00000021     control.o (.rodata.str1.16084482527309772942.1)
                  00003a83    00000001     --HOLE-- [fill = 0]
                  00003a84    00000018     ti_msp_dl_config.o (.rodata.gDMA_CH0Config)
                  00003a9c    00000014     ti_msp_dl_config.o (.rodata.gTIMER_EncoderTimerConfig)
                  00003ab0    00000012     main.o (.rodata.str1.15159059442110792349.1)
                  00003ac2    00000011     libc.a : _printfi.c.obj (.rodata.str1.10348868589481759720.1)
                  00003ad3    00000011            : _printfi.c.obj (.rodata.str1.15363888844622738466.1)
                  00003ae4    0000000a     ti_msp_dl_config.o (.rodata.gUART_0Config)
                  00003aee    0000000a     ti_msp_dl_config.o (.rodata.gUART_1Config)
                  00003af8    00000008     ti_msp_dl_config.o (.rodata.gADC_VOLTAGEClockConfig)
                  00003b00    00000008     ti_msp_dl_config.o (.rodata.gPWM_MOTORConfig)
                  00003b08    00000004     led.o (.rodata.LED_PINS)
                  00003b0c    00000003     ti_msp_dl_config.o (.rodata.gPWM_MOTORClockConfig)
                  00003b0f    00000003     ti_msp_dl_config.o (.rodata.gTIMER_EncoderClockConfig)
                  00003b12    00000002     ti_msp_dl_config.o (.rodata.gI2C_MPU6050ClockConfig)
                  00003b14    00000002     ti_msp_dl_config.o (.rodata.gI2C_OLEDClockConfig)
                  00003b16    00000002     ti_msp_dl_config.o (.rodata.gUART_0ClockConfig)
                  00003b18    00000002     ti_msp_dl_config.o (.rodata.gUART_1ClockConfig)
                  00003b1a    00000006     --HOLE-- [fill = 0]

.init_array 
*          0    00000000    00000000     UNINITIALIZED

.binit     0    00003bb8    00000010     
                  00003bb8    00000010     (.binit)

.bss       0    20200000    000002b1     UNINITIALIZED
                  20200000    000000bc     (.common:gPWM_MOTORBackup)
                  202000bc    000000bc     (.common:gTIMER_EncoderBackup)
                  20200178    000000b0     (.common:sensor)
                  20200228    00000050     (.common:ADC_VALUE)
                  20200278    00000030     (.common:gUART_0Backup)
                  202002a8    00000004     (.common:long_pressed_key_time)
                  202002ac    00000004     (.common:state)
                  202002b0    00000001     (.common:Digtal)

.data      0    20200318    00000054     UNINITIALIZED
                  20200318    00000010     control.o (.data.Anolog)
                  20200328    00000010     control.o (.data.black)
                  20200338    00000010     control.o (.data.white)
                  20200348    0000000c     led.o (.data.keyBlinkCtrl)
                  20200354    00000004     key.o (.data.Key_Process.last_blink_time)
                  20200358    00000004     delay.o (.data.Tick)
                  2020035c    00000004     libc.a : aeabi_portable.c.obj (.data.__aeabi_errno)
                  20200360    00000004     key.o (.data.last_key_time)
                  20200364    00000004     motor.o (.data.motor_max_duty)
                  20200368    00000002     control.o (.data.basespeed)
                  2020036a    00000001     key.o (.data.key_pressed)
                  2020036b    00000001     key.o (.data.long_err_flag)

.stack     0    20207e00    00000200     UNINITIALIZED
                  20207e00    00000004     libc.a : boot_cortex_m.c.obj (.stack)
                  20207e04    000001fc     --HOLE--

__llvm_prf_cnts 
*          0    20200000    00000000     UNINITIALIZED

__llvm_prf_bits 
*          0    20200000    00000000     UNINITIALIZED

MODULE SUMMARY

       Module                           code    ro data   rw data
       ------                           ----    -------   -------
    .\
       ti_msp_dl_config.o               3340    94        424    
       main.o                           366     18        0      
       startup_mspm0g350x_ticlang.o     8       192       0      
    +--+--------------------------------+-------+---------+---------+
       Total:                           3714    304       424    
                                                                 
    .\Driver\
       No_Mcu_Ganv_Grayscale_Sensor.o   1152    0         0      
       key.o                            674     0         18     
       led.o                            434     4         12     
       flash.o                          328     0         0      
       adc.o                            136     0         80     
       uart.o                           150     0         0      
       delay.o                          64      0         4      
    +--+--------------------------------+-------+---------+---------+
       Total:                           2938    4         114    
                                                                 
    .\Motor\
       motor.o                          496     0         4      
    +--+--------------------------------+-------+---------+---------+
       Total:                           496     0         4      
                                                                 
    .\User\
       control.o                        704     66        227    
    +--+--------------------------------+-------+---------+---------+
       Total:                           704     66        227    
                                                                 
    D:/ti/mspm0_sdk_2_10_00_04/source/ti/driverlib/lib/ticlang/m0p/mspm0g1x0x_g3x0x/driverlib.a
       dl_timer.o                       608     0         0      
       dl_flashctl.o                    484     0         0      
       dl_uart.o                        90      0         0      
       dl_dma.o                         76      0         0      
       dl_adc12.o                       64      0         0      
       dl_i2c.o                         38      0         0      
       dl_common.o                      10      0         0      
    +--+--------------------------------+-------+---------+---------+
       Total:                           1370    0         0      
                                                                 
    D:\ti\ccs2051\ccs\tools\compiler\ti-cgt-armllvm_4.0.4.LTS\lib\armv6m-ti-none-eabi/c/libc.a
       _printfi.c.obj                   2166    34        0      
       aeabi_ctype.S.obj                0       257       0      
       copy_decompress_lzss.c.obj       124     0         0      
       sprintf.c.obj                    90      0         0      
       autoinit.c.obj                   76      0         0      
       cpy_tbl.c.obj                    76      0         0      
       atoi.c.obj                       64      0         0      
       boot_cortex_m.c.obj              56      0         0      
       memccpy.c.obj                    34      0         0      
       copy_zero_init.c.obj             22      0         0      
       copy_decompress_none.c.obj       18      0         0      
       memcpy16.S.obj                   18      0         0      
       wcslen.c.obj                     16      0         0      
       memset16.S.obj                   14      0         0      
       aeabi_portable.c.obj             8       0         4      
       exit.c.obj                       6       0         0      
       pre_init.c.obj                   4       0         0      
    +--+--------------------------------+-------+---------+---------+
       Total:                           2792    291       4      
                                                                 
    D:\ti\ccs2051\ccs\tools\compiler\ti-cgt-armllvm_4.0.4.LTS\lib\armv6m-ti-none-eabi/c/libsysbm.a
       hostexit.c.obj                   4       0         0      
    +--+--------------------------------+-------+---------+---------+
       Total:                           4       0         0      
                                                                 
    D:\ti\ccs2051\ccs\tools\compiler\ti-cgt-armllvm_4.0.4.LTS\lib\armv6m-ti-none-eabi/libclang_rt.builtins.a
       adddf3.S.obj                     402     0         0      
       divdf3.S.obj                     268     0         0      
       muldf3.S.obj                     228     0         0      
       comparedf2.c.obj                 220     0         0      
       addsf3.S.obj                     216     0         0      
       udivmoddi4.S.obj                 162     0         0      
       mulsf3.S.obj                     140     0         0      
       divsf3.S.obj                     130     0         0      
       truncdfsf2.S.obj                 116     0         0      
       aeabi_dcmp.S.obj                 98      0         0      
       fixdfsi.S.obj                    74      0         0      
       aeabi_uidivmod.S.obj             64      0         0      
       extendsfdf2.S.obj                64      0         0      
       floatsisf.S.obj                  60      0         0      
       muldsi3.S.obj                    58      0         0      
       fixsfsi.S.obj                    56      0         0      
       fixunssfsi.S.obj                 50      0         0      
       floatsidf.S.obj                  44      0         0      
       floatunsidf.S.obj                36      0         0      
       muldi3.S.obj                     36      0         0      
       ashldi3.S.obj                    30      0         0      
       aeabi_uldivmod.S.obj             20      0         0      
       aeabi_memset.S.obj               14      0         0      
       aeabi_memcpy.S.obj               8       0         0      
       aeabi_div0.c.obj                 4       0         0      
    +--+--------------------------------+-------+---------+---------+
       Total:                           2598    0         0      
                                                                 
       Stack:                           0       0         512    
       Linker Generated:                0       65        0      
    +--+--------------------------------+-------+---------+---------+
       Grand Total:                     14616   730       1285   


LINKER GENERATED COPY TABLES

__TI_cinit_table @ 00003ba4 records: 2, size/record: 8, table size: 16
	.data: load addr=00003b80, load size=0000000d bytes, run addr=20200318, run size=00000054 bytes, compression=lzss
	.bss: load addr=00003b9c, load size=00000008 bytes, run addr=20200000, run size=000002b1 bytes, compression=zero_init
binit @ 00003bb8 records: 1, size/record: 12, table size: 16
	.TI.ramfunc: load addr=00003b20, load size=00000060, run addr=202002b8, run size=00000060, compression=none


LINKER GENERATED HANDLER TABLE

__TI_handler_table @ 00003b90 records: 3, size/record: 4, table size: 12
	index: 0, handler: __TI_decompress_lzss
	index: 1, handler: __TI_decompress_none
	index: 2, handler: __TI_zero_init


FAR CALL TRAMPOLINES

callee name               trampoline name
   callee addr  tramp addr   call addr  call info
--------------  -----------  ---------  ----------------
_c_int00_noargs           $Tramp$TT$L$PI$$_c_int00_noargs
   000030bd     00003914     0000390e   startup_mspm0g350x_ticlang.o (.text.Reset_Handler)
DL_FlashCTL_executeCommandFromRAM  $Tramp$TT$L$PI$$DL_FlashCTL_executeCommandFromRAM
   202002b9     00003928     00003170   driverlib.a : dl_flashctl.o (.text.DL_FlashCTL_programMemoryFromRAM64)
                             00003426               : dl_flashctl.o (.text.DL_FlashCTL_eraseMemoryFromRAM)

[2 trampolines]
[3 trampoline calls]


GLOBAL SYMBOLS: SORTED ALPHABETICALLY BY Name 

address   name                                
-------   ----                                
00003907  ADC0_IRQHandler                     
00003907  ADC1_IRQHandler                     
20200228  ADC_VALUE                           
00003907  AES_IRQHandler                      
20200318  Anolog                              
0000390a  C$$EXIT                             
00003907  CANFD0_IRQHandler                   
00001c89  Calculate_Position_Error            
000015d9  Control                             
00003907  DAC0_IRQHandler                     
00002a1d  DL_ADC12_setClockConfig             
000038cb  DL_Common_delayCycles               
00002735  DL_DMA_initChannel                  
00003419  DL_FlashCTL_eraseMemoryFromRAM      
00003159  DL_FlashCTL_programMemoryFromRAM64  
000016b5  DL_FlashCTL_unprotectSector         
00003131  DL_I2C_setClockConfig               
000012f5  DL_Timer_initFourCCPWMMode          
000013f9  DL_Timer_initTimerMode              
0000337d  DL_Timer_setCaptCompUpdateMethod    
000035e1  DL_Timer_setCaptureCompareOutCtl    
00003855  DL_Timer_setCaptureCompareValue     
00003399  DL_Timer_setClockConfig             
00002949  DL_UART_init                        
0000380f  DL_UART_setClockConfig              
00003907  DMA_IRQHandler                      
00003907  Default_Handler                     
202002b0  Digtal                              
00003907  GROUP0_IRQHandler                   
000023a1  GROUP1_IRQHandler                   
00001865  Get_Analog_value                    
00002b99  Get_Anolog_Value                    
00003885  Get_Digtal_For_User                 
0000390b  HOSTexit                            
00003907  HardFault_Handler                   
00003907  I2C0_IRQHandler                     
00003907  I2C1_IRQHandler                     
00000929  Key_Process                         
000037ad  LED_KEY_Blink_SetInterval           
00003659  LED_KEY_Blink_Start                 
000037c1  LED_KEY_Blink_Stop                  
00002bd5  LED_KEY_Blink_Update                
000038d5  LED_init                            
00002d35  LED_off                             
00002069  LED_setAll                          
00002d69  LED_toggle                          
0000191d  Motor_Ctrl                          
000037d5  Motor_On                            
00003907  NMI_Handler                         
00001061  No_MCU_Ganv_Sensor_Init             
00002255  No_MCU_Ganv_Sensor_Init_Frist       
000029d9  No_Mcu_Ganv_Sensor_Task_Without_tick
00003907  PendSV_Handler                      
00003907  RTC_IRQHandler                      
0000390f  Reset_Handler                       
00003907  SPI0_IRQHandler                     
00003907  SPI1_IRQHandler                     
00003907  SVC_Handler                         
000022c9  SYSCFG_DL_ADC_VOLTAGE_init          
0000306d  SYSCFG_DL_DMA_CH0_init              
000021d9  SYSCFG_DL_DMA_init                  
00000b5d  SYSCFG_DL_GPIO_init                 
00002539  SYSCFG_DL_I2C_MPU6050_init          
00002591  SYSCFG_DL_I2C_OLED_init             
00001dbd  SYSCFG_DL_PWM_MOTOR_init            
00002e05  SYSCFG_DL_SYSCTL_init               
000038bf  SYSCFG_DL_SYSTICK_init              
00002ef5  SYSCFG_DL_TIMER_Encoder_init        
00002991  SYSCFG_DL_UART_0_init               
00002a5d  SYSCFG_DL_UART_1_init               
00002641  SYSCFG_DL_init                      
00001a89  SYSCFG_DL_initPower                 
00000d1d  Set_Speed                           
000038e9  SysTick_Handler                     
00003907  TIMA0_IRQHandler                    
00003907  TIMA1_IRQHandler                    
00003907  TIMG0_IRQHandler                    
00003907  TIMG12_IRQHandler                   
00003907  TIMG6_IRQHandler                    
00003907  TIMG7_IRQHandler                    
00003907  TIMG8_IRQHandler                    
00003821  TI_memcpy_small                     
000038b1  TI_memset_small                     
20200358  Tick                                
00003865  Tick_SysTickCallback                
00003095  Tick_delay                          
00003907  UART0_IRQHandler                    
00003907  UART1_IRQHandler                    
00003907  UART2_IRQHandler                    
00003907  UART3_IRQHandler                    
20208000  __STACK_END                         
00000200  __STACK_SIZE                        
00000000  __TI_ATRegion0_region_sz            
00000000  __TI_ATRegion0_src_addr             
00000000  __TI_ATRegion0_trg_addr             
00000000  __TI_ATRegion1_region_sz            
00000000  __TI_ATRegion1_src_addr             
00000000  __TI_ATRegion1_trg_addr             
00000000  __TI_ATRegion2_region_sz            
00000000  __TI_ATRegion2_src_addr             
00000000  __TI_ATRegion2_trg_addr             
00003ba4  __TI_CINIT_Base                     
00003bb4  __TI_CINIT_Limit                    
00003bb4  __TI_CINIT_Warm                     
00003b90  __TI_Handler_Table_Base             
00003b9c  __TI_Handler_Table_Limit            
00002865  __TI_auto_init_nopinit              
000020e9  __TI_decompress_lzss                
00003833  __TI_decompress_none                
ffffffff  __TI_pprof_out_hndl                 
000000c1  __TI_printfi_nofloat                
ffffffff  __TI_prof_data_size                 
ffffffff  __TI_prof_data_start                
00000000  __TI_static_base__                  
00003bb8  __TI_table_binit                    
000036f7  __TI_zero_init_nomemset             
00000ed7  __adddf3                            
00001797  __addsf3                            
00003940  __aeabi_ctype_table_                
00003940  __aeabi_ctype_table_C               
000021e1  __aeabi_d2f                         
000028fd  __aeabi_d2iz                        
00000ed7  __aeabi_dadd                        
000024d5  __aeabi_dcmpeq                      
00002511  __aeabi_dcmpge                      
00002525  __aeabi_dcmpgt                      
000024fd  __aeabi_dcmple                      
000024e9  __aeabi_dcmplt                      
000011e9  __aeabi_ddiv                        
000014f5  __aeabi_dmul                        
00000ecd  __aeabi_dsub                        
2020035c  __aeabi_errno                       
000038f1  __aeabi_errno_addr                  
00002add  __aeabi_f2d                         
00002cc5  __aeabi_f2iz                        
00002e39  __aeabi_f2uiz                       
00001797  __aeabi_fadd                        
00001fe5  __aeabi_fdiv                        
00001e4d  __aeabi_fmul                        
0000178d  __aeabi_fsub                        
00002f4d  __aeabi_i2d                         
00002c11  __aeabi_i2f                         
0000105f  __aeabi_idiv0                       
00001be3  __aeabi_ldiv0                       
00003229  __aeabi_llsl                        
000031a1  __aeabi_lmul                        
000038f9  __aeabi_memcpy                      
000038f9  __aeabi_memcpy4                     
000038f9  __aeabi_memcpy8                     
00003895  __aeabi_memset                      
00003895  __aeabi_memset4                     
00003895  __aeabi_memset8                     
0000317d  __aeabi_ui2d                        
00002a9d  __aeabi_uidiv                       
00002a9d  __aeabi_uidivmod                    
000037e9  __aeabi_uldivmod                    
00003229  __ashldi3                           
00003bb8  __binit__                           
00002409  __cmpdf2                            
000011e9  __divdf3                            
00001fe5  __divsf3                            
00002409  __eqdf2                             
00002add  __extendsfdf2                       
000028fd  __fixdfsi                           
00002cc5  __fixsfsi                           
00002e39  __fixunssfsi                        
00002f4d  __floatsidf                         
00002c11  __floatsisf                         
0000317d  __floatunsidf                       
00002165  __gedf2                             
00002165  __gtdf2                             
00002409  __ledf2                             
00002409  __ltdf2                             
UNDEFED   __mpu_init                          
000014f5  __muldf3                            
000031a1  __muldi3                            
00002c89  __muldsi3                           
00001e4d  __mulsf3                            
00002409  __nedf2                             
20207e00  __stack                             
20200000  __start___llvm_prf_bits             
20200000  __start___llvm_prf_cnts             
20200000  __stop___llvm_prf_bits              
20200000  __stop___llvm_prf_cnts              
00000ecd  __subdf3                            
0000178d  __subsf3                            
000021e1  __truncdfsf2                        
00001be5  __udivmoddi4                        
000030bd  _c_int00_noargs                     
UNDEFED   _system_post_cinit                  
00003925  _system_pre_init                    
00003901  abort                               
00001ed9  adc_getValue                        
000025e9  adjust_white_black                  
00002b1d  atoi                                
20200368  basespeed                           
00003bb8  binit                               
20200328  black                               
00002335  convertAnalogToDigital              
00002819  copy_in                             
20200000  gPWM_MOTORBackup                    
202000bc  gTIMER_EncoderBackup                
20200278  gUART_0Backup                       
00000000  interruptVectors                    
2020036a  key_pressed                         
20200360  last_key_time                       
2020036b  long_err_flag                       
202002a8  long_pressed_key_time               
00001d25  main                                
000031c5  memccpy                             
20200364  motor_max_duty                      
00001b39  normalizeAnalogValues               
00002d9d  readBlackFromFlash                  
00002dd1  readWhiteFromFlash                  
20200178  sensor                              
00002cfd  sprintf                             
202002ac  state                               
00002f79  uart0_send_char                     
00002c4d  uart0_send_string                   
00003875  wcslen                              
20200338  white                               
000019d5  writeToFlash                        


GLOBAL SYMBOLS: SORTED BY Symbol Address 

address   name                                
-------   ----                                
00000000  __TI_ATRegion0_region_sz            
00000000  __TI_ATRegion0_src_addr             
00000000  __TI_ATRegion0_trg_addr             
00000000  __TI_ATRegion1_region_sz            
00000000  __TI_ATRegion1_src_addr             
00000000  __TI_ATRegion1_trg_addr             
00000000  __TI_ATRegion2_region_sz            
00000000  __TI_ATRegion2_src_addr             
00000000  __TI_ATRegion2_trg_addr             
00000000  __TI_static_base__                  
00000000  interruptVectors                    
000000c1  __TI_printfi_nofloat                
00000200  __STACK_SIZE                        
00000929  Key_Process                         
00000b5d  SYSCFG_DL_GPIO_init                 
00000d1d  Set_Speed                           
00000ecd  __aeabi_dsub                        
00000ecd  __subdf3                            
00000ed7  __adddf3                            
00000ed7  __aeabi_dadd                        
0000105f  __aeabi_idiv0                       
00001061  No_MCU_Ganv_Sensor_Init             
000011e9  __aeabi_ddiv                        
000011e9  __divdf3                            
000012f5  DL_Timer_initFourCCPWMMode          
000013f9  DL_Timer_initTimerMode              
000014f5  __aeabi_dmul                        
000014f5  __muldf3                            
000015d9  Control                             
000016b5  DL_FlashCTL_unprotectSector         
0000178d  __aeabi_fsub                        
0000178d  __subsf3                            
00001797  __addsf3                            
00001797  __aeabi_fadd                        
00001865  Get_Analog_value                    
0000191d  Motor_Ctrl                          
000019d5  writeToFlash                        
00001a89  SYSCFG_DL_initPower                 
00001b39  normalizeAnalogValues               
00001be3  __aeabi_ldiv0                       
00001be5  __udivmoddi4                        
00001c89  Calculate_Position_Error            
00001d25  main                                
00001dbd  SYSCFG_DL_PWM_MOTOR_init            
00001e4d  __aeabi_fmul                        
00001e4d  __mulsf3                            
00001ed9  adc_getValue                        
00001fe5  __aeabi_fdiv                        
00001fe5  __divsf3                            
00002069  LED_setAll                          
000020e9  __TI_decompress_lzss                
00002165  __gedf2                             
00002165  __gtdf2                             
000021d9  SYSCFG_DL_DMA_init                  
000021e1  __aeabi_d2f                         
000021e1  __truncdfsf2                        
00002255  No_MCU_Ganv_Sensor_Init_Frist       
000022c9  SYSCFG_DL_ADC_VOLTAGE_init          
00002335  convertAnalogToDigital              
000023a1  GROUP1_IRQHandler                   
00002409  __cmpdf2                            
00002409  __eqdf2                             
00002409  __ledf2                             
00002409  __ltdf2                             
00002409  __nedf2                             
000024d5  __aeabi_dcmpeq                      
000024e9  __aeabi_dcmplt                      
000024fd  __aeabi_dcmple                      
00002511  __aeabi_dcmpge                      
00002525  __aeabi_dcmpgt                      
00002539  SYSCFG_DL_I2C_MPU6050_init          
00002591  SYSCFG_DL_I2C_OLED_init             
000025e9  adjust_white_black                  
00002641  SYSCFG_DL_init                      
00002735  DL_DMA_initChannel                  
00002819  copy_in                             
00002865  __TI_auto_init_nopinit              
000028fd  __aeabi_d2iz                        
000028fd  __fixdfsi                           
00002949  DL_UART_init                        
00002991  SYSCFG_DL_UART_0_init               
000029d9  No_Mcu_Ganv_Sensor_Task_Without_tick
00002a1d  DL_ADC12_setClockConfig             
00002a5d  SYSCFG_DL_UART_1_init               
00002a9d  __aeabi_uidiv                       
00002a9d  __aeabi_uidivmod                    
00002add  __aeabi_f2d                         
00002add  __extendsfdf2                       
00002b1d  atoi                                
00002b99  Get_Anolog_Value                    
00002bd5  LED_KEY_Blink_Update                
00002c11  __aeabi_i2f                         
00002c11  __floatsisf                         
00002c4d  uart0_send_string                   
00002c89  __muldsi3                           
00002cc5  __aeabi_f2iz                        
00002cc5  __fixsfsi                           
00002cfd  sprintf                             
00002d35  LED_off                             
00002d69  LED_toggle                          
00002d9d  readBlackFromFlash                  
00002dd1  readWhiteFromFlash                  
00002e05  SYSCFG_DL_SYSCTL_init               
00002e39  __aeabi_f2uiz                       
00002e39  __fixunssfsi                        
00002ef5  SYSCFG_DL_TIMER_Encoder_init        
00002f4d  __aeabi_i2d                         
00002f4d  __floatsidf                         
00002f79  uart0_send_char                     
0000306d  SYSCFG_DL_DMA_CH0_init              
00003095  Tick_delay                          
000030bd  _c_int00_noargs                     
00003131  DL_I2C_setClockConfig               
00003159  DL_FlashCTL_programMemoryFromRAM64  
0000317d  __aeabi_ui2d                        
0000317d  __floatunsidf                       
000031a1  __aeabi_lmul                        
000031a1  __muldi3                            
000031c5  memccpy                             
00003229  __aeabi_llsl                        
00003229  __ashldi3                           
0000337d  DL_Timer_setCaptCompUpdateMethod    
00003399  DL_Timer_setClockConfig             
00003419  DL_FlashCTL_eraseMemoryFromRAM      
000035e1  DL_Timer_setCaptureCompareOutCtl    
00003659  LED_KEY_Blink_Start                 
000036f7  __TI_zero_init_nomemset             
000037ad  LED_KEY_Blink_SetInterval           
000037c1  LED_KEY_Blink_Stop                  
000037d5  Motor_On                            
000037e9  __aeabi_uldivmod                    
0000380f  DL_UART_setClockConfig              
00003821  TI_memcpy_small                     
00003833  __TI_decompress_none                
00003855  DL_Timer_setCaptureCompareValue     
00003865  Tick_SysTickCallback                
00003875  wcslen                              
00003885  Get_Digtal_For_User                 
00003895  __aeabi_memset                      
00003895  __aeabi_memset4                     
00003895  __aeabi_memset8                     
000038b1  TI_memset_small                     
000038bf  SYSCFG_DL_SYSTICK_init              
000038cb  DL_Common_delayCycles               
000038d5  LED_init                            
000038e9  SysTick_Handler                     
000038f1  __aeabi_errno_addr                  
000038f9  __aeabi_memcpy                      
000038f9  __aeabi_memcpy4                     
000038f9  __aeabi_memcpy8                     
00003901  abort                               
00003907  ADC0_IRQHandler                     
00003907  ADC1_IRQHandler                     
00003907  AES_IRQHandler                      
00003907  CANFD0_IRQHandler                   
00003907  DAC0_IRQHandler                     
00003907  DMA_IRQHandler                      
00003907  Default_Handler                     
00003907  GROUP0_IRQHandler                   
00003907  HardFault_Handler                   
00003907  I2C0_IRQHandler                     
00003907  I2C1_IRQHandler                     
00003907  NMI_Handler                         
00003907  PendSV_Handler                      
00003907  RTC_IRQHandler                      
00003907  SPI0_IRQHandler                     
00003907  SPI1_IRQHandler                     
00003907  SVC_Handler                         
00003907  TIMA0_IRQHandler                    
00003907  TIMA1_IRQHandler                    
00003907  TIMG0_IRQHandler                    
00003907  TIMG12_IRQHandler                   
00003907  TIMG6_IRQHandler                    
00003907  TIMG7_IRQHandler                    
00003907  TIMG8_IRQHandler                    
00003907  UART0_IRQHandler                    
00003907  UART1_IRQHandler                    
00003907  UART2_IRQHandler                    
00003907  UART3_IRQHandler                    
0000390a  C$$EXIT                             
0000390b  HOSTexit                            
0000390f  Reset_Handler                       
00003925  _system_pre_init                    
00003940  __aeabi_ctype_table_                
00003940  __aeabi_ctype_table_C               
00003b90  __TI_Handler_Table_Base             
00003b9c  __TI_Handler_Table_Limit            
00003ba4  __TI_CINIT_Base                     
00003bb4  __TI_CINIT_Limit                    
00003bb4  __TI_CINIT_Warm                     
00003bb8  __TI_table_binit                    
00003bb8  __binit__                           
00003bb8  binit                               
20200000  __start___llvm_prf_bits             
20200000  __start___llvm_prf_cnts             
20200000  __stop___llvm_prf_bits              
20200000  __stop___llvm_prf_cnts              
20200000  gPWM_MOTORBackup                    
202000bc  gTIMER_EncoderBackup                
20200178  sensor                              
20200228  ADC_VALUE                           
20200278  gUART_0Backup                       
202002a8  long_pressed_key_time               
202002ac  state                               
202002b0  Digtal                              
20200318  Anolog                              
20200328  black                               
20200338  white                               
20200358  Tick                                
2020035c  __aeabi_errno                       
20200360  last_key_time                       
20200364  motor_max_duty                      
20200368  basespeed                           
2020036a  key_pressed                         
2020036b  long_err_flag                       
20207e00  __stack                             
20208000  __STACK_END                         
ffffffff  __TI_pprof_out_hndl                 
ffffffff  __TI_prof_data_size                 
ffffffff  __TI_prof_data_start                
UNDEFED   __mpu_init                          
UNDEFED   _system_post_cinit                  

[222 symbols]
