******************************************************************************
            TI ARM Clang Linker PC v4.0.4                      
******************************************************************************
>> Linked Mon Jul 20 11:43:14 2026

OUTPUT FILE NAME:   <diansai2024.out>
ENTRY POINT SYMBOL: "_c_int00_noargs"  address: 00004fb9


MEMORY CONFIGURATION

         name            origin    length      used     unused   attr    fill
----------------------  --------  ---------  --------  --------  ----  --------
  FLASH                 00000000   00020000  00006780  00019880  R  X
  SRAM                  20200000   00008000  00000539  00007ac7  RW X
  BCR_CONFIG            41c00000   000000ff  00000000  000000ff  R   
  BSL_CONFIG            41c00100   00000080  00000000  00000080  R   


SEGMENT ALLOCATION MAP

run origin  load origin   length   init length attrs members
----------  ----------- ---------- ----------- ----- -------
00000000    00000000    00006780   00006780    r-x
  00000000    00000000    000000c0   000000c0    r-- .intvecs
  000000c0    000000c0    00005890   00005890    r-x .text
  00005950    00005950    00000df0   00000df0    r-- .rodata
  00006740    00006740    00000040   00000040    r-- .cinit
20200000    20200000    00000339   00000000    rw-
  20200000    20200000    000002b8   00000000    rw- .bss
  202002b8    202002b8    00000081   00000000    rw- .data
20207e00    20207e00    00000200   00000000    rw-
  20207e00    20207e00    00000200   00000000    rw- .stack


SECTION ALLOCATION MAP

 output                                  attributes/
section   page    origin      length       input sections
--------  ----  ----------  ----------   ----------------
.intvecs   0    00000000    000000c0     
                  00000000    000000c0     startup_mspm0g350x_ticlang.o (.intvecs)

.text      0    000000c0    00005890     
                  000000c0    000009d0     libc.a : _printfi.c.obj (.text:__TI_printfi)
                  00000a90    00000278     inv_mpu_dmp_motion_driver.o (.text.dmp_enable_feature)
                  00000d08    00000238     inv_mpu_dmp_motion_driver.o (.text.dmp_set_tap_thresh)
                  00000f40    0000022c     inv_mpu.o (.text.mpu_reset_fifo)
                  0000116c    00000220     libc.a : _printfi.c.obj (.text._pconv_a)
                  0000138c    000001dc            : _printfi.c.obj (.text._pconv_g)
                  00001568    000001c0     ti_msp_dl_config.o (.text.SYSCFG_DL_GPIO_init)
                  00001728    000001a0     inv_mpu.o (.text.mpu_set_bypass)
                  000018c8    00000192     libclang_rt.builtins.a : adddf3.S.obj (.text.adddf3_subdf3)
                  00001a5a    00000002                            : aeabi_div0.c.obj (.text.__aeabi_idiv0)
                  00001a5c    00000188     No_Mcu_Ganv_Grayscale_Sensor.o (.text.No_MCU_Ganv_Sensor_Init)
                  00001be4    00000178     inv_mpu_dmp_motion_driver.o (.text.dmp_set_orientation)
                  00001d5c    00000144     mpu6050.o (.text.MPU6050_Init)
                  00001ea0    0000013c     libc.a : _printfi.c.obj (.text.fcvt)
                  00001fdc    00000134     mspm0_i2c.o (.text.mspm0_i2c_read)
                  00002110    00000130     inv_mpu.o (.text.mpu_set_sensors)
                  00002240    00000128     inv_mpu.o (.text.mpu_init)
                  00002368    00000124     inv_mpu.o (.text.mpu_load_firmware)
                  0000248c    00000120     libc.a : _printfi.c.obj (.text._pconv_e)
                  000025ac    0000010c     libclang_rt.builtins.a : divdf3.S.obj (.text.__divdf3)
                  000026b8    00000104     driverlib.a : dl_timer.o (.text.DL_Timer_initFourCCPWMMode)
                  000027bc    00000100     inv_mpu.o (.text.mpu_lp_accel_mode)
                  000028bc    000000fc     driverlib.a : dl_timer.o (.text.DL_Timer_initTimerMode)
                  000029b8    000000ec     inv_mpu.o (.text.mpu_set_sample_rate)
                  00002aa4    000000e4     libclang_rt.builtins.a : muldf3.S.obj (.text.__muldf3)
                  00002b88    000000e4     inv_mpu.o (.text.mpu_set_accel_fsr)
                  00002c6c    000000d8     libc.a : s_scalbn.c.obj (.text.scalbn)
                  00002d44    000000d4     inv_mpu.o (.text.set_int_enable)
                  00002e18    000000d0     main.o (.text.main)
                  00002ee8    000000d0     inv_mpu.o (.text.mpu_set_lpf)
                  00002fb8    000000c4     inv_mpu.o (.text.mpu_set_gyro_fsr)
                  0000307c    000000c4     mspm0_i2c.o (.text.mspm0_i2c_write)
                  00003140    000000bc     inv_mpu.o (.text.mpu_configure_fifo)
                  000031fc    000000b8     inv_mpu.o (.text.mpu_set_dmp_state)
                  000032b4    000000b0     ti_msp_dl_config.o (.text.SYSCFG_DL_initPower)
                  00003364    000000ac     inv_mpu.o (.text.mpu_read_mem)
                  00003410    000000ac     inv_mpu.o (.text.mpu_write_mem)
                  000034bc    000000a2     libclang_rt.builtins.a : udivmoddi4.S.obj (.text)
                  0000355e    00000002                            : aeabi_div0.c.obj (.text.__aeabi_ldiv0)
                  00003560    0000009c     inv_mpu.o (.text.mpu_set_int_latched)
                  000035fc    00000098     inv_mpu_dmp_motion_driver.o (.text.dmp_set_fifo_rate)
                  00003694    00000096     mpu6050.o (.text.inv_row_2_scale)
                  0000372a    00000002     --HOLE-- [fill = 0]
                  0000372c    00000090     ti_msp_dl_config.o (.text.SYSCFG_DL_PWM_MOTOR_init)
                  000037bc    0000008c     libclang_rt.builtins.a : mulsf3.S.obj (.text.__mulsf3)
                  00003848    00000084     ti_msp_dl_config.o (.text.__NVIC_SetPriority)
                  000038cc    00000082     libclang_rt.builtins.a : divsf3.S.obj (.text.__divsf3)
                  0000394e    00000002     --HOLE-- [fill = 0]
                  00003950    00000080     led.o (.text.LED_setAll)
                  000039d0    0000007c     libc.a : copy_decompress_lzss.c.obj (.text:decompress:lzss)
                  00003a4c    00000074     libclang_rt.builtins.a : comparedf2.c.obj (.text.__gedf2)
                  00003ac0    00000074     inv_mpu.o (.text.mpu_get_accel_fsr)
                  00003b34    00000072     No_Mcu_Ganv_Grayscale_Sensor.o (.text.No_MCU_Ganv_Sensor_Init_Frist)
                  00003ba6    00000002     --HOLE-- [fill = 0]
                  00003ba8    0000006c     ti_msp_dl_config.o (.text.SYSCFG_DL_ADC_VOLTAGE_init)
                  00003c14    00000068     control.o (.text.GROUP1_IRQHandler)
                  00003c7c    00000068     libclang_rt.builtins.a : comparedf2.c.obj (.text.__ledf2)
                  00003ce4    00000066     libc.a : _printfi.c.obj (.text._mcpy)
                  00003d4a    00000066     inv_mpu_dmp_motion_driver.o (.text.dmp_set_tap_axes)
                  00003db0    00000064     ti_msp_dl_config.o (.text.DL_ADC12_initSingleSample)
                  00003e14    00000062     libclang_rt.builtins.a : aeabi_dcmp.S.obj (.text.__aeabi_dcmp)
                  00003e76    00000002     --HOLE-- [fill = 0]
                  00003e78    00000060     inv_mpu_dmp_motion_driver.o (.text.dmp_enable_gyro_cal)
                  00003ed8    00000060     mspm0_i2c.o (.text.mpu6050_i2c_sda_unlock)
                  00003f38    00000060     inv_mpu.o (.text.mpu_get_gyro_fsr)
                  00003f98    0000005e     driverlib.a : dl_i2c.o (.text.DL_I2C_fillControllerTXFIFO)
                  00003ff6    00000002     --HOLE-- [fill = 0]
                  00003ff8    0000005c     libc.a : s_frexp.c.obj (.text.frexp)
                  00004054    0000005c     mspm0_i2c.o (.text.mspm0_i2c_enable)
                  000040b0    00000058     ti_msp_dl_config.o (.text.SYSCFG_DL_I2C_MPU6050_init)
                  00004108    00000058     ti_msp_dl_config.o (.text.SYSCFG_DL_I2C_OLED_init)
                  00004160    00000058     libc.a : _ltoa.c.obj (.text.__TI_ltoa)
                  000041b8    00000058            : _printfi.c.obj (.text._pconv_f)
                  00004210    00000056     libclang_rt.builtins.a : aeabi_idivmod.S.obj (.text.__aeabi_idivmod)
                  00004266    00000002     --HOLE-- [fill = 0]
                  00004268    00000054     ti_msp_dl_config.o (.text.SYSCFG_DL_init)
                  000042bc    00000052     libc.a : _printfi.c.obj (.text._ecpy)
                  0000430e    00000002     --HOLE-- [fill = 0]
                  00004310    00000050     mspm0_i2c.o (.text.DL_GPIO_initPeripheralInputFunctionFeatures)
                  00004360    00000050     ti_msp_dl_config.o (.text.DL_GPIO_initPeripheralInputFunctionFeatures)
                  000043b0    00000050     mspm0_i2c.o (.text.DL_I2C_startControllerTransfer)
                  00004400    00000050     ti_msp_dl_config.o (.text.SysTick_Config)
                  00004450    0000004c     driverlib.a : dl_dma.o (.text.DL_DMA_initChannel)
                  0000449c    0000004c     mspm0_i2c.o (.text.DL_GPIO_initDigitalInputFeatures)
                  000044e8    0000004c     ti_msp_dl_config.o (.text.DL_GPIO_initDigitalInputFeatures)
                  00004534    0000004c     ti_msp_dl_config.o (.text.DL_UART_setBaudRateDivisor)
                  00004580    0000004a     ti_msp_dl_config.o (.text.DL_ADC12_configConversionMem)
                  000045ca    00000002     --HOLE-- [fill = 0]
                  000045cc    0000004a     libclang_rt.builtins.a : fixdfsi.S.obj (.text.__fixdfsi)
                  00004616    00000002     --HOLE-- [fill = 0]
                  00004618    00000048     driverlib.a : dl_uart.o (.text.DL_UART_init)
                  00004660    00000048     ti_msp_dl_config.o (.text.SYSCFG_DL_UART_0_init)
                  000046a8    00000048     inv_mpu_dmp_motion_driver.o (.text.dmp_enable_6x_lp_quat)
                  000046f0    00000048     inv_mpu_dmp_motion_driver.o (.text.dmp_enable_lp_quat)
                  00004738    00000048     mspm0_i2c.o (.text.mspm0_i2c_disable)
                  00004780    00000044     inv_mpu_dmp_motion_driver.o (.text.dmp_set_shake_reject_thresh)
                  000047c4    00000044     inv_mpu_dmp_motion_driver.o (.text.dmp_set_tap_count)
                  00004808    00000040     driverlib.a : dl_adc12.o (.text.DL_ADC12_setClockConfig)
                  00004848    00000040     ti_msp_dl_config.o (.text.SYSCFG_DL_UART_1_init)
                  00004888    00000040     libclang_rt.builtins.a : aeabi_uidivmod.S.obj (.text.__aeabi_uidivmod)
                  000048c8    00000040                            : extendsfdf2.S.obj (.text.__extendsfdf2)
                  00004908    00000040     libc.a : atoi.c.obj (.text.atoi)
                  00004948    0000003e     mpu6050.o (.text.inv_orientation_matrix_to_scalar)
                  00004986    00000002     --HOLE-- [fill = 0]
                  00004988    0000003c     driverlib.a : dl_i2c.o (.text.DL_I2C_flushControllerTXFIFO)
                  000049c4    0000003c     ti_msp_dl_config.o (.text.DL_Timer_setCounterControl)
                  00004a00    0000003c     uart.o (.text.uart0_send_string)
                  00004a3c    0000003c     libc.a : autoinit.c.obj (.text:__TI_auto_init_nobinit_nopinit)
                  00004a78    0000003a     libclang_rt.builtins.a : muldsi3.S.obj (.text.__muldsi3)
                  00004ab2    00000002     --HOLE-- [fill = 0]
                  00004ab4    00000038                            : fixsfsi.S.obj (.text.__fixsfsi)
                  00004aec    00000038     libc.a : sprintf.c.obj (.text.sprintf)
                  00004b24    00000034     inv_mpu.o (.text.mpu_get_sample_rate)
                  00004b58    00000034     flash.o (.text.readBlackFromFlash)
                  00004b8c    00000034     flash.o (.text.readWhiteFromFlash)
                  00004bc0    00000032     ti_msp_dl_config.o (.text.SYSCFG_DL_SYSCTL_init)
                  00004bf2    00000032     inv_mpu_dmp_motion_driver.o (.text.dmp_set_shake_reject_time)
                  00004c24    00000032     inv_mpu_dmp_motion_driver.o (.text.dmp_set_shake_reject_timeout)
                  00004c56    00000002     --HOLE-- [fill = 0]
                  00004c58    00000030     ti_msp_dl_config.o (.text.DL_DMA_setTransferSize)
                  00004c88    00000030     libc.a : _printfi.c.obj (.text._fcpy)
                  00004cb8    00000030     inv_mpu_dmp_motion_driver.o (.text.dmp_set_tap_time)
                  00004ce8    00000030     inv_mpu_dmp_motion_driver.o (.text.dmp_set_tap_time_multi)
                  00004d18    00000030     clock.o (.text.mspm0_delay_ms)
                  00004d48    0000002c     ti_msp_dl_config.o (.text.DL_ADC12_setDMASamplesCnt)
                  00004d74    0000002c     ti_msp_dl_config.o (.text.SYSCFG_DL_TIMER_Encoder_init)
                  00004da0    0000002c     main.o (.text.__NVIC_EnableIRQ)
                  00004dcc    0000002c     libclang_rt.builtins.a : floatsidf.S.obj (.text.__floatsidf)
                  00004df8    0000002c     clock.o (.text.mspm0_get_clock_ms)
                  00004e24    0000002c     uart.o (.text.uart0_send_char)
                  00004e50    00000028     mspm0_i2c.o (.text.DL_Common_updateReg)
                  00004e78    00000028     ti_msp_dl_config.o (.text.DL_Common_updateReg)
                  00004ea0    00000028     main.o (.text.DL_DMA_setDestAddr)
                  00004ec8    00000028     main.o (.text.DL_DMA_setSrcAddr)
                  00004ef0    00000028     ti_msp_dl_config.o (.text.DL_I2C_setControllerRXFIFOThreshold)
                  00004f18    00000028     ti_msp_dl_config.o (.text.DL_I2C_setControllerTXFIFOThreshold)
                  00004f40    00000028     ti_msp_dl_config.o (.text.SYSCFG_DL_DMA_CH0_init)
                  00004f68    00000028     delay.o (.text.Tick_delay)
                  00004f90    00000028     libclang_rt.builtins.a : floatunsisf.S.obj (.text.__floatunsisf)
                  00004fb8    00000028     libc.a : boot_cortex_m.c.obj (.text:_c_int00_noargs)
                  00004fe0    00000026     main.o (.text.DL_DMA_enableChannel)
                  00005006    00000026     ti_msp_dl_config.o (.text.DL_I2C_setAnalogGlitchFilterPulseWidth)
                  0000502c    00000026     driverlib.a : dl_i2c.o (.text.DL_I2C_setClockConfig)
                  00005052    00000002     --HOLE-- [fill = 0]
                  00005054    00000024     libclang_rt.builtins.a : floatunsidf.S.obj (.text.__floatunsidf)
                  00005078    00000024                            : muldi3.S.obj (.text.__muldi3)
                  0000509c    00000022     libc.a : memccpy.c.obj (.text.memccpy)
                  000050be    00000002     --HOLE-- [fill = 0]
                  000050c0    00000020     ti_msp_dl_config.o (.text.DL_GPIO_initPeripheralInputFunction)
                  000050e0    00000020     libc.a : memcmp.c.obj (.text.memcmp)
                  00005100    0000001e     ti_msp_dl_config.o (.text.DL_UART_setOversampling)
                  0000511e    00000002     --HOLE-- [fill = 0]
                  00005120    0000001e     libclang_rt.builtins.a : ashldi3.S.obj (.text.__ashldi3)
                  0000513e    00000002     --HOLE-- [fill = 0]
                  00005140    0000001c     ti_msp_dl_config.o (.text.DL_ADC12_enableDMA)
                  0000515c    0000001c     ti_msp_dl_config.o (.text.DL_ADC12_enableDMATrigger)
                  00005178    0000001c     main.o (.text.DL_ADC12_startConversion)
                  00005194    0000001c     ti_msp_dl_config.o (.text.DL_GPIO_clearInterruptStatus)
                  000051b0    0000001c     mspm0_i2c.o (.text.DL_GPIO_enableHiZ)
                  000051cc    0000001c     ti_msp_dl_config.o (.text.DL_GPIO_enableHiZ)
                  000051e8    0000001c     ti_msp_dl_config.o (.text.DL_GPIO_enableInterrupt)
                  00005204    0000001c     ti_msp_dl_config.o (.text.DL_GPIO_initPeripheralOutputFunction)
                  00005220    0000001c     ti_msp_dl_config.o (.text.DL_GPIO_setLowerPinsPolarity)
                  0000523c    0000001c     mpu6050.o (.text.DL_I2C_getSDAStatus)
                  00005258    0000001c     mspm0_i2c.o (.text.DL_I2C_isControllerRXFIFOEmpty)
                  00005274    0000001c     ti_msp_dl_config.o (.text.DL_SYSCTL_setMCLKDivider)
                  00005290    0000001c     ti_msp_dl_config.o (.text.DL_SYSCTL_setSYSOSCFreq)
                  000052ac    0000001c     ti_msp_dl_config.o (.text.DL_SYSCTL_setULPCLKDivider)
                  000052c8    0000001c     driverlib.a : dl_timer.o (.text.DL_Timer_setCaptCompUpdateMethod)
                  000052e4    0000001c                 : dl_timer.o (.text.DL_Timer_setClockConfig)
                  00005300    0000001c     ti_msp_dl_config.o (.text.DL_UART_enableInterrupt)
                  0000531c    0000001c     inv_mpu_dmp_motion_driver.o (.text.dmp_load_motion_driver_firmware)
                  00005338    00000018     ti_msp_dl_config.o (.text.DL_ADC12_enablePower)
                  00005350    00000018     ti_msp_dl_config.o (.text.DL_ADC12_reset)
                  00005368    00000018     ti_msp_dl_config.o (.text.DL_ADC12_setSampleTime0)
                  00005380    00000018     mspm0_i2c.o (.text.DL_GPIO_enableOutput)
                  00005398    00000018     ti_msp_dl_config.o (.text.DL_GPIO_enableOutput)
                  000053b0    00000018     ti_msp_dl_config.o (.text.DL_GPIO_enablePower)
                  000053c8    00000018     mspm0_i2c.o (.text.DL_GPIO_initDigitalOutput)
                  000053e0    00000018     ti_msp_dl_config.o (.text.DL_GPIO_initDigitalOutput)
                  000053f8    00000018     ti_msp_dl_config.o (.text.DL_GPIO_reset)
                  00005410    00000018     led.o (.text.DL_GPIO_setPins)
                  00005428    00000018     motor.o (.text.DL_GPIO_setPins)
                  00005440    00000018     mspm0_i2c.o (.text.DL_GPIO_setPins)
                  00005458    00000018     ti_msp_dl_config.o (.text.DL_GPIO_setUpperPinsPolarity)
                  00005470    00000018     mspm0_i2c.o (.text.DL_I2C_clearInterruptStatus)
                  00005488    00000018     ti_msp_dl_config.o (.text.DL_I2C_enableAnalogGlitchFilter)
                  000054a0    00000018     ti_msp_dl_config.o (.text.DL_I2C_enableController)
                  000054b8    00000018     ti_msp_dl_config.o (.text.DL_I2C_enableControllerClockStretching)
                  000054d0    00000018     mspm0_i2c.o (.text.DL_I2C_enablePower)
                  000054e8    00000018     ti_msp_dl_config.o (.text.DL_I2C_enablePower)
                  00005500    00000018     mspm0_i2c.o (.text.DL_I2C_getRawInterruptStatus)
                  00005518    00000018     mspm0_i2c.o (.text.DL_I2C_reset)
                  00005530    00000018     ti_msp_dl_config.o (.text.DL_I2C_reset)
                  00005548    00000018     ti_msp_dl_config.o (.text.DL_I2C_setTimerPeriod)
                  00005560    00000018     ti_msp_dl_config.o (.text.DL_SYSCTL_setBORThreshold)
                  00005578    00000018     ti_msp_dl_config.o (.text.DL_Timer_enablePower)
                  00005590    00000018     ti_msp_dl_config.o (.text.DL_Timer_reset)
                  000055a8    00000018     driverlib.a : dl_timer.o (.text.DL_Timer_setCaptureCompareOutCtl)
                  000055c0    00000018     main.o (.text.DL_Timer_startCounter)
                  000055d8    00000018     ti_msp_dl_config.o (.text.DL_UART_enablePower)
                  000055f0    00000018     uart.o (.text.DL_UART_isBusy)
                  00005608    00000018     ti_msp_dl_config.o (.text.DL_UART_reset)
                  00005620    00000018     libc.a : sprintf.c.obj (.text._outs)
                  00005638    00000016     ti_msp_dl_config.o (.text.DL_ADC12_enableConversions)
                  0000564e    00000016     control.o (.text.DL_GPIO_readPins)
                  00005664    00000016     mspm0_i2c.o (.text.DL_GPIO_readPins)
                  0000567a    00000016     mspm0_i2c.o (.text.DL_I2C_transmitControllerData)
                  00005690    00000016     ti_msp_dl_config.o (.text.DL_UART_enable)
                  000056a6    00000016     uart.o (.text.DL_UART_transmitData)
                  000056bc    00000016     libc.a : copy_zero_init.c.obj (.text:decompress:ZI:__TI_zero_init_nomemset)
                  000056d2    00000014     led.o (.text.DL_GPIO_clearPins)
                  000056e6    00000014     mspm0_i2c.o (.text.DL_GPIO_clearPins)
                  000056fa    00000014     ti_msp_dl_config.o (.text.DL_GPIO_clearPins)
                  0000570e    00000002     --HOLE-- [fill = 0]
                  00005710    00000014     mspm0_i2c.o (.text.DL_I2C_getControllerStatus)
                  00005724    00000014     mspm0_i2c.o (.text.DL_I2C_receiveControllerData)
                  00005738    00000014     ti_msp_dl_config.o (.text.DL_I2C_resetControllerTransfer)
                  0000574c    00000014     ti_msp_dl_config.o (.text.DL_SYSCTL_disableSYSPLL)
                  00005760    00000014     ti_msp_dl_config.o (.text.DL_Timer_enableClock)
                  00005774    00000014     ti_msp_dl_config.o (.text.DL_Timer_setCCPDirection)
                  00005788    00000014     motor.o (.text.Motor_On)
                  0000579c    00000014     libclang_rt.builtins.a : aeabi_uldivmod.S.obj (.text.__aeabi_uldivmod)
                  000057b0    00000014     inv_mpu_dmp_motion_driver.o (.text.dmp_register_android_orient_cb)
                  000057c4    00000014     inv_mpu_dmp_motion_driver.o (.text.dmp_register_tap_cb)
                  000057d8    00000014     libc.a : _printfi.c.obj (.text.strchr)
                  000057ec    00000012     control.o (.text.DL_GPIO_getPendingInterrupt)
                  000057fe    00000012     driverlib.a : dl_uart.o (.text.DL_UART_setClockConfig)
                  00005810    00000012     libc.a : memcpy16.S.obj (.text:TI_memcpy_small)
                  00005822    00000012            : copy_decompress_none.c.obj (.text:decompress:none)
                  00005834    00000010     ti_msp_dl_config.o (.text.DL_SYSCTL_disableHFXT)
                  00005844    00000010     driverlib.a : dl_timer.o (.text.DL_Timer_setCaptureCompareValue)
                  00005854    00000010     delay.o (.text.Tick_SysTickCallback)
                  00005864    00000010     libc.a : wcslen.c.obj (.text.wcslen)
                  00005874    0000000e     libclang_rt.builtins.a : aeabi_memset.S.obj (.text.__aeabi_memset)
                  00005882    0000000e     libc.a : _printfi.c.obj (.text.strlen)
                  00005890    0000000e     mpu6050.o (.text.tap_cb)
                  0000589e    0000000e     libc.a : memset16.S.obj (.text:TI_memset_small)
                  000058ac    0000000c     ti_msp_dl_config.o (.text.SYSCFG_DL_SYSTICK_init)
                  000058b8    0000000a     driverlib.a : dl_common.o (.text.DL_Common_delayCycles)
                  000058c2    0000000a     led.o (.text.LED_init)
                  000058cc    0000000a     libc.a : _printfi.c.obj (.text.OUTLINED_FUNCTION_0)
                  000058d6    00000002     --HOLE-- [fill = 0]
                  000058d8    00000010     libclang_rt.builtins.a : adddf3.S.obj (.tramp.__aeabi_dsub.1)
                  000058e8    0000000a     libc.a : _printfi.c.obj (.text.OUTLINED_FUNCTION_1)
                  000058f2    0000000a            : sprintf.c.obj (.text._outc)
                  000058fc    0000000a     mpu6050.o (.text.android_orient_cb)
                  00005906    00000008     ti_msp_dl_config.o (.text.SYSCFG_DL_DMA_init)
                  0000590e    00000008     delay.o (.text.SysTick_Handler)
                  00005916    00000002     --HOLE-- [fill = 0]
                  00005918    00000008     libc.a : aeabi_portable.c.obj (.text.__aeabi_errno_addr)
                  00005920    00000008     libclang_rt.builtins.a : aeabi_memcpy.S.obj (.text.__aeabi_memcpy)
                  00005928    00000006     libc.a : exit.c.obj (.text:abort)
                  0000592e    00000004     startup_mspm0g350x_ticlang.o (.text.Default_Handler)
                  00005932    00000004     libsysbm.a : hostexit.c.obj (.text.HOSTexit)
                  00005936    00000004     startup_mspm0g350x_ticlang.o (.text.Reset_Handler)
                  0000593a    00000002     --HOLE-- [fill = 0]
                  0000593c    00000010     libc.a : boot_cortex_m.c.obj (.tramp._c_int00_noargs.1)
                  0000594c    00000004            : pre_init.c.obj (.text._system_pre_init)

.cinit     0    00006740    00000040     
                  00006740    0000001c     (.cinit..data.load) [load image, compression = lzss]
                  0000675c    0000000c     (__TI_handler_table)
                  00006768    00000008     (.cinit..bss.load) [load image, compression = zero_init]
                  00006770    00000010     (__TI_cinit_table)

.rodata    0    00005950    00000df0     
                  00005950    00000bf6     inv_mpu_dmp_motion_driver.o (.rodata.dmp_memory)
                  00006546    0000000a     ti_msp_dl_config.o (.rodata.gUART_0Config)
                  00006550    00000101     libc.a : aeabi_ctype.S.obj (.rodata:__aeabi_ctype_table_)
                  00006651    00000003     ti_msp_dl_config.o (.rodata.gPWM_MOTORClockConfig)
                  00006654    00000028     inv_mpu.o (.rodata.test)
                  0000667c    0000001e     inv_mpu.o (.rodata.reg)
                  0000669a    00000002     ti_msp_dl_config.o (.rodata.gI2C_MPU6050ClockConfig)
                  0000669c    00000018     ti_msp_dl_config.o (.rodata.gDMA_CH0Config)
                  000066b4    00000014     ti_msp_dl_config.o (.rodata.gTIMER_EncoderTimerConfig)
                  000066c8    00000012     main.o (.rodata.str1.15159059442110792349.1)
                  000066da    00000011     libc.a : _printfi.c.obj (.rodata.str1.10348868589481759720.1)
                  000066eb    00000011            : _printfi.c.obj (.rodata.str1.15363888844622738466.1)
                  000066fc    0000000c     inv_mpu.o (.rodata.hw)
                  00006708    0000000c     main.o (.rodata.str1.8154729771448623357.1)
                  00006714    0000000a     ti_msp_dl_config.o (.rodata.gUART_1Config)
                  0000671e    00000002     ti_msp_dl_config.o (.rodata.gI2C_OLEDClockConfig)
                  00006720    00000008     ti_msp_dl_config.o (.rodata.gADC_VOLTAGEClockConfig)
                  00006728    00000008     ti_msp_dl_config.o (.rodata.gPWM_MOTORConfig)
                  00006730    00000004     led.o (.rodata.LED_PINS)
                  00006734    00000003     ti_msp_dl_config.o (.rodata.gTIMER_EncoderClockConfig)
                  00006737    00000002     ti_msp_dl_config.o (.rodata.gUART_0ClockConfig)
                  00006739    00000002     ti_msp_dl_config.o (.rodata.gUART_1ClockConfig)
                  0000673b    00000005     --HOLE-- [fill = 0]

.init_array 
*          0    00000000    00000000     UNINITIALIZED

.binit     0    00000000    00000000     

.bss       0    20200000    000002b8     UNINITIALIZED
                  20200000    000000bc     (.common:gPWM_MOTORBackup)
                  202000bc    000000bc     (.common:gTIMER_EncoderBackup)
                  20200178    000000b0     (.common:sensor)
                  20200228    00000050     (.common:ADC_VALUE)
                  20200278    00000030     (.common:gUART_0Backup)
                  202002a8    00000004     (.common:long_pressed_key_time)
                  202002ac    00000004     (.common:start_time)
                  202002b0    00000004     (.common:state)
                  202002b4    00000004     (.common:tick_ms)

.data      0    202002b8    00000081     UNINITIALIZED
                  202002b8    0000002c     inv_mpu.o (.data.st)
                  202002e4    00000010     control.o (.data.black)
                  202002f4    00000010     inv_mpu_dmp_motion_driver.o (.data.dmp)
                  20200304    00000010     control.o (.data.white)
                  20200314    0000000e     mpu6050.o (.data.hal)
                  20200322    00000009     mpu6050.o (.data.gyro_orientation)
                  2020032b    00000001     interrupt.o (.data.enable_group1_irq)
                  2020032c    00000004     delay.o (.data.Tick)
                  20200330    00000004     libc.a : aeabi_portable.c.obj (.data.__aeabi_errno)
                  20200334    00000004     key.o (.data.last_key_time)
                  20200338    00000001     key.o (.data.key_pressed)

.stack     0    20207e00    00000200     UNINITIALIZED
                  20207e00    00000004     libc.a : boot_cortex_m.c.obj (.stack)
                  20207e04    000001fc     --HOLE--

__llvm_prf_cnts 
*          0    20200000    00000000     UNINITIALIZED

__llvm_prf_bits 
*          0    20200000    00000000     UNINITIALIZED

MODULE SUMMARY

       Module                           code    ro data   rw data
       ------                           ----    -------   -------
    .\
       ti_msp_dl_config.o               3340    94        424    
       main.o                           422     30        0      
       startup_mspm0g350x_ticlang.o     8       192       0      
    +--+--------------------------------+-------+---------+---------+
       Total:                           3770    316       424    
                                                                 
    .\Driver\
       No_Mcu_Ganv_Grayscale_Sensor.o   506     0         0      
       led.o                            182     4         0      
       uart.o                           150     0         0      
       flash.o                          104     0         0      
       adc.o                            0       0         80     
       delay.o                          64      0         4      
       key.o                            0       0         13     
    +--+--------------------------------+-------+---------+---------+
       Total:                           1006    4         97     
                                                                 
    .\Drivers\MPU6050\
       inv_mpu_dmp_motion_driver.o      2470    3062      16     
       inv_mpu.o                        4336    82        44     
       mspm0_i2c.o                      1368    0         0      
       mpu6050.o                        588     0         23     
    +--+--------------------------------+-------+---------+---------+
       Total:                           8762    3144      83     
                                                                 
    .\Drivers\MSPM0\
       clock.o                          92      0         8      
       interrupt.o                      0       0         1      
    +--+--------------------------------+-------+---------+---------+
       Total:                           92      0         9      
                                                                 
    .\Motor\
       motor.o                          44      0         0      
    +--+--------------------------------+-------+---------+---------+
       Total:                           44      0         0      
                                                                 
    .\User\
       control.o                        144     0         208    
    +--+--------------------------------+-------+---------+---------+
       Total:                           144     0         208    
                                                                 
    D:/ti/mspm0_sdk_2_10_00_04/source/ti/driverlib/lib/ticlang/m0p/mspm0g1x0x_g3x0x/driverlib.a
       dl_timer.o                       608     0         0      
       dl_i2c.o                         192     0         0      
       dl_uart.o                        90      0         0      
       dl_dma.o                         76      0         0      
       dl_adc12.o                       64      0         0      
       dl_common.o                      10      0         0      
    +--+--------------------------------+-------+---------+---------+
       Total:                           1040    0         0      
                                                                 
    D:\ti\ccs2051\ccs\tools\compiler\ti-cgt-armllvm_4.0.4.LTS\lib\armv6m-ti-none-eabi/c/libc.a
       _printfi.c.obj                   4510    34        0      
       aeabi_ctype.S.obj                0       257       0      
       s_scalbn.c.obj                   216     0         0      
       copy_decompress_lzss.c.obj       124     0         0      
       s_frexp.c.obj                    92      0         0      
       sprintf.c.obj                    90      0         0      
       _ltoa.c.obj                      88      0         0      
       atoi.c.obj                       64      0         0      
       autoinit.c.obj                   60      0         0      
       boot_cortex_m.c.obj              56      0         0      
       memccpy.c.obj                    34      0         0      
       memcmp.c.obj                     32      0         0      
       copy_zero_init.c.obj             22      0         0      
       copy_decompress_none.c.obj       18      0         0      
       memcpy16.S.obj                   18      0         0      
       wcslen.c.obj                     16      0         0      
       memset16.S.obj                   14      0         0      
       aeabi_portable.c.obj             8       0         4      
       exit.c.obj                       6       0         0      
       pre_init.c.obj                   4       0         0      
    +--+--------------------------------+-------+---------+---------+
       Total:                           5472    291       4      
                                                                 
    D:\ti\ccs2051\ccs\tools\compiler\ti-cgt-armllvm_4.0.4.LTS\lib\armv6m-ti-none-eabi/c/libsysbm.a
       hostexit.c.obj                   4       0         0      
    +--+--------------------------------+-------+---------+---------+
       Total:                           4       0         0      
                                                                 
    D:\ti\ccs2051\ccs\tools\compiler\ti-cgt-armllvm_4.0.4.LTS\lib\armv6m-ti-none-eabi/libclang_rt.builtins.a
       adddf3.S.obj                     418     0         0      
       divdf3.S.obj                     268     0         0      
       muldf3.S.obj                     228     0         0      
       comparedf2.c.obj                 220     0         0      
       udivmoddi4.S.obj                 162     0         0      
       mulsf3.S.obj                     140     0         0      
       divsf3.S.obj                     130     0         0      
       aeabi_dcmp.S.obj                 98      0         0      
       aeabi_idivmod.S.obj              86      0         0      
       fixdfsi.S.obj                    74      0         0      
       aeabi_uidivmod.S.obj             64      0         0      
       extendsfdf2.S.obj                64      0         0      
       muldsi3.S.obj                    58      0         0      
       fixsfsi.S.obj                    56      0         0      
       floatsidf.S.obj                  44      0         0      
       floatunsisf.S.obj                40      0         0      
       floatunsidf.S.obj                36      0         0      
       muldi3.S.obj                     36      0         0      
       ashldi3.S.obj                    30      0         0      
       aeabi_uldivmod.S.obj             20      0         0      
       aeabi_memset.S.obj               14      0         0      
       aeabi_memcpy.S.obj               8       0         0      
       aeabi_div0.c.obj                 4       0         0      
    +--+--------------------------------+-------+---------+---------+
       Total:                           2298    0         0      
                                                                 
       Stack:                           0       0         512    
       Linker Generated:                0       64        0      
    +--+--------------------------------+-------+---------+---------+
       Grand Total:                     22632   3819      1337   


LINKER GENERATED COPY TABLES

__TI_cinit_table @ 00006770 records: 2, size/record: 8, table size: 16
	.data: load addr=00006740, load size=0000001c bytes, run addr=202002b8, run size=00000081 bytes, compression=lzss
	.bss: load addr=00006768, load size=00000008 bytes, run addr=20200000, run size=000002b8 bytes, compression=zero_init


LINKER GENERATED HANDLER TABLE

__TI_handler_table @ 0000675c records: 3, size/record: 4, table size: 12
	index: 0, handler: __TI_decompress_lzss
	index: 1, handler: __TI_decompress_none
	index: 2, handler: __TI_zero_init


FAR CALL TRAMPOLINES

callee name               trampoline name
   callee addr  tramp addr   call addr  call info
--------------  -----------  ---------  ----------------
__aeabi_dsub              $Tramp$TT$L$PI$$__aeabi_dsub
   000018c9     000058d8     000058d4   libc.a : _printfi.c.obj (.text.OUTLINED_FUNCTION_0)
_c_int00_noargs           $Tramp$TT$L$PI$$_c_int00_noargs
   00004fb9     0000593c     00005936   startup_mspm0g350x_ticlang.o (.text.Reset_Handler)

[2 trampolines]
[2 trampoline calls]


GLOBAL SYMBOLS: SORTED ALPHABETICALLY BY Name 

address   name                            
-------   ----                            
0000592f  ADC0_IRQHandler                 
0000592f  ADC1_IRQHandler                 
20200228  ADC_VALUE                       
0000592f  AES_IRQHandler                  
00005932  C$$EXIT                         
0000592f  CANFD0_IRQHandler               
0000592f  DAC0_IRQHandler                 
00004809  DL_ADC12_setClockConfig         
000058b9  DL_Common_delayCycles           
00004451  DL_DMA_initChannel              
00003f99  DL_I2C_fillControllerTXFIFO     
00004989  DL_I2C_flushControllerTXFIFO    
0000502d  DL_I2C_setClockConfig           
000026b9  DL_Timer_initFourCCPWMMode      
000028bd  DL_Timer_initTimerMode          
000052c9  DL_Timer_setCaptCompUpdateMethod
000055a9  DL_Timer_setCaptureCompareOutCtl
00005845  DL_Timer_setCaptureCompareValue 
000052e5  DL_Timer_setClockConfig         
00004619  DL_UART_init                    
000057ff  DL_UART_setClockConfig          
0000592f  DMA_IRQHandler                  
0000592f  Default_Handler                 
0000592f  GROUP0_IRQHandler               
00003c15  GROUP1_IRQHandler               
00005933  HOSTexit                        
0000592f  HardFault_Handler               
0000592f  I2C0_IRQHandler                 
0000592f  I2C1_IRQHandler                 
000058c3  LED_init                        
00003951  LED_setAll                      
00001d5d  MPU6050_Init                    
00005789  Motor_On                        
0000592f  NMI_Handler                     
00001a5d  No_MCU_Ganv_Sensor_Init         
00003b35  No_MCU_Ganv_Sensor_Init_Frist   
0000592f  PendSV_Handler                  
0000592f  RTC_IRQHandler                  
00005937  Reset_Handler                   
0000592f  SPI0_IRQHandler                 
0000592f  SPI1_IRQHandler                 
0000592f  SVC_Handler                     
00003ba9  SYSCFG_DL_ADC_VOLTAGE_init      
00004f41  SYSCFG_DL_DMA_CH0_init          
00005907  SYSCFG_DL_DMA_init              
00001569  SYSCFG_DL_GPIO_init             
000040b1  SYSCFG_DL_I2C_MPU6050_init      
00004109  SYSCFG_DL_I2C_OLED_init         
0000372d  SYSCFG_DL_PWM_MOTOR_init        
00004bc1  SYSCFG_DL_SYSCTL_init           
000058ad  SYSCFG_DL_SYSTICK_init          
00004d75  SYSCFG_DL_TIMER_Encoder_init    
00004661  SYSCFG_DL_UART_0_init           
00004849  SYSCFG_DL_UART_1_init           
00004269  SYSCFG_DL_init                  
000032b5  SYSCFG_DL_initPower             
0000590f  SysTick_Handler                 
0000592f  TIMA0_IRQHandler                
0000592f  TIMA1_IRQHandler                
0000592f  TIMG0_IRQHandler                
0000592f  TIMG12_IRQHandler               
0000592f  TIMG6_IRQHandler                
0000592f  TIMG7_IRQHandler                
0000592f  TIMG8_IRQHandler                
00005811  TI_memcpy_small                 
0000589f  TI_memset_small                 
2020032c  Tick                            
00005855  Tick_SysTickCallback            
00004f69  Tick_delay                      
0000592f  UART0_IRQHandler                
0000592f  UART1_IRQHandler                
0000592f  UART2_IRQHandler                
0000592f  UART3_IRQHandler                
20208000  __STACK_END                     
00000200  __STACK_SIZE                    
00000000  __TI_ATRegion0_region_sz        
00000000  __TI_ATRegion0_src_addr         
00000000  __TI_ATRegion0_trg_addr         
00000000  __TI_ATRegion1_region_sz        
00000000  __TI_ATRegion1_src_addr         
00000000  __TI_ATRegion1_trg_addr         
00000000  __TI_ATRegion2_region_sz        
00000000  __TI_ATRegion2_src_addr         
00000000  __TI_ATRegion2_trg_addr         
00006770  __TI_CINIT_Base                 
00006780  __TI_CINIT_Limit                
00006780  __TI_CINIT_Warm                 
0000675c  __TI_Handler_Table_Base         
00006768  __TI_Handler_Table_Limit        
00004a3d  __TI_auto_init_nobinit_nopinit  
000039d1  __TI_decompress_lzss            
00005823  __TI_decompress_none            
00004161  __TI_ltoa                       
ffffffff  __TI_pprof_out_hndl             
000000c1  __TI_printfi                    
ffffffff  __TI_prof_data_size             
ffffffff  __TI_prof_data_start            
00000000  __TI_static_base__              
000056bd  __TI_zero_init_nomemset         
000018d3  __adddf3                        
00006550  __aeabi_ctype_table_            
00006550  __aeabi_ctype_table_C           
000045cd  __aeabi_d2iz                    
000018d3  __aeabi_dadd                    
00003e15  __aeabi_dcmpeq                  
00003e51  __aeabi_dcmpge                  
00003e65  __aeabi_dcmpgt                  
00003e3d  __aeabi_dcmple                  
00003e29  __aeabi_dcmplt                  
000025ad  __aeabi_ddiv                    
00002aa5  __aeabi_dmul                    
000018c9  __aeabi_dsub                    
20200330  __aeabi_errno                   
00005919  __aeabi_errno_addr              
000048c9  __aeabi_f2d                     
00004ab5  __aeabi_f2iz                    
000038cd  __aeabi_fdiv                    
000037bd  __aeabi_fmul                    
00004dcd  __aeabi_i2d                     
00004211  __aeabi_idiv                    
00001a5b  __aeabi_idiv0                   
00004211  __aeabi_idivmod                 
0000355f  __aeabi_ldiv0                   
00005121  __aeabi_llsl                    
00005079  __aeabi_lmul                    
00005921  __aeabi_memcpy                  
00005921  __aeabi_memcpy4                 
00005921  __aeabi_memcpy8                 
00005875  __aeabi_memset                  
00005875  __aeabi_memset4                 
00005875  __aeabi_memset8                 
00005055  __aeabi_ui2d                    
00004f91  __aeabi_ui2f                    
00004889  __aeabi_uidiv                   
00004889  __aeabi_uidivmod                
0000579d  __aeabi_uldivmod                
00005121  __ashldi3                       
ffffffff  __binit__                       
00003c7d  __cmpdf2                        
000025ad  __divdf3                        
000038cd  __divsf3                        
00003c7d  __eqdf2                         
000048c9  __extendsfdf2                   
000045cd  __fixdfsi                       
00004ab5  __fixsfsi                       
00004dcd  __floatsidf                     
00005055  __floatunsidf                   
00004f91  __floatunsisf                   
00003a4d  __gedf2                         
00003a4d  __gtdf2                         
00003c7d  __ledf2                         
00003c7d  __ltdf2                         
UNDEFED   __mpu_init                      
00002aa5  __muldf3                        
00005079  __muldi3                        
00004a79  __muldsi3                       
000037bd  __mulsf3                        
00003c7d  __nedf2                         
20207e00  __stack                         
20200000  __start___llvm_prf_bits         
20200000  __start___llvm_prf_cnts         
20200000  __stop___llvm_prf_bits          
20200000  __stop___llvm_prf_cnts          
000018c9  __subdf3                        
000034bd  __udivmoddi4                    
00004fb9  _c_int00_noargs                 
UNDEFED   _system_post_cinit              
0000594d  _system_pre_init                
00005929  abort                           
00004909  atoi                            
ffffffff  binit                           
202002e4  black                           
000046a9  dmp_enable_6x_lp_quat           
00000a91  dmp_enable_feature              
00003e79  dmp_enable_gyro_cal             
000046f1  dmp_enable_lp_quat              
0000531d  dmp_load_motion_driver_firmware 
000057b1  dmp_register_android_orient_cb  
000057c5  dmp_register_tap_cb             
000035fd  dmp_set_fifo_rate               
00001be5  dmp_set_orientation             
00004781  dmp_set_shake_reject_thresh     
00004bf3  dmp_set_shake_reject_time       
00004c25  dmp_set_shake_reject_timeout    
00003d4b  dmp_set_tap_axes                
000047c5  dmp_set_tap_count               
00000d09  dmp_set_tap_thresh              
00004cb9  dmp_set_tap_time                
00004ce9  dmp_set_tap_time_multi          
2020032b  enable_group1_irq               
00003ff9  frexp                           
00003ff9  frexpl                          
20200000  gPWM_MOTORBackup                
202000bc  gTIMER_EncoderBackup            
20200278  gUART_0Backup                   
000066fc  hw                              
00000000  interruptVectors                
20200338  key_pressed                     
20200334  last_key_time                   
00002c6d  ldexp                           
00002c6d  ldexpl                          
202002a8  long_pressed_key_time           
00002e19  main                            
0000509d  memccpy                         
000050e1  memcmp                          
00003ed9  mpu6050_i2c_sda_unlock          
00003141  mpu_configure_fifo              
00003ac1  mpu_get_accel_fsr               
00003f39  mpu_get_gyro_fsr                
00004b25  mpu_get_sample_rate             
00002241  mpu_init                        
00002369  mpu_load_firmware               
000027bd  mpu_lp_accel_mode               
00003365  mpu_read_mem                    
00000f41  mpu_reset_fifo                  
00002b89  mpu_set_accel_fsr               
00001729  mpu_set_bypass                  
000031fd  mpu_set_dmp_state               
00002fb9  mpu_set_gyro_fsr                
00003561  mpu_set_int_latched             
00002ee9  mpu_set_lpf                     
000029b9  mpu_set_sample_rate             
00002111  mpu_set_sensors                 
00003411  mpu_write_mem                   
00004d19  mspm0_delay_ms                  
00004df9  mspm0_get_clock_ms              
00001fdd  mspm0_i2c_read                  
0000307d  mspm0_i2c_write                 
00004b59  readBlackFromFlash              
00004b8d  readWhiteFromFlash              
0000667c  reg                             
00002c6d  scalbn                          
00002c6d  scalbnl                         
20200178  sensor                          
00004aed  sprintf                         
202002ac  start_time                      
202002b0  state                           
00006654  test                            
202002b4  tick_ms                         
00004e25  uart0_send_char                 
00004a01  uart0_send_string               
00005865  wcslen                          
20200304  white                           


GLOBAL SYMBOLS: SORTED BY Symbol Address 

address   name                            
-------   ----                            
00000000  __TI_ATRegion0_region_sz        
00000000  __TI_ATRegion0_src_addr         
00000000  __TI_ATRegion0_trg_addr         
00000000  __TI_ATRegion1_region_sz        
00000000  __TI_ATRegion1_src_addr         
00000000  __TI_ATRegion1_trg_addr         
00000000  __TI_ATRegion2_region_sz        
00000000  __TI_ATRegion2_src_addr         
00000000  __TI_ATRegion2_trg_addr         
00000000  __TI_static_base__              
00000000  interruptVectors                
000000c1  __TI_printfi                    
00000200  __STACK_SIZE                    
00000a91  dmp_enable_feature              
00000d09  dmp_set_tap_thresh              
00000f41  mpu_reset_fifo                  
00001569  SYSCFG_DL_GPIO_init             
00001729  mpu_set_bypass                  
000018c9  __aeabi_dsub                    
000018c9  __subdf3                        
000018d3  __adddf3                        
000018d3  __aeabi_dadd                    
00001a5b  __aeabi_idiv0                   
00001a5d  No_MCU_Ganv_Sensor_Init         
00001be5  dmp_set_orientation             
00001d5d  MPU6050_Init                    
00001fdd  mspm0_i2c_read                  
00002111  mpu_set_sensors                 
00002241  mpu_init                        
00002369  mpu_load_firmware               
000025ad  __aeabi_ddiv                    
000025ad  __divdf3                        
000026b9  DL_Timer_initFourCCPWMMode      
000027bd  mpu_lp_accel_mode               
000028bd  DL_Timer_initTimerMode          
000029b9  mpu_set_sample_rate             
00002aa5  __aeabi_dmul                    
00002aa5  __muldf3                        
00002b89  mpu_set_accel_fsr               
00002c6d  ldexp                           
00002c6d  ldexpl                          
00002c6d  scalbn                          
00002c6d  scalbnl                         
00002e19  main                            
00002ee9  mpu_set_lpf                     
00002fb9  mpu_set_gyro_fsr                
0000307d  mspm0_i2c_write                 
00003141  mpu_configure_fifo              
000031fd  mpu_set_dmp_state               
000032b5  SYSCFG_DL_initPower             
00003365  mpu_read_mem                    
00003411  mpu_write_mem                   
000034bd  __udivmoddi4                    
0000355f  __aeabi_ldiv0                   
00003561  mpu_set_int_latched             
000035fd  dmp_set_fifo_rate               
0000372d  SYSCFG_DL_PWM_MOTOR_init        
000037bd  __aeabi_fmul                    
000037bd  __mulsf3                        
000038cd  __aeabi_fdiv                    
000038cd  __divsf3                        
00003951  LED_setAll                      
000039d1  __TI_decompress_lzss            
00003a4d  __gedf2                         
00003a4d  __gtdf2                         
00003ac1  mpu_get_accel_fsr               
00003b35  No_MCU_Ganv_Sensor_Init_Frist   
00003ba9  SYSCFG_DL_ADC_VOLTAGE_init      
00003c15  GROUP1_IRQHandler               
00003c7d  __cmpdf2                        
00003c7d  __eqdf2                         
00003c7d  __ledf2                         
00003c7d  __ltdf2                         
00003c7d  __nedf2                         
00003d4b  dmp_set_tap_axes                
00003e15  __aeabi_dcmpeq                  
00003e29  __aeabi_dcmplt                  
00003e3d  __aeabi_dcmple                  
00003e51  __aeabi_dcmpge                  
00003e65  __aeabi_dcmpgt                  
00003e79  dmp_enable_gyro_cal             
00003ed9  mpu6050_i2c_sda_unlock          
00003f39  mpu_get_gyro_fsr                
00003f99  DL_I2C_fillControllerTXFIFO     
00003ff9  frexp                           
00003ff9  frexpl                          
000040b1  SYSCFG_DL_I2C_MPU6050_init      
00004109  SYSCFG_DL_I2C_OLED_init         
00004161  __TI_ltoa                       
00004211  __aeabi_idiv                    
00004211  __aeabi_idivmod                 
00004269  SYSCFG_DL_init                  
00004451  DL_DMA_initChannel              
000045cd  __aeabi_d2iz                    
000045cd  __fixdfsi                       
00004619  DL_UART_init                    
00004661  SYSCFG_DL_UART_0_init           
000046a9  dmp_enable_6x_lp_quat           
000046f1  dmp_enable_lp_quat              
00004781  dmp_set_shake_reject_thresh     
000047c5  dmp_set_tap_count               
00004809  DL_ADC12_setClockConfig         
00004849  SYSCFG_DL_UART_1_init           
00004889  __aeabi_uidiv                   
00004889  __aeabi_uidivmod                
000048c9  __aeabi_f2d                     
000048c9  __extendsfdf2                   
00004909  atoi                            
00004989  DL_I2C_flushControllerTXFIFO    
00004a01  uart0_send_string               
00004a3d  __TI_auto_init_nobinit_nopinit  
00004a79  __muldsi3                       
00004ab5  __aeabi_f2iz                    
00004ab5  __fixsfsi                       
00004aed  sprintf                         
00004b25  mpu_get_sample_rate             
00004b59  readBlackFromFlash              
00004b8d  readWhiteFromFlash              
00004bc1  SYSCFG_DL_SYSCTL_init           
00004bf3  dmp_set_shake_reject_time       
00004c25  dmp_set_shake_reject_timeout    
00004cb9  dmp_set_tap_time                
00004ce9  dmp_set_tap_time_multi          
00004d19  mspm0_delay_ms                  
00004d75  SYSCFG_DL_TIMER_Encoder_init    
00004dcd  __aeabi_i2d                     
00004dcd  __floatsidf                     
00004df9  mspm0_get_clock_ms              
00004e25  uart0_send_char                 
00004f41  SYSCFG_DL_DMA_CH0_init          
00004f69  Tick_delay                      
00004f91  __aeabi_ui2f                    
00004f91  __floatunsisf                   
00004fb9  _c_int00_noargs                 
0000502d  DL_I2C_setClockConfig           
00005055  __aeabi_ui2d                    
00005055  __floatunsidf                   
00005079  __aeabi_lmul                    
00005079  __muldi3                        
0000509d  memccpy                         
000050e1  memcmp                          
00005121  __aeabi_llsl                    
00005121  __ashldi3                       
000052c9  DL_Timer_setCaptCompUpdateMethod
000052e5  DL_Timer_setClockConfig         
0000531d  dmp_load_motion_driver_firmware 
000055a9  DL_Timer_setCaptureCompareOutCtl
000056bd  __TI_zero_init_nomemset         
00005789  Motor_On                        
0000579d  __aeabi_uldivmod                
000057b1  dmp_register_android_orient_cb  
000057c5  dmp_register_tap_cb             
000057ff  DL_UART_setClockConfig          
00005811  TI_memcpy_small                 
00005823  __TI_decompress_none            
00005845  DL_Timer_setCaptureCompareValue 
00005855  Tick_SysTickCallback            
00005865  wcslen                          
00005875  __aeabi_memset                  
00005875  __aeabi_memset4                 
00005875  __aeabi_memset8                 
0000589f  TI_memset_small                 
000058ad  SYSCFG_DL_SYSTICK_init          
000058b9  DL_Common_delayCycles           
000058c3  LED_init                        
00005907  SYSCFG_DL_DMA_init              
0000590f  SysTick_Handler                 
00005919  __aeabi_errno_addr              
00005921  __aeabi_memcpy                  
00005921  __aeabi_memcpy4                 
00005921  __aeabi_memcpy8                 
00005929  abort                           
0000592f  ADC0_IRQHandler                 
0000592f  ADC1_IRQHandler                 
0000592f  AES_IRQHandler                  
0000592f  CANFD0_IRQHandler               
0000592f  DAC0_IRQHandler                 
0000592f  DMA_IRQHandler                  
0000592f  Default_Handler                 
0000592f  GROUP0_IRQHandler               
0000592f  HardFault_Handler               
0000592f  I2C0_IRQHandler                 
0000592f  I2C1_IRQHandler                 
0000592f  NMI_Handler                     
0000592f  PendSV_Handler                  
0000592f  RTC_IRQHandler                  
0000592f  SPI0_IRQHandler                 
0000592f  SPI1_IRQHandler                 
0000592f  SVC_Handler                     
0000592f  TIMA0_IRQHandler                
0000592f  TIMA1_IRQHandler                
0000592f  TIMG0_IRQHandler                
0000592f  TIMG12_IRQHandler               
0000592f  TIMG6_IRQHandler                
0000592f  TIMG7_IRQHandler                
0000592f  TIMG8_IRQHandler                
0000592f  UART0_IRQHandler                
0000592f  UART1_IRQHandler                
0000592f  UART2_IRQHandler                
0000592f  UART3_IRQHandler                
00005932  C$$EXIT                         
00005933  HOSTexit                        
00005937  Reset_Handler                   
0000594d  _system_pre_init                
00006550  __aeabi_ctype_table_            
00006550  __aeabi_ctype_table_C           
00006654  test                            
0000667c  reg                             
000066fc  hw                              
0000675c  __TI_Handler_Table_Base         
00006768  __TI_Handler_Table_Limit        
00006770  __TI_CINIT_Base                 
00006780  __TI_CINIT_Limit                
00006780  __TI_CINIT_Warm                 
20200000  __start___llvm_prf_bits         
20200000  __start___llvm_prf_cnts         
20200000  __stop___llvm_prf_bits          
20200000  __stop___llvm_prf_cnts          
20200000  gPWM_MOTORBackup                
202000bc  gTIMER_EncoderBackup            
20200178  sensor                          
20200228  ADC_VALUE                       
20200278  gUART_0Backup                   
202002a8  long_pressed_key_time           
202002ac  start_time                      
202002b0  state                           
202002b4  tick_ms                         
202002e4  black                           
20200304  white                           
2020032b  enable_group1_irq               
2020032c  Tick                            
20200330  __aeabi_errno                   
20200334  last_key_time                   
20200338  key_pressed                     
20207e00  __stack                         
20208000  __STACK_END                     
ffffffff  __TI_pprof_out_hndl             
ffffffff  __TI_prof_data_size             
ffffffff  __TI_prof_data_start            
ffffffff  __binit__                       
ffffffff  binit                           
UNDEFED   __mpu_init                      
UNDEFED   _system_post_cinit              

[243 symbols]
