******************************************************************************
            TI ARM Clang Linker PC v4.0.4                      
******************************************************************************
>> Linked Thu Jul 30 17:26:03 2026

OUTPUT FILE NAME:   <diansai2024.out>
ENTRY POINT SYMBOL: "_c_int00_noargs"  address: 00007345


MEMORY CONFIGURATION

         name            origin    length      used     unused   attr    fill
----------------------  --------  ---------  --------  --------  ----  --------
  FLASH                 00000000   00020000  000095f8  00016a08  R  X
  SRAM                  20200000   00008000  00000912  000076ee  RW X
  BCR_CONFIG            41c00000   000000ff  00000000  000000ff  R   
  BSL_CONFIG            41c00100   00000080  00000000  00000080  R   


SEGMENT ALLOCATION MAP

run origin  load origin   length   init length attrs members
----------  ----------- ---------- ----------- ----- -------
00000000    00000000    00009530   00009530    r-x
  00000000    00000000    000000c0   000000c0    r-- .intvecs
  000000c0    000000c0    00007f20   00007f20    r-x .text
  00007fe0    00007fe0    00001550   00001550    r-- .rodata
00009590    00009590    00000068   00000068    r--
  00009590    00009590    00000058   00000058    r-- .cinit
  000095e8    000095e8    00000010   00000010    r-- .binit
20200000    20200000    000006b2   00000000    rw-
  20200000    20200000    000005d8   00000000    rw- .bss
  202005d8    202005d8    000000da   00000000    rw- .data
202006b8    00009530    00000060   00000060    r-x
  202006b8    00009530    00000060   00000060    r-x .TI.ramfunc
20207e00    20207e00    00000200   00000000    rw-
  20207e00    20207e00    00000200   00000000    rw- .stack


SECTION ALLOCATION MAP

 output                                  attributes/
section   page    origin      length       input sections
--------  ----  ----------  ----------   ----------------
.intvecs   0    00000000    000000c0     
                  00000000    000000c0     startup_mspm0g350x_ticlang.o (.intvecs)

.text      0    000000c0    00007f20     
                  000000c0    00000364     libc.a : e_asin.c.obj (.text.asin)
                  00000424    000002f8            : s_atan.c.obj (.text.atan)
                  0000071c    00000284            : _printfi.c.obj (.text:__TI_printfi_minimal)
                  000009a0    00000278     inv_mpu_dmp_motion_driver.o (.text.dmp_enable_feature)
                  00000c18    00000238     inv_mpu_dmp_motion_driver.o (.text.dmp_set_tap_thresh)
                  00000e50    00000234     key.o (.text.Key_Process)
                  00001084    0000022c     mpu6050.o (.text.Read_Quad)
                  000012b0    0000022c     inv_mpu.o (.text.mpu_reset_fifo)
                  000014dc    000001f4     inv_mpu_dmp_motion_driver.o (.text.dmp_read_fifo)
                  000016d0    000001b4     trace.o (.text.Control)
                  00001884    000001b4     pid.o (.text.PID_Calc)
                  00001a38    000001ac     ti_msp_dl_config.o (.text.SYSCFG_DL_GPIO_init)
                  00001be4    000001a0     inv_mpu.o (.text.mpu_set_bypass)
                  00001d84    00000192     libclang_rt.builtins.a : adddf3.S.obj (.text.adddf3_subdf3)
                  00001f16    00000002                            : aeabi_div0.c.obj (.text.__aeabi_idiv0)
                  00001f18    0000018c     trace.o (.text.Motor_Ctrl)
                  000020a4    00000188     No_Mcu_Ganv_Grayscale_Sensor.o (.text.No_MCU_Ganv_Sensor_Init)
                  0000222c    00000188     libc.a : e_atan2.c.obj (.text.atan2)
                  000023b4    00000178     inv_mpu_dmp_motion_driver.o (.text.dmp_set_orientation)
                  0000252c    00000170     libc.a : e_sqrt.c.obj (.text.sqrt)
                  0000269c    00000150     main.o (.text.OLED_ShowTimer)
                  000027ec    00000144     mpu6050.o (.text.MPU6050_Init)
                  00002930    00000134     mspm0_i2c.o (.text.mspm0_i2c_read)
                  00002a64    00000130     inv_mpu.o (.text.mpu_set_sensors)
                  00002b94    00000128     trace.o (.text.Trace_init)
                  00002cbc    00000128     inv_mpu.o (.text.mpu_init)
                  00002de4    00000126     Task.o (.text.StrToFloat)
                  00002f0a    00000002     Task.o (.text.task2)
                  00002f0c    00000124     main.o (.text.main)
                  00003030    00000124     inv_mpu.o (.text.mpu_load_firmware)
                  00003154    00000118     oled_software_i2c.o (.text.OLED_ShowChar)
                  0000326c    0000010c     trace.o (.text.Turn_angel)
                  00003378    0000010c     libclang_rt.builtins.a : divdf3.S.obj (.text.__divdf3)
                  00003484    00000108     inv_mpu.o (.text.mpu_read_fifo_stream)
                  0000358c    00000104     driverlib.a : dl_timer.o (.text.DL_Timer_initFourCCPWMMode)
                  00003690    00000104     manu.o (.text.Menu_Update)
                  00003794    00000100     inv_mpu.o (.text.mpu_lp_accel_mode)
                  00003894    000000fc     driverlib.a : dl_timer.o (.text.DL_Timer_initTimerMode)
                  00003990    000000fa     oled_software_i2c.o (.text.OLED_Init)
                  00003a8a    000000f6     oled_software_i2c.o (.text.OLED_ShowNum)
                  00003b80    000000f0     manu.o (.text.Menu_ShowOLED)
                  00003c70    000000ec     inv_mpu.o (.text.mpu_set_sample_rate)
                  00003d5c    000000e4     libclang_rt.builtins.a : muldf3.S.obj (.text.__muldf3)
                  00003e40    000000e4     inv_mpu.o (.text.mpu_set_accel_fsr)
                  00003f24    000000d8     driverlib.a : dl_flashctl.o (.text.DL_FlashCTL_unprotectSector)
                  00003ffc    000000d8     libclang_rt.builtins.a : addsf3.S.obj (.text)
                  000040d4    000000d4     inv_mpu.o (.text.set_int_enable)
                  000041a8    000000d4     Task.o (.text.task1)
                  0000427c    000000d0     inv_mpu.o (.text.mpu_set_lpf)
                  0000434c    000000cc     motor.o (.text.Motor_Speed_Get)
                  00004418    000000c4     trace.o (.text.GROUP1_IRQHandler)
                  000044dc    000000c4     inv_mpu.o (.text.mpu_set_gyro_fsr)
                  000045a0    000000c4     mspm0_i2c.o (.text.mspm0_i2c_write)
                  00004664    000000bc     inv_mpu.o (.text.mpu_configure_fifo)
                  00004720    000000b8     No_Mcu_Ganv_Grayscale_Sensor.o (.text.Get_Analog_value)
                  000047d8    000000b8     inv_mpu.o (.text.mpu_set_dmp_state)
                  00004890    000000b4     flash.o (.text.writeToFlash)
                  00004944    000000b0     ti_msp_dl_config.o (.text.SYSCFG_DL_initPower)
                  000049f4    000000ac     Task.o (.text.UART3_IRQHandler)
                  00004aa0    000000ac     inv_mpu.o (.text.mpu_read_mem)
                  00004b4c    000000ac     inv_mpu.o (.text.mpu_write_mem)
                  00004bf8    000000aa     No_Mcu_Ganv_Grayscale_Sensor.o (.text.normalizeAnalogValues)
                  00004ca2    00000002     Task.o (.text.task3)
                  00004ca4    000000a0     motor.o (.text.Motor_Encoder_Update)
                  00004d44    0000009c     trace.o (.text.RunStraight)
                  00004de0    0000009c     inv_mpu.o (.text.mpu_set_int_latched)
                  00004e7c    00000098     inv_mpu_dmp_motion_driver.o (.text.dmp_set_fifo_rate)
                  00004f14    00000096     mpu6050.o (.text.inv_row_2_scale)
                  00004faa    00000002     Task.o (.text.task4)
                  00004fac    00000090     trace.o (.text.Calculate_Position_Error)
                  0000503c    00000090     motor.o (.text.Motor_Driver)
                  000050cc    00000090     motor.o (.text.Motor_Init)
                  0000515c    00000090     ti_msp_dl_config.o (.text.SYSCFG_DL_PWM_MOTOR_init)
                  000051ec    0000008c     libclang_rt.builtins.a : mulsf3.S.obj (.text.__mulsf3)
                  00005278    0000008c     inv_mpu_dmp_motion_driver.o (.text.decode_gesture)
                  00005304    00000088     encoder.o (.text.Encoder_HandleGPIOA)
                  0000538c    00000088     adc.o (.text.adc_getValue)
                  00005414    00000084     clock.o (.text.__NVIC_SetPriority)
                  00005498    00000084     ti_msp_dl_config.o (.text.__NVIC_SetPriority)
                  0000551c    00000082     libclang_rt.builtins.a : divsf3.S.obj (.text.__divsf3)
                  0000559e    00000002     Task.o (.text.task5)
                  000055a0    00000080     led.o (.text.LED_setAll)
                  00005620    0000007c     oled_software_i2c.o (.text.Send_Byte)
                  0000569c    0000007c     libc.a : copy_decompress_lzss.c.obj (.text:decompress:lzss)
                  00005718    00000074     libclang_rt.builtins.a : comparedf2.c.obj (.text.__gedf2)
                  0000578c    00000004     startup_mspm0g350x_ticlang.o (.text.Default_Handler)
                  00005790    00000074     libclang_rt.builtins.a : truncdfsf2.S.obj (.text.__truncdfsf2)
                  00005804    00000074     inv_mpu.o (.text.mpu_get_accel_fsr)
                  00005878    00000072     No_Mcu_Ganv_Grayscale_Sensor.o (.text.No_MCU_Ganv_Sensor_Init_Frist)
                  000058ea    00000070     oled_software_i2c.o (.text.OLED_ShowString)
                  0000595a    00000002     --HOLE-- [fill = 0]
                  0000595c    0000006c     ti_msp_dl_config.o (.text.SYSCFG_DL_ADC_VOLTAGE_init)
                  000059c8    0000006c     No_Mcu_Ganv_Grayscale_Sensor.o (.text.convertAnalogToDigital)
                  00005a34    0000006a     oled_software_i2c.o (.text.OLED_Clear)
                  00005a9e    00000002     --HOLE-- [fill = 0]
                  00005aa0    00000068     libclang_rt.builtins.a : comparedf2.c.obj (.text.__ledf2)
                  00005b08    00000066     inv_mpu_dmp_motion_driver.o (.text.dmp_set_tap_axes)
                  00005b6e    00000002     --HOLE-- [fill = 0]
                  00005b70    00000064     ti_msp_dl_config.o (.text.DL_ADC12_initSingleSample)
                  00005bd4    00000064     encoder.o (.text.Encoder_Init)
                  00005c38    00000064     ti_msp_dl_config.o (.text.SYSCFG_DL_PWM_Servo_init)
                  00005c9c    00000062     libclang_rt.builtins.a : aeabi_dcmp.S.obj (.text.__aeabi_dcmp)
                  00005cfe    00000002     --HOLE-- [fill = 0]
                  00005d00    00000062                            : aeabi_fcmp.S.obj (.text.__aeabi_fcmp)
                  00005d62    00000002     --HOLE-- [fill = 0]
                  00005d64    00000060     trace.o (.text.Calculate_Heading_Error)
                  00005dc4    00000060     inv_mpu_dmp_motion_driver.o (.text.dmp_enable_gyro_cal)
                  00005e24    00000060     mspm0_i2c.o (.text.mpu6050_i2c_sda_unlock)
                  00005e84    00000060     inv_mpu.o (.text.mpu_get_gyro_fsr)
                  00005ee4    0000005e     driverlib.a : dl_i2c.o (.text.DL_I2C_fillControllerTXFIFO)
                  00005f42    00000002     --HOLE-- [fill = 0]
                  00005f44    0000005c     mspm0_i2c.o (.text.mspm0_i2c_enable)
                  00005fa0    00000058     ti_msp_dl_config.o (.text.SYSCFG_DL_I2C_MPU6050_init)
                  00005ff8    00000058     key.o (.text.adjust_white_black)
                  00006050    00000056     libclang_rt.builtins.a : aeabi_idivmod.S.obj (.text.__aeabi_idivmod)
                  000060a6    00000002     --HOLE-- [fill = 0]
                  000060a8    00000054     ti_msp_dl_config.o (.text.SYSCFG_DL_init)
                  000060fc    00000050     mspm0_i2c.o (.text.DL_GPIO_initPeripheralInputFunctionFeatures)
                  0000614c    00000050     ti_msp_dl_config.o (.text.DL_GPIO_initPeripheralInputFunctionFeatures)
                  0000619c    00000050     mspm0_i2c.o (.text.DL_I2C_startControllerTransfer)
                  000061ec    00000050     pid.o (.text.PID_Init)
                  0000623c    00000050     clock.o (.text.SysTick_Config)
                  0000628c    00000050     ti_msp_dl_config.o (.text.SysTick_Config)
                  000062dc    0000004e     oled_software_i2c.o (.text.OLED_WR_Byte)
                  0000632a    00000002     --HOLE-- [fill = 0]
                  0000632c    0000004c     driverlib.a : dl_dma.o (.text.DL_DMA_initChannel)
                  00006378    0000004c     mspm0_i2c.o (.text.DL_GPIO_initDigitalInputFeatures)
                  000063c4    0000004c     ti_msp_dl_config.o (.text.DL_GPIO_initDigitalInputFeatures)
                  00006410    0000004c     ti_msp_dl_config.o (.text.DL_UART_setBaudRateDivisor)
                  0000645c    0000004c     libc.a : cpy_tbl.c.obj (.text.copy_in)
                  000064a8    0000004c            : autoinit.c.obj (.text:__TI_auto_init_nopinit)
                  000064f4    0000004a     ti_msp_dl_config.o (.text.DL_ADC12_configConversionMem)
                  0000653e    00000002     --HOLE-- [fill = 0]
                  00006540    0000004a     libclang_rt.builtins.a : fixdfsi.S.obj (.text.__fixdfsi)
                  0000658a    00000002     --HOLE-- [fill = 0]
                  0000658c    00000048     driverlib.a : dl_uart.o (.text.DL_UART_init)
                  000065d4    00000048     ti_msp_dl_config.o (.text.SYSCFG_DL_UART_k230_init)
                  0000661c    00000048     inv_mpu_dmp_motion_driver.o (.text.dmp_enable_6x_lp_quat)
                  00006664    00000048     inv_mpu_dmp_motion_driver.o (.text.dmp_enable_lp_quat)
                  000066ac    00000048     mspm0_i2c.o (.text.mspm0_i2c_disable)
                  000066f4    00000044     pid.o (.text.LimitMax)
                  00006738    00000044     inv_mpu_dmp_motion_driver.o (.text.dmp_set_shake_reject_thresh)
                  0000677c    00000044     inv_mpu_dmp_motion_driver.o (.text.dmp_set_tap_count)
                  000067c0    00000042     No_Mcu_Ganv_Grayscale_Sensor.o (.text.No_Mcu_Ganv_Sensor_Task_Without_tick)
                  00006802    00000002     --HOLE-- [fill = 0]
                  00006804    00000040     driverlib.a : dl_adc12.o (.text.DL_ADC12_setClockConfig)
                  00006844    00000040     libclang_rt.builtins.a : aeabi_uidivmod.S.obj (.text.__aeabi_uidivmod)
                  00006884    00000040                            : extendsfdf2.S.obj (.text.__extendsfdf2)
                  000068c4    0000003e     mpu6050.o (.text.inv_orientation_matrix_to_scalar)
                  00006902    00000002     --HOLE-- [fill = 0]
                  00006904    0000003c     driverlib.a : dl_i2c.o (.text.DL_I2C_flushControllerTXFIFO)
                  00006940    0000003c     ti_msp_dl_config.o (.text.DL_Timer_setCounterControl)
                  0000697c    0000003c     No_Mcu_Ganv_Grayscale_Sensor.o (.text.Get_Anolog_Value)
                  000069b8    0000003c     led.o (.text.LED_KEY_Blink_Update)
                  000069f4    0000003c     oled_software_i2c.o (.text.OLED_Set_Pos)
                  00006a30    0000003c     pid.o (.text.PID_clear)
                  00006a6c    0000003c     libclang_rt.builtins.a : floatsisf.S.obj (.text.__floatsisf)
                  00006aa8    0000003c                            : comparesf2.S.obj (.text.__gtsf2)
                  00006ae4    0000003c     clock.o (.text.mspm0_delay_ms)
                  00006b20    0000003c     uart.o (.text.uart0_send_string)
                  00006b5c    0000003a     libclang_rt.builtins.a : comparesf2.S.obj (.text.__eqsf2)
                  00006b96    00000002     --HOLE-- [fill = 0]
                  00006b98    0000003a                            : muldsi3.S.obj (.text.__muldsi3)
                  00006bd2    00000002     --HOLE-- [fill = 0]
                  00006bd4    00000038     oled_software_i2c.o (.text.I2C_Start)
                  00006c0c    00000038     motor.o (.text.Motor_Pid_Init)
                  00006c44    00000038     libclang_rt.builtins.a : fixsfsi.S.obj (.text.__fixsfsi)
                  00006c7c    00000038     libc.a : sprintf.c.obj (.text.sprintf)
                  00006cb4    00000034     led.o (.text.LED_off)
                  00006ce8    00000034     led.o (.text.LED_toggle)
                  00006d1c    00000034     inv_mpu.o (.text.mpu_get_sample_rate)
                  00006d50    00000034     flash.o (.text.readBlackFromFlash)
                  00006d84    00000034     flash.o (.text.readWhiteFromFlash)
                  00006db8    00000032     ti_msp_dl_config.o (.text.SYSCFG_DL_SYSCTL_init)
                  00006dea    00000002     --HOLE-- [fill = 0]
                  00006dec    00000032     libclang_rt.builtins.a : fixunssfsi.S.obj (.text.__fixunssfsi)
                  00006e1e    00000032     inv_mpu_dmp_motion_driver.o (.text.dmp_set_shake_reject_time)
                  00006e50    00000032     inv_mpu_dmp_motion_driver.o (.text.dmp_set_shake_reject_timeout)
                  00006e82    00000002     --HOLE-- [fill = 0]
                  00006e84    00000030     ti_msp_dl_config.o (.text.DL_DMA_setTransferSize)
                  00006eb4    00000030     Task.o (.text.GetDistance)
                  00006ee4    00000030     oled_software_i2c.o (.text.I2C_Stop)
                  00006f14    00000030     oled_software_i2c.o (.text.I2C_WaitAck)
                  00006f44    00000030     inv_mpu_dmp_motion_driver.o (.text.dmp_set_tap_time)
                  00006f74    00000030     inv_mpu_dmp_motion_driver.o (.text.dmp_set_tap_time_multi)
                  00006fa4    00000030     oled_software_i2c.o (.text.oled_pow)
                  00006fd4    0000002c     ti_msp_dl_config.o (.text.DL_ADC12_setDMASamplesCnt)
                  00007000    0000002c     flash.o (.text.DL_FlashCTL_waitForCmdDone)
                  0000702c    0000002c     encoder.o (.text.Encoder_HandleGPIOB)
                  00007058    0000002c     ti_msp_dl_config.o (.text.SYSCFG_DL_TIMER_Encoder_init)
                  00007084    0000002c     ti_msp_dl_config.o (.text.SYSCFG_DL_TIMER_Tick_init)
                  000070b0    0000002c     interrupt.o (.text.__NVIC_EnableIRQ)
                  000070dc    0000002c     main.o (.text.__NVIC_EnableIRQ)
                  00007108    0000002c     libclang_rt.builtins.a : floatsidf.S.obj (.text.__floatsidf)
                  00007134    0000002c     clock.o (.text.mspm0_get_clock_ms)
                  00007160    0000002c     uart.o (.text.uart0_send_char)
                  0000718c    00000028     mspm0_i2c.o (.text.DL_Common_updateReg)
                  000071b4    00000028     ti_msp_dl_config.o (.text.DL_Common_updateReg)
                  000071dc    00000028     main.o (.text.DL_DMA_setDestAddr)
                  00007204    00000028     main.o (.text.DL_DMA_setSrcAddr)
                  0000722c    00000028     ti_msp_dl_config.o (.text.DL_I2C_setControllerRXFIFOThreshold)
                  00007254    00000028     ti_msp_dl_config.o (.text.DL_I2C_setControllerTXFIFOThreshold)
                  0000727c    00000028     Distance.o (.text.Encoder_GetDistance_mm)
                  000072a4    00000028     ti_msp_dl_config.o (.text.SYSCFG_DL_DMA_CH0_init)
                  000072cc    00000028     delay.o (.text.Tick_delay)
                  000072f4    00000028     Task.o (.text.Trace_Stop)
                  0000731c    00000028     libclang_rt.builtins.a : floatunsisf.S.obj (.text.__floatunsisf)
                  00007344    00000028     libc.a : boot_cortex_m.c.obj (.text:_c_int00_noargs)
                  0000736c    00000026     main.o (.text.DL_DMA_enableChannel)
                  00007392    00000026     ti_msp_dl_config.o (.text.DL_I2C_setAnalogGlitchFilterPulseWidth)
                  000073b8    00000026     driverlib.a : dl_i2c.o (.text.DL_I2C_setClockConfig)
                  000073de    00000002     --HOLE-- [fill = 0]
                  000073e0    00000024                 : dl_flashctl.o (.text.DL_FlashCTL_programMemoryFromRAM64)
                  00007404    00000024     libclang_rt.builtins.a : floatunsidf.S.obj (.text.__floatunsidf)
                  00007428    00000022     libc.a : memccpy.c.obj (.text.memccpy)
                  0000744a    00000002     --HOLE-- [fill = 0]
                  0000744c    00000020     ti_msp_dl_config.o (.text.DL_GPIO_initPeripheralInputFunction)
                  0000746c    00000020     encoder.o (.text.Encoder_GetDelta)
                  0000748c    00000020     libc.a : memcmp.c.obj (.text.memcmp)
                  000074ac    0000001e     ti_msp_dl_config.o (.text.DL_UART_setOversampling)
                  000074ca    0000001e     motor.o (.text.Motor_Calc)
                  000074e8    0000001e     delay.o (.text.delay_us)
                  00007506    00000002     --HOLE-- [fill = 0]
                  00007508    0000001c     ti_msp_dl_config.o (.text.DL_ADC12_enableDMA)
                  00007524    0000001c     ti_msp_dl_config.o (.text.DL_ADC12_enableDMATrigger)
                  00007540    0000001c     main.o (.text.DL_ADC12_startConversion)
                  0000755c    0000001c     encoder.o (.text.DL_GPIO_clearInterruptStatus)
                  00007578    0000001c     ti_msp_dl_config.o (.text.DL_GPIO_clearInterruptStatus)
                  00007594    0000001c     trace.o (.text.DL_GPIO_clearInterruptStatus)
                  000075b0    0000001c     encoder.o (.text.DL_GPIO_disableInterrupt)
                  000075cc    0000001c     mspm0_i2c.o (.text.DL_GPIO_enableHiZ)
                  000075e8    0000001c     ti_msp_dl_config.o (.text.DL_GPIO_enableHiZ)
                  00007604    0000001c     encoder.o (.text.DL_GPIO_enableInterrupt)
                  00007620    0000001c     ti_msp_dl_config.o (.text.DL_GPIO_enableInterrupt)
                  0000763c    0000001c     ti_msp_dl_config.o (.text.DL_GPIO_initPeripheralOutputFunction)
                  00007658    0000001c     ti_msp_dl_config.o (.text.DL_GPIO_setLowerPinsPolarity)
                  00007674    0000001c     mpu6050.o (.text.DL_I2C_getSDAStatus)
                  00007690    0000001c     mspm0_i2c.o (.text.DL_I2C_isControllerRXFIFOEmpty)
                  000076ac    0000001c     ti_msp_dl_config.o (.text.DL_SYSCTL_setMCLKDivider)
                  000076c8    0000001c     ti_msp_dl_config.o (.text.DL_SYSCTL_setSYSOSCFreq)
                  000076e4    0000001c     ti_msp_dl_config.o (.text.DL_SYSCTL_setULPCLKDivider)
                  00007700    0000001c     driverlib.a : dl_timer.o (.text.DL_Timer_setCaptCompUpdateMethod)
                  0000771c    0000001c                 : dl_timer.o (.text.DL_Timer_setClockConfig)
                  00007738    0000001c     ti_msp_dl_config.o (.text.DL_UART_enableInterrupt)
                  00007754    0000001c     Distance.o (.text.Encoder_GetDistance_cm)
                  00007770    0000001c     interrupt.o (.text.Interrupt_Init)
                  0000778c    0000001c     inv_mpu_dmp_motion_driver.o (.text.dmp_load_motion_driver_firmware)
                  000077a8    00000018     ti_msp_dl_config.o (.text.DL_ADC12_enablePower)
                  000077c0    00000018     ti_msp_dl_config.o (.text.DL_ADC12_reset)
                  000077d8    00000018     ti_msp_dl_config.o (.text.DL_ADC12_setSampleTime0)
                  000077f0    00000018     driverlib.a : dl_flashctl.o (.text.DL_FlashCTL_eraseMemoryFromRAM)
                  00007808    00000018     mspm0_i2c.o (.text.DL_GPIO_enableOutput)
                  00007820    00000018     ti_msp_dl_config.o (.text.DL_GPIO_enableOutput)
                  00007838    00000018     ti_msp_dl_config.o (.text.DL_GPIO_enablePower)
                  00007850    00000018     mspm0_i2c.o (.text.DL_GPIO_initDigitalOutput)
                  00007868    00000018     ti_msp_dl_config.o (.text.DL_GPIO_initDigitalOutput)
                  00007880    00000018     ti_msp_dl_config.o (.text.DL_GPIO_reset)
                  00007898    00000018     No_Mcu_Ganv_Grayscale_Sensor.o (.text.DL_GPIO_setPins)
                  000078b0    00000018     led.o (.text.DL_GPIO_setPins)
                  000078c8    00000018     motor.o (.text.DL_GPIO_setPins)
                  000078e0    00000018     mspm0_i2c.o (.text.DL_GPIO_setPins)
                  000078f8    00000018     oled_software_i2c.o (.text.DL_GPIO_setPins)
                  00007910    00000018     ti_msp_dl_config.o (.text.DL_GPIO_setPins)
                  00007928    00000018     trace.o (.text.DL_GPIO_setPins)
                  00007940    00000018     ti_msp_dl_config.o (.text.DL_GPIO_setUpperPinsPolarity)
                  00007958    00000018     led.o (.text.DL_GPIO_togglePins)
                  00007970    00000018     mspm0_i2c.o (.text.DL_I2C_clearInterruptStatus)
                  00007988    00000018     ti_msp_dl_config.o (.text.DL_I2C_enableAnalogGlitchFilter)
                  000079a0    00000018     ti_msp_dl_config.o (.text.DL_I2C_enableController)
                  000079b8    00000018     ti_msp_dl_config.o (.text.DL_I2C_enableControllerClockStretching)
                  000079d0    00000018     mspm0_i2c.o (.text.DL_I2C_enablePower)
                  000079e8    00000018     ti_msp_dl_config.o (.text.DL_I2C_enablePower)
                  00007a00    00000018     mspm0_i2c.o (.text.DL_I2C_getRawInterruptStatus)
                  00007a18    00000018     mspm0_i2c.o (.text.DL_I2C_reset)
                  00007a30    00000018     ti_msp_dl_config.o (.text.DL_I2C_reset)
                  00007a48    00000018     ti_msp_dl_config.o (.text.DL_I2C_setTimerPeriod)
                  00007a60    00000018     ti_msp_dl_config.o (.text.DL_SYSCTL_setBORThreshold)
                  00007a78    00000018     ti_msp_dl_config.o (.text.DL_Timer_enablePower)
                  00007a90    00000018     ti_msp_dl_config.o (.text.DL_Timer_reset)
                  00007aa8    00000018     driverlib.a : dl_timer.o (.text.DL_Timer_setCaptureCompareOutCtl)
                  00007ac0    00000018     motor.o (.text.DL_Timer_startCounter)
                  00007ad8    00000018     ti_msp_dl_config.o (.text.DL_UART_enablePower)
                  00007af0    00000018     uart.o (.text.DL_UART_isBusy)
                  00007b08    00000018     ti_msp_dl_config.o (.text.DL_UART_reset)
                  00007b20    00000018     led.o (.text.LED_KEY_Blink_Start)
                  00007b38    00000018     trace.o (.text.SlowForward)
                  00007b50    00000018     libc.a : sprintf.c.obj (.text._outs)
                  00007b68    00000016     ti_msp_dl_config.o (.text.DL_ADC12_enableConversions)
                  00007b7e    00000016     encoder.o (.text.DL_GPIO_readPins)
                  00007b94    00000016     key.o (.text.DL_GPIO_readPins)
                  00007baa    00000016     mspm0_i2c.o (.text.DL_GPIO_readPins)
                  00007bc0    00000016     trace.o (.text.DL_GPIO_readPins)
                  00007bd6    00000016     mspm0_i2c.o (.text.DL_I2C_transmitControllerData)
                  00007bec    00000016     ti_msp_dl_config.o (.text.DL_UART_enable)
                  00007c02    00000016     uart.o (.text.DL_UART_transmitData)
                  00007c18    00000014     balance.o (.text.Balance_FeedBallPos)
                  00007c2c    00000014     No_Mcu_Ganv_Grayscale_Sensor.o (.text.DL_GPIO_clearPins)
                  00007c40    00000014     led.o (.text.DL_GPIO_clearPins)
                  00007c54    00000014     motor.o (.text.DL_GPIO_clearPins)
                  00007c68    00000014     mspm0_i2c.o (.text.DL_GPIO_clearPins)
                  00007c7c    00000014     oled_software_i2c.o (.text.DL_GPIO_clearPins)
                  00007c90    00000014     ti_msp_dl_config.o (.text.DL_GPIO_clearPins)
                  00007ca4    00000014     mspm0_i2c.o (.text.DL_I2C_getControllerStatus)
                  00007cb8    00000014     mspm0_i2c.o (.text.DL_I2C_receiveControllerData)
                  00007ccc    00000014     ti_msp_dl_config.o (.text.DL_I2C_resetControllerTransfer)
                  00007ce0    00000014     ti_msp_dl_config.o (.text.DL_SYSCTL_disableSYSPLL)
                  00007cf4    00000014     ti_msp_dl_config.o (.text.DL_Timer_enableClock)
                  00007d08    00000014     ti_msp_dl_config.o (.text.DL_Timer_setCCPDirection)
                  00007d1c    00000014     Task.o (.text.DL_UART_receiveData)
                  00007d30    00000014     led.o (.text.LED_KEY_Blink_SetInterval)
                  00007d44    00000014     led.o (.text.LED_KEY_Blink_Stop)
                  00007d58    00000014     manu.o (.text.Menu_Init)
                  00007d6c    00000014     delay.o (.text.SysTick_Handler)
                  00007d80    00000014     clock.o (.text.SysTick_Init)
                  00007d94    00000014     Task.o (.text.Trace_Follow)
                  00007da8    00000014     inv_mpu_dmp_motion_driver.o (.text.dmp_register_android_orient_cb)
                  00007dbc    00000014     inv_mpu_dmp_motion_driver.o (.text.dmp_register_tap_cb)
                  00007dd0    00000012     trace.o (.text.DL_GPIO_getPendingInterrupt)
                  00007de2    00000012     Task.o (.text.DL_UART_getPendingInterrupt)
                  00007df4    00000012     driverlib.a : dl_uart.o (.text.DL_UART_setClockConfig)
                  00007e06    00000012     libc.a : memcpy16.S.obj (.text:TI_memcpy_small)
                  00007e18    00000012            : copy_decompress_none.c.obj (.text:decompress:none)
                  00007e2a    00000002     --HOLE-- [fill = 0]
                  00007e2c    00000010     ti_msp_dl_config.o (.text.DL_SYSCTL_disableHFXT)
                  00007e3c    00000010     motor.o (.text.DL_Timer_getTimerCount)
                  00007e4c    00000010     driverlib.a : dl_timer.o (.text.DL_Timer_setCaptureCompareValue)
                  00007e5c    00000010     delay.o (.text.Tick_SysTickCallback)
                  00007e6c    00000010     oled_software_i2c.o (.text.delay_ms)
                  00007e7c    00000010     libc.a : copy_zero_init.c.obj (.text:decompress:ZI)
                  00007e8c    0000000e     No_Mcu_Ganv_Grayscale_Sensor.o (.text.Get_Digtal_For_User)
                  00007e9a    00000002     --HOLE-- [fill = 0]
                  00007e9c    0000000e     libclang_rt.builtins.a : aeabi_memset.S.obj (.text.__aeabi_memset)
                  00007eaa    0000000e     libc.a : _printfi.c.obj (.text.strlen)
                  00007eb8    0000000e     mpu6050.o (.text.tap_cb)
                  00007ec6    0000000e     libc.a : memset16.S.obj (.text:TI_memset_small)
                  00007ed4    0000000c     ti_msp_dl_config.o (.text.SYSCFG_DL_SYSTICK_init)
                  00007ee0    0000000c     libclang_rt.builtins.a : aeabi_memset.S.obj (.text.__aeabi_memclr)
                  00007eec    0000000a     driverlib.a : dl_common.o (.text.DL_Common_delayCycles)
                  00007ef6    0000000a     led.o (.text.LED_init)
                  00007f00    0000000a     libc.a : e_asin.c.obj (.text.OUTLINED_FUNCTION_0)
                  00007f0a    00000002     --HOLE-- [fill = 0]
                  00007f0c    00000010     libclang_rt.builtins.a : muldf3.S.obj (.tramp.__aeabi_dmul.1)
                  00007f1c    0000000a     libc.a : s_atan.c.obj (.text.OUTLINED_FUNCTION_0)
                  00007f26    0000000a            : e_asin.c.obj (.text.OUTLINED_FUNCTION_1)
                  00007f30    0000000a            : e_asin.c.obj (.text.OUTLINED_FUNCTION_3)
                  00007f3a    00000002     --HOLE-- [fill = 0]
                  00007f3c    00000010     libclang_rt.builtins.a : divdf3.S.obj (.tramp.__aeabi_ddiv.1)
                  00007f4c    0000000a     libc.a : sprintf.c.obj (.text._outc)
                  00007f56    0000000a     mpu6050.o (.text.android_orient_cb)
                  00007f60    00000008     libc.a : s_atan.c.obj (.text.OUTLINED_FUNCTION_2)
                  00007f68    00000008     ti_msp_dl_config.o (.text.SYSCFG_DL_DMA_init)
                  00007f70    00000008     libc.a : aeabi_portable.c.obj (.text.__aeabi_errno_addr)
                  00007f78    00000008     libclang_rt.builtins.a : aeabi_memcpy.S.obj (.text.__aeabi_memcpy)
                  00007f80    00000006     libc.a : s_atan.c.obj (.text.OUTLINED_FUNCTION_1)
                  00007f86    00000002     --HOLE-- [fill = 0]
                  00007f88    00000010     libclang_rt.builtins.a : adddf3.S.obj (.tramp.__aeabi_dadd.1)
                  00007f98    00000006     libc.a : e_asin.c.obj (.text.OUTLINED_FUNCTION_2)
                  00007f9e    00000006            : exit.c.obj (.text:abort)
                  00007fa4    00000004     libsysbm.a : hostexit.c.obj (.text.HOSTexit)
                  00007fa8    00000004     libc.a : e_asin.c.obj (.text.OUTLINED_FUNCTION_4)
                  00007fac    00000004     startup_mspm0g350x_ticlang.o (.text.Reset_Handler)
                  00007fb0    00000010     libc.a : boot_cortex_m.c.obj (.tramp._c_int00_noargs.1)
                  00007fc0    00000004            : pre_init.c.obj (.text._system_pre_init)
                  00007fc4    00000010     driverlib.a : dl_flashctl.o (.tramp.DL_FlashCTL_executeCommandFromRAM.1)
                  00007fd4    0000000c     --HOLE-- [fill = 0]

.TI.ramfunc 
*          0    00009530    00000060     RUN ADDR = 202006b8
                  00009530    00000060     driverlib.a : dl_flashctl.o (.TI.ramfunc)

.cinit     0    00009590    00000058     
                  00009590    00000030     (.cinit..data.load) [load image, compression = lzss]
                  000095c0    0000000c     (__TI_handler_table)
                  000095cc    00000008     (.cinit..bss.load) [load image, compression = zero_init]
                  000095d4    00000010     (__TI_cinit_table)
                  000095e4    00000004     --HOLE-- [fill = 0]

.rodata    0    00007fe0    00001550     
                  00007fe0    00000bf6     inv_mpu_dmp_motion_driver.o (.rodata.dmp_memory)
                  00008bd6    000005f0     oled_software_i2c.o (.rodata.asc2_1608)
                  000091c6    00000228     oled_software_i2c.o (.rodata.asc2_0806)
                  000093ee    00000002     ti_msp_dl_config.o (.rodata.gI2C_MPU6050ClockConfig)
                  000093f0    00000040     libc.a : s_atan.c.obj (.rodata.cst32)
                  00009430    00000028     inv_mpu.o (.rodata.test)
                  00009458    0000001e     inv_mpu.o (.rodata.reg)
                  00009476    00000002     ti_msp_dl_config.o (.rodata.gUART_k230ClockConfig)
                  00009478    00000018     ti_msp_dl_config.o (.rodata.gDMA_CH0Config)
                  00009490    00000014     ti_msp_dl_config.o (.rodata.gTIMER_EncoderTimerConfig)
                  000094a4    00000014     ti_msp_dl_config.o (.rodata.gTIMER_TickTimerConfig)
                  000094b8    00000012     main.o (.rodata.str1.15159059442110792349.1)
                  000094ca    00000011     libc.a : _printfi.c.obj (.rodata.str1.15363888844622738466.1)
                  000094db    00000001     --HOLE-- [fill = 0]
                  000094dc    0000000c     inv_mpu.o (.rodata.hw)
                  000094e8    0000000a     ti_msp_dl_config.o (.rodata.gUART_k230Config)
                  000094f2    00000002     --HOLE-- [fill = 0]
                  000094f4    00000008     ti_msp_dl_config.o (.rodata.gADC_VOLTAGEClockConfig)
                  000094fc    00000008     ti_msp_dl_config.o (.rodata.gPWM_MOTORConfig)
                  00009504    00000008     ti_msp_dl_config.o (.rodata.gPWM_ServoConfig)
                  0000950c    00000005     manu.o (.rodata.str1.460030272109017981.1)
                  00009511    00000003     ti_msp_dl_config.o (.rodata.gPWM_MOTORClockConfig)
                  00009514    00000004     led.o (.rodata.LED_PINS)
                  00009518    00000003     ti_msp_dl_config.o (.rodata.gPWM_ServoClockConfig)
                  0000951b    00000003     ti_msp_dl_config.o (.rodata.gTIMER_EncoderClockConfig)
                  0000951e    00000003     ti_msp_dl_config.o (.rodata.gTIMER_TickClockConfig)
                  00009521    00000003     main.o (.rodata.str1.17100691992556644108.1)
                  00009524    00000003     main.o (.rodata.str1.8154729771448623357.1)
                  00009527    00000003     Task.o (.rodata.str1.99587616205557558.1)
                  0000952a    00000006     --HOLE-- [fill = 0]

.init_array 
*          0    00000000    00000000     UNINITIALIZED

.binit     0    000095e8    00000010     
                  000095e8    00000010     (.binit)

.bss       0    20200000    000005d8     UNINITIALIZED
                  20200000    000000bc     (.common:gPWM_MOTORBackup)
                  202000bc    000000bc     (.common:gTIMER_EncoderBackup)
                  20200178    000000b0     (.common:sensor)
                  20200228    000000ac     (.common:motor_l)
                  202002d4    000000ac     (.common:motor_r)
                  20200380    000000a4     (.common:bal)
                  20200424    00000050     (.common:ADC_VALUE)
                  20200474    00000048     (.common:tracking_pid)
                  202004bc    00000048     (.common:yaw_pid)
                  20200504    00000030     (.common:gUART_k230Backup)
                  20200534    00000024     (.common:encL)
                  20200558    00000024     (.common:encR)
                  2020057c    00000010     Task.o (.bss.rx_buf)
                  2020058c    00000010     (.common:quat)
                  2020059c    0000000c     (.common:menu)
                  202005a8    00000006     (.common:accel)
                  202005ae    00000006     (.common:gyro)
                  202005b4    00000004     trace.o (.bss.RunStraight.target_yaw)
                  202005b8    00000004     (.common:long_pressed_key_time)
                  202005bc    00000004     (.common:pitch)
                  202005c0    00000004     (.common:roll)
                  202005c4    00000004     (.common:sensor_timestamp)
                  202005c8    00000004     (.common:state)
                  202005cc    00000004     (.common:tick_ms)
                  202005d0    00000004     (.common:yaw)
                  202005d4    00000002     (.common:sensors)
                  202005d6    00000001     (.common:Digtal)
                  202005d7    00000001     (.common:more)

.data      0    202005d8    000000da     UNINITIALIZED
                  202005d8    0000002c     inv_mpu.o (.data.st)
                  20200604    00000010     trace.o (.data.Anolog)
                  20200614    00000010     trace.o (.data.black)
                  20200624    00000010     inv_mpu_dmp_motion_driver.o (.data.dmp)
                  20200634    00000010     trace.o (.data.white)
                  20200644    0000000e     mpu6050.o (.data.hal)
                  20200652    00000001     manu.o (.data.Menu_ShowOLED.last_cursor)
                  20200653    00000001     manu.o (.data.Menu_ShowOLED.last_state)
                  20200654    0000000c     led.o (.data.keyBlinkCtrl)
                  20200660    00000009     mpu6050.o (.data.gyro_orientation)
                  20200669    00000001     main.o (.data.OLED_ShowTimer.first)
                  2020066a    00000001     trace.o (.data.RunStraight.first)
                  2020066b    00000001     trace.o (.data.Turn_angel.ok_cnt)
                  2020066c    00000004     trace.o (.data.Control.last_loop_tick)
                  20200670    00000004     key.o (.data.Key_Process.last_blink_time)
                  20200674    00000004     manu.o (.data.Menu_ShowOLED.last_sec)
                  20200678    00000004     trace.o (.data.Motor_Ctrl.corr_filtered)
                  2020067c    00000004     main.o (.data.OLED_ShowTimer.last_oled)
                  20200680    00000004     delay.o (.data.Tick)
                  20200684    00000004     trace.o (.data.Turn_angel.target_heading)
                  20200688    00000004     libc.a : aeabi_portable.c.obj (.data.__aeabi_errno)
                  2020068c    00000004     trace.o (.data.base_target_speed)
                  20200690    00000004     trace.o (.data.current_yaw)
                  20200694    00000004     key.o (.data.last_key_time)
                  20200698    00000004     Task.o (.data.rx_ball)
                  2020069c    00000004     trace.o (.data.target_angle)
                  202006a0    00000004     Task.o (.data.task1.frame)
                  202006a4    00000004     main.o (.data.tick_start)
                  202006a8    00000001     trace.o (.data.Turn_angel.target_set)
                  202006a9    00000001     trace.o (.data.drive_mode)
                  202006aa    00000001     interrupt.o (.data.enable_group1_irq)
                  202006ab    00000001     trace.o (.data.heading_relock)
                  202006ac    00000001     key.o (.data.key_pressed)
                  202006ad    00000001     key.o (.data.long_err_flag)
                  202006ae    00000001     Task.o (.data.rx_done)
                  202006af    00000001     Task.o (.data.rx_idx)
                  202006b0    00000001     Task.o (.data.task1.finish)
                  202006b1    00000001     Task.o (.data.task1.started)

.stack     0    20207e00    00000200     UNINITIALIZED
                  20207e00    00000004     libc.a : boot_cortex_m.c.obj (.stack)
                  20207e04    000001fc     --HOLE--

__llvm_prf_cnts 
*          0    20200000    00000000     UNINITIALIZED

__llvm_prf_bits 
*          0    20200000    00000000     UNINITIALIZED

MODULE SUMMARY

       Module                           code    ro data   rw data
       ------                           ----    -------   -------
    .\
       ti_msp_dl_config.o               3336    114       424    
       main.o                           818     24        9      
       startup_mspm0g350x_ticlang.o     8       192       0      
    +--+--------------------------------+-------+---------+---------+
       Total:                           4162    330       433    
                                                                 
    .\Driver\
       No_Mcu_Ganv_Grayscale_Sensor.o   1152    0         0      
       key.o                            674     0         18     
       encoder.o                        418     0         72     
       led.o                            434     4         12     
       flash.o                          328     0         0      
       adc.o                            136     0         80     
       uart.o                           150     0         0      
       delay.o                          106     0         4      
    +--+--------------------------------+-------+---------+---------+
       Total:                           3398    4         186    
                                                                 
    .\Drivers\MPU6050\
       inv_mpu_dmp_motion_driver.o      3110    3062      16     
       inv_mpu.o                        4600    82        44     
       mspm0_i2c.o                      1368    0         0      
       mpu6050.o                        1144    0         70     
    +--+--------------------------------+-------+---------+---------+
       Total:                           10222   3144      130    
                                                                 
    .\Drivers\MSPM0\
       clock.o                          336     0         4      
       interrupt.o                      72      0         1      
    +--+--------------------------------+-------+---------+---------+
       Total:                           408     0         5      
                                                                 
    .\Drivers\OLED_Software_I2C\
       oled_software_i2c.o              1516    2072      0      
    +--+--------------------------------+-------+---------+---------+
       Total:                           1516    2072      0      
                                                                 
    .\Motor\
       motor.o                          822     0         0      
    +--+--------------------------------+-------+---------+---------+
       Total:                           822     0         0      
                                                                 
    .\User\Distance\
       Distance.o                       68      0         0      
    +--+--------------------------------+-------+---------+---------+
       Total:                           68      0         0      
                                                                 
    .\User\PID\
       pid.o                            644     0         0      
    +--+--------------------------------+-------+---------+---------+
       Total:                           644     0         0      
                                                                 
    .\User\Task\
       Task.o                           832     3         28     
    +--+--------------------------------+-------+---------+---------+
       Total:                           832     3         28     
                                                                 
    .\User\balance\
       balance.o                        20      0         164    
    +--+--------------------------------+-------+---------+---------+
       Total:                           20      0         164    
                                                                 
    .\User\manu\
       manu.o                           520     5         18     
    +--+--------------------------------+-------+---------+---------+
       Total:                           520     5         18     
                                                                 
    .\User\trace\
       trace.o                          2104    0         746    
    +--+--------------------------------+-------+---------+---------+
       Total:                           2104    0         746    
                                                                 
    D:/ti/mspm0_sdk_2_10_00_04/source/ti/driverlib/lib/ticlang/m0p/mspm0g1x0x_g3x0x/driverlib.a
       dl_timer.o                       608     0         0      
       dl_flashctl.o                    484     0         0      
       dl_i2c.o                         192     0         0      
       dl_uart.o                        90      0         0      
       dl_dma.o                         76      0         0      
       dl_adc12.o                       64      0         0      
       dl_common.o                      10      0         0      
    +--+--------------------------------+-------+---------+---------+
       Total:                           1524    0         0      
                                                                 
    D:\ti\ccs2051\ccs\tools\compiler\ti-cgt-armllvm_4.0.4.LTS\lib\armv6m-ti-none-eabi/c/libc.a
       e_asin.c.obj                     908     0         0      
       s_atan.c.obj                     784     64        0      
       _printfi.c.obj                   658     17        0      
       e_atan2.c.obj                    392     0         0      
       e_sqrt.c.obj                     368     0         0      
       copy_decompress_lzss.c.obj       124     0         0      
       sprintf.c.obj                    90      0         0      
       autoinit.c.obj                   76      0         0      
       cpy_tbl.c.obj                    76      0         0      
       boot_cortex_m.c.obj              56      0         0      
       memccpy.c.obj                    34      0         0      
       memcmp.c.obj                     32      0         0      
       copy_decompress_none.c.obj       18      0         0      
       memcpy16.S.obj                   18      0         0      
       copy_zero_init.c.obj             16      0         0      
       memset16.S.obj                   14      0         0      
       aeabi_portable.c.obj             8       0         4      
       exit.c.obj                       6       0         0      
       pre_init.c.obj                   4       0         0      
    +--+--------------------------------+-------+---------+---------+
       Total:                           3682    81        4      
                                                                 
    D:\ti\ccs2051\ccs\tools\compiler\ti-cgt-armllvm_4.0.4.LTS\lib\armv6m-ti-none-eabi/c/libsysbm.a
       hostexit.c.obj                   4       0         0      
    +--+--------------------------------+-------+---------+---------+
       Total:                           4       0         0      
                                                                 
    D:\ti\ccs2051\ccs\tools\compiler\ti-cgt-armllvm_4.0.4.LTS\lib\armv6m-ti-none-eabi/libclang_rt.builtins.a
       adddf3.S.obj                     418     0         0      
       divdf3.S.obj                     284     0         0      
       muldf3.S.obj                     244     0         0      
       comparedf2.c.obj                 220     0         0      
       addsf3.S.obj                     216     0         0      
       mulsf3.S.obj                     140     0         0      
       divsf3.S.obj                     130     0         0      
       comparesf2.S.obj                 118     0         0      
       truncdfsf2.S.obj                 116     0         0      
       aeabi_dcmp.S.obj                 98      0         0      
       aeabi_fcmp.S.obj                 98      0         0      
       aeabi_idivmod.S.obj              86      0         0      
       fixdfsi.S.obj                    74      0         0      
       aeabi_uidivmod.S.obj             64      0         0      
       extendsfdf2.S.obj                64      0         0      
       floatsisf.S.obj                  60      0         0      
       muldsi3.S.obj                    58      0         0      
       fixsfsi.S.obj                    56      0         0      
       fixunssfsi.S.obj                 50      0         0      
       floatsidf.S.obj                  44      0         0      
       floatunsisf.S.obj                40      0         0      
       floatunsidf.S.obj                36      0         0      
       aeabi_memset.S.obj               26      0         0      
       aeabi_memcpy.S.obj               8       0         0      
       aeabi_div0.c.obj                 2       0         0      
    +--+--------------------------------+-------+---------+---------+
       Total:                           2750    0         0      
                                                                 
       Stack:                           0       0         512    
       Linker Generated:                0       100       0      
    +--+--------------------------------+-------+---------+---------+
       Grand Total:                     32676   5739      2226   


LINKER GENERATED COPY TABLES

__TI_cinit_table @ 000095d4 records: 2, size/record: 8, table size: 16
	.data: load addr=00009590, load size=00000030 bytes, run addr=202005d8, run size=000000da bytes, compression=lzss
	.bss: load addr=000095cc, load size=00000008 bytes, run addr=20200000, run size=000005d8 bytes, compression=zero_init
binit @ 000095e8 records: 1, size/record: 12, table size: 16
	.TI.ramfunc: load addr=00009530, load size=00000060, run addr=202006b8, run size=00000060, compression=none


LINKER GENERATED HANDLER TABLE

__TI_handler_table @ 000095c0 records: 3, size/record: 4, table size: 12
	index: 0, handler: __TI_decompress_lzss
	index: 1, handler: __TI_decompress_none
	index: 2, handler: __TI_zero_init


FAR CALL TRAMPOLINES

callee name               trampoline name
   callee addr  tramp addr   call addr  call info
--------------  -----------  ---------  ----------------
__aeabi_dmul              $Tramp$TT$L$PI$$__aeabi_dmul
   00003d5d     00007f0c     00007f08   libc.a : e_asin.c.obj (.text.OUTLINED_FUNCTION_0)
                             00007f24          : s_atan.c.obj (.text.OUTLINED_FUNCTION_0)
                             00007f2e          : e_asin.c.obj (.text.OUTLINED_FUNCTION_1)
                             00007f66          : s_atan.c.obj (.text.OUTLINED_FUNCTION_2)
                             00007f9c          : e_asin.c.obj (.text.OUTLINED_FUNCTION_2)
__aeabi_ddiv              $Tramp$TT$L$PI$$__aeabi_ddiv
   00003379     00007f3c     00007f38   libc.a : e_asin.c.obj (.text.OUTLINED_FUNCTION_3)
__aeabi_dadd              $Tramp$TT$L$PI$$__aeabi_dadd
   00001d8f     00007f88     00007f84   libc.a : s_atan.c.obj (.text.OUTLINED_FUNCTION_1)
                             00007faa          : e_asin.c.obj (.text.OUTLINED_FUNCTION_4)
_c_int00_noargs           $Tramp$TT$L$PI$$_c_int00_noargs
   00007345     00007fb0     00007fac   startup_mspm0g350x_ticlang.o (.text.Reset_Handler)
DL_FlashCTL_executeCommandFromRAM  $Tramp$TT$L$PI$$DL_FlashCTL_executeCommandFromRAM
   202006b9     00007fc4     000073f8   driverlib.a : dl_flashctl.o (.text.DL_FlashCTL_programMemoryFromRAM64)
                             000077fe               : dl_flashctl.o (.text.DL_FlashCTL_eraseMemoryFromRAM)

[5 trampolines]
[11 trampoline calls]


GLOBAL SYMBOLS: SORTED ALPHABETICALLY BY Name 

address   name                                
-------   ----                                
0000578d  ADC0_IRQHandler                     
0000578d  ADC1_IRQHandler                     
20200424  ADC_VALUE                           
0000578d  AES_IRQHandler                      
20200604  Anolog                              
00007c19  Balance_FeedBallPos                 
00007fa4  C$$EXIT                             
0000578d  CANFD0_IRQHandler                   
00005d65  Calculate_Heading_Error             
00004fad  Calculate_Position_Error            
000016d1  Control                             
0000578d  DAC0_IRQHandler                     
00006805  DL_ADC12_setClockConfig             
00007eed  DL_Common_delayCycles               
0000632d  DL_DMA_initChannel                  
000077f1  DL_FlashCTL_eraseMemoryFromRAM      
000073e1  DL_FlashCTL_programMemoryFromRAM64  
00003f25  DL_FlashCTL_unprotectSector         
00005ee5  DL_I2C_fillControllerTXFIFO         
00006905  DL_I2C_flushControllerTXFIFO        
000073b9  DL_I2C_setClockConfig               
0000358d  DL_Timer_initFourCCPWMMode          
00003895  DL_Timer_initTimerMode              
00007701  DL_Timer_setCaptCompUpdateMethod    
00007aa9  DL_Timer_setCaptureCompareOutCtl    
00007e4d  DL_Timer_setCaptureCompareValue     
0000771d  DL_Timer_setClockConfig             
0000658d  DL_UART_init                        
00007df5  DL_UART_setClockConfig              
0000578d  DMA_IRQHandler                      
0000578d  Default_Handler                     
202005d6  Digtal                              
0000746d  Encoder_GetDelta                    
00007755  Encoder_GetDistance_cm              
0000727d  Encoder_GetDistance_mm              
00005305  Encoder_HandleGPIOA                 
0000702d  Encoder_HandleGPIOB                 
00005bd5  Encoder_Init                        
0000578d  GROUP0_IRQHandler                   
00004419  GROUP1_IRQHandler                   
00004721  Get_Analog_value                    
0000697d  Get_Anolog_Value                    
00007e8d  Get_Digtal_For_User                 
00007fa5  HOSTexit                            
0000578d  HardFault_Handler                   
0000578d  I2C0_IRQHandler                     
0000578d  I2C1_IRQHandler                     
00006bd5  I2C_Start                           
00006ee5  I2C_Stop                            
00006f15  I2C_WaitAck                         
00007771  Interrupt_Init                      
00000e51  Key_Process                         
00007d31  LED_KEY_Blink_SetInterval           
00007b21  LED_KEY_Blink_Start                 
00007d45  LED_KEY_Blink_Stop                  
000069b9  LED_KEY_Blink_Update                
00007ef7  LED_init                            
00006cb5  LED_off                             
000055a1  LED_setAll                          
00006ce9  LED_toggle                          
000027ed  MPU6050_Init                        
00007d59  Menu_Init                           
00003b81  Menu_ShowOLED                       
00003691  Menu_Update                         
00001f19  Motor_Ctrl                          
000050cd  Motor_Init                          
0000578d  NMI_Handler                         
000020a5  No_MCU_Ganv_Sensor_Init             
00005879  No_MCU_Ganv_Sensor_Init_Frist       
000067c1  No_Mcu_Ganv_Sensor_Task_Without_tick
00005a35  OLED_Clear                          
00003991  OLED_Init                           
000069f5  OLED_Set_Pos                        
00003155  OLED_ShowChar                       
00003a8b  OLED_ShowNum                        
000058eb  OLED_ShowString                     
0000269d  OLED_ShowTimer                      
000062dd  OLED_WR_Byte                        
00001885  PID_Calc                            
000061ed  PID_Init                            
00006a31  PID_clear                           
0000578d  PendSV_Handler                      
0000578d  RTC_IRQHandler                      
00001085  Read_Quad                           
00007fad  Reset_Handler                       
00004d45  RunStraight                         
0000578d  SPI0_IRQHandler                     
0000578d  SPI1_IRQHandler                     
0000578d  SVC_Handler                         
0000595d  SYSCFG_DL_ADC_VOLTAGE_init          
000072a5  SYSCFG_DL_DMA_CH0_init              
00007f69  SYSCFG_DL_DMA_init                  
00001a39  SYSCFG_DL_GPIO_init                 
00005fa1  SYSCFG_DL_I2C_MPU6050_init          
0000515d  SYSCFG_DL_PWM_MOTOR_init            
00005c39  SYSCFG_DL_PWM_Servo_init            
00006db9  SYSCFG_DL_SYSCTL_init               
00007ed5  SYSCFG_DL_SYSTICK_init              
00007059  SYSCFG_DL_TIMER_Encoder_init        
00007085  SYSCFG_DL_TIMER_Tick_init           
000065d5  SYSCFG_DL_UART_k230_init            
000060a9  SYSCFG_DL_init                      
00004945  SYSCFG_DL_initPower                 
00005621  Send_Byte                           
00007b39  SlowForward                         
00002de5  StrToFloat                          
00007d6d  SysTick_Handler                     
00007d81  SysTick_Init                        
0000578d  TIMA0_IRQHandler                    
0000578d  TIMA1_IRQHandler                    
0000578d  TIMG0_IRQHandler                    
0000578d  TIMG12_IRQHandler                   
0000578d  TIMG6_IRQHandler                    
0000578d  TIMG7_IRQHandler                    
0000578d  TIMG8_IRQHandler                    
00007e07  TI_memcpy_small                     
00007ec7  TI_memset_small                     
20200680  Tick                                
00007e5d  Tick_SysTickCallback                
000072cd  Tick_delay                          
00007d95  Trace_Follow                        
000072f5  Trace_Stop                          
00002b95  Trace_init                          
0000326d  Turn_angel                          
0000578d  UART0_IRQHandler                    
0000578d  UART1_IRQHandler                    
0000578d  UART2_IRQHandler                    
000049f5  UART3_IRQHandler                    
20208000  __STACK_END                         
00000200  __STACK_SIZE                        
00000000  __TI_ATRegion0_region_sz            
00000000  __TI_ATRegion0_src_addr             
00000000  __TI_ATRegion0_trg_addr             
00000000  __TI_ATRegion1_region_sz            
00000000  __TI_ATRegion1_src_addr             
00000000  __TI_ATRegion1_trg_addr             
00000000  __TI_ATRegion2_region_sz            
00000000  __TI_ATRegion2_src_addr             
00000000  __TI_ATRegion2_trg_addr             
000095d4  __TI_CINIT_Base                     
000095e4  __TI_CINIT_Limit                    
000095e4  __TI_CINIT_Warm                     
000095c0  __TI_Handler_Table_Base             
000095cc  __TI_Handler_Table_Limit            
000064a9  __TI_auto_init_nopinit              
0000569d  __TI_decompress_lzss                
00007e19  __TI_decompress_none                
ffffffff  __TI_pprof_out_hndl                 
0000071d  __TI_printfi_minimal                
ffffffff  __TI_prof_data_size                 
ffffffff  __TI_prof_data_start                
00000000  __TI_static_base__                  
000095e8  __TI_table_binit                    
00007e7d  __TI_zero_init                      
00001d8f  __adddf3                            
00004007  __addsf3                            
00005791  __aeabi_d2f                         
00006541  __aeabi_d2iz                        
00001d8f  __aeabi_dadd                        
00005c9d  __aeabi_dcmpeq                      
00005cd9  __aeabi_dcmpge                      
00005ced  __aeabi_dcmpgt                      
00005cc5  __aeabi_dcmple                      
00005cb1  __aeabi_dcmplt                      
00003379  __aeabi_ddiv                        
00003d5d  __aeabi_dmul                        
00001d85  __aeabi_dsub                        
20200688  __aeabi_errno                       
00007f71  __aeabi_errno_addr                  
00006885  __aeabi_f2d                         
00006c45  __aeabi_f2iz                        
00006ded  __aeabi_f2uiz                       
00004007  __aeabi_fadd                        
00005d01  __aeabi_fcmpeq                      
00005d3d  __aeabi_fcmpge                      
00005d51  __aeabi_fcmpgt                      
00005d29  __aeabi_fcmple                      
00005d15  __aeabi_fcmplt                      
0000551d  __aeabi_fdiv                        
000051ed  __aeabi_fmul                        
00003ffd  __aeabi_fsub                        
00007109  __aeabi_i2d                         
00006a6d  __aeabi_i2f                         
00006051  __aeabi_idiv                        
00001f17  __aeabi_idiv0                       
00006051  __aeabi_idivmod                     
00007ee1  __aeabi_memclr                      
00007ee1  __aeabi_memclr4                     
00007ee1  __aeabi_memclr8                     
00007f79  __aeabi_memcpy                      
00007f79  __aeabi_memcpy4                     
00007f79  __aeabi_memcpy8                     
00007e9d  __aeabi_memset                      
00007e9d  __aeabi_memset4                     
00007e9d  __aeabi_memset8                     
00007405  __aeabi_ui2d                        
0000731d  __aeabi_ui2f                        
00006845  __aeabi_uidiv                       
00006845  __aeabi_uidivmod                    
000095e8  __binit__                           
00005aa1  __cmpdf2                            
00006b5d  __cmpsf2                            
00003379  __divdf3                            
0000551d  __divsf3                            
00005aa1  __eqdf2                             
00006b5d  __eqsf2                             
00006885  __extendsfdf2                       
00006541  __fixdfsi                           
00006c45  __fixsfsi                           
00006ded  __fixunssfsi                        
00007109  __floatsidf                         
00006a6d  __floatsisf                         
00007405  __floatunsidf                       
0000731d  __floatunsisf                       
00005719  __gedf2                             
00006aa9  __gesf2                             
00005719  __gtdf2                             
00006aa9  __gtsf2                             
00005aa1  __ledf2                             
00006b5d  __lesf2                             
00005aa1  __ltdf2                             
00006b5d  __ltsf2                             
UNDEFED   __mpu_init                          
00003d5d  __muldf3                            
00006b99  __muldsi3                           
000051ed  __mulsf3                            
00005aa1  __nedf2                             
00006b5d  __nesf2                             
20207e00  __stack                             
20200000  __start___llvm_prf_bits             
20200000  __start___llvm_prf_cnts             
20200000  __stop___llvm_prf_bits              
20200000  __stop___llvm_prf_cnts              
00001d85  __subdf3                            
00003ffd  __subsf3                            
00005791  __truncdfsf2                        
00007345  _c_int00_noargs                     
UNDEFED   _system_post_cinit                  
00007fc1  _system_pre_init                    
00007f9f  abort                               
202005a8  accel                               
0000538d  adc_getValue                        
00005ff9  adjust_white_black                  
000091c6  asc2_0806                           
00008bd6  asc2_1608                           
000000c1  asin                                
000000c1  asinl                               
00000425  atan                                
0000222d  atan2                               
0000222d  atan2l                              
00000425  atanl                               
20200380  bal                                 
2020068c  base_target_speed                   
000095e8  binit                               
20200614  black                               
000059c9  convertAnalogToDigital              
0000645d  copy_in                             
20200690  current_yaw                         
00007e6d  delay_ms                            
000074e9  delay_us                            
0000661d  dmp_enable_6x_lp_quat               
000009a1  dmp_enable_feature                  
00005dc5  dmp_enable_gyro_cal                 
00006665  dmp_enable_lp_quat                  
0000778d  dmp_load_motion_driver_firmware     
000014dd  dmp_read_fifo                       
00007da9  dmp_register_android_orient_cb      
00007dbd  dmp_register_tap_cb                 
00004e7d  dmp_set_fifo_rate                   
000023b5  dmp_set_orientation                 
00006739  dmp_set_shake_reject_thresh         
00006e1f  dmp_set_shake_reject_time           
00006e51  dmp_set_shake_reject_timeout        
00005b09  dmp_set_tap_axes                    
0000677d  dmp_set_tap_count                   
00000c19  dmp_set_tap_thresh                  
00006f45  dmp_set_tap_time                    
00006f75  dmp_set_tap_time_multi              
202006a9  drive_mode                          
202006aa  enable_group1_irq                   
20200534  encL                                
20200558  encR                                
20200000  gPWM_MOTORBackup                    
202000bc  gTIMER_EncoderBackup                
20200504  gUART_k230Backup                    
202005ae  gyro                                
202006ab  heading_relock                      
000094dc  hw                                  
00000000  interruptVectors                    
202006ac  key_pressed                         
20200694  last_key_time                       
202006ad  long_err_flag                       
202005b8  long_pressed_key_time               
00002f0d  main                                
00007429  memccpy                             
0000748d  memcmp                              
2020059c  menu                                
202005d7  more                                
20200228  motor_l                             
202002d4  motor_r                             
00005e25  mpu6050_i2c_sda_unlock              
00004665  mpu_configure_fifo                  
00005805  mpu_get_accel_fsr                   
00005e85  mpu_get_gyro_fsr                    
00006d1d  mpu_get_sample_rate                 
00002cbd  mpu_init                            
00003031  mpu_load_firmware                   
00003795  mpu_lp_accel_mode                   
00003485  mpu_read_fifo_stream                
00004aa1  mpu_read_mem                        
000012b1  mpu_reset_fifo                      
00003e41  mpu_set_accel_fsr                   
00001be5  mpu_set_bypass                      
000047d9  mpu_set_dmp_state                   
000044dd  mpu_set_gyro_fsr                    
00004de1  mpu_set_int_latched                 
0000427d  mpu_set_lpf                         
00003c71  mpu_set_sample_rate                 
00002a65  mpu_set_sensors                     
00004b4d  mpu_write_mem                       
00006ae5  mspm0_delay_ms                      
00007135  mspm0_get_clock_ms                  
00002931  mspm0_i2c_read                      
000045a1  mspm0_i2c_write                     
00004bf9  normalizeAnalogValues               
00006fa5  oled_pow                            
202005bc  pitch                               
2020058c  quat                                
00006d51  readBlackFromFlash                  
00006d85  readWhiteFromFlash                  
00009458  reg                                 
202005c0  roll                                
20200698  rx_ball                             
202006ae  rx_done                             
20200178  sensor                              
202005c4  sensor_timestamp                    
202005d4  sensors                             
00006c7d  sprintf                             
0000252d  sqrt                                
0000252d  sqrtl                               
202005c8  state                               
2020069c  target_angle                        
000041a9  task1                               
00002f0b  task2                               
00004ca3  task3                               
00004fab  task4                               
0000559f  task5                               
00009430  test                                
202005cc  tick_ms                             
202006a4  tick_start                          
20200474  tracking_pid                        
00007161  uart0_send_char                     
00006b21  uart0_send_string                   
20200634  white                               
00004891  writeToFlash                        
202005d0  yaw                                 
202004bc  yaw_pid                             


GLOBAL SYMBOLS: SORTED BY Symbol Address 

address   name                                
-------   ----                                
00000000  __TI_ATRegion0_region_sz            
00000000  __TI_ATRegion0_src_addr             
00000000  __TI_ATRegion0_trg_addr             
00000000  __TI_ATRegion1_region_sz            
00000000  __TI_ATRegion1_src_addr             
00000000  __TI_ATRegion1_trg_addr             
00000000  __TI_ATRegion2_region_sz            
00000000  __TI_ATRegion2_src_addr             
00000000  __TI_ATRegion2_trg_addr             
00000000  __TI_static_base__                  
00000000  interruptVectors                    
000000c1  asin                                
000000c1  asinl                               
00000200  __STACK_SIZE                        
00000425  atan                                
00000425  atanl                               
0000071d  __TI_printfi_minimal                
000009a1  dmp_enable_feature                  
00000c19  dmp_set_tap_thresh                  
00000e51  Key_Process                         
00001085  Read_Quad                           
000012b1  mpu_reset_fifo                      
000014dd  dmp_read_fifo                       
000016d1  Control                             
00001885  PID_Calc                            
00001a39  SYSCFG_DL_GPIO_init                 
00001be5  mpu_set_bypass                      
00001d85  __aeabi_dsub                        
00001d85  __subdf3                            
00001d8f  __adddf3                            
00001d8f  __aeabi_dadd                        
00001f17  __aeabi_idiv0                       
00001f19  Motor_Ctrl                          
000020a5  No_MCU_Ganv_Sensor_Init             
0000222d  atan2                               
0000222d  atan2l                              
000023b5  dmp_set_orientation                 
0000252d  sqrt                                
0000252d  sqrtl                               
0000269d  OLED_ShowTimer                      
000027ed  MPU6050_Init                        
00002931  mspm0_i2c_read                      
00002a65  mpu_set_sensors                     
00002b95  Trace_init                          
00002cbd  mpu_init                            
00002de5  StrToFloat                          
00002f0b  task2                               
00002f0d  main                                
00003031  mpu_load_firmware                   
00003155  OLED_ShowChar                       
0000326d  Turn_angel                          
00003379  __aeabi_ddiv                        
00003379  __divdf3                            
00003485  mpu_read_fifo_stream                
0000358d  DL_Timer_initFourCCPWMMode          
00003691  Menu_Update                         
00003795  mpu_lp_accel_mode                   
00003895  DL_Timer_initTimerMode              
00003991  OLED_Init                           
00003a8b  OLED_ShowNum                        
00003b81  Menu_ShowOLED                       
00003c71  mpu_set_sample_rate                 
00003d5d  __aeabi_dmul                        
00003d5d  __muldf3                            
00003e41  mpu_set_accel_fsr                   
00003f25  DL_FlashCTL_unprotectSector         
00003ffd  __aeabi_fsub                        
00003ffd  __subsf3                            
00004007  __addsf3                            
00004007  __aeabi_fadd                        
000041a9  task1                               
0000427d  mpu_set_lpf                         
00004419  GROUP1_IRQHandler                   
000044dd  mpu_set_gyro_fsr                    
000045a1  mspm0_i2c_write                     
00004665  mpu_configure_fifo                  
00004721  Get_Analog_value                    
000047d9  mpu_set_dmp_state                   
00004891  writeToFlash                        
00004945  SYSCFG_DL_initPower                 
000049f5  UART3_IRQHandler                    
00004aa1  mpu_read_mem                        
00004b4d  mpu_write_mem                       
00004bf9  normalizeAnalogValues               
00004ca3  task3                               
00004d45  RunStraight                         
00004de1  mpu_set_int_latched                 
00004e7d  dmp_set_fifo_rate                   
00004fab  task4                               
00004fad  Calculate_Position_Error            
000050cd  Motor_Init                          
0000515d  SYSCFG_DL_PWM_MOTOR_init            
000051ed  __aeabi_fmul                        
000051ed  __mulsf3                            
00005305  Encoder_HandleGPIOA                 
0000538d  adc_getValue                        
0000551d  __aeabi_fdiv                        
0000551d  __divsf3                            
0000559f  task5                               
000055a1  LED_setAll                          
00005621  Send_Byte                           
0000569d  __TI_decompress_lzss                
00005719  __gedf2                             
00005719  __gtdf2                             
0000578d  ADC0_IRQHandler                     
0000578d  ADC1_IRQHandler                     
0000578d  AES_IRQHandler                      
0000578d  CANFD0_IRQHandler                   
0000578d  DAC0_IRQHandler                     
0000578d  DMA_IRQHandler                      
0000578d  Default_Handler                     
0000578d  GROUP0_IRQHandler                   
0000578d  HardFault_Handler                   
0000578d  I2C0_IRQHandler                     
0000578d  I2C1_IRQHandler                     
0000578d  NMI_Handler                         
0000578d  PendSV_Handler                      
0000578d  RTC_IRQHandler                      
0000578d  SPI0_IRQHandler                     
0000578d  SPI1_IRQHandler                     
0000578d  SVC_Handler                         
0000578d  TIMA0_IRQHandler                    
0000578d  TIMA1_IRQHandler                    
0000578d  TIMG0_IRQHandler                    
0000578d  TIMG12_IRQHandler                   
0000578d  TIMG6_IRQHandler                    
0000578d  TIMG7_IRQHandler                    
0000578d  TIMG8_IRQHandler                    
0000578d  UART0_IRQHandler                    
0000578d  UART1_IRQHandler                    
0000578d  UART2_IRQHandler                    
00005791  __aeabi_d2f                         
00005791  __truncdfsf2                        
00005805  mpu_get_accel_fsr                   
00005879  No_MCU_Ganv_Sensor_Init_Frist       
000058eb  OLED_ShowString                     
0000595d  SYSCFG_DL_ADC_VOLTAGE_init          
000059c9  convertAnalogToDigital              
00005a35  OLED_Clear                          
00005aa1  __cmpdf2                            
00005aa1  __eqdf2                             
00005aa1  __ledf2                             
00005aa1  __ltdf2                             
00005aa1  __nedf2                             
00005b09  dmp_set_tap_axes                    
00005bd5  Encoder_Init                        
00005c39  SYSCFG_DL_PWM_Servo_init            
00005c9d  __aeabi_dcmpeq                      
00005cb1  __aeabi_dcmplt                      
00005cc5  __aeabi_dcmple                      
00005cd9  __aeabi_dcmpge                      
00005ced  __aeabi_dcmpgt                      
00005d01  __aeabi_fcmpeq                      
00005d15  __aeabi_fcmplt                      
00005d29  __aeabi_fcmple                      
00005d3d  __aeabi_fcmpge                      
00005d51  __aeabi_fcmpgt                      
00005d65  Calculate_Heading_Error             
00005dc5  dmp_enable_gyro_cal                 
00005e25  mpu6050_i2c_sda_unlock              
00005e85  mpu_get_gyro_fsr                    
00005ee5  DL_I2C_fillControllerTXFIFO         
00005fa1  SYSCFG_DL_I2C_MPU6050_init          
00005ff9  adjust_white_black                  
00006051  __aeabi_idiv                        
00006051  __aeabi_idivmod                     
000060a9  SYSCFG_DL_init                      
000061ed  PID_Init                            
000062dd  OLED_WR_Byte                        
0000632d  DL_DMA_initChannel                  
0000645d  copy_in                             
000064a9  __TI_auto_init_nopinit              
00006541  __aeabi_d2iz                        
00006541  __fixdfsi                           
0000658d  DL_UART_init                        
000065d5  SYSCFG_DL_UART_k230_init            
0000661d  dmp_enable_6x_lp_quat               
00006665  dmp_enable_lp_quat                  
00006739  dmp_set_shake_reject_thresh         
0000677d  dmp_set_tap_count                   
000067c1  No_Mcu_Ganv_Sensor_Task_Without_tick
00006805  DL_ADC12_setClockConfig             
00006845  __aeabi_uidiv                       
00006845  __aeabi_uidivmod                    
00006885  __aeabi_f2d                         
00006885  __extendsfdf2                       
00006905  DL_I2C_flushControllerTXFIFO        
0000697d  Get_Anolog_Value                    
000069b9  LED_KEY_Blink_Update                
000069f5  OLED_Set_Pos                        
00006a31  PID_clear                           
00006a6d  __aeabi_i2f                         
00006a6d  __floatsisf                         
00006aa9  __gesf2                             
00006aa9  __gtsf2                             
00006ae5  mspm0_delay_ms                      
00006b21  uart0_send_string                   
00006b5d  __cmpsf2                            
00006b5d  __eqsf2                             
00006b5d  __lesf2                             
00006b5d  __ltsf2                             
00006b5d  __nesf2                             
00006b99  __muldsi3                           
00006bd5  I2C_Start                           
00006c45  __aeabi_f2iz                        
00006c45  __fixsfsi                           
00006c7d  sprintf                             
00006cb5  LED_off                             
00006ce9  LED_toggle                          
00006d1d  mpu_get_sample_rate                 
00006d51  readBlackFromFlash                  
00006d85  readWhiteFromFlash                  
00006db9  SYSCFG_DL_SYSCTL_init               
00006ded  __aeabi_f2uiz                       
00006ded  __fixunssfsi                        
00006e1f  dmp_set_shake_reject_time           
00006e51  dmp_set_shake_reject_timeout        
00006ee5  I2C_Stop                            
00006f15  I2C_WaitAck                         
00006f45  dmp_set_tap_time                    
00006f75  dmp_set_tap_time_multi              
00006fa5  oled_pow                            
0000702d  Encoder_HandleGPIOB                 
00007059  SYSCFG_DL_TIMER_Encoder_init        
00007085  SYSCFG_DL_TIMER_Tick_init           
00007109  __aeabi_i2d                         
00007109  __floatsidf                         
00007135  mspm0_get_clock_ms                  
00007161  uart0_send_char                     
0000727d  Encoder_GetDistance_mm              
000072a5  SYSCFG_DL_DMA_CH0_init              
000072cd  Tick_delay                          
000072f5  Trace_Stop                          
0000731d  __aeabi_ui2f                        
0000731d  __floatunsisf                       
00007345  _c_int00_noargs                     
000073b9  DL_I2C_setClockConfig               
000073e1  DL_FlashCTL_programMemoryFromRAM64  
00007405  __aeabi_ui2d                        
00007405  __floatunsidf                       
00007429  memccpy                             
0000746d  Encoder_GetDelta                    
0000748d  memcmp                              
000074e9  delay_us                            
00007701  DL_Timer_setCaptCompUpdateMethod    
0000771d  DL_Timer_setClockConfig             
00007755  Encoder_GetDistance_cm              
00007771  Interrupt_Init                      
0000778d  dmp_load_motion_driver_firmware     
000077f1  DL_FlashCTL_eraseMemoryFromRAM      
00007aa9  DL_Timer_setCaptureCompareOutCtl    
00007b21  LED_KEY_Blink_Start                 
00007b39  SlowForward                         
00007c19  Balance_FeedBallPos                 
00007d31  LED_KEY_Blink_SetInterval           
00007d45  LED_KEY_Blink_Stop                  
00007d59  Menu_Init                           
00007d6d  SysTick_Handler                     
00007d81  SysTick_Init                        
00007d95  Trace_Follow                        
00007da9  dmp_register_android_orient_cb      
00007dbd  dmp_register_tap_cb                 
00007df5  DL_UART_setClockConfig              
00007e07  TI_memcpy_small                     
00007e19  __TI_decompress_none                
00007e4d  DL_Timer_setCaptureCompareValue     
00007e5d  Tick_SysTickCallback                
00007e6d  delay_ms                            
00007e7d  __TI_zero_init                      
00007e8d  Get_Digtal_For_User                 
00007e9d  __aeabi_memset                      
00007e9d  __aeabi_memset4                     
00007e9d  __aeabi_memset8                     
00007ec7  TI_memset_small                     
00007ed5  SYSCFG_DL_SYSTICK_init              
00007ee1  __aeabi_memclr                      
00007ee1  __aeabi_memclr4                     
00007ee1  __aeabi_memclr8                     
00007eed  DL_Common_delayCycles               
00007ef7  LED_init                            
00007f69  SYSCFG_DL_DMA_init                  
00007f71  __aeabi_errno_addr                  
00007f79  __aeabi_memcpy                      
00007f79  __aeabi_memcpy4                     
00007f79  __aeabi_memcpy8                     
00007f9f  abort                               
00007fa4  C$$EXIT                             
00007fa5  HOSTexit                            
00007fad  Reset_Handler                       
00007fc1  _system_pre_init                    
00008bd6  asc2_1608                           
000091c6  asc2_0806                           
00009430  test                                
00009458  reg                                 
000094dc  hw                                  
000095c0  __TI_Handler_Table_Base             
000095cc  __TI_Handler_Table_Limit            
000095d4  __TI_CINIT_Base                     
000095e4  __TI_CINIT_Limit                    
000095e4  __TI_CINIT_Warm                     
000095e8  __TI_table_binit                    
000095e8  __binit__                           
000095e8  binit                               
20200000  __start___llvm_prf_bits             
20200000  __start___llvm_prf_cnts             
20200000  __stop___llvm_prf_bits              
20200000  __stop___llvm_prf_cnts              
20200000  gPWM_MOTORBackup                    
202000bc  gTIMER_EncoderBackup                
20200178  sensor                              
20200228  motor_l                             
202002d4  motor_r                             
20200380  bal                                 
20200424  ADC_VALUE                           
20200474  tracking_pid                        
202004bc  yaw_pid                             
20200504  gUART_k230Backup                    
20200534  encL                                
20200558  encR                                
2020058c  quat                                
2020059c  menu                                
202005a8  accel                               
202005ae  gyro                                
202005b8  long_pressed_key_time               
202005bc  pitch                               
202005c0  roll                                
202005c4  sensor_timestamp                    
202005c8  state                               
202005cc  tick_ms                             
202005d0  yaw                                 
202005d4  sensors                             
202005d6  Digtal                              
202005d7  more                                
20200604  Anolog                              
20200614  black                               
20200634  white                               
20200680  Tick                                
20200688  __aeabi_errno                       
2020068c  base_target_speed                   
20200690  current_yaw                         
20200694  last_key_time                       
20200698  rx_ball                             
2020069c  target_angle                        
202006a4  tick_start                          
202006a9  drive_mode                          
202006aa  enable_group1_irq                   
202006ab  heading_relock                      
202006ac  key_pressed                         
202006ad  long_err_flag                       
202006ae  rx_done                             
20207e00  __stack                             
20208000  __STACK_END                         
ffffffff  __TI_pprof_out_hndl                 
ffffffff  __TI_prof_data_size                 
ffffffff  __TI_prof_data_start                
UNDEFED   __mpu_init                          
UNDEFED   _system_post_cinit                  

[357 symbols]
