******************************************************************************
            TI ARM Clang Linker PC v4.0.4                      
******************************************************************************
>> Linked Sun Jul 19 16:30:09 2026

OUTPUT FILE NAME:   <diansai2024.out>
ENTRY POINT SYMBOL: "_c_int00_noargs"  address: 00002a59


MEMORY CONFIGURATION

         name            origin    length      used     unused   attr    fill
----------------------  --------  ---------  --------  --------  ----  --------
  FLASH                 00000000   00020000  00003508  0001caf8  R  X
  SRAM                  20200000   00008000  0000055f  00007aa1  RW X
  BCR_CONFIG            41c00000   000000ff  00000000  000000ff  R   
  BSL_CONFIG            41c00100   00000080  00000000  00000080  R   


SEGMENT ALLOCATION MAP

run origin  load origin   length   init length attrs members
----------  ----------- ---------- ----------- ----- -------
00000000    00000000    00003288   00003288    r-x
  00000000    00000000    000000c0   000000c0    r-- .intvecs
  000000c0    000000c0    000031c8   000031c8    r-x .text
00003290    00003290    000001e0   000001e0    r--
  00003290    00003290    000001e0   000001e0    r-- .rodata
000034d0    000034d0    00000040   00000040    r--
  000034d0    000034d0    00000030   00000030    r-- .cinit
  00003500    00003500    00000010   00000010    r-- .binit
20200000    20200000    000002b1   00000000    rw-
  20200000    20200000    000002b1   00000000    rw- .bss
202002b8    00003470    00000060   00000060    r-x
  202002b8    00003470    00000060   00000060    r-x .TI.ramfunc
20200318    20200318    0000004e   00000000    rw-
  20200318    20200318    0000004e   00000000    rw- .data
20207e00    20207e00    00000200   00000000    rw-
  20207e00    20207e00    00000200   00000000    rw- .stack


SECTION ALLOCATION MAP

 output                                  attributes/
section   page    origin      length       input sections
--------  ----  ----------  ----------   ----------------
.intvecs   0    00000000    000000c0     
                  00000000    000000c0     startup_mspm0g350x_ticlang.o (.intvecs)

.text      0    000000c0    000031c8     
                  000000c0    00000868     libc.a : _printfi.c.obj (.text:__TI_printfi_nofloat)
                  00000928    00000234     key.o (.text.Key_Process)
                  00000b5c    000001bc     ti_msp_dl_config.o (.text.SYSCFG_DL_GPIO_init)
                  00000d18    00000192     libclang_rt.builtins.a : adddf3.S.obj (.text.adddf3_subdf3)
                  00000eaa    00000002                            : aeabi_div0.c.obj (.text.__aeabi_idiv0)
                  00000eac    00000188     No_Mcu_Ganv_Grayscale_Sensor.o (.text.No_MCU_Ganv_Sensor_Init)
                  00001034    0000010c     libclang_rt.builtins.a : divdf3.S.obj (.text.__divdf3)
                  00001140    00000104     driverlib.a : dl_timer.o (.text.DL_Timer_initFourCCPWMMode)
                  00001244    000000fc                 : dl_timer.o (.text.DL_Timer_initTimerMode)
                  00001340    000000e4     libclang_rt.builtins.a : muldf3.S.obj (.text.__muldf3)
                  00001424    000000d8     control.o (.text.Control)
                  000014fc    000000d8     driverlib.a : dl_flashctl.o (.text.DL_FlashCTL_unprotectSector)
                  000015d4    000000b8     No_Mcu_Ganv_Grayscale_Sensor.o (.text.Get_Analog_value)
                  0000168c    000000b4     flash.o (.text.writeToFlash)
                  00001740    000000b0     ti_msp_dl_config.o (.text.SYSCFG_DL_initPower)
                  000017f0    000000aa     No_Mcu_Ganv_Grayscale_Sensor.o (.text.normalizeAnalogValues)
                  0000189a    00000002     libclang_rt.builtins.a : aeabi_div0.c.obj (.text.__aeabi_ldiv0)
                  0000189c    000000a2                            : udivmoddi4.S.obj (.text)
                  0000193e    00000002     --HOLE-- [fill = 0]
                  00001940    00000090     ti_msp_dl_config.o (.text.SYSCFG_DL_PWM_MOTOR_init)
                  000019d0    0000008c     main.o (.text.main)
                  00001a5c    00000088     adc.o (.text.adc_getValue)
                  00001ae4    00000084     ti_msp_dl_config.o (.text.__NVIC_SetPriority)
                  00001b68    00000080     led.o (.text.LED_setAll)
                  00001be8    0000007c     libc.a : copy_decompress_lzss.c.obj (.text:decompress:lzss)
                  00001c64    00000074     libclang_rt.builtins.a : comparedf2.c.obj (.text.__gedf2)
                  00001cd8    00000072     No_Mcu_Ganv_Grayscale_Sensor.o (.text.No_MCU_Ganv_Sensor_Init_Frist)
                  00001d4a    00000002     --HOLE-- [fill = 0]
                  00001d4c    0000006c     ti_msp_dl_config.o (.text.SYSCFG_DL_ADC_VOLTAGE_init)
                  00001db8    0000006c     No_Mcu_Ganv_Grayscale_Sensor.o (.text.convertAnalogToDigital)
                  00001e24    00000068     control.o (.text.GROUP1_IRQHandler)
                  00001e8c    00000068     libclang_rt.builtins.a : comparedf2.c.obj (.text.__ledf2)
                  00001ef4    00000064     ti_msp_dl_config.o (.text.DL_ADC12_initSingleSample)
                  00001f58    00000062     libclang_rt.builtins.a : aeabi_dcmp.S.obj (.text.__aeabi_dcmp)
                  00001fba    00000002     --HOLE-- [fill = 0]
                  00001fbc    00000058     ti_msp_dl_config.o (.text.SYSCFG_DL_I2C_MPU6050_init)
                  00002014    00000058     ti_msp_dl_config.o (.text.SYSCFG_DL_I2C_OLED_init)
                  0000206c    00000058     key.o (.text.adjust_white_black)
                  000020c4    00000054     ti_msp_dl_config.o (.text.SYSCFG_DL_init)
                  00002118    00000050     ti_msp_dl_config.o (.text.DL_GPIO_initPeripheralInputFunctionFeatures)
                  00002168    00000050     ti_msp_dl_config.o (.text.SysTick_Config)
                  000021b8    0000004c     driverlib.a : dl_dma.o (.text.DL_DMA_initChannel)
                  00002204    0000004c     ti_msp_dl_config.o (.text.DL_GPIO_initDigitalInputFeatures)
                  00002250    0000004c     ti_msp_dl_config.o (.text.DL_UART_setBaudRateDivisor)
                  0000229c    0000004c     libc.a : cpy_tbl.c.obj (.text.copy_in)
                  000022e8    0000004c            : autoinit.c.obj (.text:__TI_auto_init_nopinit)
                  00002334    0000004a     ti_msp_dl_config.o (.text.DL_ADC12_configConversionMem)
                  0000237e    00000002     --HOLE-- [fill = 0]
                  00002380    0000004a     libclang_rt.builtins.a : fixdfsi.S.obj (.text.__fixdfsi)
                  000023ca    00000002     --HOLE-- [fill = 0]
                  000023cc    00000048     driverlib.a : dl_uart.o (.text.DL_UART_init)
                  00002414    00000048     ti_msp_dl_config.o (.text.SYSCFG_DL_UART_0_init)
                  0000245c    00000042     No_Mcu_Ganv_Grayscale_Sensor.o (.text.No_Mcu_Ganv_Sensor_Task_Without_tick)
                  0000249e    00000002     --HOLE-- [fill = 0]
                  000024a0    00000040     driverlib.a : dl_adc12.o (.text.DL_ADC12_setClockConfig)
                  000024e0    00000040     ti_msp_dl_config.o (.text.SYSCFG_DL_UART_1_init)
                  00002520    00000040     libclang_rt.builtins.a : aeabi_uidivmod.S.obj (.text.__aeabi_uidivmod)
                  00002560    00000040     libc.a : atoi.c.obj (.text.atoi)
                  000025a0    0000003c     ti_msp_dl_config.o (.text.DL_Timer_setCounterControl)
                  000025dc    0000003c     No_Mcu_Ganv_Grayscale_Sensor.o (.text.Get_Anolog_Value)
                  00002618    0000003c     led.o (.text.LED_KEY_Blink_Update)
                  00002654    0000003c     uart.o (.text.uart0_send_string)
                  00002690    0000003a     libclang_rt.builtins.a : muldsi3.S.obj (.text.__muldsi3)
                  000026ca    00000002     --HOLE-- [fill = 0]
                  000026cc    00000038     libc.a : sprintf.c.obj (.text.sprintf)
                  00002704    00000034     led.o (.text.LED_off)
                  00002738    00000034     led.o (.text.LED_toggle)
                  0000276c    00000034     flash.o (.text.readBlackFromFlash)
                  000027a0    00000034     flash.o (.text.readWhiteFromFlash)
                  000027d4    00000032     ti_msp_dl_config.o (.text.SYSCFG_DL_SYSCTL_init)
                  00002806    00000002     --HOLE-- [fill = 0]
                  00002808    00000030     ti_msp_dl_config.o (.text.DL_DMA_setTransferSize)
                  00002838    0000002c     ti_msp_dl_config.o (.text.DL_ADC12_setDMASamplesCnt)
                  00002864    0000002c     flash.o (.text.DL_FlashCTL_waitForCmdDone)
                  00002890    0000002c     ti_msp_dl_config.o (.text.SYSCFG_DL_TIMER_Encoder_init)
                  000028bc    0000002c     main.o (.text.__NVIC_EnableIRQ)
                  000028e8    0000002c     libclang_rt.builtins.a : floatsidf.S.obj (.text.__floatsidf)
                  00002914    0000002c     uart.o (.text.uart0_send_char)
                  00002940    00000028     ti_msp_dl_config.o (.text.DL_Common_updateReg)
                  00002968    00000028     main.o (.text.DL_DMA_setDestAddr)
                  00002990    00000028     main.o (.text.DL_DMA_setSrcAddr)
                  000029b8    00000028     ti_msp_dl_config.o (.text.DL_I2C_setControllerRXFIFOThreshold)
                  000029e0    00000028     ti_msp_dl_config.o (.text.DL_I2C_setControllerTXFIFOThreshold)
                  00002a08    00000028     ti_msp_dl_config.o (.text.SYSCFG_DL_DMA_CH0_init)
                  00002a30    00000028     delay.o (.text.Tick_delay)
                  00002a58    00000028     libc.a : boot_cortex_m.c.obj (.text:_c_int00_noargs)
                  00002a80    00000026     main.o (.text.DL_DMA_enableChannel)
                  00002aa6    00000026     ti_msp_dl_config.o (.text.DL_I2C_setAnalogGlitchFilterPulseWidth)
                  00002acc    00000026     driverlib.a : dl_i2c.o (.text.DL_I2C_setClockConfig)
                  00002af2    00000002     --HOLE-- [fill = 0]
                  00002af4    00000024                 : dl_flashctl.o (.text.DL_FlashCTL_programMemoryFromRAM64)
                  00002b18    00000024     libclang_rt.builtins.a : floatunsidf.S.obj (.text.__floatunsidf)
                  00002b3c    00000024                            : muldi3.S.obj (.text.__muldi3)
                  00002b60    00000022     libc.a : memccpy.c.obj (.text.memccpy)
                  00002b82    00000002     --HOLE-- [fill = 0]
                  00002b84    00000020     ti_msp_dl_config.o (.text.DL_GPIO_initPeripheralInputFunction)
                  00002ba4    0000001e     ti_msp_dl_config.o (.text.DL_UART_setOversampling)
                  00002bc2    00000002     --HOLE-- [fill = 0]
                  00002bc4    0000001e     libclang_rt.builtins.a : ashldi3.S.obj (.text.__ashldi3)
                  00002be2    00000002     --HOLE-- [fill = 0]
                  00002be4    0000001c     ti_msp_dl_config.o (.text.DL_ADC12_enableDMA)
                  00002c00    0000001c     ti_msp_dl_config.o (.text.DL_ADC12_enableDMATrigger)
                  00002c1c    0000001c     main.o (.text.DL_ADC12_startConversion)
                  00002c38    0000001c     ti_msp_dl_config.o (.text.DL_GPIO_clearInterruptStatus)
                  00002c54    0000001c     ti_msp_dl_config.o (.text.DL_GPIO_enableHiZ)
                  00002c70    0000001c     ti_msp_dl_config.o (.text.DL_GPIO_enableInterrupt)
                  00002c8c    0000001c     ti_msp_dl_config.o (.text.DL_GPIO_initPeripheralOutputFunction)
                  00002ca8    0000001c     ti_msp_dl_config.o (.text.DL_GPIO_setLowerPinsPolarity)
                  00002cc4    0000001c     ti_msp_dl_config.o (.text.DL_SYSCTL_setMCLKDivider)
                  00002ce0    0000001c     ti_msp_dl_config.o (.text.DL_SYSCTL_setSYSOSCFreq)
                  00002cfc    0000001c     ti_msp_dl_config.o (.text.DL_SYSCTL_setULPCLKDivider)
                  00002d18    0000001c     driverlib.a : dl_timer.o (.text.DL_Timer_setCaptCompUpdateMethod)
                  00002d34    0000001c                 : dl_timer.o (.text.DL_Timer_setClockConfig)
                  00002d50    0000001c     ti_msp_dl_config.o (.text.DL_UART_enableInterrupt)
                  00002d6c    00000018     ti_msp_dl_config.o (.text.DL_ADC12_enablePower)
                  00002d84    00000018     ti_msp_dl_config.o (.text.DL_ADC12_reset)
                  00002d9c    00000018     ti_msp_dl_config.o (.text.DL_ADC12_setSampleTime0)
                  00002db4    00000018     driverlib.a : dl_flashctl.o (.text.DL_FlashCTL_eraseMemoryFromRAM)
                  00002dcc    00000018     ti_msp_dl_config.o (.text.DL_GPIO_enableOutput)
                  00002de4    00000018     ti_msp_dl_config.o (.text.DL_GPIO_enablePower)
                  00002dfc    00000018     ti_msp_dl_config.o (.text.DL_GPIO_initDigitalOutput)
                  00002e14    00000018     ti_msp_dl_config.o (.text.DL_GPIO_reset)
                  00002e2c    00000018     No_Mcu_Ganv_Grayscale_Sensor.o (.text.DL_GPIO_setPins)
                  00002e44    00000018     led.o (.text.DL_GPIO_setPins)
                  00002e5c    00000018     ti_msp_dl_config.o (.text.DL_GPIO_setUpperPinsPolarity)
                  00002e74    00000018     led.o (.text.DL_GPIO_togglePins)
                  00002e8c    00000018     ti_msp_dl_config.o (.text.DL_I2C_enableAnalogGlitchFilter)
                  00002ea4    00000018     ti_msp_dl_config.o (.text.DL_I2C_enableController)
                  00002ebc    00000018     ti_msp_dl_config.o (.text.DL_I2C_enableControllerClockStretching)
                  00002ed4    00000018     ti_msp_dl_config.o (.text.DL_I2C_enablePower)
                  00002eec    00000018     ti_msp_dl_config.o (.text.DL_I2C_reset)
                  00002f04    00000018     ti_msp_dl_config.o (.text.DL_I2C_setTimerPeriod)
                  00002f1c    00000018     ti_msp_dl_config.o (.text.DL_SYSCTL_setBORThreshold)
                  00002f34    00000018     ti_msp_dl_config.o (.text.DL_Timer_enablePower)
                  00002f4c    00000018     ti_msp_dl_config.o (.text.DL_Timer_reset)
                  00002f64    00000018     driverlib.a : dl_timer.o (.text.DL_Timer_setCaptureCompareOutCtl)
                  00002f7c    00000018     ti_msp_dl_config.o (.text.DL_UART_enablePower)
                  00002f94    00000018     uart.o (.text.DL_UART_isBusy)
                  00002fac    00000018     ti_msp_dl_config.o (.text.DL_UART_reset)
                  00002fc4    00000018     led.o (.text.LED_KEY_Blink_Start)
                  00002fdc    00000018     libc.a : sprintf.c.obj (.text._outs)
                  00002ff4    00000016     ti_msp_dl_config.o (.text.DL_ADC12_enableConversions)
                  0000300a    00000016     control.o (.text.DL_GPIO_readPins)
                  00003020    00000016     key.o (.text.DL_GPIO_readPins)
                  00003036    00000016     ti_msp_dl_config.o (.text.DL_UART_enable)
                  0000304c    00000016     uart.o (.text.DL_UART_transmitData)
                  00003062    00000016     libc.a : copy_zero_init.c.obj (.text:decompress:ZI:__TI_zero_init_nomemset)
                  00003078    00000014     No_Mcu_Ganv_Grayscale_Sensor.o (.text.DL_GPIO_clearPins)
                  0000308c    00000014     led.o (.text.DL_GPIO_clearPins)
                  000030a0    00000014     ti_msp_dl_config.o (.text.DL_GPIO_clearPins)
                  000030b4    00000014     ti_msp_dl_config.o (.text.DL_I2C_resetControllerTransfer)
                  000030c8    00000014     ti_msp_dl_config.o (.text.DL_SYSCTL_disableSYSPLL)
                  000030dc    00000014     ti_msp_dl_config.o (.text.DL_Timer_enableClock)
                  000030f0    00000014     ti_msp_dl_config.o (.text.DL_Timer_setCCPDirection)
                  00003104    00000014     led.o (.text.LED_KEY_Blink_SetInterval)
                  00003118    00000014     led.o (.text.LED_KEY_Blink_Stop)
                  0000312c    00000014     libclang_rt.builtins.a : aeabi_uldivmod.S.obj (.text.__aeabi_uldivmod)
                  00003140    00000012     control.o (.text.DL_GPIO_getPendingInterrupt)
                  00003152    00000012     driverlib.a : dl_uart.o (.text.DL_UART_setClockConfig)
                  00003164    00000012     libc.a : memcpy16.S.obj (.text:TI_memcpy_small)
                  00003176    00000012            : copy_decompress_none.c.obj (.text:decompress:none)
                  00003188    00000010     ti_msp_dl_config.o (.text.DL_SYSCTL_disableHFXT)
                  00003198    00000010     driverlib.a : dl_timer.o (.text.DL_Timer_setCaptureCompareValue)
                  000031a8    00000010     delay.o (.text.Tick_SysTickCallback)
                  000031b8    00000010     libc.a : wcslen.c.obj (.text.wcslen)
                  000031c8    0000000e     No_Mcu_Ganv_Grayscale_Sensor.o (.text.Get_Digtal_For_User)
                  000031d6    00000002     --HOLE-- [fill = 0]
                  000031d8    0000000e     libclang_rt.builtins.a : aeabi_memset.S.obj (.text.__aeabi_memset)
                  000031e6    0000000e     libc.a : _printfi.c.obj (.text.strlen)
                  000031f4    0000000e            : memset16.S.obj (.text:TI_memset_small)
                  00003202    0000000c     ti_msp_dl_config.o (.text.SYSCFG_DL_SYSTICK_init)
                  0000320e    0000000a     driverlib.a : dl_common.o (.text.DL_Common_delayCycles)
                  00003218    0000000a     led.o (.text.LED_init)
                  00003222    0000000a     libc.a : sprintf.c.obj (.text._outc)
                  0000322c    00000008     ti_msp_dl_config.o (.text.SYSCFG_DL_DMA_init)
                  00003234    00000008     delay.o (.text.SysTick_Handler)
                  0000323c    00000008     libc.a : aeabi_portable.c.obj (.text.__aeabi_errno_addr)
                  00003244    00000008     libclang_rt.builtins.a : aeabi_memcpy.S.obj (.text.__aeabi_memcpy)
                  0000324c    00000006     libc.a : exit.c.obj (.text:abort)
                  00003252    00000004     startup_mspm0g350x_ticlang.o (.text.Default_Handler)
                  00003256    00000004     libsysbm.a : hostexit.c.obj (.text.HOSTexit)
                  0000325a    00000004     startup_mspm0g350x_ticlang.o (.text.Reset_Handler)
                  0000325e    00000002     --HOLE-- [fill = 0]
                  00003260    00000010     libc.a : boot_cortex_m.c.obj (.tramp._c_int00_noargs.1)
                  00003270    00000004            : pre_init.c.obj (.text._system_pre_init)
                  00003274    00000010     driverlib.a : dl_flashctl.o (.tramp.DL_FlashCTL_executeCommandFromRAM.1)
                  00003284    00000004     --HOLE-- [fill = 0]

.TI.ramfunc 
*          0    00003470    00000060     RUN ADDR = 202002b8
                  00003470    00000060     driverlib.a : dl_flashctl.o (.TI.ramfunc)

.cinit     0    000034d0    00000030     
                  000034d0    0000000c     (__TI_handler_table)
                  000034dc    00000008     (.cinit..bss.load) [load image, compression = zero_init]
                  000034e4    00000008     (.cinit..data.load) [load image, compression = lzss]
                  000034ec    00000010     (__TI_cinit_table)
                  000034fc    00000004     --HOLE-- [fill = 0]

.rodata    0    00003290    000001e0     
                  00003290    00000101     libc.a : aeabi_ctype.S.obj (.rodata:__aeabi_ctype_table_)
                  00003391    00000021     control.o (.rodata.str1.12973214505348267223.1)
                  000033b2    00000021     control.o (.rodata.str1.16084482527309772942.1)
                  000033d3    00000001     --HOLE-- [fill = 0]
                  000033d4    00000018     ti_msp_dl_config.o (.rodata.gDMA_CH0Config)
                  000033ec    00000014     ti_msp_dl_config.o (.rodata.gTIMER_EncoderTimerConfig)
                  00003400    00000012     main.o (.rodata.str1.15159059442110792349.1)
                  00003412    00000011     libc.a : _printfi.c.obj (.rodata.str1.10348868589481759720.1)
                  00003423    00000011            : _printfi.c.obj (.rodata.str1.15363888844622738466.1)
                  00003434    0000000a     ti_msp_dl_config.o (.rodata.gUART_0Config)
                  0000343e    0000000a     ti_msp_dl_config.o (.rodata.gUART_1Config)
                  00003448    00000008     ti_msp_dl_config.o (.rodata.gADC_VOLTAGEClockConfig)
                  00003450    00000008     ti_msp_dl_config.o (.rodata.gPWM_MOTORConfig)
                  00003458    00000004     led.o (.rodata.LED_PINS)
                  0000345c    00000003     ti_msp_dl_config.o (.rodata.gPWM_MOTORClockConfig)
                  0000345f    00000003     ti_msp_dl_config.o (.rodata.gTIMER_EncoderClockConfig)
                  00003462    00000002     ti_msp_dl_config.o (.rodata.gI2C_MPU6050ClockConfig)
                  00003464    00000002     ti_msp_dl_config.o (.rodata.gI2C_OLEDClockConfig)
                  00003466    00000002     ti_msp_dl_config.o (.rodata.gUART_0ClockConfig)
                  00003468    00000002     ti_msp_dl_config.o (.rodata.gUART_1ClockConfig)
                  0000346a    00000006     --HOLE-- [fill = 0]

.init_array 
*          0    00000000    00000000     UNINITIALIZED

.binit     0    00003500    00000010     
                  00003500    00000010     (.binit)

.bss       0    20200000    000002b1     UNINITIALIZED
                  20200000    000000bc     (.common:gPWM_MOTORBackup)
                  202000bc    000000bc     (.common:gTIMER_EncoderBackup)
                  20200178    000000b0     (.common:sensor)
                  20200228    00000050     (.common:ADC_VALUE)
                  20200278    00000030     (.common:gUART_0Backup)
                  202002a8    00000004     (.common:long_pressed_key_time)
                  202002ac    00000004     (.common:state)
                  202002b0    00000001     (.common:Digtal)

.data      0    20200318    0000004e     UNINITIALIZED
                  20200318    00000010     control.o (.data.Anolog)
                  20200328    00000010     control.o (.data.black)
                  20200338    00000010     control.o (.data.white)
                  20200348    0000000c     led.o (.data.keyBlinkCtrl)
                  20200354    00000004     key.o (.data.Key_Process.last_blink_time)
                  20200358    00000004     delay.o (.data.Tick)
                  2020035c    00000004     libc.a : aeabi_portable.c.obj (.data.__aeabi_errno)
                  20200360    00000004     key.o (.data.last_key_time)
                  20200364    00000001     key.o (.data.key_pressed)
                  20200365    00000001     key.o (.data.long_err_flag)

.stack     0    20207e00    00000200     UNINITIALIZED
                  20207e00    00000004     libc.a : boot_cortex_m.c.obj (.stack)
                  20207e04    000001fc     --HOLE--

__llvm_prf_cnts 
*          0    20200000    00000000     UNINITIALIZED

__llvm_prf_bits 
*          0    20200000    00000000     UNINITIALIZED

MODULE SUMMARY

       Module                           code    ro data   rw data
       ------                           ----    -------   -------
    .\
       ti_msp_dl_config.o               3336    94        424    
       main.o                           330     18        0      
       startup_mspm0g350x_ticlang.o     8       192       0      
    +--+--------------------------------+-------+---------+---------+
       Total:                           3674    304       424    
                                                                 
    .\Driver\
       No_Mcu_Ganv_Grayscale_Sensor.o   1152    0         0      
       key.o                            674     0         18     
       led.o                            434     4         12     
       flash.o                          328     0         0      
       adc.o                            136     0         80     
       uart.o                           150     0         0      
       delay.o                          64      0         4      
    +--+--------------------------------+-------+---------+---------+
       Total:                           2938    4         114    
                                                                 
    .\User\
       control.o                        360     66        225    
    +--+--------------------------------+-------+---------+---------+
       Total:                           360     66        225    
                                                                 
    D:/ti/mspm0_sdk_2_10_00_04/source/ti/driverlib/lib/ticlang/m0p/mspm0g1x0x_g3x0x/driverlib.a
       dl_timer.o                       608     0         0      
       dl_flashctl.o                    484     0         0      
       dl_uart.o                        90      0         0      
       dl_dma.o                         76      0         0      
       dl_adc12.o                       64      0         0      
       dl_i2c.o                         38      0         0      
       dl_common.o                      10      0         0      
    +--+--------------------------------+-------+---------+---------+
       Total:                           1370    0         0      
                                                                 
    D:\ti\ccs2051\ccs\tools\compiler\ti-cgt-armllvm_4.0.4.LTS\lib\armv6m-ti-none-eabi/c/libc.a
       _printfi.c.obj                   2166    34        0      
       aeabi_ctype.S.obj                0       257       0      
       copy_decompress_lzss.c.obj       124     0         0      
       sprintf.c.obj                    90      0         0      
       autoinit.c.obj                   76      0         0      
       cpy_tbl.c.obj                    76      0         0      
       atoi.c.obj                       64      0         0      
       boot_cortex_m.c.obj              56      0         0      
       memccpy.c.obj                    34      0         0      
       copy_zero_init.c.obj             22      0         0      
       copy_decompress_none.c.obj       18      0         0      
       memcpy16.S.obj                   18      0         0      
       wcslen.c.obj                     16      0         0      
       memset16.S.obj                   14      0         0      
       aeabi_portable.c.obj             8       0         4      
       exit.c.obj                       6       0         0      
       pre_init.c.obj                   4       0         0      
    +--+--------------------------------+-------+---------+---------+
       Total:                           2792    291       4      
                                                                 
    D:\ti\ccs2051\ccs\tools\compiler\ti-cgt-armllvm_4.0.4.LTS\lib\armv6m-ti-none-eabi/c/libsysbm.a
       hostexit.c.obj                   4       0         0      
    +--+--------------------------------+-------+---------+---------+
       Total:                           4       0         0      
                                                                 
    D:\ti\ccs2051\ccs\tools\compiler\ti-cgt-armllvm_4.0.4.LTS\lib\armv6m-ti-none-eabi/libclang_rt.builtins.a
       adddf3.S.obj                     402     0         0      
       divdf3.S.obj                     268     0         0      
       muldf3.S.obj                     228     0         0      
       comparedf2.c.obj                 220     0         0      
       udivmoddi4.S.obj                 162     0         0      
       aeabi_dcmp.S.obj                 98      0         0      
       fixdfsi.S.obj                    74      0         0      
       aeabi_uidivmod.S.obj             64      0         0      
       muldsi3.S.obj                    58      0         0      
       floatsidf.S.obj                  44      0         0      
       floatunsidf.S.obj                36      0         0      
       muldi3.S.obj                     36      0         0      
       ashldi3.S.obj                    30      0         0      
       aeabi_uldivmod.S.obj             20      0         0      
       aeabi_memset.S.obj               14      0         0      
       aeabi_memcpy.S.obj               8       0         0      
       aeabi_div0.c.obj                 4       0         0      
    +--+--------------------------------+-------+---------+---------+
       Total:                           1766    0         0      
                                                                 
       Stack:                           0       0         512    
       Linker Generated:                0       60        0      
    +--+--------------------------------+-------+---------+---------+
       Grand Total:                     12904   725       1279   


LINKER GENERATED COPY TABLES

__TI_cinit_table @ 000034ec records: 2, size/record: 8, table size: 16
	.bss: load addr=000034dc, load size=00000008 bytes, run addr=20200000, run size=000002b1 bytes, compression=zero_init
	.data: load addr=000034e4, load size=00000008 bytes, run addr=20200318, run size=0000004e bytes, compression=lzss
binit @ 00003500 records: 1, size/record: 12, table size: 16
	.TI.ramfunc: load addr=00003470, load size=00000060, run addr=202002b8, run size=00000060, compression=none


LINKER GENERATED HANDLER TABLE

__TI_handler_table @ 000034d0 records: 3, size/record: 4, table size: 12
	index: 0, handler: __TI_decompress_lzss
	index: 1, handler: __TI_decompress_none
	index: 2, handler: __TI_zero_init


FAR CALL TRAMPOLINES

callee name               trampoline name
   callee addr  tramp addr   call addr  call info
--------------  -----------  ---------  ----------------
_c_int00_noargs           $Tramp$TT$L$PI$$_c_int00_noargs
   00002a59     00003260     0000325a   startup_mspm0g350x_ticlang.o (.text.Reset_Handler)
DL_FlashCTL_executeCommandFromRAM  $Tramp$TT$L$PI$$DL_FlashCTL_executeCommandFromRAM
   202002b9     00003274     00002b0c   driverlib.a : dl_flashctl.o (.text.DL_FlashCTL_programMemoryFromRAM64)
                             00002dc2               : dl_flashctl.o (.text.DL_FlashCTL_eraseMemoryFromRAM)

[2 trampolines]
[3 trampoline calls]


GLOBAL SYMBOLS: SORTED ALPHABETICALLY BY Name 

address   name                                
-------   ----                                
00003253  ADC0_IRQHandler                     
00003253  ADC1_IRQHandler                     
20200228  ADC_VALUE                           
00003253  AES_IRQHandler                      
20200318  Anolog                              
00003256  C$$EXIT                             
00003253  CANFD0_IRQHandler                   
00001425  Control                             
00003253  DAC0_IRQHandler                     
000024a1  DL_ADC12_setClockConfig             
0000320f  DL_Common_delayCycles               
000021b9  DL_DMA_initChannel                  
00002db5  DL_FlashCTL_eraseMemoryFromRAM      
00002af5  DL_FlashCTL_programMemoryFromRAM64  
000014fd  DL_FlashCTL_unprotectSector         
00002acd  DL_I2C_setClockConfig               
00001141  DL_Timer_initFourCCPWMMode          
00001245  DL_Timer_initTimerMode              
00002d19  DL_Timer_setCaptCompUpdateMethod    
00002f65  DL_Timer_setCaptureCompareOutCtl    
00003199  DL_Timer_setCaptureCompareValue     
00002d35  DL_Timer_setClockConfig             
000023cd  DL_UART_init                        
00003153  DL_UART_setClockConfig              
00003253  DMA_IRQHandler                      
00003253  Default_Handler                     
202002b0  Digtal                              
00003253  GROUP0_IRQHandler                   
00001e25  GROUP1_IRQHandler                   
000015d5  Get_Analog_value                    
000025dd  Get_Anolog_Value                    
000031c9  Get_Digtal_For_User                 
00003257  HOSTexit                            
00003253  HardFault_Handler                   
00003253  I2C0_IRQHandler                     
00003253  I2C1_IRQHandler                     
00000929  Key_Process                         
00003105  LED_KEY_Blink_SetInterval           
00002fc5  LED_KEY_Blink_Start                 
00003119  LED_KEY_Blink_Stop                  
00002619  LED_KEY_Blink_Update                
00003219  LED_init                            
00002705  LED_off                             
00001b69  LED_setAll                          
00002739  LED_toggle                          
00003253  NMI_Handler                         
00000ead  No_MCU_Ganv_Sensor_Init             
00001cd9  No_MCU_Ganv_Sensor_Init_Frist       
0000245d  No_Mcu_Ganv_Sensor_Task_Without_tick
00003253  PendSV_Handler                      
00003253  RTC_IRQHandler                      
0000325b  Reset_Handler                       
00003253  SPI0_IRQHandler                     
00003253  SPI1_IRQHandler                     
00003253  SVC_Handler                         
00001d4d  SYSCFG_DL_ADC_VOLTAGE_init          
00002a09  SYSCFG_DL_DMA_CH0_init              
0000322d  SYSCFG_DL_DMA_init                  
00000b5d  SYSCFG_DL_GPIO_init                 
00001fbd  SYSCFG_DL_I2C_MPU6050_init          
00002015  SYSCFG_DL_I2C_OLED_init             
00001941  SYSCFG_DL_PWM_MOTOR_init            
000027d5  SYSCFG_DL_SYSCTL_init               
00003203  SYSCFG_DL_SYSTICK_init              
00002891  SYSCFG_DL_TIMER_Encoder_init        
00002415  SYSCFG_DL_UART_0_init               
000024e1  SYSCFG_DL_UART_1_init               
000020c5  SYSCFG_DL_init                      
00001741  SYSCFG_DL_initPower                 
00003235  SysTick_Handler                     
00003253  TIMA0_IRQHandler                    
00003253  TIMA1_IRQHandler                    
00003253  TIMG0_IRQHandler                    
00003253  TIMG12_IRQHandler                   
00003253  TIMG6_IRQHandler                    
00003253  TIMG7_IRQHandler                    
00003253  TIMG8_IRQHandler                    
00003165  TI_memcpy_small                     
000031f5  TI_memset_small                     
20200358  Tick                                
000031a9  Tick_SysTickCallback                
00002a31  Tick_delay                          
00003253  UART0_IRQHandler                    
00003253  UART1_IRQHandler                    
00003253  UART2_IRQHandler                    
00003253  UART3_IRQHandler                    
20208000  __STACK_END                         
00000200  __STACK_SIZE                        
00000000  __TI_ATRegion0_region_sz            
00000000  __TI_ATRegion0_src_addr             
00000000  __TI_ATRegion0_trg_addr             
00000000  __TI_ATRegion1_region_sz            
00000000  __TI_ATRegion1_src_addr             
00000000  __TI_ATRegion1_trg_addr             
00000000  __TI_ATRegion2_region_sz            
00000000  __TI_ATRegion2_src_addr             
00000000  __TI_ATRegion2_trg_addr             
000034ec  __TI_CINIT_Base                     
000034fc  __TI_CINIT_Limit                    
000034fc  __TI_CINIT_Warm                     
000034d0  __TI_Handler_Table_Base             
000034dc  __TI_Handler_Table_Limit            
000022e9  __TI_auto_init_nopinit              
00001be9  __TI_decompress_lzss                
00003177  __TI_decompress_none                
ffffffff  __TI_pprof_out_hndl                 
000000c1  __TI_printfi_nofloat                
ffffffff  __TI_prof_data_size                 
ffffffff  __TI_prof_data_start                
00000000  __TI_static_base__                  
00003500  __TI_table_binit                    
00003063  __TI_zero_init_nomemset             
00000d23  __adddf3                            
00003290  __aeabi_ctype_table_                
00003290  __aeabi_ctype_table_C               
00002381  __aeabi_d2iz                        
00000d23  __aeabi_dadd                        
00001f59  __aeabi_dcmpeq                      
00001f95  __aeabi_dcmpge                      
00001fa9  __aeabi_dcmpgt                      
00001f81  __aeabi_dcmple                      
00001f6d  __aeabi_dcmplt                      
00001035  __aeabi_ddiv                        
00001341  __aeabi_dmul                        
00000d19  __aeabi_dsub                        
2020035c  __aeabi_errno                       
0000323d  __aeabi_errno_addr                  
000028e9  __aeabi_i2d                         
00000eab  __aeabi_idiv0                       
0000189b  __aeabi_ldiv0                       
00002bc5  __aeabi_llsl                        
00002b3d  __aeabi_lmul                        
00003245  __aeabi_memcpy                      
00003245  __aeabi_memcpy4                     
00003245  __aeabi_memcpy8                     
000031d9  __aeabi_memset                      
000031d9  __aeabi_memset4                     
000031d9  __aeabi_memset8                     
00002b19  __aeabi_ui2d                        
00002521  __aeabi_uidiv                       
00002521  __aeabi_uidivmod                    
0000312d  __aeabi_uldivmod                    
00002bc5  __ashldi3                           
00003500  __binit__                           
00001e8d  __cmpdf2                            
00001035  __divdf3                            
00001e8d  __eqdf2                             
00002381  __fixdfsi                           
000028e9  __floatsidf                         
00002b19  __floatunsidf                       
00001c65  __gedf2                             
00001c65  __gtdf2                             
00001e8d  __ledf2                             
00001e8d  __ltdf2                             
UNDEFED   __mpu_init                          
00001341  __muldf3                            
00002b3d  __muldi3                            
00002691  __muldsi3                           
00001e8d  __nedf2                             
20207e00  __stack                             
20200000  __start___llvm_prf_bits             
20200000  __start___llvm_prf_cnts             
20200000  __stop___llvm_prf_bits              
20200000  __stop___llvm_prf_cnts              
00000d19  __subdf3                            
0000189d  __udivmoddi4                        
00002a59  _c_int00_noargs                     
UNDEFED   _system_post_cinit                  
00003271  _system_pre_init                    
0000324d  abort                               
00001a5d  adc_getValue                        
0000206d  adjust_white_black                  
00002561  atoi                                
00003500  binit                               
20200328  black                               
00001db9  convertAnalogToDigital              
0000229d  copy_in                             
20200000  gPWM_MOTORBackup                    
202000bc  gTIMER_EncoderBackup                
20200278  gUART_0Backup                       
00000000  interruptVectors                    
20200364  key_pressed                         
20200360  last_key_time                       
20200365  long_err_flag                       
202002a8  long_pressed_key_time               
000019d1  main                                
00002b61  memccpy                             
000017f1  normalizeAnalogValues               
0000276d  readBlackFromFlash                  
000027a1  readWhiteFromFlash                  
20200178  sensor                              
000026cd  sprintf                             
202002ac  state                               
00002915  uart0_send_char                     
00002655  uart0_send_string                   
000031b9  wcslen                              
20200338  white                               
0000168d  writeToFlash                        


GLOBAL SYMBOLS: SORTED BY Symbol Address 

address   name                                
-------   ----                                
00000000  __TI_ATRegion0_region_sz            
00000000  __TI_ATRegion0_src_addr             
00000000  __TI_ATRegion0_trg_addr             
00000000  __TI_ATRegion1_region_sz            
00000000  __TI_ATRegion1_src_addr             
00000000  __TI_ATRegion1_trg_addr             
00000000  __TI_ATRegion2_region_sz            
00000000  __TI_ATRegion2_src_addr             
00000000  __TI_ATRegion2_trg_addr             
00000000  __TI_static_base__                  
00000000  interruptVectors                    
000000c1  __TI_printfi_nofloat                
00000200  __STACK_SIZE                        
00000929  Key_Process                         
00000b5d  SYSCFG_DL_GPIO_init                 
00000d19  __aeabi_dsub                        
00000d19  __subdf3                            
00000d23  __adddf3                            
00000d23  __aeabi_dadd                        
00000eab  __aeabi_idiv0                       
00000ead  No_MCU_Ganv_Sensor_Init             
00001035  __aeabi_ddiv                        
00001035  __divdf3                            
00001141  DL_Timer_initFourCCPWMMode          
00001245  DL_Timer_initTimerMode              
00001341  __aeabi_dmul                        
00001341  __muldf3                            
00001425  Control                             
000014fd  DL_FlashCTL_unprotectSector         
000015d5  Get_Analog_value                    
0000168d  writeToFlash                        
00001741  SYSCFG_DL_initPower                 
000017f1  normalizeAnalogValues               
0000189b  __aeabi_ldiv0                       
0000189d  __udivmoddi4                        
00001941  SYSCFG_DL_PWM_MOTOR_init            
000019d1  main                                
00001a5d  adc_getValue                        
00001b69  LED_setAll                          
00001be9  __TI_decompress_lzss                
00001c65  __gedf2                             
00001c65  __gtdf2                             
00001cd9  No_MCU_Ganv_Sensor_Init_Frist       
00001d4d  SYSCFG_DL_ADC_VOLTAGE_init          
00001db9  convertAnalogToDigital              
00001e25  GROUP1_IRQHandler                   
00001e8d  __cmpdf2                            
00001e8d  __eqdf2                             
00001e8d  __ledf2                             
00001e8d  __ltdf2                             
00001e8d  __nedf2                             
00001f59  __aeabi_dcmpeq                      
00001f6d  __aeabi_dcmplt                      
00001f81  __aeabi_dcmple                      
00001f95  __aeabi_dcmpge                      
00001fa9  __aeabi_dcmpgt                      
00001fbd  SYSCFG_DL_I2C_MPU6050_init          
00002015  SYSCFG_DL_I2C_OLED_init             
0000206d  adjust_white_black                  
000020c5  SYSCFG_DL_init                      
000021b9  DL_DMA_initChannel                  
0000229d  copy_in                             
000022e9  __TI_auto_init_nopinit              
00002381  __aeabi_d2iz                        
00002381  __fixdfsi                           
000023cd  DL_UART_init                        
00002415  SYSCFG_DL_UART_0_init               
0000245d  No_Mcu_Ganv_Sensor_Task_Without_tick
000024a1  DL_ADC12_setClockConfig             
000024e1  SYSCFG_DL_UART_1_init               
00002521  __aeabi_uidiv                       
00002521  __aeabi_uidivmod                    
00002561  atoi                                
000025dd  Get_Anolog_Value                    
00002619  LED_KEY_Blink_Update                
00002655  uart0_send_string                   
00002691  __muldsi3                           
000026cd  sprintf                             
00002705  LED_off                             
00002739  LED_toggle                          
0000276d  readBlackFromFlash                  
000027a1  readWhiteFromFlash                  
000027d5  SYSCFG_DL_SYSCTL_init               
00002891  SYSCFG_DL_TIMER_Encoder_init        
000028e9  __aeabi_i2d                         
000028e9  __floatsidf                         
00002915  uart0_send_char                     
00002a09  SYSCFG_DL_DMA_CH0_init              
00002a31  Tick_delay                          
00002a59  _c_int00_noargs                     
00002acd  DL_I2C_setClockConfig               
00002af5  DL_FlashCTL_programMemoryFromRAM64  
00002b19  __aeabi_ui2d                        
00002b19  __floatunsidf                       
00002b3d  __aeabi_lmul                        
00002b3d  __muldi3                            
00002b61  memccpy                             
00002bc5  __aeabi_llsl                        
00002bc5  __ashldi3                           
00002d19  DL_Timer_setCaptCompUpdateMethod    
00002d35  DL_Timer_setClockConfig             
00002db5  DL_FlashCTL_eraseMemoryFromRAM      
00002f65  DL_Timer_setCaptureCompareOutCtl    
00002fc5  LED_KEY_Blink_Start                 
00003063  __TI_zero_init_nomemset             
00003105  LED_KEY_Blink_SetInterval           
00003119  LED_KEY_Blink_Stop                  
0000312d  __aeabi_uldivmod                    
00003153  DL_UART_setClockConfig              
00003165  TI_memcpy_small                     
00003177  __TI_decompress_none                
00003199  DL_Timer_setCaptureCompareValue     
000031a9  Tick_SysTickCallback                
000031b9  wcslen                              
000031c9  Get_Digtal_For_User                 
000031d9  __aeabi_memset                      
000031d9  __aeabi_memset4                     
000031d9  __aeabi_memset8                     
000031f5  TI_memset_small                     
00003203  SYSCFG_DL_SYSTICK_init              
0000320f  DL_Common_delayCycles               
00003219  LED_init                            
0000322d  SYSCFG_DL_DMA_init                  
00003235  SysTick_Handler                     
0000323d  __aeabi_errno_addr                  
00003245  __aeabi_memcpy                      
00003245  __aeabi_memcpy4                     
00003245  __aeabi_memcpy8                     
0000324d  abort                               
00003253  ADC0_IRQHandler                     
00003253  ADC1_IRQHandler                     
00003253  AES_IRQHandler                      
00003253  CANFD0_IRQHandler                   
00003253  DAC0_IRQHandler                     
00003253  DMA_IRQHandler                      
00003253  Default_Handler                     
00003253  GROUP0_IRQHandler                   
00003253  HardFault_Handler                   
00003253  I2C0_IRQHandler                     
00003253  I2C1_IRQHandler                     
00003253  NMI_Handler                         
00003253  PendSV_Handler                      
00003253  RTC_IRQHandler                      
00003253  SPI0_IRQHandler                     
00003253  SPI1_IRQHandler                     
00003253  SVC_Handler                         
00003253  TIMA0_IRQHandler                    
00003253  TIMA1_IRQHandler                    
00003253  TIMG0_IRQHandler                    
00003253  TIMG12_IRQHandler                   
00003253  TIMG6_IRQHandler                    
00003253  TIMG7_IRQHandler                    
00003253  TIMG8_IRQHandler                    
00003253  UART0_IRQHandler                    
00003253  UART1_IRQHandler                    
00003253  UART2_IRQHandler                    
00003253  UART3_IRQHandler                    
00003256  C$$EXIT                             
00003257  HOSTexit                            
0000325b  Reset_Handler                       
00003271  _system_pre_init                    
00003290  __aeabi_ctype_table_                
00003290  __aeabi_ctype_table_C               
000034d0  __TI_Handler_Table_Base             
000034dc  __TI_Handler_Table_Limit            
000034ec  __TI_CINIT_Base                     
000034fc  __TI_CINIT_Limit                    
000034fc  __TI_CINIT_Warm                     
00003500  __TI_table_binit                    
00003500  __binit__                           
00003500  binit                               
20200000  __start___llvm_prf_bits             
20200000  __start___llvm_prf_cnts             
20200000  __stop___llvm_prf_bits              
20200000  __stop___llvm_prf_cnts              
20200000  gPWM_MOTORBackup                    
202000bc  gTIMER_EncoderBackup                
20200178  sensor                              
20200228  ADC_VALUE                           
20200278  gUART_0Backup                       
202002a8  long_pressed_key_time               
202002ac  state                               
202002b0  Digtal                              
20200318  Anolog                              
20200328  black                               
20200338  white                               
20200358  Tick                                
2020035c  __aeabi_errno                       
20200360  last_key_time                       
20200364  key_pressed                         
20200365  long_err_flag                       
20207e00  __stack                             
20208000  __STACK_END                         
ffffffff  __TI_pprof_out_hndl                 
ffffffff  __TI_prof_data_size                 
ffffffff  __TI_prof_data_start                
UNDEFED   __mpu_init                          
UNDEFED   _system_post_cinit                  

[198 symbols]
