******************************************************************************
            TI ARM Clang Linker PC v4.0.4                      
******************************************************************************
>> Linked Wed Jul 22 17:28:45 2026

OUTPUT FILE NAME:   <diansai2024.out>
ENTRY POINT SYMBOL: "_c_int00_noargs"  address: 000051e9


MEMORY CONFIGURATION

         name            origin    length      used     unused   attr    fill
----------------------  --------  ---------  --------  --------  ----  --------
  FLASH                 00000000   00020000  00006a10  000195f0  R  X
  SRAM                  20200000   00008000  000007a5  0000785b  RW X
  BCR_CONFIG            41c00000   000000ff  00000000  000000ff  R   
  BSL_CONFIG            41c00100   00000080  00000000  00000080  R   


SEGMENT ALLOCATION MAP

run origin  load origin   length   init length attrs members
----------  ----------- ---------- ----------- ----- -------
00000000    00000000    00006958   00006958    r-x
  00000000    00000000    000000c0   000000c0    r-- .intvecs
  000000c0    000000c0    00005bd0   00005bd0    r-x .text
  00005c90    00005c90    00000cc8   00000cc8    r-- .rodata
000069b8    000069b8    00000058   00000058    r--
  000069b8    000069b8    00000048   00000048    r-- .cinit
  00006a00    00006a00    00000010   00000010    r-- .binit
20200000    20200000    00000548   00000000    rw-
  20200000    20200000    0000049d   00000000    rw- .bss
  202004a0    202004a0    000000a8   00000000    rw- .data
20200548    00006958    00000060   00000060    r-x
  20200548    00006958    00000060   00000060    r-x .TI.ramfunc
20207e00    20207e00    00000200   00000000    rw-
  20207e00    20207e00    00000200   00000000    rw- .stack


SECTION ALLOCATION MAP

 output                                  attributes/
section   page    origin      length       input sections
--------  ----  ----------  ----------   ----------------
.intvecs   0    00000000    000000c0     
                  00000000    000000c0     startup_mspm0g350x_ticlang.o (.intvecs)

.text      0    000000c0    00005bd0     
                  000000c0    00000278     inv_mpu_dmp_motion_driver.o (.text.dmp_enable_feature)
                  00000338    00000238     inv_mpu_dmp_motion_driver.o (.text.dmp_set_tap_thresh)
                  00000570    00000234     key.o (.text.Key_Process)
                  000007a4    00000230     trace.o (.text.Control)
                  000009d4    0000022c     inv_mpu.o (.text.mpu_reset_fifo)
                  00000c00    000001c8     ti_msp_dl_config.o (.text.SYSCFG_DL_GPIO_init)
                  00000dc8    000001b4     pid.o (.text.PID_Calc)
                  00000f7c    000001a0     inv_mpu.o (.text.mpu_set_bypass)
                  0000111c    00000192     libclang_rt.builtins.a : adddf3.S.obj (.text.adddf3_subdf3)
                  000012ae    00000002                            : aeabi_div0.c.obj (.text.__aeabi_idiv0)
                  000012b0    00000188     No_Mcu_Ganv_Grayscale_Sensor.o (.text.No_MCU_Ganv_Sensor_Init)
                  00001438    00000178     inv_mpu_dmp_motion_driver.o (.text.dmp_set_orientation)
                  000015b0    00000144     mpu6050.o (.text.MPU6050_Init)
                  000016f4    00000134     mspm0_i2c.o (.text.mspm0_i2c_read)
                  00001828    00000130     inv_mpu.o (.text.mpu_set_sensors)
                  00001958    00000128     inv_mpu.o (.text.mpu_init)
                  00001a80    00000124     inv_mpu.o (.text.mpu_load_firmware)
                  00001ba4    0000010c     libclang_rt.builtins.a : divdf3.S.obj (.text.__divdf3)
                  00001cb0    00000108     trace.o (.text.Trace_init)
                  00001db8    00000104     driverlib.a : dl_timer.o (.text.DL_Timer_initFourCCPWMMode)
                  00001ebc    00000100     inv_mpu.o (.text.mpu_lp_accel_mode)
                  00001fbc    000000fc     driverlib.a : dl_timer.o (.text.DL_Timer_initTimerMode)
                  000020b8    000000ec     inv_mpu.o (.text.mpu_set_sample_rate)
                  000021a4    000000e4     libclang_rt.builtins.a : muldf3.S.obj (.text.__muldf3)
                  00002288    000000e4     inv_mpu.o (.text.mpu_set_accel_fsr)
                  0000236c    000000d8     driverlib.a : dl_flashctl.o (.text.DL_FlashCTL_unprotectSector)
                  00002444    000000d8     libclang_rt.builtins.a : addsf3.S.obj (.text)
                  0000251c    000000d4     inv_mpu.o (.text.set_int_enable)
                  000025f0    000000d0     inv_mpu.o (.text.mpu_set_lpf)
                  000026c0    000000cc     motor.o (.text.Motor_Speed_Get)
                  0000278c    000000c4     trace.o (.text.GROUP1_IRQHandler)
                  00002850    000000c4     inv_mpu.o (.text.mpu_set_gyro_fsr)
                  00002914    000000c4     mspm0_i2c.o (.text.mspm0_i2c_write)
                  000029d8    000000c0     trace.o (.text.Motor_Ctrl)
                  00002a98    000000bc     inv_mpu.o (.text.mpu_configure_fifo)
                  00002b54    000000b8     No_Mcu_Ganv_Grayscale_Sensor.o (.text.Get_Analog_value)
                  00002c0c    000000b8     inv_mpu.o (.text.mpu_set_dmp_state)
                  00002cc4    000000b4     flash.o (.text.writeToFlash)
                  00002d78    000000b0     ti_msp_dl_config.o (.text.SYSCFG_DL_initPower)
                  00002e28    000000ac     inv_mpu.o (.text.mpu_read_mem)
                  00002ed4    000000ac     inv_mpu.o (.text.mpu_write_mem)
                  00002f80    000000aa     No_Mcu_Ganv_Grayscale_Sensor.o (.text.normalizeAnalogValues)
                  0000302a    00000002     --HOLE-- [fill = 0]
                  0000302c    000000a0     motor.o (.text.Motor_Encoder_Update)
                  000030cc    0000009c     inv_mpu.o (.text.mpu_set_int_latched)
                  00003168    00000098     inv_mpu_dmp_motion_driver.o (.text.dmp_set_fifo_rate)
                  00003200    00000098     main.o (.text.main)
                  00003298    00000096     mpu6050.o (.text.inv_row_2_scale)
                  0000332e    00000002     --HOLE-- [fill = 0]
                  00003330    00000090     trace.o (.text.Calculate_Position_Error)
                  000033c0    00000090     motor.o (.text.Motor_Driver)
                  00003450    00000090     motor.o (.text.Motor_Init)
                  000034e0    00000090     ti_msp_dl_config.o (.text.SYSCFG_DL_PWM_MOTOR_init)
                  00003570    0000008c     libclang_rt.builtins.a : mulsf3.S.obj (.text.__mulsf3)
                  000035fc    00000088     encoder.o (.text.Encoder_HandleGPIOA)
                  00003684    00000088     adc.o (.text.adc_getValue)
                  0000370c    00000084     clock.o (.text.__NVIC_SetPriority)
                  00003790    00000084     ti_msp_dl_config.o (.text.__NVIC_SetPriority)
                  00003814    00000082     libclang_rt.builtins.a : divsf3.S.obj (.text.__divsf3)
                  00003896    00000002     --HOLE-- [fill = 0]
                  00003898    00000080     led.o (.text.LED_setAll)
                  00003918    0000007c     libc.a : copy_decompress_lzss.c.obj (.text:decompress:lzss)
                  00003994    00000074     libclang_rt.builtins.a : comparedf2.c.obj (.text.__gedf2)
                  00003a08    00000008     ti_msp_dl_config.o (.text.SYSCFG_DL_DMA_init)
                  00003a10    00000074     libclang_rt.builtins.a : truncdfsf2.S.obj (.text.__truncdfsf2)
                  00003a84    00000074     inv_mpu.o (.text.mpu_get_accel_fsr)
                  00003af8    00000072     No_Mcu_Ganv_Grayscale_Sensor.o (.text.No_MCU_Ganv_Sensor_Init_Frist)
                  00003b6a    00000002     --HOLE-- [fill = 0]
                  00003b6c    0000006c     ti_msp_dl_config.o (.text.SYSCFG_DL_ADC_VOLTAGE_init)
                  00003bd8    0000006c     No_Mcu_Ganv_Grayscale_Sensor.o (.text.convertAnalogToDigital)
                  00003c44    00000068     libclang_rt.builtins.a : comparedf2.c.obj (.text.__ledf2)
                  00003cac    00000066     inv_mpu_dmp_motion_driver.o (.text.dmp_set_tap_axes)
                  00003d12    00000002     --HOLE-- [fill = 0]
                  00003d14    00000064     ti_msp_dl_config.o (.text.DL_ADC12_initSingleSample)
                  00003d78    00000064     encoder.o (.text.Encoder_Init)
                  00003ddc    00000062     libclang_rt.builtins.a : aeabi_dcmp.S.obj (.text.__aeabi_dcmp)
                  00003e3e    00000002     --HOLE-- [fill = 0]
                  00003e40    00000062                            : aeabi_fcmp.S.obj (.text.__aeabi_fcmp)
                  00003ea2    00000002     --HOLE-- [fill = 0]
                  00003ea4    00000060     inv_mpu_dmp_motion_driver.o (.text.dmp_enable_gyro_cal)
                  00003f04    00000060     mspm0_i2c.o (.text.mpu6050_i2c_sda_unlock)
                  00003f64    00000060     inv_mpu.o (.text.mpu_get_gyro_fsr)
                  00003fc4    0000005e     driverlib.a : dl_i2c.o (.text.DL_I2C_fillControllerTXFIFO)
                  00004022    00000002     --HOLE-- [fill = 0]
                  00004024    0000005c     mspm0_i2c.o (.text.mspm0_i2c_enable)
                  00004080    00000058     ti_msp_dl_config.o (.text.SYSCFG_DL_I2C_MPU6050_init)
                  000040d8    00000058     ti_msp_dl_config.o (.text.SYSCFG_DL_I2C_OLED_init)
                  00004130    00000058     key.o (.text.adjust_white_black)
                  00004188    00000056     libclang_rt.builtins.a : aeabi_idivmod.S.obj (.text.__aeabi_idivmod)
                  000041de    00000002     --HOLE-- [fill = 0]
                  000041e0    00000054     ti_msp_dl_config.o (.text.SYSCFG_DL_init)
                  00004234    00000050     mspm0_i2c.o (.text.DL_GPIO_initPeripheralInputFunctionFeatures)
                  00004284    00000050     ti_msp_dl_config.o (.text.DL_GPIO_initPeripheralInputFunctionFeatures)
                  000042d4    00000050     mspm0_i2c.o (.text.DL_I2C_startControllerTransfer)
                  00004324    00000050     pid.o (.text.PID_Init)
                  00004374    00000050     clock.o (.text.SysTick_Config)
                  000043c4    00000050     ti_msp_dl_config.o (.text.SysTick_Config)
                  00004414    0000004c     driverlib.a : dl_dma.o (.text.DL_DMA_initChannel)
                  00004460    0000004c     mspm0_i2c.o (.text.DL_GPIO_initDigitalInputFeatures)
                  000044ac    0000004c     ti_msp_dl_config.o (.text.DL_GPIO_initDigitalInputFeatures)
                  000044f8    0000004c     ti_msp_dl_config.o (.text.DL_UART_setBaudRateDivisor)
                  00004544    0000004c     libc.a : cpy_tbl.c.obj (.text.copy_in)
                  00004590    0000004c            : autoinit.c.obj (.text:__TI_auto_init_nopinit)
                  000045dc    0000004a     ti_msp_dl_config.o (.text.DL_ADC12_configConversionMem)
                  00004626    00000002     --HOLE-- [fill = 0]
                  00004628    0000004a     libclang_rt.builtins.a : fixdfsi.S.obj (.text.__fixdfsi)
                  00004672    00000002     --HOLE-- [fill = 0]
                  00004674    00000048     driverlib.a : dl_uart.o (.text.DL_UART_init)
                  000046bc    00000048     ti_msp_dl_config.o (.text.SYSCFG_DL_UART_0_init)
                  00004704    00000048     inv_mpu_dmp_motion_driver.o (.text.dmp_enable_6x_lp_quat)
                  0000474c    00000048     inv_mpu_dmp_motion_driver.o (.text.dmp_enable_lp_quat)
                  00004794    00000048     mspm0_i2c.o (.text.mspm0_i2c_disable)
                  000047dc    00000044     pid.o (.text.LimitMax)
                  00004820    00000044     inv_mpu_dmp_motion_driver.o (.text.dmp_set_shake_reject_thresh)
                  00004864    00000044     inv_mpu_dmp_motion_driver.o (.text.dmp_set_tap_count)
                  000048a8    00000042     No_Mcu_Ganv_Grayscale_Sensor.o (.text.No_Mcu_Ganv_Sensor_Task_Without_tick)
                  000048ea    00000002     --HOLE-- [fill = 0]
                  000048ec    00000040     driverlib.a : dl_adc12.o (.text.DL_ADC12_setClockConfig)
                  0000492c    00000040     ti_msp_dl_config.o (.text.SYSCFG_DL_UART_1_init)
                  0000496c    00000040     libclang_rt.builtins.a : aeabi_uidivmod.S.obj (.text.__aeabi_uidivmod)
                  000049ac    00000040                            : extendsfdf2.S.obj (.text.__extendsfdf2)
                  000049ec    0000003e     mpu6050.o (.text.inv_orientation_matrix_to_scalar)
                  00004a2a    00000002     --HOLE-- [fill = 0]
                  00004a2c    0000003c     driverlib.a : dl_i2c.o (.text.DL_I2C_flushControllerTXFIFO)
                  00004a68    0000003c     ti_msp_dl_config.o (.text.DL_Timer_setCounterControl)
                  00004aa4    0000003c     No_Mcu_Ganv_Grayscale_Sensor.o (.text.Get_Anolog_Value)
                  00004ae0    0000003c     led.o (.text.LED_KEY_Blink_Update)
                  00004b1c    0000003c     libclang_rt.builtins.a : floatsisf.S.obj (.text.__floatsisf)
                  00004b58    0000003c                            : comparesf2.S.obj (.text.__gtsf2)
                  00004b94    0000003c     clock.o (.text.mspm0_delay_ms)
                  00004bd0    0000003c     uart.o (.text.uart0_send_string)
                  00004c0c    0000003a     libclang_rt.builtins.a : comparesf2.S.obj (.text.__eqsf2)
                  00004c46    00000002     --HOLE-- [fill = 0]
                  00004c48    0000003a                            : muldsi3.S.obj (.text.__muldsi3)
                  00004c82    00000038     motor.o (.text.Motor_Pid_Init)
                  00004cba    00000002     --HOLE-- [fill = 0]
                  00004cbc    00000038     libclang_rt.builtins.a : fixsfsi.S.obj (.text.__fixsfsi)
                  00004cf4    00000034     led.o (.text.LED_off)
                  00004d28    00000034     led.o (.text.LED_toggle)
                  00004d5c    00000034     inv_mpu.o (.text.mpu_get_sample_rate)
                  00004d90    00000034     flash.o (.text.readBlackFromFlash)
                  00004dc4    00000034     flash.o (.text.readWhiteFromFlash)
                  00004df8    00000032     ti_msp_dl_config.o (.text.SYSCFG_DL_SYSCTL_init)
                  00004e2a    00000032     inv_mpu_dmp_motion_driver.o (.text.dmp_set_shake_reject_time)
                  00004e5c    00000032     inv_mpu_dmp_motion_driver.o (.text.dmp_set_shake_reject_timeout)
                  00004e8e    00000002     --HOLE-- [fill = 0]
                  00004e90    00000030     ti_msp_dl_config.o (.text.DL_DMA_setTransferSize)
                  00004ec0    00000030     inv_mpu_dmp_motion_driver.o (.text.dmp_set_tap_time)
                  00004ef0    00000030     inv_mpu_dmp_motion_driver.o (.text.dmp_set_tap_time_multi)
                  00004f20    0000002c     ti_msp_dl_config.o (.text.DL_ADC12_setDMASamplesCnt)
                  00004f4c    0000002c     flash.o (.text.DL_FlashCTL_waitForCmdDone)
                  00004f78    0000002c     encoder.o (.text.Encoder_HandleGPIOB)
                  00004fa4    0000002c     ti_msp_dl_config.o (.text.SYSCFG_DL_TIMER_Encoder_init)
                  00004fd0    0000002c     main.o (.text.__NVIC_EnableIRQ)
                  00004ffc    0000002c     libclang_rt.builtins.a : floatsidf.S.obj (.text.__floatsidf)
                  00005028    0000002c     clock.o (.text.mspm0_get_clock_ms)
                  00005054    0000002c     uart.o (.text.uart0_send_char)
                  00005080    00000028     mspm0_i2c.o (.text.DL_Common_updateReg)
                  000050a8    00000028     ti_msp_dl_config.o (.text.DL_Common_updateReg)
                  000050d0    00000028     main.o (.text.DL_DMA_setDestAddr)
                  000050f8    00000028     main.o (.text.DL_DMA_setSrcAddr)
                  00005120    00000028     ti_msp_dl_config.o (.text.DL_I2C_setControllerRXFIFOThreshold)
                  00005148    00000028     ti_msp_dl_config.o (.text.DL_I2C_setControllerTXFIFOThreshold)
                  00005170    00000028     ti_msp_dl_config.o (.text.SYSCFG_DL_DMA_CH0_init)
                  00005198    00000028     delay.o (.text.Tick_delay)
                  000051c0    00000028     libclang_rt.builtins.a : floatunsisf.S.obj (.text.__floatunsisf)
                  000051e8    00000028     libc.a : boot_cortex_m.c.obj (.text:_c_int00_noargs)
                  00005210    00000026     main.o (.text.DL_DMA_enableChannel)
                  00005236    00000026     ti_msp_dl_config.o (.text.DL_I2C_setAnalogGlitchFilterPulseWidth)
                  0000525c    00000026     driverlib.a : dl_i2c.o (.text.DL_I2C_setClockConfig)
                  00005282    00000002     --HOLE-- [fill = 0]
                  00005284    00000024                 : dl_flashctl.o (.text.DL_FlashCTL_programMemoryFromRAM64)
                  000052a8    00000024     libclang_rt.builtins.a : floatunsidf.S.obj (.text.__floatunsidf)
                  000052cc    00000020     ti_msp_dl_config.o (.text.DL_GPIO_initPeripheralInputFunction)
                  000052ec    00000020     encoder.o (.text.Encoder_GetDelta)
                  0000530c    00000020     libc.a : memcmp.c.obj (.text.memcmp)
                  0000532c    0000001e     ti_msp_dl_config.o (.text.DL_UART_setOversampling)
                  0000534a    0000001e     motor.o (.text.Motor_Calc)
                  00005368    0000001e     delay.o (.text.delay_us)
                  00005386    00000002     --HOLE-- [fill = 0]
                  00005388    0000001c     ti_msp_dl_config.o (.text.DL_ADC12_enableDMA)
                  000053a4    0000001c     ti_msp_dl_config.o (.text.DL_ADC12_enableDMATrigger)
                  000053c0    0000001c     main.o (.text.DL_ADC12_startConversion)
                  000053dc    0000001c     encoder.o (.text.DL_GPIO_clearInterruptStatus)
                  000053f8    0000001c     ti_msp_dl_config.o (.text.DL_GPIO_clearInterruptStatus)
                  00005414    0000001c     trace.o (.text.DL_GPIO_clearInterruptStatus)
                  00005430    0000001c     encoder.o (.text.DL_GPIO_disableInterrupt)
                  0000544c    0000001c     mspm0_i2c.o (.text.DL_GPIO_enableHiZ)
                  00005468    0000001c     ti_msp_dl_config.o (.text.DL_GPIO_enableHiZ)
                  00005484    0000001c     encoder.o (.text.DL_GPIO_enableInterrupt)
                  000054a0    0000001c     ti_msp_dl_config.o (.text.DL_GPIO_enableInterrupt)
                  000054bc    0000001c     ti_msp_dl_config.o (.text.DL_GPIO_initPeripheralOutputFunction)
                  000054d8    0000001c     ti_msp_dl_config.o (.text.DL_GPIO_setLowerPinsPolarity)
                  000054f4    0000001c     mpu6050.o (.text.DL_I2C_getSDAStatus)
                  00005510    0000001c     mspm0_i2c.o (.text.DL_I2C_isControllerRXFIFOEmpty)
                  0000552c    0000001c     ti_msp_dl_config.o (.text.DL_SYSCTL_setMCLKDivider)
                  00005548    0000001c     ti_msp_dl_config.o (.text.DL_SYSCTL_setSYSOSCFreq)
                  00005564    0000001c     ti_msp_dl_config.o (.text.DL_SYSCTL_setULPCLKDivider)
                  00005580    0000001c     driverlib.a : dl_timer.o (.text.DL_Timer_setCaptCompUpdateMethod)
                  0000559c    0000001c                 : dl_timer.o (.text.DL_Timer_setClockConfig)
                  000055b8    0000001c     ti_msp_dl_config.o (.text.DL_UART_enableInterrupt)
                  000055d4    0000001c     inv_mpu_dmp_motion_driver.o (.text.dmp_load_motion_driver_firmware)
                  000055f0    00000018     ti_msp_dl_config.o (.text.DL_ADC12_enablePower)
                  00005608    00000018     ti_msp_dl_config.o (.text.DL_ADC12_reset)
                  00005620    00000018     ti_msp_dl_config.o (.text.DL_ADC12_setSampleTime0)
                  00005638    00000018     driverlib.a : dl_flashctl.o (.text.DL_FlashCTL_eraseMemoryFromRAM)
                  00005650    00000018     mspm0_i2c.o (.text.DL_GPIO_enableOutput)
                  00005668    00000018     ti_msp_dl_config.o (.text.DL_GPIO_enableOutput)
                  00005680    00000018     ti_msp_dl_config.o (.text.DL_GPIO_enablePower)
                  00005698    00000018     mspm0_i2c.o (.text.DL_GPIO_initDigitalOutput)
                  000056b0    00000018     ti_msp_dl_config.o (.text.DL_GPIO_initDigitalOutput)
                  000056c8    00000018     ti_msp_dl_config.o (.text.DL_GPIO_reset)
                  000056e0    00000018     No_Mcu_Ganv_Grayscale_Sensor.o (.text.DL_GPIO_setPins)
                  000056f8    00000018     led.o (.text.DL_GPIO_setPins)
                  00005710    00000018     motor.o (.text.DL_GPIO_setPins)
                  00005728    00000018     mspm0_i2c.o (.text.DL_GPIO_setPins)
                  00005740    00000018     trace.o (.text.DL_GPIO_setPins)
                  00005758    00000018     ti_msp_dl_config.o (.text.DL_GPIO_setUpperPinsPolarity)
                  00005770    00000018     led.o (.text.DL_GPIO_togglePins)
                  00005788    00000018     mspm0_i2c.o (.text.DL_I2C_clearInterruptStatus)
                  000057a0    00000018     ti_msp_dl_config.o (.text.DL_I2C_enableAnalogGlitchFilter)
                  000057b8    00000018     ti_msp_dl_config.o (.text.DL_I2C_enableController)
                  000057d0    00000018     ti_msp_dl_config.o (.text.DL_I2C_enableControllerClockStretching)
                  000057e8    00000018     mspm0_i2c.o (.text.DL_I2C_enablePower)
                  00005800    00000018     ti_msp_dl_config.o (.text.DL_I2C_enablePower)
                  00005818    00000018     mspm0_i2c.o (.text.DL_I2C_getRawInterruptStatus)
                  00005830    00000018     mspm0_i2c.o (.text.DL_I2C_reset)
                  00005848    00000018     ti_msp_dl_config.o (.text.DL_I2C_reset)
                  00005860    00000018     ti_msp_dl_config.o (.text.DL_I2C_setTimerPeriod)
                  00005878    00000018     ti_msp_dl_config.o (.text.DL_SYSCTL_setBORThreshold)
                  00005890    00000018     ti_msp_dl_config.o (.text.DL_Timer_enablePower)
                  000058a8    00000018     ti_msp_dl_config.o (.text.DL_Timer_reset)
                  000058c0    00000018     driverlib.a : dl_timer.o (.text.DL_Timer_setCaptureCompareOutCtl)
                  000058d8    00000018     motor.o (.text.DL_Timer_startCounter)
                  000058f0    00000018     ti_msp_dl_config.o (.text.DL_UART_enablePower)
                  00005908    00000018     uart.o (.text.DL_UART_isBusy)
                  00005920    00000018     ti_msp_dl_config.o (.text.DL_UART_reset)
                  00005938    00000018     led.o (.text.LED_KEY_Blink_Start)
                  00005950    00000016     ti_msp_dl_config.o (.text.DL_ADC12_enableConversions)
                  00005966    00000016     encoder.o (.text.DL_GPIO_readPins)
                  0000597c    00000016     key.o (.text.DL_GPIO_readPins)
                  00005992    00000016     mspm0_i2c.o (.text.DL_GPIO_readPins)
                  000059a8    00000016     trace.o (.text.DL_GPIO_readPins)
                  000059be    00000016     mspm0_i2c.o (.text.DL_I2C_transmitControllerData)
                  000059d4    00000016     ti_msp_dl_config.o (.text.DL_UART_enable)
                  000059ea    00000016     uart.o (.text.DL_UART_transmitData)
                  00005a00    00000014     No_Mcu_Ganv_Grayscale_Sensor.o (.text.DL_GPIO_clearPins)
                  00005a14    00000014     led.o (.text.DL_GPIO_clearPins)
                  00005a28    00000014     motor.o (.text.DL_GPIO_clearPins)
                  00005a3c    00000014     mspm0_i2c.o (.text.DL_GPIO_clearPins)
                  00005a50    00000014     ti_msp_dl_config.o (.text.DL_GPIO_clearPins)
                  00005a64    00000014     mspm0_i2c.o (.text.DL_I2C_getControllerStatus)
                  00005a78    00000014     mspm0_i2c.o (.text.DL_I2C_receiveControllerData)
                  00005a8c    00000014     ti_msp_dl_config.o (.text.DL_I2C_resetControllerTransfer)
                  00005aa0    00000014     ti_msp_dl_config.o (.text.DL_SYSCTL_disableSYSPLL)
                  00005ab4    00000014     ti_msp_dl_config.o (.text.DL_Timer_enableClock)
                  00005ac8    00000014     ti_msp_dl_config.o (.text.DL_Timer_setCCPDirection)
                  00005adc    00000014     led.o (.text.LED_KEY_Blink_SetInterval)
                  00005af0    00000014     led.o (.text.LED_KEY_Blink_Stop)
                  00005b04    00000014     delay.o (.text.SysTick_Handler)
                  00005b18    00000014     clock.o (.text.SysTick_Init)
                  00005b2c    00000014     inv_mpu_dmp_motion_driver.o (.text.dmp_register_android_orient_cb)
                  00005b40    00000014     inv_mpu_dmp_motion_driver.o (.text.dmp_register_tap_cb)
                  00005b54    00000012     trace.o (.text.DL_GPIO_getPendingInterrupt)
                  00005b66    00000012     driverlib.a : dl_uart.o (.text.DL_UART_setClockConfig)
                  00005b78    00000012     libc.a : memcpy16.S.obj (.text:TI_memcpy_small)
                  00005b8a    00000012            : copy_decompress_none.c.obj (.text:decompress:none)
                  00005b9c    00000010     ti_msp_dl_config.o (.text.DL_SYSCTL_disableHFXT)
                  00005bac    00000010     motor.o (.text.DL_Timer_getTimerCount)
                  00005bbc    00000010     driverlib.a : dl_timer.o (.text.DL_Timer_setCaptureCompareValue)
                  00005bcc    00000010     delay.o (.text.Tick_SysTickCallback)
                  00005bdc    00000010     libc.a : copy_zero_init.c.obj (.text:decompress:ZI)
                  00005bec    0000000e     No_Mcu_Ganv_Grayscale_Sensor.o (.text.Get_Digtal_For_User)
                  00005bfa    0000000e     mpu6050.o (.text.tap_cb)
                  00005c08    0000000e     libc.a : memset16.S.obj (.text:TI_memset_small)
                  00005c16    0000000c     ti_msp_dl_config.o (.text.SYSCFG_DL_SYSTICK_init)
                  00005c22    00000002     --HOLE-- [fill = 0]
                  00005c24    0000000c     libclang_rt.builtins.a : aeabi_memset.S.obj (.text.__aeabi_memclr)
                  00005c30    0000000a     driverlib.a : dl_common.o (.text.DL_Common_delayCycles)
                  00005c3a    0000000a     led.o (.text.LED_init)
                  00005c44    0000000a     mpu6050.o (.text.android_orient_cb)
                  00005c4e    00000002     --HOLE-- [fill = 0]
                  00005c50    00000008     libclang_rt.builtins.a : aeabi_memcpy.S.obj (.text.__aeabi_memcpy)
                  00005c58    00000006     libc.a : exit.c.obj (.text:abort)
                  00005c5e    00000004     startup_mspm0g350x_ticlang.o (.text.Default_Handler)
                  00005c62    00000004     libsysbm.a : hostexit.c.obj (.text.HOSTexit)
                  00005c66    00000004     startup_mspm0g350x_ticlang.o (.text.Reset_Handler)
                  00005c6a    00000002     --HOLE-- [fill = 0]
                  00005c6c    00000010     libc.a : boot_cortex_m.c.obj (.tramp._c_int00_noargs.1)
                  00005c7c    00000004            : pre_init.c.obj (.text._system_pre_init)
                  00005c80    00000010     driverlib.a : dl_flashctl.o (.tramp.DL_FlashCTL_executeCommandFromRAM.1)

.TI.ramfunc 
*          0    00006958    00000060     RUN ADDR = 20200548
                  00006958    00000060     driverlib.a : dl_flashctl.o (.TI.ramfunc)

.cinit     0    000069b8    00000048     
                  000069b8    00000020     (.cinit..data.load) [load image, compression = lzss]
                  000069d8    0000000c     (__TI_handler_table)
                  000069e4    00000008     (.cinit..bss.load) [load image, compression = zero_init]
                  000069ec    00000010     (__TI_cinit_table)
                  000069fc    00000004     --HOLE-- [fill = 0]

.rodata    0    00005c90    00000cc8     
                  00005c90    00000bf6     inv_mpu_dmp_motion_driver.o (.rodata.dmp_memory)
                  00006886    00000002     ti_msp_dl_config.o (.rodata.gI2C_MPU6050ClockConfig)
                  00006888    00000028     inv_mpu.o (.rodata.test)
                  000068b0    0000001e     inv_mpu.o (.rodata.reg)
                  000068ce    00000002     ti_msp_dl_config.o (.rodata.gI2C_OLEDClockConfig)
                  000068d0    00000018     ti_msp_dl_config.o (.rodata.gDMA_CH0Config)
                  000068e8    00000014     ti_msp_dl_config.o (.rodata.gTIMER_EncoderTimerConfig)
                  000068fc    00000012     main.o (.rodata.str1.15159059442110792349.1)
                  0000690e    0000000c     inv_mpu.o (.rodata.hw)
                  0000691a    0000000a     ti_msp_dl_config.o (.rodata.gUART_0Config)
                  00006924    0000000a     ti_msp_dl_config.o (.rodata.gUART_1Config)
                  0000692e    00000002     ti_msp_dl_config.o (.rodata.gUART_0ClockConfig)
                  00006930    00000008     ti_msp_dl_config.o (.rodata.gADC_VOLTAGEClockConfig)
                  00006938    00000008     ti_msp_dl_config.o (.rodata.gPWM_MOTORConfig)
                  00006940    00000004     led.o (.rodata.LED_PINS)
                  00006944    00000004     trace.o (.rodata.str1.1565272039071364118.1)
                  00006948    00000003     ti_msp_dl_config.o (.rodata.gPWM_MOTORClockConfig)
                  0000694b    00000003     ti_msp_dl_config.o (.rodata.gTIMER_EncoderClockConfig)
                  0000694e    00000003     trace.o (.rodata.str1.14144399129217559082.1)
                  00006951    00000003     trace.o (.rodata.str1.3042740987211059966.1)
                  00006954    00000002     ti_msp_dl_config.o (.rodata.gUART_1ClockConfig)
                  00006956    00000002     --HOLE-- [fill = 0]

.init_array 
*          0    00000000    00000000     UNINITIALIZED

.binit     0    00006a00    00000010     
                  00006a00    00000010     (.binit)

.bss       0    20200000    0000049d     UNINITIALIZED
                  20200000    000000bc     (.common:gPWM_MOTORBackup)
                  202000bc    000000bc     (.common:gTIMER_EncoderBackup)
                  20200178    000000b0     (.common:sensor)
                  20200228    000000ac     (.common:motor_l)
                  202002d4    000000ac     (.common:motor_r)
                  20200380    00000050     (.common:ADC_VALUE)
                  202003d0    00000048     (.common:tracking_pid)
                  20200418    00000030     (.common:gUART_0Backup)
                  20200448    00000024     (.common:encL)
                  2020046c    00000024     (.common:encR)
                  20200490    00000004     (.common:long_pressed_key_time)
                  20200494    00000004     (.common:state)
                  20200498    00000004     (.common:tick_ms)
                  2020049c    00000001     (.common:Digtal)

.data      0    202004a0    000000a8     UNINITIALIZED
                  202004a0    0000002c     inv_mpu.o (.data.st)
                  202004cc    00000010     trace.o (.data.Anolog)
                  202004dc    00000010     trace.o (.data.black)
                  202004ec    00000010     inv_mpu_dmp_motion_driver.o (.data.dmp)
                  202004fc    00000010     trace.o (.data.white)
                  2020050c    0000000e     mpu6050.o (.data.hal)
                  2020051a    00000001     interrupt.o (.data.enable_group1_irq)
                  2020051b    00000001     key.o (.data.key_pressed)
                  2020051c    0000000c     led.o (.data.keyBlinkCtrl)
                  20200528    00000009     mpu6050.o (.data.gyro_orientation)
                  20200531    00000001     key.o (.data.long_err_flag)
                  20200532    00000002     --HOLE--
                  20200534    00000004     trace.o (.data.Control.last_loop_tick)
                  20200538    00000004     key.o (.data.Key_Process.last_blink_time)
                  2020053c    00000004     delay.o (.data.Tick)
                  20200540    00000004     trace.o (.data.base_target_speed)
                  20200544    00000004     key.o (.data.last_key_time)

.stack     0    20207e00    00000200     UNINITIALIZED
                  20207e00    00000004     libc.a : boot_cortex_m.c.obj (.stack)
                  20207e04    000001fc     --HOLE--

__llvm_prf_cnts 
*          0    20200000    00000000     UNINITIALIZED

__llvm_prf_bits 
*          0    20200000    00000000     UNINITIALIZED

MODULE SUMMARY

       Module                           code    ro data   rw data
       ------                           ----    -------   -------
    .\
       ti_msp_dl_config.o               3348    94        424    
       main.o                           342     18        0      
       startup_mspm0g350x_ticlang.o     8       192       0      
    +--+--------------------------------+-------+---------+---------+
       Total:                           3698    304       424    
                                                                 
    .\Driver\
       No_Mcu_Ganv_Grayscale_Sensor.o   1152    0         0      
       key.o                            674     0         18     
       encoder.o                        418     0         72     
       led.o                            434     4         12     
       flash.o                          328     0         0      
       adc.o                            136     0         80     
       uart.o                           150     0         0      
       delay.o                          106     0         4      
    +--+--------------------------------+-------+---------+---------+
       Total:                           3398    4         186    
                                                                 
    .\Drivers\MPU6050\
       inv_mpu_dmp_motion_driver.o      2470    3062      16     
       inv_mpu.o                        4336    82        44     
       mspm0_i2c.o                      1368    0         0      
       mpu6050.o                        588     0         23     
    +--+--------------------------------+-------+---------+---------+
       Total:                           8762    3144      83     
                                                                 
    .\Drivers\MSPM0\
       clock.o                          336     0         4      
       interrupt.o                      0       0         1      
    +--+--------------------------------+-------+---------+---------+
       Total:                           336     0         5      
                                                                 
    .\Motor\
       motor.o                          822     0         0      
    +--+--------------------------------+-------+---------+---------+
       Total:                           822     0         0      
                                                                 
    .\User\PID\
       pid.o                            584     0         0      
    +--+--------------------------------+-------+---------+---------+
       Total:                           584     0         0      
                                                                 
    .\User\trace\
       trace.o                          1448    10        649    
    +--+--------------------------------+-------+---------+---------+
       Total:                           1448    10        649    
                                                                 
    D:/ti/mspm0_sdk_2_10_00_04/source/ti/driverlib/lib/ticlang/m0p/mspm0g1x0x_g3x0x/driverlib.a
       dl_timer.o                       608     0         0      
       dl_flashctl.o                    484     0         0      
       dl_i2c.o                         192     0         0      
       dl_uart.o                        90      0         0      
       dl_dma.o                         76      0         0      
       dl_adc12.o                       64      0         0      
       dl_common.o                      10      0         0      
    +--+--------------------------------+-------+---------+---------+
       Total:                           1524    0         0      
                                                                 
    D:\ti\ccs2051\ccs\tools\compiler\ti-cgt-armllvm_4.0.4.LTS\lib\armv6m-ti-none-eabi/c/libc.a
       copy_decompress_lzss.c.obj       124     0         0      
       autoinit.c.obj                   76      0         0      
       cpy_tbl.c.obj                    76      0         0      
       boot_cortex_m.c.obj              56      0         0      
       memcmp.c.obj                     32      0         0      
       copy_decompress_none.c.obj       18      0         0      
       memcpy16.S.obj                   18      0         0      
       copy_zero_init.c.obj             16      0         0      
       memset16.S.obj                   14      0         0      
       exit.c.obj                       6       0         0      
       pre_init.c.obj                   4       0         0      
    +--+--------------------------------+-------+---------+---------+
       Total:                           440     0         0      
                                                                 
    D:\ti\ccs2051\ccs\tools\compiler\ti-cgt-armllvm_4.0.4.LTS\lib\armv6m-ti-none-eabi/c/libsysbm.a
       hostexit.c.obj                   4       0         0      
    +--+--------------------------------+-------+---------+---------+
       Total:                           4       0         0      
                                                                 
    D:\ti\ccs2051\ccs\tools\compiler\ti-cgt-armllvm_4.0.4.LTS\lib\armv6m-ti-none-eabi/libclang_rt.builtins.a
       adddf3.S.obj                     402     0         0      
       divdf3.S.obj                     268     0         0      
       muldf3.S.obj                     228     0         0      
       comparedf2.c.obj                 220     0         0      
       addsf3.S.obj                     216     0         0      
       mulsf3.S.obj                     140     0         0      
       divsf3.S.obj                     130     0         0      
       comparesf2.S.obj                 118     0         0      
       truncdfsf2.S.obj                 116     0         0      
       aeabi_dcmp.S.obj                 98      0         0      
       aeabi_fcmp.S.obj                 98      0         0      
       aeabi_idivmod.S.obj              86      0         0      
       fixdfsi.S.obj                    74      0         0      
       aeabi_uidivmod.S.obj             64      0         0      
       extendsfdf2.S.obj                64      0         0      
       floatsisf.S.obj                  60      0         0      
       muldsi3.S.obj                    58      0         0      
       fixsfsi.S.obj                    56      0         0      
       floatsidf.S.obj                  44      0         0      
       floatunsisf.S.obj                40      0         0      
       floatunsidf.S.obj                36      0         0      
       aeabi_memset.S.obj               12      0         0      
       aeabi_memcpy.S.obj               8       0         0      
       aeabi_div0.c.obj                 2       0         0      
    +--+--------------------------------+-------+---------+---------+
       Total:                           2638    0         0      
                                                                 
       Stack:                           0       0         512    
       Linker Generated:                0       84        0      
    +--+--------------------------------+-------+---------+---------+
       Grand Total:                     23654   3546      1859   


LINKER GENERATED COPY TABLES

__TI_cinit_table @ 000069ec records: 2, size/record: 8, table size: 16
	.data: load addr=000069b8, load size=00000020 bytes, run addr=202004a0, run size=000000a8 bytes, compression=lzss
	.bss: load addr=000069e4, load size=00000008 bytes, run addr=20200000, run size=0000049d bytes, compression=zero_init
binit @ 00006a00 records: 1, size/record: 12, table size: 16
	.TI.ramfunc: load addr=00006958, load size=00000060, run addr=20200548, run size=00000060, compression=none


LINKER GENERATED HANDLER TABLE

__TI_handler_table @ 000069d8 records: 3, size/record: 4, table size: 12
	index: 0, handler: __TI_decompress_lzss
	index: 1, handler: __TI_decompress_none
	index: 2, handler: __TI_zero_init


FAR CALL TRAMPOLINES

callee name               trampoline name
   callee addr  tramp addr   call addr  call info
--------------  -----------  ---------  ----------------
_c_int00_noargs           $Tramp$TT$L$PI$$_c_int00_noargs
   000051e9     00005c6c     00005c66   startup_mspm0g350x_ticlang.o (.text.Reset_Handler)
DL_FlashCTL_executeCommandFromRAM  $Tramp$TT$L$PI$$DL_FlashCTL_executeCommandFromRAM
   20200549     00005c80     0000529c   driverlib.a : dl_flashctl.o (.text.DL_FlashCTL_programMemoryFromRAM64)
                             00005646               : dl_flashctl.o (.text.DL_FlashCTL_eraseMemoryFromRAM)

[2 trampolines]
[3 trampoline calls]


GLOBAL SYMBOLS: SORTED ALPHABETICALLY BY Name 

address   name                                
-------   ----                                
00005c5f  ADC0_IRQHandler                     
00005c5f  ADC1_IRQHandler                     
20200380  ADC_VALUE                           
00005c5f  AES_IRQHandler                      
202004cc  Anolog                              
00005c62  C$$EXIT                             
00005c5f  CANFD0_IRQHandler                   
00003331  Calculate_Position_Error            
000007a5  Control                             
00005c5f  DAC0_IRQHandler                     
000048ed  DL_ADC12_setClockConfig             
00005c31  DL_Common_delayCycles               
00004415  DL_DMA_initChannel                  
00005639  DL_FlashCTL_eraseMemoryFromRAM      
00005285  DL_FlashCTL_programMemoryFromRAM64  
0000236d  DL_FlashCTL_unprotectSector         
00003fc5  DL_I2C_fillControllerTXFIFO         
00004a2d  DL_I2C_flushControllerTXFIFO        
0000525d  DL_I2C_setClockConfig               
00001db9  DL_Timer_initFourCCPWMMode          
00001fbd  DL_Timer_initTimerMode              
00005581  DL_Timer_setCaptCompUpdateMethod    
000058c1  DL_Timer_setCaptureCompareOutCtl    
00005bbd  DL_Timer_setCaptureCompareValue     
0000559d  DL_Timer_setClockConfig             
00004675  DL_UART_init                        
00005b67  DL_UART_setClockConfig              
00005c5f  DMA_IRQHandler                      
00005c5f  Default_Handler                     
2020049c  Digtal                              
000052ed  Encoder_GetDelta                    
000035fd  Encoder_HandleGPIOA                 
00004f79  Encoder_HandleGPIOB                 
00003d79  Encoder_Init                        
00005c5f  GROUP0_IRQHandler                   
0000278d  GROUP1_IRQHandler                   
00002b55  Get_Analog_value                    
00004aa5  Get_Anolog_Value                    
00005bed  Get_Digtal_For_User                 
00005c63  HOSTexit                            
00005c5f  HardFault_Handler                   
00005c5f  I2C0_IRQHandler                     
00005c5f  I2C1_IRQHandler                     
00000571  Key_Process                         
00005add  LED_KEY_Blink_SetInterval           
00005939  LED_KEY_Blink_Start                 
00005af1  LED_KEY_Blink_Stop                  
00004ae1  LED_KEY_Blink_Update                
00005c3b  LED_init                            
00004cf5  LED_off                             
00003899  LED_setAll                          
00004d29  LED_toggle                          
000015b1  MPU6050_Init                        
000029d9  Motor_Ctrl                          
00003451  Motor_Init                          
00005c5f  NMI_Handler                         
000012b1  No_MCU_Ganv_Sensor_Init             
00003af9  No_MCU_Ganv_Sensor_Init_Frist       
000048a9  No_Mcu_Ganv_Sensor_Task_Without_tick
00000dc9  PID_Calc                            
00004325  PID_Init                            
00005c5f  PendSV_Handler                      
00005c5f  RTC_IRQHandler                      
00005c67  Reset_Handler                       
00005c5f  SPI0_IRQHandler                     
00005c5f  SPI1_IRQHandler                     
00005c5f  SVC_Handler                         
00003b6d  SYSCFG_DL_ADC_VOLTAGE_init          
00005171  SYSCFG_DL_DMA_CH0_init              
00003a09  SYSCFG_DL_DMA_init                  
00000c01  SYSCFG_DL_GPIO_init                 
00004081  SYSCFG_DL_I2C_MPU6050_init          
000040d9  SYSCFG_DL_I2C_OLED_init             
000034e1  SYSCFG_DL_PWM_MOTOR_init            
00004df9  SYSCFG_DL_SYSCTL_init               
00005c17  SYSCFG_DL_SYSTICK_init              
00004fa5  SYSCFG_DL_TIMER_Encoder_init        
000046bd  SYSCFG_DL_UART_0_init               
0000492d  SYSCFG_DL_UART_1_init               
000041e1  SYSCFG_DL_init                      
00002d79  SYSCFG_DL_initPower                 
00005b05  SysTick_Handler                     
00005b19  SysTick_Init                        
00005c5f  TIMA0_IRQHandler                    
00005c5f  TIMA1_IRQHandler                    
00005c5f  TIMG0_IRQHandler                    
00005c5f  TIMG12_IRQHandler                   
00005c5f  TIMG6_IRQHandler                    
00005c5f  TIMG7_IRQHandler                    
00005c5f  TIMG8_IRQHandler                    
00005b79  TI_memcpy_small                     
00005c09  TI_memset_small                     
2020053c  Tick                                
00005bcd  Tick_SysTickCallback                
00005199  Tick_delay                          
00001cb1  Trace_init                          
00005c5f  UART0_IRQHandler                    
00005c5f  UART1_IRQHandler                    
00005c5f  UART2_IRQHandler                    
00005c5f  UART3_IRQHandler                    
20208000  __STACK_END                         
00000200  __STACK_SIZE                        
00000000  __TI_ATRegion0_region_sz            
00000000  __TI_ATRegion0_src_addr             
00000000  __TI_ATRegion0_trg_addr             
00000000  __TI_ATRegion1_region_sz            
00000000  __TI_ATRegion1_src_addr             
00000000  __TI_ATRegion1_trg_addr             
00000000  __TI_ATRegion2_region_sz            
00000000  __TI_ATRegion2_src_addr             
00000000  __TI_ATRegion2_trg_addr             
000069ec  __TI_CINIT_Base                     
000069fc  __TI_CINIT_Limit                    
000069fc  __TI_CINIT_Warm                     
000069d8  __TI_Handler_Table_Base             
000069e4  __TI_Handler_Table_Limit            
00004591  __TI_auto_init_nopinit              
00003919  __TI_decompress_lzss                
00005b8b  __TI_decompress_none                
ffffffff  __TI_pprof_out_hndl                 
ffffffff  __TI_prof_data_size                 
ffffffff  __TI_prof_data_start                
00000000  __TI_static_base__                  
00006a00  __TI_table_binit                    
00005bdd  __TI_zero_init                      
00001127  __adddf3                            
0000244f  __addsf3                            
00003a11  __aeabi_d2f                         
00004629  __aeabi_d2iz                        
00001127  __aeabi_dadd                        
00003ddd  __aeabi_dcmpeq                      
00003e19  __aeabi_dcmpge                      
00003e2d  __aeabi_dcmpgt                      
00003e05  __aeabi_dcmple                      
00003df1  __aeabi_dcmplt                      
00001ba5  __aeabi_ddiv                        
000021a5  __aeabi_dmul                        
0000111d  __aeabi_dsub                        
000049ad  __aeabi_f2d                         
00004cbd  __aeabi_f2iz                        
0000244f  __aeabi_fadd                        
00003e41  __aeabi_fcmpeq                      
00003e7d  __aeabi_fcmpge                      
00003e91  __aeabi_fcmpgt                      
00003e69  __aeabi_fcmple                      
00003e55  __aeabi_fcmplt                      
00003815  __aeabi_fdiv                        
00003571  __aeabi_fmul                        
00002445  __aeabi_fsub                        
00004ffd  __aeabi_i2d                         
00004b1d  __aeabi_i2f                         
00004189  __aeabi_idiv                        
000012af  __aeabi_idiv0                       
00004189  __aeabi_idivmod                     
00005c25  __aeabi_memclr                      
00005c25  __aeabi_memclr4                     
00005c25  __aeabi_memclr8                     
00005c51  __aeabi_memcpy                      
00005c51  __aeabi_memcpy4                     
00005c51  __aeabi_memcpy8                     
000052a9  __aeabi_ui2d                        
000051c1  __aeabi_ui2f                        
0000496d  __aeabi_uidiv                       
0000496d  __aeabi_uidivmod                    
00006a00  __binit__                           
00003c45  __cmpdf2                            
00004c0d  __cmpsf2                            
00001ba5  __divdf3                            
00003815  __divsf3                            
00003c45  __eqdf2                             
00004c0d  __eqsf2                             
000049ad  __extendsfdf2                       
00004629  __fixdfsi                           
00004cbd  __fixsfsi                           
00004ffd  __floatsidf                         
00004b1d  __floatsisf                         
000052a9  __floatunsidf                       
000051c1  __floatunsisf                       
00003995  __gedf2                             
00004b59  __gesf2                             
00003995  __gtdf2                             
00004b59  __gtsf2                             
00003c45  __ledf2                             
00004c0d  __lesf2                             
00003c45  __ltdf2                             
00004c0d  __ltsf2                             
UNDEFED   __mpu_init                          
000021a5  __muldf3                            
00004c49  __muldsi3                           
00003571  __mulsf3                            
00003c45  __nedf2                             
00004c0d  __nesf2                             
20207e00  __stack                             
20200000  __start___llvm_prf_bits             
20200000  __start___llvm_prf_cnts             
20200000  __stop___llvm_prf_bits              
20200000  __stop___llvm_prf_cnts              
0000111d  __subdf3                            
00002445  __subsf3                            
00003a11  __truncdfsf2                        
000051e9  _c_int00_noargs                     
UNDEFED   _system_post_cinit                  
00005c7d  _system_pre_init                    
00005c59  abort                               
00003685  adc_getValue                        
00004131  adjust_white_black                  
20200540  base_target_speed                   
00006a00  binit                               
202004dc  black                               
00003bd9  convertAnalogToDigital              
00004545  copy_in                             
00005369  delay_us                            
00004705  dmp_enable_6x_lp_quat               
000000c1  dmp_enable_feature                  
00003ea5  dmp_enable_gyro_cal                 
0000474d  dmp_enable_lp_quat                  
000055d5  dmp_load_motion_driver_firmware     
00005b2d  dmp_register_android_orient_cb      
00005b41  dmp_register_tap_cb                 
00003169  dmp_set_fifo_rate                   
00001439  dmp_set_orientation                 
00004821  dmp_set_shake_reject_thresh         
00004e2b  dmp_set_shake_reject_time           
00004e5d  dmp_set_shake_reject_timeout        
00003cad  dmp_set_tap_axes                    
00004865  dmp_set_tap_count                   
00000339  dmp_set_tap_thresh                  
00004ec1  dmp_set_tap_time                    
00004ef1  dmp_set_tap_time_multi              
2020051a  enable_group1_irq                   
20200448  encL                                
2020046c  encR                                
20200000  gPWM_MOTORBackup                    
202000bc  gTIMER_EncoderBackup                
20200418  gUART_0Backup                       
0000690e  hw                                  
00000000  interruptVectors                    
2020051b  key_pressed                         
20200544  last_key_time                       
20200531  long_err_flag                       
20200490  long_pressed_key_time               
00003201  main                                
0000530d  memcmp                              
20200228  motor_l                             
202002d4  motor_r                             
00003f05  mpu6050_i2c_sda_unlock              
00002a99  mpu_configure_fifo                  
00003a85  mpu_get_accel_fsr                   
00003f65  mpu_get_gyro_fsr                    
00004d5d  mpu_get_sample_rate                 
00001959  mpu_init                            
00001a81  mpu_load_firmware                   
00001ebd  mpu_lp_accel_mode                   
00002e29  mpu_read_mem                        
000009d5  mpu_reset_fifo                      
00002289  mpu_set_accel_fsr                   
00000f7d  mpu_set_bypass                      
00002c0d  mpu_set_dmp_state                   
00002851  mpu_set_gyro_fsr                    
000030cd  mpu_set_int_latched                 
000025f1  mpu_set_lpf                         
000020b9  mpu_set_sample_rate                 
00001829  mpu_set_sensors                     
00002ed5  mpu_write_mem                       
00004b95  mspm0_delay_ms                      
00005029  mspm0_get_clock_ms                  
000016f5  mspm0_i2c_read                      
00002915  mspm0_i2c_write                     
00002f81  normalizeAnalogValues               
00004d91  readBlackFromFlash                  
00004dc5  readWhiteFromFlash                  
000068b0  reg                                 
20200178  sensor                              
20200494  state                               
00006888  test                                
20200498  tick_ms                             
202003d0  tracking_pid                        
00005055  uart0_send_char                     
00004bd1  uart0_send_string                   
202004fc  white                               
00002cc5  writeToFlash                        


GLOBAL SYMBOLS: SORTED BY Symbol Address 

address   name                                
-------   ----                                
00000000  __TI_ATRegion0_region_sz            
00000000  __TI_ATRegion0_src_addr             
00000000  __TI_ATRegion0_trg_addr             
00000000  __TI_ATRegion1_region_sz            
00000000  __TI_ATRegion1_src_addr             
00000000  __TI_ATRegion1_trg_addr             
00000000  __TI_ATRegion2_region_sz            
00000000  __TI_ATRegion2_src_addr             
00000000  __TI_ATRegion2_trg_addr             
00000000  __TI_static_base__                  
00000000  interruptVectors                    
000000c1  dmp_enable_feature                  
00000200  __STACK_SIZE                        
00000339  dmp_set_tap_thresh                  
00000571  Key_Process                         
000007a5  Control                             
000009d5  mpu_reset_fifo                      
00000c01  SYSCFG_DL_GPIO_init                 
00000dc9  PID_Calc                            
00000f7d  mpu_set_bypass                      
0000111d  __aeabi_dsub                        
0000111d  __subdf3                            
00001127  __adddf3                            
00001127  __aeabi_dadd                        
000012af  __aeabi_idiv0                       
000012b1  No_MCU_Ganv_Sensor_Init             
00001439  dmp_set_orientation                 
000015b1  MPU6050_Init                        
000016f5  mspm0_i2c_read                      
00001829  mpu_set_sensors                     
00001959  mpu_init                            
00001a81  mpu_load_firmware                   
00001ba5  __aeabi_ddiv                        
00001ba5  __divdf3                            
00001cb1  Trace_init                          
00001db9  DL_Timer_initFourCCPWMMode          
00001ebd  mpu_lp_accel_mode                   
00001fbd  DL_Timer_initTimerMode              
000020b9  mpu_set_sample_rate                 
000021a5  __aeabi_dmul                        
000021a5  __muldf3                            
00002289  mpu_set_accel_fsr                   
0000236d  DL_FlashCTL_unprotectSector         
00002445  __aeabi_fsub                        
00002445  __subsf3                            
0000244f  __addsf3                            
0000244f  __aeabi_fadd                        
000025f1  mpu_set_lpf                         
0000278d  GROUP1_IRQHandler                   
00002851  mpu_set_gyro_fsr                    
00002915  mspm0_i2c_write                     
000029d9  Motor_Ctrl                          
00002a99  mpu_configure_fifo                  
00002b55  Get_Analog_value                    
00002c0d  mpu_set_dmp_state                   
00002cc5  writeToFlash                        
00002d79  SYSCFG_DL_initPower                 
00002e29  mpu_read_mem                        
00002ed5  mpu_write_mem                       
00002f81  normalizeAnalogValues               
000030cd  mpu_set_int_latched                 
00003169  dmp_set_fifo_rate                   
00003201  main                                
00003331  Calculate_Position_Error            
00003451  Motor_Init                          
000034e1  SYSCFG_DL_PWM_MOTOR_init            
00003571  __aeabi_fmul                        
00003571  __mulsf3                            
000035fd  Encoder_HandleGPIOA                 
00003685  adc_getValue                        
00003815  __aeabi_fdiv                        
00003815  __divsf3                            
00003899  LED_setAll                          
00003919  __TI_decompress_lzss                
00003995  __gedf2                             
00003995  __gtdf2                             
00003a09  SYSCFG_DL_DMA_init                  
00003a11  __aeabi_d2f                         
00003a11  __truncdfsf2                        
00003a85  mpu_get_accel_fsr                   
00003af9  No_MCU_Ganv_Sensor_Init_Frist       
00003b6d  SYSCFG_DL_ADC_VOLTAGE_init          
00003bd9  convertAnalogToDigital              
00003c45  __cmpdf2                            
00003c45  __eqdf2                             
00003c45  __ledf2                             
00003c45  __ltdf2                             
00003c45  __nedf2                             
00003cad  dmp_set_tap_axes                    
00003d79  Encoder_Init                        
00003ddd  __aeabi_dcmpeq                      
00003df1  __aeabi_dcmplt                      
00003e05  __aeabi_dcmple                      
00003e19  __aeabi_dcmpge                      
00003e2d  __aeabi_dcmpgt                      
00003e41  __aeabi_fcmpeq                      
00003e55  __aeabi_fcmplt                      
00003e69  __aeabi_fcmple                      
00003e7d  __aeabi_fcmpge                      
00003e91  __aeabi_fcmpgt                      
00003ea5  dmp_enable_gyro_cal                 
00003f05  mpu6050_i2c_sda_unlock              
00003f65  mpu_get_gyro_fsr                    
00003fc5  DL_I2C_fillControllerTXFIFO         
00004081  SYSCFG_DL_I2C_MPU6050_init          
000040d9  SYSCFG_DL_I2C_OLED_init             
00004131  adjust_white_black                  
00004189  __aeabi_idiv                        
00004189  __aeabi_idivmod                     
000041e1  SYSCFG_DL_init                      
00004325  PID_Init                            
00004415  DL_DMA_initChannel                  
00004545  copy_in                             
00004591  __TI_auto_init_nopinit              
00004629  __aeabi_d2iz                        
00004629  __fixdfsi                           
00004675  DL_UART_init                        
000046bd  SYSCFG_DL_UART_0_init               
00004705  dmp_enable_6x_lp_quat               
0000474d  dmp_enable_lp_quat                  
00004821  dmp_set_shake_reject_thresh         
00004865  dmp_set_tap_count                   
000048a9  No_Mcu_Ganv_Sensor_Task_Without_tick
000048ed  DL_ADC12_setClockConfig             
0000492d  SYSCFG_DL_UART_1_init               
0000496d  __aeabi_uidiv                       
0000496d  __aeabi_uidivmod                    
000049ad  __aeabi_f2d                         
000049ad  __extendsfdf2                       
00004a2d  DL_I2C_flushControllerTXFIFO        
00004aa5  Get_Anolog_Value                    
00004ae1  LED_KEY_Blink_Update                
00004b1d  __aeabi_i2f                         
00004b1d  __floatsisf                         
00004b59  __gesf2                             
00004b59  __gtsf2                             
00004b95  mspm0_delay_ms                      
00004bd1  uart0_send_string                   
00004c0d  __cmpsf2                            
00004c0d  __eqsf2                             
00004c0d  __lesf2                             
00004c0d  __ltsf2                             
00004c0d  __nesf2                             
00004c49  __muldsi3                           
00004cbd  __aeabi_f2iz                        
00004cbd  __fixsfsi                           
00004cf5  LED_off                             
00004d29  LED_toggle                          
00004d5d  mpu_get_sample_rate                 
00004d91  readBlackFromFlash                  
00004dc5  readWhiteFromFlash                  
00004df9  SYSCFG_DL_SYSCTL_init               
00004e2b  dmp_set_shake_reject_time           
00004e5d  dmp_set_shake_reject_timeout        
00004ec1  dmp_set_tap_time                    
00004ef1  dmp_set_tap_time_multi              
00004f79  Encoder_HandleGPIOB                 
00004fa5  SYSCFG_DL_TIMER_Encoder_init        
00004ffd  __aeabi_i2d                         
00004ffd  __floatsidf                         
00005029  mspm0_get_clock_ms                  
00005055  uart0_send_char                     
00005171  SYSCFG_DL_DMA_CH0_init              
00005199  Tick_delay                          
000051c1  __aeabi_ui2f                        
000051c1  __floatunsisf                       
000051e9  _c_int00_noargs                     
0000525d  DL_I2C_setClockConfig               
00005285  DL_FlashCTL_programMemoryFromRAM64  
000052a9  __aeabi_ui2d                        
000052a9  __floatunsidf                       
000052ed  Encoder_GetDelta                    
0000530d  memcmp                              
00005369  delay_us                            
00005581  DL_Timer_setCaptCompUpdateMethod    
0000559d  DL_Timer_setClockConfig             
000055d5  dmp_load_motion_driver_firmware     
00005639  DL_FlashCTL_eraseMemoryFromRAM      
000058c1  DL_Timer_setCaptureCompareOutCtl    
00005939  LED_KEY_Blink_Start                 
00005add  LED_KEY_Blink_SetInterval           
00005af1  LED_KEY_Blink_Stop                  
00005b05  SysTick_Handler                     
00005b19  SysTick_Init                        
00005b2d  dmp_register_android_orient_cb      
00005b41  dmp_register_tap_cb                 
00005b67  DL_UART_setClockConfig              
00005b79  TI_memcpy_small                     
00005b8b  __TI_decompress_none                
00005bbd  DL_Timer_setCaptureCompareValue     
00005bcd  Tick_SysTickCallback                
00005bdd  __TI_zero_init                      
00005bed  Get_Digtal_For_User                 
00005c09  TI_memset_small                     
00005c17  SYSCFG_DL_SYSTICK_init              
00005c25  __aeabi_memclr                      
00005c25  __aeabi_memclr4                     
00005c25  __aeabi_memclr8                     
00005c31  DL_Common_delayCycles               
00005c3b  LED_init                            
00005c51  __aeabi_memcpy                      
00005c51  __aeabi_memcpy4                     
00005c51  __aeabi_memcpy8                     
00005c59  abort                               
00005c5f  ADC0_IRQHandler                     
00005c5f  ADC1_IRQHandler                     
00005c5f  AES_IRQHandler                      
00005c5f  CANFD0_IRQHandler                   
00005c5f  DAC0_IRQHandler                     
00005c5f  DMA_IRQHandler                      
00005c5f  Default_Handler                     
00005c5f  GROUP0_IRQHandler                   
00005c5f  HardFault_Handler                   
00005c5f  I2C0_IRQHandler                     
00005c5f  I2C1_IRQHandler                     
00005c5f  NMI_Handler                         
00005c5f  PendSV_Handler                      
00005c5f  RTC_IRQHandler                      
00005c5f  SPI0_IRQHandler                     
00005c5f  SPI1_IRQHandler                     
00005c5f  SVC_Handler                         
00005c5f  TIMA0_IRQHandler                    
00005c5f  TIMA1_IRQHandler                    
00005c5f  TIMG0_IRQHandler                    
00005c5f  TIMG12_IRQHandler                   
00005c5f  TIMG6_IRQHandler                    
00005c5f  TIMG7_IRQHandler                    
00005c5f  TIMG8_IRQHandler                    
00005c5f  UART0_IRQHandler                    
00005c5f  UART1_IRQHandler                    
00005c5f  UART2_IRQHandler                    
00005c5f  UART3_IRQHandler                    
00005c62  C$$EXIT                             
00005c63  HOSTexit                            
00005c67  Reset_Handler                       
00005c7d  _system_pre_init                    
00006888  test                                
000068b0  reg                                 
0000690e  hw                                  
000069d8  __TI_Handler_Table_Base             
000069e4  __TI_Handler_Table_Limit            
000069ec  __TI_CINIT_Base                     
000069fc  __TI_CINIT_Limit                    
000069fc  __TI_CINIT_Warm                     
00006a00  __TI_table_binit                    
00006a00  __binit__                           
00006a00  binit                               
20200000  __start___llvm_prf_bits             
20200000  __start___llvm_prf_cnts             
20200000  __stop___llvm_prf_bits              
20200000  __stop___llvm_prf_cnts              
20200000  gPWM_MOTORBackup                    
202000bc  gTIMER_EncoderBackup                
20200178  sensor                              
20200228  motor_l                             
202002d4  motor_r                             
20200380  ADC_VALUE                           
202003d0  tracking_pid                        
20200418  gUART_0Backup                       
20200448  encL                                
2020046c  encR                                
20200490  long_pressed_key_time               
20200494  state                               
20200498  tick_ms                             
2020049c  Digtal                              
202004cc  Anolog                              
202004dc  black                               
202004fc  white                               
2020051a  enable_group1_irq                   
2020051b  key_pressed                         
20200531  long_err_flag                       
2020053c  Tick                                
20200540  base_target_speed                   
20200544  last_key_time                       
20207e00  __stack                             
20208000  __STACK_END                         
ffffffff  __TI_pprof_out_hndl                 
ffffffff  __TI_prof_data_size                 
ffffffff  __TI_prof_data_start                
UNDEFED   __mpu_init                          
UNDEFED   _system_post_cinit                  

[281 symbols]
