******************************************************************************
            TI ARM Clang Linker PC v4.0.4                      
******************************************************************************
>> Linked Mon Jul 27 18:38:58 2026

OUTPUT FILE NAME:   <diansai2024.out>
ENTRY POINT SYMBOL: "_c_int00_noargs"  address: 00007a7d


MEMORY CONFIGURATION

         name            origin    length      used     unused   attr    fill
----------------------  --------  ---------  --------  --------  ----  --------
  FLASH                 00000000   00020000  000096f0  00016910  R  X
  SRAM                  20200000   00008000  0000083d  000077c3  RW X
  BCR_CONFIG            41c00000   000000ff  00000000  000000ff  R   
  BSL_CONFIG            41c00100   00000080  00000000  00000080  R   


SEGMENT ALLOCATION MAP

run origin  load origin   length   init length attrs members
----------  ----------- ---------- ----------- ----- -------
00000000    00000000    00009630   00009630    r-x
  00000000    00000000    000000c0   000000c0    r-- .intvecs
  000000c0    000000c0    00008740   00008740    r-x .text
  00008800    00008800    00000e30   00000e30    r-- .rodata
00009690    00009690    00000060   00000060    r--
  00009690    00009690    00000050   00000050    r-- .cinit
  000096e0    000096e0    00000010   00000010    r-- .binit
20200000    20200000    000005dd   00000000    rw-
  20200000    20200000    00000518   00000000    rw- .bss
  20200518    20200518    000000c5   00000000    rw- .data
202005e0    00009630    00000060   00000060    r-x
  202005e0    00009630    00000060   00000060    r-x .TI.ramfunc
20207e00    20207e00    00000200   00000000    rw-
  20207e00    20207e00    00000200   00000000    rw- .stack


SECTION ALLOCATION MAP

 output                                  attributes/
section   page    origin      length       input sections
--------  ----  ----------  ----------   ----------------
.intvecs   0    00000000    000000c0     
                  00000000    000000c0     startup_mspm0g350x_ticlang.o (.intvecs)

.text      0    000000c0    00008740     
                  000000c0    000009d0     libc.a : _printfi.c.obj (.text:__TI_printfi)
                  00000a90    00000364            : e_asin.c.obj (.text.asin)
                  00000df4    000002f8            : s_atan.c.obj (.text.atan)
                  000010ec    00000278     inv_mpu_dmp_motion_driver.o (.text.dmp_enable_feature)
                  00001364    00000274     trace.o (.text.Control)
                  000015d8    00000238     inv_mpu_dmp_motion_driver.o (.text.dmp_set_tap_thresh)
                  00001810    00000234     key.o (.text.Key_Process)
                  00001a44    0000022c     mpu6050.o (.text.Read_Quad)
                  00001c70    0000022c     inv_mpu.o (.text.mpu_reset_fifo)
                  00001e9c    00000220     libc.a : _printfi.c.obj (.text._pconv_a)
                  000020bc    000001f4     inv_mpu_dmp_motion_driver.o (.text.dmp_read_fifo)
                  000022b0    000001dc     libc.a : _printfi.c.obj (.text._pconv_g)
                  0000248c    000001c8     ti_msp_dl_config.o (.text.SYSCFG_DL_GPIO_init)
                  00002654    000001b4     pid.o (.text.PID_Calc)
                  00002808    000001a0     inv_mpu.o (.text.mpu_set_bypass)
                  000029a8    00000192     libclang_rt.builtins.a : adddf3.S.obj (.text.adddf3_subdf3)
                  00002b3a    00000002                            : aeabi_div0.c.obj (.text.__aeabi_idiv0)
                  00002b3c    00000188     No_Mcu_Ganv_Grayscale_Sensor.o (.text.No_MCU_Ganv_Sensor_Init)
                  00002cc4    00000188     libc.a : e_atan2.c.obj (.text.atan2)
                  00002e4c    00000178     inv_mpu_dmp_motion_driver.o (.text.dmp_set_orientation)
                  00002fc4    00000170     libc.a : e_sqrt.c.obj (.text.sqrt)
                  00003134    00000170     Task.o (.text.task3)
                  000032a4    00000144     mpu6050.o (.text.MPU6050_Init)
                  000033e8    0000013c     libc.a : _printfi.c.obj (.text.fcvt)
                  00003524    00000134     mspm0_i2c.o (.text.mspm0_i2c_read)
                  00003658    00000130     inv_mpu.o (.text.mpu_set_sensors)
                  00003788    00000128     trace.o (.text.Trace_init)
                  000038b0    00000128     inv_mpu.o (.text.mpu_init)
                  000039d8    00000124     inv_mpu.o (.text.mpu_load_firmware)
                  00003afc    00000120     libc.a : _printfi.c.obj (.text._pconv_e)
                  00003c1c    0000010c     trace.o (.text.Turn_angel)
                  00003d28    0000010c     libclang_rt.builtins.a : divdf3.S.obj (.text.__divdf3)
                  00003e34    00000108     inv_mpu.o (.text.mpu_read_fifo_stream)
                  00003f3c    00000104     driverlib.a : dl_timer.o (.text.DL_Timer_initFourCCPWMMode)
                  00004040    00000100     inv_mpu.o (.text.mpu_lp_accel_mode)
                  00004140    000000fc     driverlib.a : dl_timer.o (.text.DL_Timer_initTimerMode)
                  0000423c    000000f4     main.o (.text.main)
                  00004330    000000ec     inv_mpu.o (.text.mpu_set_sample_rate)
                  0000441c    000000e4     libclang_rt.builtins.a : muldf3.S.obj (.text.__muldf3)
                  00004500    000000e4     inv_mpu.o (.text.mpu_set_accel_fsr)
                  000045e4    000000d8     driverlib.a : dl_flashctl.o (.text.DL_FlashCTL_unprotectSector)
                  000046bc    000000d8     libc.a : s_scalbn.c.obj (.text.scalbn)
                  00004794    000000d8     libclang_rt.builtins.a : addsf3.S.obj (.text)
                  0000486c    000000d4     inv_mpu.o (.text.set_int_enable)
                  00004940    000000d0     inv_mpu.o (.text.mpu_set_lpf)
                  00004a10    000000cc     motor.o (.text.Motor_Speed_Get)
                  00004adc    000000c4     trace.o (.text.GROUP1_IRQHandler)
                  00004ba0    000000c4     inv_mpu.o (.text.mpu_set_gyro_fsr)
                  00004c64    000000c4     mspm0_i2c.o (.text.mspm0_i2c_write)
                  00004d28    000000c0     trace.o (.text.Motor_Ctrl)
                  00004de8    000000bc     inv_mpu.o (.text.mpu_configure_fifo)
                  00004ea4    000000b8     No_Mcu_Ganv_Grayscale_Sensor.o (.text.Get_Analog_value)
                  00004f5c    000000b8     inv_mpu.o (.text.mpu_set_dmp_state)
                  00005014    000000b4     flash.o (.text.writeToFlash)
                  000050c8    000000ac     inv_mpu.o (.text.mpu_read_mem)
                  00005174    000000ac     inv_mpu.o (.text.mpu_write_mem)
                  00005220    000000aa     No_Mcu_Ganv_Grayscale_Sensor.o (.text.normalizeAnalogValues)
                  000052ca    00000002     libclang_rt.builtins.a : aeabi_div0.c.obj (.text.__aeabi_ldiv0)
                  000052cc    000000a2                            : udivmoddi4.S.obj (.text)
                  0000536e    00000002     --HOLE-- [fill = 0]
                  00005370    000000a0     motor.o (.text.Motor_Encoder_Update)
                  00005410    0000009c     trace.o (.text.RunStraight)
                  000054ac    0000009c     ti_msp_dl_config.o (.text.SYSCFG_DL_initPower)
                  00005548    0000009c     inv_mpu.o (.text.mpu_set_int_latched)
                  000055e4    00000098     inv_mpu_dmp_motion_driver.o (.text.dmp_set_fifo_rate)
                  0000567c    00000096     mpu6050.o (.text.inv_row_2_scale)
                  00005712    00000002     --HOLE-- [fill = 0]
                  00005714    00000090     trace.o (.text.Calculate_Position_Error)
                  000057a4    00000090     motor.o (.text.Motor_Driver)
                  00005834    00000090     motor.o (.text.Motor_Init)
                  000058c4    00000090     ti_msp_dl_config.o (.text.SYSCFG_DL_PWM_MOTOR_init)
                  00005954    0000008c     libclang_rt.builtins.a : mulsf3.S.obj (.text.__mulsf3)
                  000059e0    0000008c     inv_mpu_dmp_motion_driver.o (.text.decode_gesture)
                  00005a6c    00000088     encoder.o (.text.Encoder_HandleGPIOA)
                  00005af4    00000088     adc.o (.text.adc_getValue)
                  00005b7c    00000084     clock.o (.text.__NVIC_SetPriority)
                  00005c00    00000084     ti_msp_dl_config.o (.text.__NVIC_SetPriority)
                  00005c84    00000082     libclang_rt.builtins.a : divsf3.S.obj (.text.__divsf3)
                  00005d06    00000002     --HOLE-- [fill = 0]
                  00005d08    00000080     led.o (.text.LED_setAll)
                  00005d88    0000007c     libc.a : copy_decompress_lzss.c.obj (.text:decompress:lzss)
                  00005e04    00000074     libclang_rt.builtins.a : comparedf2.c.obj (.text.__gedf2)
                  00005e78    00000008     ti_msp_dl_config.o (.text.SYSCFG_DL_DMA_init)
                  00005e80    00000074     libclang_rt.builtins.a : truncdfsf2.S.obj (.text.__truncdfsf2)
                  00005ef4    00000074     inv_mpu.o (.text.mpu_get_accel_fsr)
                  00005f68    00000072     No_Mcu_Ganv_Grayscale_Sensor.o (.text.No_MCU_Ganv_Sensor_Init_Frist)
                  00005fda    00000002     --HOLE-- [fill = 0]
                  00005fdc    0000006c     ti_msp_dl_config.o (.text.SYSCFG_DL_ADC_VOLTAGE_init)
                  00006048    0000006c     No_Mcu_Ganv_Grayscale_Sensor.o (.text.convertAnalogToDigital)
                  000060b4    00000068     libclang_rt.builtins.a : comparedf2.c.obj (.text.__ledf2)
                  0000611c    00000066     libc.a : _printfi.c.obj (.text._mcpy)
                  00006182    00000066     inv_mpu_dmp_motion_driver.o (.text.dmp_set_tap_axes)
                  000061e8    00000064     ti_msp_dl_config.o (.text.DL_ADC12_initSingleSample)
                  0000624c    00000064     encoder.o (.text.Encoder_Init)
                  000062b0    00000062     libclang_rt.builtins.a : aeabi_dcmp.S.obj (.text.__aeabi_dcmp)
                  00006312    00000002     --HOLE-- [fill = 0]
                  00006314    00000062                            : aeabi_fcmp.S.obj (.text.__aeabi_fcmp)
                  00006376    00000002     --HOLE-- [fill = 0]
                  00006378    00000060     trace.o (.text.Calculate_Heading_Error)
                  000063d8    00000060     inv_mpu_dmp_motion_driver.o (.text.dmp_enable_gyro_cal)
                  00006438    00000060     mspm0_i2c.o (.text.mpu6050_i2c_sda_unlock)
                  00006498    00000060     inv_mpu.o (.text.mpu_get_gyro_fsr)
                  000064f8    0000005e     driverlib.a : dl_i2c.o (.text.DL_I2C_fillControllerTXFIFO)
                  00006556    00000002     --HOLE-- [fill = 0]
                  00006558    0000005c     Task.o (.text.FindLine)
                  000065b4    0000005c     Task.o (.text.LostLine)
                  00006610    0000005c     libc.a : s_frexp.c.obj (.text.frexp)
                  0000666c    0000005c     mspm0_i2c.o (.text.mspm0_i2c_enable)
                  000066c8    00000058     ti_msp_dl_config.o (.text.SYSCFG_DL_I2C_MPU6050_init)
                  00006720    00000058     ti_msp_dl_config.o (.text.SYSCFG_DL_I2C_OLED_init)
                  00006778    00000058     libc.a : _ltoa.c.obj (.text.__TI_ltoa)
                  000067d0    00000058            : _printfi.c.obj (.text._pconv_f)
                  00006828    00000058     key.o (.text.adjust_white_black)
                  00006880    00000056     libclang_rt.builtins.a : aeabi_idivmod.S.obj (.text.__aeabi_idivmod)
                  000068d6    00000052     libc.a : _printfi.c.obj (.text._ecpy)
                  00006928    00000050     mspm0_i2c.o (.text.DL_GPIO_initPeripheralInputFunctionFeatures)
                  00006978    00000050     ti_msp_dl_config.o (.text.DL_GPIO_initPeripheralInputFunctionFeatures)
                  000069c8    00000050     mspm0_i2c.o (.text.DL_I2C_startControllerTransfer)
                  00006a18    00000050     pid.o (.text.PID_Init)
                  00006a68    00000050     ti_msp_dl_config.o (.text.SYSCFG_DL_init)
                  00006ab8    00000050     clock.o (.text.SysTick_Config)
                  00006b08    00000050     ti_msp_dl_config.o (.text.SysTick_Config)
                  00006b58    0000004c     driverlib.a : dl_dma.o (.text.DL_DMA_initChannel)
                  00006ba4    0000004c     mspm0_i2c.o (.text.DL_GPIO_initDigitalInputFeatures)
                  00006bf0    0000004c     ti_msp_dl_config.o (.text.DL_GPIO_initDigitalInputFeatures)
                  00006c3c    0000004c     ti_msp_dl_config.o (.text.DL_UART_setBaudRateDivisor)
                  00006c88    0000004c     libc.a : cpy_tbl.c.obj (.text.copy_in)
                  00006cd4    0000004c            : autoinit.c.obj (.text:__TI_auto_init_nopinit)
                  00006d20    0000004a     ti_msp_dl_config.o (.text.DL_ADC12_configConversionMem)
                  00006d6a    00000002     --HOLE-- [fill = 0]
                  00006d6c    0000004a     libclang_rt.builtins.a : fixdfsi.S.obj (.text.__fixdfsi)
                  00006db6    00000002     --HOLE-- [fill = 0]
                  00006db8    00000048     driverlib.a : dl_uart.o (.text.DL_UART_init)
                  00006e00    00000048     ti_msp_dl_config.o (.text.SYSCFG_DL_UART_0_init)
                  00006e48    00000048     inv_mpu_dmp_motion_driver.o (.text.dmp_enable_6x_lp_quat)
                  00006e90    00000048     inv_mpu_dmp_motion_driver.o (.text.dmp_enable_lp_quat)
                  00006ed8    00000048     mspm0_i2c.o (.text.mspm0_i2c_disable)
                  00006f20    00000044     pid.o (.text.LimitMax)
                  00006f64    00000044     inv_mpu_dmp_motion_driver.o (.text.dmp_set_shake_reject_thresh)
                  00006fa8    00000044     inv_mpu_dmp_motion_driver.o (.text.dmp_set_tap_count)
                  00006fec    00000042     No_Mcu_Ganv_Grayscale_Sensor.o (.text.No_Mcu_Ganv_Sensor_Task_Without_tick)
                  0000702e    00000002     --HOLE-- [fill = 0]
                  00007030    00000040     driverlib.a : dl_adc12.o (.text.DL_ADC12_setClockConfig)
                  00007070    00000040     libclang_rt.builtins.a : aeabi_uidivmod.S.obj (.text.__aeabi_uidivmod)
                  000070b0    00000040                            : extendsfdf2.S.obj (.text.__extendsfdf2)
                  000070f0    00000040     libc.a : atoi.c.obj (.text.atoi)
                  00007130    0000003e     mpu6050.o (.text.inv_orientation_matrix_to_scalar)
                  0000716e    00000002     --HOLE-- [fill = 0]
                  00007170    0000003c     driverlib.a : dl_i2c.o (.text.DL_I2C_flushControllerTXFIFO)
                  000071ac    0000003c     ti_msp_dl_config.o (.text.DL_Timer_setCounterControl)
                  000071e8    0000003c     No_Mcu_Ganv_Grayscale_Sensor.o (.text.Get_Anolog_Value)
                  00007224    0000003c     led.o (.text.LED_KEY_Blink_Update)
                  00007260    0000003c     pid.o (.text.PID_clear)
                  0000729c    0000003c     libclang_rt.builtins.a : floatsisf.S.obj (.text.__floatsisf)
                  000072d8    0000003c                            : comparesf2.S.obj (.text.__gtsf2)
                  00007314    0000003c     clock.o (.text.mspm0_delay_ms)
                  00007350    0000003c     uart.o (.text.uart0_send_string)
                  0000738c    0000003a     libclang_rt.builtins.a : comparesf2.S.obj (.text.__eqsf2)
                  000073c6    00000002     --HOLE-- [fill = 0]
                  000073c8    0000003a                            : muldsi3.S.obj (.text.__muldsi3)
                  00007402    00000038     motor.o (.text.Motor_Pid_Init)
                  0000743a    00000002     --HOLE-- [fill = 0]
                  0000743c    00000038     libclang_rt.builtins.a : fixsfsi.S.obj (.text.__fixsfsi)
                  00007474    00000038     libc.a : sprintf.c.obj (.text.sprintf)
                  000074ac    00000034     led.o (.text.LED_off)
                  000074e0    00000034     led.o (.text.LED_toggle)
                  00007514    00000034     inv_mpu.o (.text.mpu_get_sample_rate)
                  00007548    00000034     flash.o (.text.readBlackFromFlash)
                  0000757c    00000034     flash.o (.text.readWhiteFromFlash)
                  000075b0    00000032     ti_msp_dl_config.o (.text.SYSCFG_DL_SYSCTL_init)
                  000075e2    00000032     inv_mpu_dmp_motion_driver.o (.text.dmp_set_shake_reject_time)
                  00007614    00000032     inv_mpu_dmp_motion_driver.o (.text.dmp_set_shake_reject_timeout)
                  00007646    00000002     --HOLE-- [fill = 0]
                  00007648    00000030     ti_msp_dl_config.o (.text.DL_DMA_setTransferSize)
                  00007678    00000030     Task.o (.text.GetDistance)
                  000076a8    00000030     libc.a : _printfi.c.obj (.text._fcpy)
                  000076d8    00000030     inv_mpu_dmp_motion_driver.o (.text.dmp_set_tap_time)
                  00007708    00000030     inv_mpu_dmp_motion_driver.o (.text.dmp_set_tap_time_multi)
                  00007738    0000002c     ti_msp_dl_config.o (.text.DL_ADC12_setDMASamplesCnt)
                  00007764    0000002c     flash.o (.text.DL_FlashCTL_waitForCmdDone)
                  00007790    0000002c     encoder.o (.text.Encoder_HandleGPIOB)
                  000077bc    0000002c     ti_msp_dl_config.o (.text.SYSCFG_DL_TIMER_Encoder_init)
                  000077e8    0000002c     Task.o (.text.Trace_GoStraight)
                  00007814    0000002c     main.o (.text.__NVIC_EnableIRQ)
                  00007840    0000002c     libclang_rt.builtins.a : floatsidf.S.obj (.text.__floatsidf)
                  0000786c    0000002c     clock.o (.text.mspm0_get_clock_ms)
                  00007898    0000002c     uart.o (.text.uart0_send_char)
                  000078c4    00000028     mspm0_i2c.o (.text.DL_Common_updateReg)
                  000078ec    00000028     ti_msp_dl_config.o (.text.DL_Common_updateReg)
                  00007914    00000028     main.o (.text.DL_DMA_setDestAddr)
                  0000793c    00000028     main.o (.text.DL_DMA_setSrcAddr)
                  00007964    00000028     ti_msp_dl_config.o (.text.DL_I2C_setControllerRXFIFOThreshold)
                  0000798c    00000028     ti_msp_dl_config.o (.text.DL_I2C_setControllerTXFIFOThreshold)
                  000079b4    00000028     Distance.o (.text.Encoder_GetDistance_mm)
                  000079dc    00000028     ti_msp_dl_config.o (.text.SYSCFG_DL_DMA_CH0_init)
                  00007a04    00000028     delay.o (.text.Tick_delay)
                  00007a2c    00000028     Task.o (.text.Trace_Stop)
                  00007a54    00000028     libclang_rt.builtins.a : floatunsisf.S.obj (.text.__floatunsisf)
                  00007a7c    00000028     libc.a : boot_cortex_m.c.obj (.text:_c_int00_noargs)
                  00007aa4    00000026     main.o (.text.DL_DMA_enableChannel)
                  00007aca    00000026     ti_msp_dl_config.o (.text.DL_I2C_setAnalogGlitchFilterPulseWidth)
                  00007af0    00000026     driverlib.a : dl_i2c.o (.text.DL_I2C_setClockConfig)
                  00007b16    00000002     --HOLE-- [fill = 0]
                  00007b18    00000024                 : dl_flashctl.o (.text.DL_FlashCTL_programMemoryFromRAM64)
                  00007b3c    00000024     Task.o (.text.Trace_TurnTo)
                  00007b60    00000024     libclang_rt.builtins.a : floatunsidf.S.obj (.text.__floatunsidf)
                  00007b84    00000024                            : muldi3.S.obj (.text.__muldi3)
                  00007ba8    00000022     libc.a : memccpy.c.obj (.text.memccpy)
                  00007bca    00000002     --HOLE-- [fill = 0]
                  00007bcc    00000020     ti_msp_dl_config.o (.text.DL_GPIO_initPeripheralInputFunction)
                  00007bec    00000020     encoder.o (.text.Encoder_GetDelta)
                  00007c0c    00000020     libc.a : memcmp.c.obj (.text.memcmp)
                  00007c2c    0000001e     BUZZER.o (.text.ALARM)
                  00007c4a    0000001e     ti_msp_dl_config.o (.text.DL_UART_setOversampling)
                  00007c68    0000001e     motor.o (.text.Motor_Calc)
                  00007c86    00000002     --HOLE-- [fill = 0]
                  00007c88    0000001e     libclang_rt.builtins.a : ashldi3.S.obj (.text.__ashldi3)
                  00007ca6    0000001e     delay.o (.text.delay_us)
                  00007cc4    0000001c     ti_msp_dl_config.o (.text.DL_ADC12_enableDMA)
                  00007ce0    0000001c     ti_msp_dl_config.o (.text.DL_ADC12_enableDMATrigger)
                  00007cfc    0000001c     main.o (.text.DL_ADC12_startConversion)
                  00007d18    0000001c     encoder.o (.text.DL_GPIO_clearInterruptStatus)
                  00007d34    0000001c     ti_msp_dl_config.o (.text.DL_GPIO_clearInterruptStatus)
                  00007d50    0000001c     trace.o (.text.DL_GPIO_clearInterruptStatus)
                  00007d6c    0000001c     encoder.o (.text.DL_GPIO_disableInterrupt)
                  00007d88    0000001c     mspm0_i2c.o (.text.DL_GPIO_enableHiZ)
                  00007da4    0000001c     ti_msp_dl_config.o (.text.DL_GPIO_enableHiZ)
                  00007dc0    0000001c     encoder.o (.text.DL_GPIO_enableInterrupt)
                  00007ddc    0000001c     ti_msp_dl_config.o (.text.DL_GPIO_enableInterrupt)
                  00007df8    0000001c     ti_msp_dl_config.o (.text.DL_GPIO_initPeripheralOutputFunction)
                  00007e14    0000001c     ti_msp_dl_config.o (.text.DL_GPIO_setLowerPinsPolarity)
                  00007e30    0000001c     mpu6050.o (.text.DL_I2C_getSDAStatus)
                  00007e4c    0000001c     mspm0_i2c.o (.text.DL_I2C_isControllerRXFIFOEmpty)
                  00007e68    0000001c     ti_msp_dl_config.o (.text.DL_SYSCTL_setMCLKDivider)
                  00007e84    0000001c     ti_msp_dl_config.o (.text.DL_SYSCTL_setSYSOSCFreq)
                  00007ea0    0000001c     ti_msp_dl_config.o (.text.DL_SYSCTL_setULPCLKDivider)
                  00007ebc    0000001c     driverlib.a : dl_timer.o (.text.DL_Timer_setCaptCompUpdateMethod)
                  00007ed8    0000001c                 : dl_timer.o (.text.DL_Timer_setClockConfig)
                  00007ef4    0000001c     ti_msp_dl_config.o (.text.DL_UART_enableInterrupt)
                  00007f10    0000001c     Distance.o (.text.Encoder_GetDistance_cm)
                  00007f2c    0000001c     inv_mpu_dmp_motion_driver.o (.text.dmp_load_motion_driver_firmware)
                  00007f48    00000018     ti_msp_dl_config.o (.text.DL_ADC12_enablePower)
                  00007f60    00000018     ti_msp_dl_config.o (.text.DL_ADC12_reset)
                  00007f78    00000018     ti_msp_dl_config.o (.text.DL_ADC12_setSampleTime0)
                  00007f90    00000018     driverlib.a : dl_flashctl.o (.text.DL_FlashCTL_eraseMemoryFromRAM)
                  00007fa8    00000018     mspm0_i2c.o (.text.DL_GPIO_enableOutput)
                  00007fc0    00000018     ti_msp_dl_config.o (.text.DL_GPIO_enableOutput)
                  00007fd8    00000018     ti_msp_dl_config.o (.text.DL_GPIO_enablePower)
                  00007ff0    00000018     mspm0_i2c.o (.text.DL_GPIO_initDigitalOutput)
                  00008008    00000018     ti_msp_dl_config.o (.text.DL_GPIO_initDigitalOutput)
                  00008020    00000018     ti_msp_dl_config.o (.text.DL_GPIO_reset)
                  00008038    00000018     BUZZER.o (.text.DL_GPIO_setPins)
                  00008050    00000018     No_Mcu_Ganv_Grayscale_Sensor.o (.text.DL_GPIO_setPins)
                  00008068    00000018     led.o (.text.DL_GPIO_setPins)
                  00008080    00000018     motor.o (.text.DL_GPIO_setPins)
                  00008098    00000018     mspm0_i2c.o (.text.DL_GPIO_setPins)
                  000080b0    00000018     ti_msp_dl_config.o (.text.DL_GPIO_setPins)
                  000080c8    00000018     trace.o (.text.DL_GPIO_setPins)
                  000080e0    00000018     ti_msp_dl_config.o (.text.DL_GPIO_setUpperPinsPolarity)
                  000080f8    00000018     led.o (.text.DL_GPIO_togglePins)
                  00008110    00000018     mspm0_i2c.o (.text.DL_I2C_clearInterruptStatus)
                  00008128    00000018     ti_msp_dl_config.o (.text.DL_I2C_enableAnalogGlitchFilter)
                  00008140    00000018     ti_msp_dl_config.o (.text.DL_I2C_enableController)
                  00008158    00000018     ti_msp_dl_config.o (.text.DL_I2C_enableControllerClockStretching)
                  00008170    00000018     mspm0_i2c.o (.text.DL_I2C_enablePower)
                  00008188    00000018     ti_msp_dl_config.o (.text.DL_I2C_enablePower)
                  000081a0    00000018     mspm0_i2c.o (.text.DL_I2C_getRawInterruptStatus)
                  000081b8    00000018     mspm0_i2c.o (.text.DL_I2C_reset)
                  000081d0    00000018     ti_msp_dl_config.o (.text.DL_I2C_reset)
                  000081e8    00000018     ti_msp_dl_config.o (.text.DL_I2C_setTimerPeriod)
                  00008200    00000018     ti_msp_dl_config.o (.text.DL_SYSCTL_setBORThreshold)
                  00008218    00000018     ti_msp_dl_config.o (.text.DL_Timer_enablePower)
                  00008230    00000018     ti_msp_dl_config.o (.text.DL_Timer_reset)
                  00008248    00000018     driverlib.a : dl_timer.o (.text.DL_Timer_setCaptureCompareOutCtl)
                  00008260    00000018     motor.o (.text.DL_Timer_startCounter)
                  00008278    00000018     ti_msp_dl_config.o (.text.DL_UART_enablePower)
                  00008290    00000018     uart.o (.text.DL_UART_isBusy)
                  000082a8    00000018     ti_msp_dl_config.o (.text.DL_UART_reset)
                  000082c0    00000018     led.o (.text.LED_KEY_Blink_Start)
                  000082d8    00000018     Task.o (.text.ResetDistance)
                  000082f0    00000018     trace.o (.text.SlowForward)
                  00008308    00000018     libc.a : sprintf.c.obj (.text._outs)
                  00008320    00000016     ti_msp_dl_config.o (.text.DL_ADC12_enableConversions)
                  00008336    00000016     encoder.o (.text.DL_GPIO_readPins)
                  0000834c    00000016     key.o (.text.DL_GPIO_readPins)
                  00008362    00000016     mspm0_i2c.o (.text.DL_GPIO_readPins)
                  00008378    00000016     trace.o (.text.DL_GPIO_readPins)
                  0000838e    00000016     mspm0_i2c.o (.text.DL_I2C_transmitControllerData)
                  000083a4    00000016     ti_msp_dl_config.o (.text.DL_UART_enable)
                  000083ba    00000016     uart.o (.text.DL_UART_transmitData)
                  000083d0    00000014     BUZZER.o (.text.DL_GPIO_clearPins)
                  000083e4    00000014     No_Mcu_Ganv_Grayscale_Sensor.o (.text.DL_GPIO_clearPins)
                  000083f8    00000014     led.o (.text.DL_GPIO_clearPins)
                  0000840c    00000014     motor.o (.text.DL_GPIO_clearPins)
                  00008420    00000014     mspm0_i2c.o (.text.DL_GPIO_clearPins)
                  00008434    00000014     ti_msp_dl_config.o (.text.DL_GPIO_clearPins)
                  00008448    00000014     mspm0_i2c.o (.text.DL_I2C_getControllerStatus)
                  0000845c    00000014     mspm0_i2c.o (.text.DL_I2C_receiveControllerData)
                  00008470    00000014     ti_msp_dl_config.o (.text.DL_I2C_resetControllerTransfer)
                  00008484    00000014     ti_msp_dl_config.o (.text.DL_SYSCTL_disableSYSPLL)
                  00008498    00000014     ti_msp_dl_config.o (.text.DL_Timer_enableClock)
                  000084ac    00000014     ti_msp_dl_config.o (.text.DL_Timer_setCCPDirection)
                  000084c0    00000014     led.o (.text.LED_KEY_Blink_SetInterval)
                  000084d4    00000014     led.o (.text.LED_KEY_Blink_Stop)
                  000084e8    00000014     BUZZER.o (.text.LED_OFF)
                  000084fc    00000014     BUZZER.o (.text.LED_ON)
                  00008510    00000014     delay.o (.text.SysTick_Handler)
                  00008524    00000014     clock.o (.text.SysTick_Init)
                  00008538    00000014     Task.o (.text.Trace_Follow)
                  0000854c    00000014     Task.o (.text.Trace_Search)
                  00008560    00000014     libclang_rt.builtins.a : aeabi_uldivmod.S.obj (.text.__aeabi_uldivmod)
                  00008574    00000014     inv_mpu_dmp_motion_driver.o (.text.dmp_register_android_orient_cb)
                  00008588    00000014     inv_mpu_dmp_motion_driver.o (.text.dmp_register_tap_cb)
                  0000859c    00000014     libc.a : _printfi.c.obj (.text.strchr)
                  000085b0    00000012     trace.o (.text.DL_GPIO_getPendingInterrupt)
                  000085c2    00000012     driverlib.a : dl_uart.o (.text.DL_UART_setClockConfig)
                  000085d4    00000012     libc.a : memcpy16.S.obj (.text:TI_memcpy_small)
                  000085e6    00000012            : copy_decompress_none.c.obj (.text:decompress:none)
                  000085f8    00000010     BUZZER.o (.text.BEE_OFF)
                  00008608    00000010     BUZZER.o (.text.BEE_ON)
                  00008618    00000010     ti_msp_dl_config.o (.text.DL_SYSCTL_disableHFXT)
                  00008628    00000010     motor.o (.text.DL_Timer_getTimerCount)
                  00008638    00000010     driverlib.a : dl_timer.o (.text.DL_Timer_setCaptureCompareValue)
                  00008648    00000010     delay.o (.text.Tick_SysTickCallback)
                  00008658    00000010     Task.o (.text.Trace_TurnDone)
                  00008668    00000010     libc.a : wcslen.c.obj (.text.wcslen)
                  00008678    00000010            : copy_zero_init.c.obj (.text:decompress:ZI)
                  00008688    0000000e     Distance.o (.text.Encoder_ResetDistance)
                  00008696    0000000e     No_Mcu_Ganv_Grayscale_Sensor.o (.text.Get_Digtal_For_User)
                  000086a4    0000000e     libclang_rt.builtins.a : aeabi_memset.S.obj (.text.__aeabi_memset)
                  000086b2    0000000e     libc.a : _printfi.c.obj (.text.strlen)
                  000086c0    0000000e     mpu6050.o (.text.tap_cb)
                  000086ce    0000000e     libc.a : memset16.S.obj (.text:TI_memset_small)
                  000086dc    0000000c     ti_msp_dl_config.o (.text.SYSCFG_DL_SYSTICK_init)
                  000086e8    0000000c     libclang_rt.builtins.a : aeabi_memset.S.obj (.text.__aeabi_memclr)
                  000086f4    0000000a     driverlib.a : dl_common.o (.text.DL_Common_delayCycles)
                  000086fe    0000000a     led.o (.text.LED_init)
                  00008708    0000000a     libc.a : _printfi.c.obj (.text.OUTLINED_FUNCTION_0)
                  00008712    00000002     --HOLE-- [fill = 0]
                  00008714    00000010     libclang_rt.builtins.a : adddf3.S.obj (.tramp.__aeabi_dsub.1)
                  00008724    0000000a     libc.a : e_asin.c.obj (.text.OUTLINED_FUNCTION_0)
                  0000872e    00000002     --HOLE-- [fill = 0]
                  00008730    00000010     libclang_rt.builtins.a : muldf3.S.obj (.tramp.__aeabi_dmul.1)
                  00008740    0000000a     libc.a : s_atan.c.obj (.text.OUTLINED_FUNCTION_0)
                  0000874a    0000000a            : _printfi.c.obj (.text.OUTLINED_FUNCTION_1)
                  00008754    0000000a            : e_asin.c.obj (.text.OUTLINED_FUNCTION_1)
                  0000875e    0000000a            : e_asin.c.obj (.text.OUTLINED_FUNCTION_3)
                  00008768    00000010     libclang_rt.builtins.a : divdf3.S.obj (.tramp.__aeabi_ddiv.1)
                  00008778    0000000a     libc.a : sprintf.c.obj (.text._outc)
                  00008782    0000000a     mpu6050.o (.text.android_orient_cb)
                  0000878c    00000008     libc.a : s_atan.c.obj (.text.OUTLINED_FUNCTION_2)
                  00008794    00000008            : aeabi_portable.c.obj (.text.__aeabi_errno_addr)
                  0000879c    00000008     libclang_rt.builtins.a : aeabi_memcpy.S.obj (.text.__aeabi_memcpy)
                  000087a4    00000006     libc.a : s_atan.c.obj (.text.OUTLINED_FUNCTION_1)
                  000087aa    00000002     --HOLE-- [fill = 0]
                  000087ac    00000010     libclang_rt.builtins.a : adddf3.S.obj (.tramp.__aeabi_dadd.1)
                  000087bc    00000006     libc.a : e_asin.c.obj (.text.OUTLINED_FUNCTION_2)
                  000087c2    00000006            : exit.c.obj (.text:abort)
                  000087c8    00000004     startup_mspm0g350x_ticlang.o (.text.Default_Handler)
                  000087cc    00000004     libsysbm.a : hostexit.c.obj (.text.HOSTexit)
                  000087d0    00000004     libc.a : e_asin.c.obj (.text.OUTLINED_FUNCTION_4)
                  000087d4    00000004     startup_mspm0g350x_ticlang.o (.text.Reset_Handler)
                  000087d8    00000010     libc.a : boot_cortex_m.c.obj (.tramp._c_int00_noargs.1)
                  000087e8    00000004            : pre_init.c.obj (.text._system_pre_init)
                  000087ec    00000010     driverlib.a : dl_flashctl.o (.tramp.DL_FlashCTL_executeCommandFromRAM.1)
                  000087fc    00000004     --HOLE-- [fill = 0]

.TI.ramfunc 
*          0    00009630    00000060     RUN ADDR = 202005e0
                  00009630    00000060     driverlib.a : dl_flashctl.o (.TI.ramfunc)

.cinit     0    00009690    00000050     
                  00009690    00000028     (.cinit..data.load) [load image, compression = lzss]
                  000096b8    0000000c     (__TI_handler_table)
                  000096c4    00000008     (.cinit..bss.load) [load image, compression = zero_init]
                  000096cc    00000010     (__TI_cinit_table)
                  000096dc    00000004     --HOLE-- [fill = 0]

.rodata    0    00008800    00000e30     
                  00008800    00000bf6     inv_mpu_dmp_motion_driver.o (.rodata.dmp_memory)
                  000093f6    0000000a     ti_msp_dl_config.o (.rodata.gUART_0Config)
                  00009400    00000101     libc.a : aeabi_ctype.S.obj (.rodata:__aeabi_ctype_table_)
                  00009501    00000003     ti_msp_dl_config.o (.rodata.gPWM_MOTORClockConfig)
                  00009504    00000004     led.o (.rodata.LED_PINS)
                  00009508    00000040     libc.a : s_atan.c.obj (.rodata.cst32)
                  00009548    00000028     inv_mpu.o (.rodata.test)
                  00009570    0000001e     inv_mpu.o (.rodata.reg)
                  0000958e    00000002     ti_msp_dl_config.o (.rodata.gI2C_MPU6050ClockConfig)
                  00009590    00000018     ti_msp_dl_config.o (.rodata.gDMA_CH0Config)
                  000095a8    00000014     ti_msp_dl_config.o (.rodata.gTIMER_EncoderTimerConfig)
                  000095bc    00000012     main.o (.rodata.str1.15159059442110792349.1)
                  000095ce    00000011     libc.a : _printfi.c.obj (.rodata.str1.10348868589481759720.1)
                  000095df    00000011            : _printfi.c.obj (.rodata.str1.15363888844622738466.1)
                  000095f0    0000000c     inv_mpu.o (.rodata.hw)
                  000095fc    0000000c     main.o (.rodata.str1.8154729771448623357.1)
                  00009608    00000008     ti_msp_dl_config.o (.rodata.gADC_VOLTAGEClockConfig)
                  00009610    00000008     ti_msp_dl_config.o (.rodata.gPWM_MOTORConfig)
                  00009618    00000004     trace.o (.rodata.str1.1565272039071364118.1)
                  0000961c    00000003     ti_msp_dl_config.o (.rodata.gTIMER_EncoderClockConfig)
                  0000961f    00000003     trace.o (.rodata.str1.14144399129217559082.1)
                  00009622    00000003     trace.o (.rodata.str1.3042740987211059966.1)
                  00009625    00000002     ti_msp_dl_config.o (.rodata.gI2C_OLEDClockConfig)
                  00009627    00000002     ti_msp_dl_config.o (.rodata.gUART_0ClockConfig)
                  00009629    00000007     --HOLE-- [fill = 0]

.init_array 
*          0    00000000    00000000     UNINITIALIZED

.binit     0    000096e0    00000010     
                  000096e0    00000010     (.binit)

.bss       0    20200000    00000518     UNINITIALIZED
                  20200000    000000bc     (.common:gPWM_MOTORBackup)
                  202000bc    000000bc     (.common:gTIMER_EncoderBackup)
                  20200178    000000b0     (.common:sensor)
                  20200228    000000ac     (.common:motor_l)
                  202002d4    000000ac     (.common:motor_r)
                  20200380    00000050     (.common:ADC_VALUE)
                  202003d0    00000048     (.common:tracking_pid)
                  20200418    00000048     (.common:yaw_pid)
                  20200460    00000030     (.common:gUART_0Backup)
                  20200490    00000024     (.common:encL)
                  202004b4    00000024     (.common:encR)
                  202004d8    00000010     (.common:quat)
                  202004e8    00000006     (.common:accel)
                  202004ee    00000006     (.common:gyro)
                  202004f4    00000004     trace.o (.bss.RunStraight.target_yaw)
                  202004f8    00000004     (.common:long_pressed_key_time)
                  202004fc    00000004     (.common:pitch)
                  20200500    00000004     (.common:roll)
                  20200504    00000004     (.common:sensor_timestamp)
                  20200508    00000004     (.common:state)
                  2020050c    00000004     (.common:tick_ms)
                  20200510    00000004     (.common:yaw)
                  20200514    00000002     (.common:sensors)
                  20200516    00000001     (.common:Digtal)
                  20200517    00000001     (.common:more)

.data      0    20200518    000000c5     UNINITIALIZED
                  20200518    0000002c     inv_mpu.o (.data.st)
                  20200544    00000010     trace.o (.data.Anolog)
                  20200554    00000010     trace.o (.data.black)
                  20200564    00000010     inv_mpu_dmp_motion_driver.o (.data.dmp)
                  20200574    00000010     trace.o (.data.white)
                  20200584    0000000e     mpu6050.o (.data.hal)
                  20200592    00000002     Task.o (.data.FindLine.line_cnt)
                  20200594    0000000c     led.o (.data.keyBlinkCtrl)
                  202005a0    00000009     mpu6050.o (.data.gyro_orientation)
                  202005a9    00000001     trace.o (.data.RunStraight.first)
                  202005aa    00000002     Task.o (.data.LostLine.lost_cnt)
                  202005ac    00000004     trace.o (.data.Control.last_loop_tick)
                  202005b0    00000004     key.o (.data.Key_Process.last_blink_time)
                  202005b4    00000004     delay.o (.data.Tick)
                  202005b8    00000004     trace.o (.data.Turn_angel.target_heading)
                  202005bc    00000004     libc.a : aeabi_portable.c.obj (.data.__aeabi_errno)
                  202005c0    00000004     trace.o (.data.base_target_speed)
                  202005c4    00000004     trace.o (.data.current_yaw)
                  202005c8    00000004     key.o (.data.last_key_time)
                  202005cc    00000004     main.o (.data.main.last_gyro_tick)
                  202005d0    00000004     trace.o (.data.target_angle)
                  202005d4    00000001     trace.o (.data.Turn_angel.ok_cnt)
                  202005d5    00000001     trace.o (.data.Turn_angel.target_set)
                  202005d6    00000001     trace.o (.data.drive_mode)
                  202005d7    00000001     interrupt.o (.data.enable_group1_irq)
                  202005d8    00000001     trace.o (.data.heading_relock)
                  202005d9    00000001     key.o (.data.key_pressed)
                  202005da    00000001     key.o (.data.long_err_flag)
                  202005db    00000001     Task.o (.data.task3.state)
                  202005dc    00000001     Task.o (.data.task3.turning)

.stack     0    20207e00    00000200     UNINITIALIZED
                  20207e00    00000004     libc.a : boot_cortex_m.c.obj (.stack)
                  20207e04    000001fc     --HOLE--

__llvm_prf_cnts 
*          0    20200000    00000000     UNINITIALIZED

__llvm_prf_bits 
*          0    20200000    00000000     UNINITIALIZED

MODULE SUMMARY

       Module                           code    ro data   rw data
       ------                           ----    -------   -------
    .\
       ti_msp_dl_config.o               3284    82        424    
       main.o                           434     30        4      
       startup_mspm0g350x_ticlang.o     8       192       0      
    +--+--------------------------------+-------+---------+---------+
       Total:                           3726    304       428    
                                                                 
    .\Driver\
       No_Mcu_Ganv_Grayscale_Sensor.o   1152    0         0      
       key.o                            674     0         18     
       encoder.o                        418     0         72     
       led.o                            434     4         12     
       flash.o                          328     0         0      
       adc.o                            136     0         80     
       uart.o                           150     0         0      
       delay.o                          106     0         4      
    +--+--------------------------------+-------+---------+---------+
       Total:                           3398    4         186    
                                                                 
    .\Drivers\MPU6050\
       inv_mpu_dmp_motion_driver.o      3110    3062      16     
       inv_mpu.o                        4600    82        44     
       mspm0_i2c.o                      1368    0         0      
       mpu6050.o                        1144    0         70     
    +--+--------------------------------+-------+---------+---------+
       Total:                           10222   3144      130    
                                                                 
    .\Drivers\MSPM0\
       clock.o                          336     0         4      
       interrupt.o                      0       0         1      
    +--+--------------------------------+-------+---------+---------+
       Total:                           336     0         5      
                                                                 
    .\Motor\
       motor.o                          822     0         0      
    +--+--------------------------------+-------+---------+---------+
       Total:                           822     0         0      
                                                                 
    .\User\BUZZER\
       BUZZER.o                         146     0         0      
    +--+--------------------------------+-------+---------+---------+
       Total:                           146     0         0      
                                                                 
    .\User\Distance\
       Distance.o                       82      0         0      
    +--+--------------------------------+-------+---------+---------+
       Total:                           82      0         0      
                                                                 
    .\User\PID\
       pid.o                            644     0         0      
    +--+--------------------------------+-------+---------+---------+
       Total:                           644     0         0      
                                                                 
    .\User\Task\
       Task.o                           800     0         6      
    +--+--------------------------------+-------+---------+---------+
       Total:                           800     0         6      
                                                                 
    .\User\trace\
       trace.o                          2092    10        742    
    +--+--------------------------------+-------+---------+---------+
       Total:                           2092    10        742    
                                                                 
    D:/ti/mspm0_sdk_2_10_00_04/source/ti/driverlib/lib/ticlang/m0p/mspm0g1x0x_g3x0x/driverlib.a
       dl_timer.o                       608     0         0      
       dl_flashctl.o                    484     0         0      
       dl_i2c.o                         192     0         0      
       dl_uart.o                        90      0         0      
       dl_dma.o                         76      0         0      
       dl_adc12.o                       64      0         0      
       dl_common.o                      10      0         0      
    +--+--------------------------------+-------+---------+---------+
       Total:                           1524    0         0      
                                                                 
    D:\ti\ccs2051\ccs\tools\compiler\ti-cgt-armllvm_4.0.4.LTS\lib\armv6m-ti-none-eabi/c/libc.a
       _printfi.c.obj                   4510    34        0      
       e_asin.c.obj                     908     0         0      
       s_atan.c.obj                     784     64        0      
       e_atan2.c.obj                    392     0         0      
       e_sqrt.c.obj                     368     0         0      
       aeabi_ctype.S.obj                0       257       0      
       s_scalbn.c.obj                   216     0         0      
       copy_decompress_lzss.c.obj       124     0         0      
       s_frexp.c.obj                    92      0         0      
       sprintf.c.obj                    90      0         0      
       _ltoa.c.obj                      88      0         0      
       autoinit.c.obj                   76      0         0      
       cpy_tbl.c.obj                    76      0         0      
       atoi.c.obj                       64      0         0      
       boot_cortex_m.c.obj              56      0         0      
       memccpy.c.obj                    34      0         0      
       memcmp.c.obj                     32      0         0      
       copy_decompress_none.c.obj       18      0         0      
       memcpy16.S.obj                   18      0         0      
       copy_zero_init.c.obj             16      0         0      
       wcslen.c.obj                     16      0         0      
       memset16.S.obj                   14      0         0      
       aeabi_portable.c.obj             8       0         4      
       exit.c.obj                       6       0         0      
       pre_init.c.obj                   4       0         0      
    +--+--------------------------------+-------+---------+---------+
       Total:                           8010    355       4      
                                                                 
    D:\ti\ccs2051\ccs\tools\compiler\ti-cgt-armllvm_4.0.4.LTS\lib\armv6m-ti-none-eabi/c/libsysbm.a
       hostexit.c.obj                   4       0         0      
    +--+--------------------------------+-------+---------+---------+
       Total:                           4       0         0      
                                                                 
    D:\ti\ccs2051\ccs\tools\compiler\ti-cgt-armllvm_4.0.4.LTS\lib\armv6m-ti-none-eabi/libclang_rt.builtins.a
       adddf3.S.obj                     434     0         0      
       divdf3.S.obj                     284     0         0      
       muldf3.S.obj                     244     0         0      
       comparedf2.c.obj                 220     0         0      
       addsf3.S.obj                     216     0         0      
       udivmoddi4.S.obj                 162     0         0      
       mulsf3.S.obj                     140     0         0      
       divsf3.S.obj                     130     0         0      
       comparesf2.S.obj                 118     0         0      
       truncdfsf2.S.obj                 116     0         0      
       aeabi_dcmp.S.obj                 98      0         0      
       aeabi_fcmp.S.obj                 98      0         0      
       aeabi_idivmod.S.obj              86      0         0      
       fixdfsi.S.obj                    74      0         0      
       aeabi_uidivmod.S.obj             64      0         0      
       extendsfdf2.S.obj                64      0         0      
       floatsisf.S.obj                  60      0         0      
       muldsi3.S.obj                    58      0         0      
       fixsfsi.S.obj                    56      0         0      
       floatsidf.S.obj                  44      0         0      
       floatunsisf.S.obj                40      0         0      
       floatunsidf.S.obj                36      0         0      
       muldi3.S.obj                     36      0         0      
       ashldi3.S.obj                    30      0         0      
       aeabi_memset.S.obj               26      0         0      
       aeabi_uldivmod.S.obj             20      0         0      
       aeabi_memcpy.S.obj               8       0         0      
       aeabi_div0.c.obj                 4       0         0      
    +--+--------------------------------+-------+---------+---------+
       Total:                           2966    0         0      
                                                                 
       Stack:                           0       0         512    
       Linker Generated:                0       92        0      
    +--+--------------------------------+-------+---------+---------+
       Grand Total:                     34772   3909      2013   


LINKER GENERATED COPY TABLES

__TI_cinit_table @ 000096cc records: 2, size/record: 8, table size: 16
	.data: load addr=00009690, load size=00000028 bytes, run addr=20200518, run size=000000c5 bytes, compression=lzss
	.bss: load addr=000096c4, load size=00000008 bytes, run addr=20200000, run size=00000518 bytes, compression=zero_init
binit @ 000096e0 records: 1, size/record: 12, table size: 16
	.TI.ramfunc: load addr=00009630, load size=00000060, run addr=202005e0, run size=00000060, compression=none


LINKER GENERATED HANDLER TABLE

__TI_handler_table @ 000096b8 records: 3, size/record: 4, table size: 12
	index: 0, handler: __TI_decompress_lzss
	index: 1, handler: __TI_decompress_none
	index: 2, handler: __TI_zero_init


FAR CALL TRAMPOLINES

callee name               trampoline name
   callee addr  tramp addr   call addr  call info
--------------  -----------  ---------  ----------------
__aeabi_dsub              $Tramp$TT$L$PI$$__aeabi_dsub
   000029a9     00008714     00008710   libc.a : _printfi.c.obj (.text.OUTLINED_FUNCTION_0)
__aeabi_dmul              $Tramp$TT$L$PI$$__aeabi_dmul
   0000441d     00008730     0000872c   libc.a : e_asin.c.obj (.text.OUTLINED_FUNCTION_0)
                             00008748          : s_atan.c.obj (.text.OUTLINED_FUNCTION_0)
                             0000875c          : e_asin.c.obj (.text.OUTLINED_FUNCTION_1)
                             00008792          : s_atan.c.obj (.text.OUTLINED_FUNCTION_2)
                             000087c0          : e_asin.c.obj (.text.OUTLINED_FUNCTION_2)
__aeabi_ddiv              $Tramp$TT$L$PI$$__aeabi_ddiv
   00003d29     00008768     00008766   libc.a : e_asin.c.obj (.text.OUTLINED_FUNCTION_3)
__aeabi_dadd              $Tramp$TT$L$PI$$__aeabi_dadd
   000029b3     000087ac     000087a8   libc.a : s_atan.c.obj (.text.OUTLINED_FUNCTION_1)
                             000087d2          : e_asin.c.obj (.text.OUTLINED_FUNCTION_4)
_c_int00_noargs           $Tramp$TT$L$PI$$_c_int00_noargs
   00007a7d     000087d8     000087d4   startup_mspm0g350x_ticlang.o (.text.Reset_Handler)
DL_FlashCTL_executeCommandFromRAM  $Tramp$TT$L$PI$$DL_FlashCTL_executeCommandFromRAM
   202005e1     000087ec     00007b30   driverlib.a : dl_flashctl.o (.text.DL_FlashCTL_programMemoryFromRAM64)
                             00007f9e               : dl_flashctl.o (.text.DL_FlashCTL_eraseMemoryFromRAM)

[6 trampolines]
[12 trampoline calls]


GLOBAL SYMBOLS: SORTED ALPHABETICALLY BY Name 

address   name                                
-------   ----                                
000087c9  ADC0_IRQHandler                     
000087c9  ADC1_IRQHandler                     
20200380  ADC_VALUE                           
000087c9  AES_IRQHandler                      
00007c2d  ALARM                               
20200544  Anolog                              
000085f9  BEE_OFF                             
00008609  BEE_ON                              
000087cc  C$$EXIT                             
000087c9  CANFD0_IRQHandler                   
00006379  Calculate_Heading_Error             
00005715  Calculate_Position_Error            
00001365  Control                             
000087c9  DAC0_IRQHandler                     
00007031  DL_ADC12_setClockConfig             
000086f5  DL_Common_delayCycles               
00006b59  DL_DMA_initChannel                  
00007f91  DL_FlashCTL_eraseMemoryFromRAM      
00007b19  DL_FlashCTL_programMemoryFromRAM64  
000045e5  DL_FlashCTL_unprotectSector         
000064f9  DL_I2C_fillControllerTXFIFO         
00007171  DL_I2C_flushControllerTXFIFO        
00007af1  DL_I2C_setClockConfig               
00003f3d  DL_Timer_initFourCCPWMMode          
00004141  DL_Timer_initTimerMode              
00007ebd  DL_Timer_setCaptCompUpdateMethod    
00008249  DL_Timer_setCaptureCompareOutCtl    
00008639  DL_Timer_setCaptureCompareValue     
00007ed9  DL_Timer_setClockConfig             
00006db9  DL_UART_init                        
000085c3  DL_UART_setClockConfig              
000087c9  DMA_IRQHandler                      
000087c9  Default_Handler                     
20200516  Digtal                              
00007bed  Encoder_GetDelta                    
00007f11  Encoder_GetDistance_cm              
000079b5  Encoder_GetDistance_mm              
00005a6d  Encoder_HandleGPIOA                 
00007791  Encoder_HandleGPIOB                 
0000624d  Encoder_Init                        
00008689  Encoder_ResetDistance               
000087c9  GROUP0_IRQHandler                   
00004add  GROUP1_IRQHandler                   
00004ea5  Get_Analog_value                    
000071e9  Get_Anolog_Value                    
00008697  Get_Digtal_For_User                 
000087cd  HOSTexit                            
000087c9  HardFault_Handler                   
000087c9  I2C0_IRQHandler                     
000087c9  I2C1_IRQHandler                     
00001811  Key_Process                         
000084c1  LED_KEY_Blink_SetInterval           
000082c1  LED_KEY_Blink_Start                 
000084d5  LED_KEY_Blink_Stop                  
00007225  LED_KEY_Blink_Update                
000084e9  LED_OFF                             
000084fd  LED_ON                              
000086ff  LED_init                            
000074ad  LED_off                             
00005d09  LED_setAll                          
000074e1  LED_toggle                          
000032a5  MPU6050_Init                        
00004d29  Motor_Ctrl                          
00005835  Motor_Init                          
000087c9  NMI_Handler                         
00002b3d  No_MCU_Ganv_Sensor_Init             
00005f69  No_MCU_Ganv_Sensor_Init_Frist       
00006fed  No_Mcu_Ganv_Sensor_Task_Without_tick
00002655  PID_Calc                            
00006a19  PID_Init                            
00007261  PID_clear                           
000087c9  PendSV_Handler                      
000087c9  RTC_IRQHandler                      
00001a45  Read_Quad                           
000087d5  Reset_Handler                       
00005411  RunStraight                         
000087c9  SPI0_IRQHandler                     
000087c9  SPI1_IRQHandler                     
000087c9  SVC_Handler                         
00005fdd  SYSCFG_DL_ADC_VOLTAGE_init          
000079dd  SYSCFG_DL_DMA_CH0_init              
00005e79  SYSCFG_DL_DMA_init                  
0000248d  SYSCFG_DL_GPIO_init                 
000066c9  SYSCFG_DL_I2C_MPU6050_init          
00006721  SYSCFG_DL_I2C_OLED_init             
000058c5  SYSCFG_DL_PWM_MOTOR_init            
000075b1  SYSCFG_DL_SYSCTL_init               
000086dd  SYSCFG_DL_SYSTICK_init              
000077bd  SYSCFG_DL_TIMER_Encoder_init        
00006e01  SYSCFG_DL_UART_0_init               
00006a69  SYSCFG_DL_init                      
000054ad  SYSCFG_DL_initPower                 
000082f1  SlowForward                         
00008511  SysTick_Handler                     
00008525  SysTick_Init                        
000087c9  TIMA0_IRQHandler                    
000087c9  TIMA1_IRQHandler                    
000087c9  TIMG0_IRQHandler                    
000087c9  TIMG12_IRQHandler                   
000087c9  TIMG6_IRQHandler                    
000087c9  TIMG7_IRQHandler                    
000087c9  TIMG8_IRQHandler                    
000085d5  TI_memcpy_small                     
000086cf  TI_memset_small                     
202005b4  Tick                                
00008649  Tick_SysTickCallback                
00007a05  Tick_delay                          
00008539  Trace_Follow                        
000077e9  Trace_GoStraight                    
0000854d  Trace_Search                        
00007a2d  Trace_Stop                          
00008659  Trace_TurnDone                      
00007b3d  Trace_TurnTo                        
00003789  Trace_init                          
00003c1d  Turn_angel                          
000087c9  UART0_IRQHandler                    
000087c9  UART1_IRQHandler                    
000087c9  UART2_IRQHandler                    
000087c9  UART3_IRQHandler                    
20208000  __STACK_END                         
00000200  __STACK_SIZE                        
00000000  __TI_ATRegion0_region_sz            
00000000  __TI_ATRegion0_src_addr             
00000000  __TI_ATRegion0_trg_addr             
00000000  __TI_ATRegion1_region_sz            
00000000  __TI_ATRegion1_src_addr             
00000000  __TI_ATRegion1_trg_addr             
00000000  __TI_ATRegion2_region_sz            
00000000  __TI_ATRegion2_src_addr             
00000000  __TI_ATRegion2_trg_addr             
000096cc  __TI_CINIT_Base                     
000096dc  __TI_CINIT_Limit                    
000096dc  __TI_CINIT_Warm                     
000096b8  __TI_Handler_Table_Base             
000096c4  __TI_Handler_Table_Limit            
00006cd5  __TI_auto_init_nopinit              
00005d89  __TI_decompress_lzss                
000085e7  __TI_decompress_none                
00006779  __TI_ltoa                           
ffffffff  __TI_pprof_out_hndl                 
000000c1  __TI_printfi                        
ffffffff  __TI_prof_data_size                 
ffffffff  __TI_prof_data_start                
00000000  __TI_static_base__                  
000096e0  __TI_table_binit                    
00008679  __TI_zero_init                      
000029b3  __adddf3                            
0000479f  __addsf3                            
00009400  __aeabi_ctype_table_                
00009400  __aeabi_ctype_table_C               
00005e81  __aeabi_d2f                         
00006d6d  __aeabi_d2iz                        
000029b3  __aeabi_dadd                        
000062b1  __aeabi_dcmpeq                      
000062ed  __aeabi_dcmpge                      
00006301  __aeabi_dcmpgt                      
000062d9  __aeabi_dcmple                      
000062c5  __aeabi_dcmplt                      
00003d29  __aeabi_ddiv                        
0000441d  __aeabi_dmul                        
000029a9  __aeabi_dsub                        
202005bc  __aeabi_errno                       
00008795  __aeabi_errno_addr                  
000070b1  __aeabi_f2d                         
0000743d  __aeabi_f2iz                        
0000479f  __aeabi_fadd                        
00006315  __aeabi_fcmpeq                      
00006351  __aeabi_fcmpge                      
00006365  __aeabi_fcmpgt                      
0000633d  __aeabi_fcmple                      
00006329  __aeabi_fcmplt                      
00005c85  __aeabi_fdiv                        
00005955  __aeabi_fmul                        
00004795  __aeabi_fsub                        
00007841  __aeabi_i2d                         
0000729d  __aeabi_i2f                         
00006881  __aeabi_idiv                        
00002b3b  __aeabi_idiv0                       
00006881  __aeabi_idivmod                     
000052cb  __aeabi_ldiv0                       
00007c89  __aeabi_llsl                        
00007b85  __aeabi_lmul                        
000086e9  __aeabi_memclr                      
000086e9  __aeabi_memclr4                     
000086e9  __aeabi_memclr8                     
0000879d  __aeabi_memcpy                      
0000879d  __aeabi_memcpy4                     
0000879d  __aeabi_memcpy8                     
000086a5  __aeabi_memset                      
000086a5  __aeabi_memset4                     
000086a5  __aeabi_memset8                     
00007b61  __aeabi_ui2d                        
00007a55  __aeabi_ui2f                        
00007071  __aeabi_uidiv                       
00007071  __aeabi_uidivmod                    
00008561  __aeabi_uldivmod                    
00007c89  __ashldi3                           
000096e0  __binit__                           
000060b5  __cmpdf2                            
0000738d  __cmpsf2                            
00003d29  __divdf3                            
00005c85  __divsf3                            
000060b5  __eqdf2                             
0000738d  __eqsf2                             
000070b1  __extendsfdf2                       
00006d6d  __fixdfsi                           
0000743d  __fixsfsi                           
00007841  __floatsidf                         
0000729d  __floatsisf                         
00007b61  __floatunsidf                       
00007a55  __floatunsisf                       
00005e05  __gedf2                             
000072d9  __gesf2                             
00005e05  __gtdf2                             
000072d9  __gtsf2                             
000060b5  __ledf2                             
0000738d  __lesf2                             
000060b5  __ltdf2                             
0000738d  __ltsf2                             
UNDEFED   __mpu_init                          
0000441d  __muldf3                            
00007b85  __muldi3                            
000073c9  __muldsi3                           
00005955  __mulsf3                            
000060b5  __nedf2                             
0000738d  __nesf2                             
20207e00  __stack                             
20200000  __start___llvm_prf_bits             
20200000  __start___llvm_prf_cnts             
20200000  __stop___llvm_prf_bits              
20200000  __stop___llvm_prf_cnts              
000029a9  __subdf3                            
00004795  __subsf3                            
00005e81  __truncdfsf2                        
000052cd  __udivmoddi4                        
00007a7d  _c_int00_noargs                     
UNDEFED   _system_post_cinit                  
000087e9  _system_pre_init                    
000087c3  abort                               
202004e8  accel                               
00005af5  adc_getValue                        
00006829  adjust_white_black                  
00000a91  asin                                
00000a91  asinl                               
00000df5  atan                                
00002cc5  atan2                               
00002cc5  atan2l                              
00000df5  atanl                               
000070f1  atoi                                
202005c0  base_target_speed                   
000096e0  binit                               
20200554  black                               
00006049  convertAnalogToDigital              
00006c89  copy_in                             
202005c4  current_yaw                         
00007ca7  delay_us                            
00006e49  dmp_enable_6x_lp_quat               
000010ed  dmp_enable_feature                  
000063d9  dmp_enable_gyro_cal                 
00006e91  dmp_enable_lp_quat                  
00007f2d  dmp_load_motion_driver_firmware     
000020bd  dmp_read_fifo                       
00008575  dmp_register_android_orient_cb      
00008589  dmp_register_tap_cb                 
000055e5  dmp_set_fifo_rate                   
00002e4d  dmp_set_orientation                 
00006f65  dmp_set_shake_reject_thresh         
000075e3  dmp_set_shake_reject_time           
00007615  dmp_set_shake_reject_timeout        
00006183  dmp_set_tap_axes                    
00006fa9  dmp_set_tap_count                   
000015d9  dmp_set_tap_thresh                  
000076d9  dmp_set_tap_time                    
00007709  dmp_set_tap_time_multi              
202005d6  drive_mode                          
202005d7  enable_group1_irq                   
20200490  encL                                
202004b4  encR                                
00006611  frexp                               
00006611  frexpl                              
20200000  gPWM_MOTORBackup                    
202000bc  gTIMER_EncoderBackup                
20200460  gUART_0Backup                       
202004ee  gyro                                
202005d8  heading_relock                      
000095f0  hw                                  
00000000  interruptVectors                    
202005d9  key_pressed                         
202005c8  last_key_time                       
000046bd  ldexp                               
000046bd  ldexpl                              
202005da  long_err_flag                       
202004f8  long_pressed_key_time               
0000423d  main                                
00007ba9  memccpy                             
00007c0d  memcmp                              
20200517  more                                
20200228  motor_l                             
202002d4  motor_r                             
00006439  mpu6050_i2c_sda_unlock              
00004de9  mpu_configure_fifo                  
00005ef5  mpu_get_accel_fsr                   
00006499  mpu_get_gyro_fsr                    
00007515  mpu_get_sample_rate                 
000038b1  mpu_init                            
000039d9  mpu_load_firmware                   
00004041  mpu_lp_accel_mode                   
00003e35  mpu_read_fifo_stream                
000050c9  mpu_read_mem                        
00001c71  mpu_reset_fifo                      
00004501  mpu_set_accel_fsr                   
00002809  mpu_set_bypass                      
00004f5d  mpu_set_dmp_state                   
00004ba1  mpu_set_gyro_fsr                    
00005549  mpu_set_int_latched                 
00004941  mpu_set_lpf                         
00004331  mpu_set_sample_rate                 
00003659  mpu_set_sensors                     
00005175  mpu_write_mem                       
00007315  mspm0_delay_ms                      
0000786d  mspm0_get_clock_ms                  
00003525  mspm0_i2c_read                      
00004c65  mspm0_i2c_write                     
00005221  normalizeAnalogValues               
202004fc  pitch                               
202004d8  quat                                
00007549  readBlackFromFlash                  
0000757d  readWhiteFromFlash                  
00009570  reg                                 
20200500  roll                                
000046bd  scalbn                              
000046bd  scalbnl                             
20200178  sensor                              
20200504  sensor_timestamp                    
20200514  sensors                             
00007475  sprintf                             
00002fc5  sqrt                                
00002fc5  sqrtl                               
20200508  state                               
202005d0  target_angle                        
00003135  task3                               
00009548  test                                
2020050c  tick_ms                             
202003d0  tracking_pid                        
00007899  uart0_send_char                     
00007351  uart0_send_string                   
00008669  wcslen                              
20200574  white                               
00005015  writeToFlash                        
20200510  yaw                                 
20200418  yaw_pid                             


GLOBAL SYMBOLS: SORTED BY Symbol Address 

address   name                                
-------   ----                                
00000000  __TI_ATRegion0_region_sz            
00000000  __TI_ATRegion0_src_addr             
00000000  __TI_ATRegion0_trg_addr             
00000000  __TI_ATRegion1_region_sz            
00000000  __TI_ATRegion1_src_addr             
00000000  __TI_ATRegion1_trg_addr             
00000000  __TI_ATRegion2_region_sz            
00000000  __TI_ATRegion2_src_addr             
00000000  __TI_ATRegion2_trg_addr             
00000000  __TI_static_base__                  
00000000  interruptVectors                    
000000c1  __TI_printfi                        
00000200  __STACK_SIZE                        
00000a91  asin                                
00000a91  asinl                               
00000df5  atan                                
00000df5  atanl                               
000010ed  dmp_enable_feature                  
00001365  Control                             
000015d9  dmp_set_tap_thresh                  
00001811  Key_Process                         
00001a45  Read_Quad                           
00001c71  mpu_reset_fifo                      
000020bd  dmp_read_fifo                       
0000248d  SYSCFG_DL_GPIO_init                 
00002655  PID_Calc                            
00002809  mpu_set_bypass                      
000029a9  __aeabi_dsub                        
000029a9  __subdf3                            
000029b3  __adddf3                            
000029b3  __aeabi_dadd                        
00002b3b  __aeabi_idiv0                       
00002b3d  No_MCU_Ganv_Sensor_Init             
00002cc5  atan2                               
00002cc5  atan2l                              
00002e4d  dmp_set_orientation                 
00002fc5  sqrt                                
00002fc5  sqrtl                               
00003135  task3                               
000032a5  MPU6050_Init                        
00003525  mspm0_i2c_read                      
00003659  mpu_set_sensors                     
00003789  Trace_init                          
000038b1  mpu_init                            
000039d9  mpu_load_firmware                   
00003c1d  Turn_angel                          
00003d29  __aeabi_ddiv                        
00003d29  __divdf3                            
00003e35  mpu_read_fifo_stream                
00003f3d  DL_Timer_initFourCCPWMMode          
00004041  mpu_lp_accel_mode                   
00004141  DL_Timer_initTimerMode              
0000423d  main                                
00004331  mpu_set_sample_rate                 
0000441d  __aeabi_dmul                        
0000441d  __muldf3                            
00004501  mpu_set_accel_fsr                   
000045e5  DL_FlashCTL_unprotectSector         
000046bd  ldexp                               
000046bd  ldexpl                              
000046bd  scalbn                              
000046bd  scalbnl                             
00004795  __aeabi_fsub                        
00004795  __subsf3                            
0000479f  __addsf3                            
0000479f  __aeabi_fadd                        
00004941  mpu_set_lpf                         
00004add  GROUP1_IRQHandler                   
00004ba1  mpu_set_gyro_fsr                    
00004c65  mspm0_i2c_write                     
00004d29  Motor_Ctrl                          
00004de9  mpu_configure_fifo                  
00004ea5  Get_Analog_value                    
00004f5d  mpu_set_dmp_state                   
00005015  writeToFlash                        
000050c9  mpu_read_mem                        
00005175  mpu_write_mem                       
00005221  normalizeAnalogValues               
000052cb  __aeabi_ldiv0                       
000052cd  __udivmoddi4                        
00005411  RunStraight                         
000054ad  SYSCFG_DL_initPower                 
00005549  mpu_set_int_latched                 
000055e5  dmp_set_fifo_rate                   
00005715  Calculate_Position_Error            
00005835  Motor_Init                          
000058c5  SYSCFG_DL_PWM_MOTOR_init            
00005955  __aeabi_fmul                        
00005955  __mulsf3                            
00005a6d  Encoder_HandleGPIOA                 
00005af5  adc_getValue                        
00005c85  __aeabi_fdiv                        
00005c85  __divsf3                            
00005d09  LED_setAll                          
00005d89  __TI_decompress_lzss                
00005e05  __gedf2                             
00005e05  __gtdf2                             
00005e79  SYSCFG_DL_DMA_init                  
00005e81  __aeabi_d2f                         
00005e81  __truncdfsf2                        
00005ef5  mpu_get_accel_fsr                   
00005f69  No_MCU_Ganv_Sensor_Init_Frist       
00005fdd  SYSCFG_DL_ADC_VOLTAGE_init          
00006049  convertAnalogToDigital              
000060b5  __cmpdf2                            
000060b5  __eqdf2                             
000060b5  __ledf2                             
000060b5  __ltdf2                             
000060b5  __nedf2                             
00006183  dmp_set_tap_axes                    
0000624d  Encoder_Init                        
000062b1  __aeabi_dcmpeq                      
000062c5  __aeabi_dcmplt                      
000062d9  __aeabi_dcmple                      
000062ed  __aeabi_dcmpge                      
00006301  __aeabi_dcmpgt                      
00006315  __aeabi_fcmpeq                      
00006329  __aeabi_fcmplt                      
0000633d  __aeabi_fcmple                      
00006351  __aeabi_fcmpge                      
00006365  __aeabi_fcmpgt                      
00006379  Calculate_Heading_Error             
000063d9  dmp_enable_gyro_cal                 
00006439  mpu6050_i2c_sda_unlock              
00006499  mpu_get_gyro_fsr                    
000064f9  DL_I2C_fillControllerTXFIFO         
00006611  frexp                               
00006611  frexpl                              
000066c9  SYSCFG_DL_I2C_MPU6050_init          
00006721  SYSCFG_DL_I2C_OLED_init             
00006779  __TI_ltoa                           
00006829  adjust_white_black                  
00006881  __aeabi_idiv                        
00006881  __aeabi_idivmod                     
00006a19  PID_Init                            
00006a69  SYSCFG_DL_init                      
00006b59  DL_DMA_initChannel                  
00006c89  copy_in                             
00006cd5  __TI_auto_init_nopinit              
00006d6d  __aeabi_d2iz                        
00006d6d  __fixdfsi                           
00006db9  DL_UART_init                        
00006e01  SYSCFG_DL_UART_0_init               
00006e49  dmp_enable_6x_lp_quat               
00006e91  dmp_enable_lp_quat                  
00006f65  dmp_set_shake_reject_thresh         
00006fa9  dmp_set_tap_count                   
00006fed  No_Mcu_Ganv_Sensor_Task_Without_tick
00007031  DL_ADC12_setClockConfig             
00007071  __aeabi_uidiv                       
00007071  __aeabi_uidivmod                    
000070b1  __aeabi_f2d                         
000070b1  __extendsfdf2                       
000070f1  atoi                                
00007171  DL_I2C_flushControllerTXFIFO        
000071e9  Get_Anolog_Value                    
00007225  LED_KEY_Blink_Update                
00007261  PID_clear                           
0000729d  __aeabi_i2f                         
0000729d  __floatsisf                         
000072d9  __gesf2                             
000072d9  __gtsf2                             
00007315  mspm0_delay_ms                      
00007351  uart0_send_string                   
0000738d  __cmpsf2                            
0000738d  __eqsf2                             
0000738d  __lesf2                             
0000738d  __ltsf2                             
0000738d  __nesf2                             
000073c9  __muldsi3                           
0000743d  __aeabi_f2iz                        
0000743d  __fixsfsi                           
00007475  sprintf                             
000074ad  LED_off                             
000074e1  LED_toggle                          
00007515  mpu_get_sample_rate                 
00007549  readBlackFromFlash                  
0000757d  readWhiteFromFlash                  
000075b1  SYSCFG_DL_SYSCTL_init               
000075e3  dmp_set_shake_reject_time           
00007615  dmp_set_shake_reject_timeout        
000076d9  dmp_set_tap_time                    
00007709  dmp_set_tap_time_multi              
00007791  Encoder_HandleGPIOB                 
000077bd  SYSCFG_DL_TIMER_Encoder_init        
000077e9  Trace_GoStraight                    
00007841  __aeabi_i2d                         
00007841  __floatsidf                         
0000786d  mspm0_get_clock_ms                  
00007899  uart0_send_char                     
000079b5  Encoder_GetDistance_mm              
000079dd  SYSCFG_DL_DMA_CH0_init              
00007a05  Tick_delay                          
00007a2d  Trace_Stop                          
00007a55  __aeabi_ui2f                        
00007a55  __floatunsisf                       
00007a7d  _c_int00_noargs                     
00007af1  DL_I2C_setClockConfig               
00007b19  DL_FlashCTL_programMemoryFromRAM64  
00007b3d  Trace_TurnTo                        
00007b61  __aeabi_ui2d                        
00007b61  __floatunsidf                       
00007b85  __aeabi_lmul                        
00007b85  __muldi3                            
00007ba9  memccpy                             
00007bed  Encoder_GetDelta                    
00007c0d  memcmp                              
00007c2d  ALARM                               
00007c89  __aeabi_llsl                        
00007c89  __ashldi3                           
00007ca7  delay_us                            
00007ebd  DL_Timer_setCaptCompUpdateMethod    
00007ed9  DL_Timer_setClockConfig             
00007f11  Encoder_GetDistance_cm              
00007f2d  dmp_load_motion_driver_firmware     
00007f91  DL_FlashCTL_eraseMemoryFromRAM      
00008249  DL_Timer_setCaptureCompareOutCtl    
000082c1  LED_KEY_Blink_Start                 
000082f1  SlowForward                         
000084c1  LED_KEY_Blink_SetInterval           
000084d5  LED_KEY_Blink_Stop                  
000084e9  LED_OFF                             
000084fd  LED_ON                              
00008511  SysTick_Handler                     
00008525  SysTick_Init                        
00008539  Trace_Follow                        
0000854d  Trace_Search                        
00008561  __aeabi_uldivmod                    
00008575  dmp_register_android_orient_cb      
00008589  dmp_register_tap_cb                 
000085c3  DL_UART_setClockConfig              
000085d5  TI_memcpy_small                     
000085e7  __TI_decompress_none                
000085f9  BEE_OFF                             
00008609  BEE_ON                              
00008639  DL_Timer_setCaptureCompareValue     
00008649  Tick_SysTickCallback                
00008659  Trace_TurnDone                      
00008669  wcslen                              
00008679  __TI_zero_init                      
00008689  Encoder_ResetDistance               
00008697  Get_Digtal_For_User                 
000086a5  __aeabi_memset                      
000086a5  __aeabi_memset4                     
000086a5  __aeabi_memset8                     
000086cf  TI_memset_small                     
000086dd  SYSCFG_DL_SYSTICK_init              
000086e9  __aeabi_memclr                      
000086e9  __aeabi_memclr4                     
000086e9  __aeabi_memclr8                     
000086f5  DL_Common_delayCycles               
000086ff  LED_init                            
00008795  __aeabi_errno_addr                  
0000879d  __aeabi_memcpy                      
0000879d  __aeabi_memcpy4                     
0000879d  __aeabi_memcpy8                     
000087c3  abort                               
000087c9  ADC0_IRQHandler                     
000087c9  ADC1_IRQHandler                     
000087c9  AES_IRQHandler                      
000087c9  CANFD0_IRQHandler                   
000087c9  DAC0_IRQHandler                     
000087c9  DMA_IRQHandler                      
000087c9  Default_Handler                     
000087c9  GROUP0_IRQHandler                   
000087c9  HardFault_Handler                   
000087c9  I2C0_IRQHandler                     
000087c9  I2C1_IRQHandler                     
000087c9  NMI_Handler                         
000087c9  PendSV_Handler                      
000087c9  RTC_IRQHandler                      
000087c9  SPI0_IRQHandler                     
000087c9  SPI1_IRQHandler                     
000087c9  SVC_Handler                         
000087c9  TIMA0_IRQHandler                    
000087c9  TIMA1_IRQHandler                    
000087c9  TIMG0_IRQHandler                    
000087c9  TIMG12_IRQHandler                   
000087c9  TIMG6_IRQHandler                    
000087c9  TIMG7_IRQHandler                    
000087c9  TIMG8_IRQHandler                    
000087c9  UART0_IRQHandler                    
000087c9  UART1_IRQHandler                    
000087c9  UART2_IRQHandler                    
000087c9  UART3_IRQHandler                    
000087cc  C$$EXIT                             
000087cd  HOSTexit                            
000087d5  Reset_Handler                       
000087e9  _system_pre_init                    
00009400  __aeabi_ctype_table_                
00009400  __aeabi_ctype_table_C               
00009548  test                                
00009570  reg                                 
000095f0  hw                                  
000096b8  __TI_Handler_Table_Base             
000096c4  __TI_Handler_Table_Limit            
000096cc  __TI_CINIT_Base                     
000096dc  __TI_CINIT_Limit                    
000096dc  __TI_CINIT_Warm                     
000096e0  __TI_table_binit                    
000096e0  __binit__                           
000096e0  binit                               
20200000  __start___llvm_prf_bits             
20200000  __start___llvm_prf_cnts             
20200000  __stop___llvm_prf_bits              
20200000  __stop___llvm_prf_cnts              
20200000  gPWM_MOTORBackup                    
202000bc  gTIMER_EncoderBackup                
20200178  sensor                              
20200228  motor_l                             
202002d4  motor_r                             
20200380  ADC_VALUE                           
202003d0  tracking_pid                        
20200418  yaw_pid                             
20200460  gUART_0Backup                       
20200490  encL                                
202004b4  encR                                
202004d8  quat                                
202004e8  accel                               
202004ee  gyro                                
202004f8  long_pressed_key_time               
202004fc  pitch                               
20200500  roll                                
20200504  sensor_timestamp                    
20200508  state                               
2020050c  tick_ms                             
20200510  yaw                                 
20200514  sensors                             
20200516  Digtal                              
20200517  more                                
20200544  Anolog                              
20200554  black                               
20200574  white                               
202005b4  Tick                                
202005bc  __aeabi_errno                       
202005c0  base_target_speed                   
202005c4  current_yaw                         
202005c8  last_key_time                       
202005d0  target_angle                        
202005d6  drive_mode                          
202005d7  enable_group1_irq                   
202005d8  heading_relock                      
202005d9  key_pressed                         
202005da  long_err_flag                       
20207e00  __stack                             
20208000  __STACK_END                         
ffffffff  __TI_pprof_out_hndl                 
ffffffff  __TI_prof_data_size                 
ffffffff  __TI_prof_data_start                
UNDEFED   __mpu_init                          
UNDEFED   _system_post_cinit                  

[351 symbols]
