******************************************************************************
            TI ARM Clang Linker PC v4.0.4                      
******************************************************************************
>> Linked Tue Jul 21 20:44:08 2026

OUTPUT FILE NAME:   <diansai2024.out>
ENTRY POINT SYMBOL: "_c_int00_noargs"  address: 000051d9


MEMORY CONFIGURATION

         name            origin    length      used     unused   attr    fill
----------------------  --------  ---------  --------  --------  ----  --------
  FLASH                 00000000   00020000  00006a10  000195f0  R  X
  SRAM                  20200000   00008000  000007a5  0000785b  RW X
  BCR_CONFIG            41c00000   000000ff  00000000  000000ff  R   
  BSL_CONFIG            41c00100   00000080  00000000  00000080  R   


SEGMENT ALLOCATION MAP

run origin  load origin   length   init length attrs members
----------  ----------- ---------- ----------- ----- -------
00000000    00000000    00006958   00006958    r-x
  00000000    00000000    000000c0   000000c0    r-- .intvecs
  000000c0    000000c0    00005bd0   00005bd0    r-x .text
  00005c90    00005c90    00000cc8   00000cc8    r-- .rodata
000069b8    000069b8    00000058   00000058    r--
  000069b8    000069b8    00000048   00000048    r-- .cinit
  00006a00    00006a00    00000010   00000010    r-- .binit
20200000    20200000    00000548   00000000    rw-
  20200000    20200000    0000049d   00000000    rw- .bss
  202004a0    202004a0    000000a8   00000000    rw- .data
20200548    00006958    00000060   00000060    r-x
  20200548    00006958    00000060   00000060    r-x .TI.ramfunc
20207e00    20207e00    00000200   00000000    rw-
  20207e00    20207e00    00000200   00000000    rw- .stack


SECTION ALLOCATION MAP

 output                                  attributes/
section   page    origin      length       input sections
--------  ----  ----------  ----------   ----------------
.intvecs   0    00000000    000000c0     
                  00000000    000000c0     startup_mspm0g350x_ticlang.o (.intvecs)

.text      0    000000c0    00005bd0     
                  000000c0    00000278     inv_mpu_dmp_motion_driver.o (.text.dmp_enable_feature)
                  00000338    00000238     inv_mpu_dmp_motion_driver.o (.text.dmp_set_tap_thresh)
                  00000570    00000234     key.o (.text.Key_Process)
                  000007a4    00000230     trace.o (.text.Control)
                  000009d4    0000022c     inv_mpu.o (.text.mpu_reset_fifo)
                  00000c00    000001c0     ti_msp_dl_config.o (.text.SYSCFG_DL_GPIO_init)
                  00000dc0    000001b4     pid.o (.text.PID_Calc)
                  00000f74    000001a0     inv_mpu.o (.text.mpu_set_bypass)
                  00001114    00000192     libclang_rt.builtins.a : adddf3.S.obj (.text.adddf3_subdf3)
                  000012a6    00000002                            : aeabi_div0.c.obj (.text.__aeabi_idiv0)
                  000012a8    00000188     No_Mcu_Ganv_Grayscale_Sensor.o (.text.No_MCU_Ganv_Sensor_Init)
                  00001430    00000178     inv_mpu_dmp_motion_driver.o (.text.dmp_set_orientation)
                  000015a8    00000144     mpu6050.o (.text.MPU6050_Init)
                  000016ec    00000134     mspm0_i2c.o (.text.mspm0_i2c_read)
                  00001820    00000130     inv_mpu.o (.text.mpu_set_sensors)
                  00001950    00000128     inv_mpu.o (.text.mpu_init)
                  00001a78    00000124     inv_mpu.o (.text.mpu_load_firmware)
                  00001b9c    0000010c     libclang_rt.builtins.a : divdf3.S.obj (.text.__divdf3)
                  00001ca8    00000108     trace.o (.text.Trace_init)
                  00001db0    00000104     driverlib.a : dl_timer.o (.text.DL_Timer_initFourCCPWMMode)
                  00001eb4    00000100     inv_mpu.o (.text.mpu_lp_accel_mode)
                  00001fb4    000000fc     driverlib.a : dl_timer.o (.text.DL_Timer_initTimerMode)
                  000020b0    000000ec     inv_mpu.o (.text.mpu_set_sample_rate)
                  0000219c    000000e4     libclang_rt.builtins.a : muldf3.S.obj (.text.__muldf3)
                  00002280    000000e4     inv_mpu.o (.text.mpu_set_accel_fsr)
                  00002364    000000d8     driverlib.a : dl_flashctl.o (.text.DL_FlashCTL_unprotectSector)
                  0000243c    000000d8     libclang_rt.builtins.a : addsf3.S.obj (.text)
                  00002514    000000d4     inv_mpu.o (.text.set_int_enable)
                  000025e8    000000d0     inv_mpu.o (.text.mpu_set_lpf)
                  000026b8    000000cc     motor.o (.text.Motor_Speed_Get)
                  00002784    000000c4     trace.o (.text.GROUP1_IRQHandler)
                  00002848    000000c4     inv_mpu.o (.text.mpu_set_gyro_fsr)
                  0000290c    000000c4     mspm0_i2c.o (.text.mspm0_i2c_write)
                  000029d0    000000c0     trace.o (.text.Motor_Ctrl)
                  00002a90    000000bc     inv_mpu.o (.text.mpu_configure_fifo)
                  00002b4c    000000b8     No_Mcu_Ganv_Grayscale_Sensor.o (.text.Get_Analog_value)
                  00002c04    000000b8     inv_mpu.o (.text.mpu_set_dmp_state)
                  00002cbc    000000b4     flash.o (.text.writeToFlash)
                  00002d70    000000b0     ti_msp_dl_config.o (.text.SYSCFG_DL_initPower)
                  00002e20    000000ac     inv_mpu.o (.text.mpu_read_mem)
                  00002ecc    000000ac     inv_mpu.o (.text.mpu_write_mem)
                  00002f78    000000aa     No_Mcu_Ganv_Grayscale_Sensor.o (.text.normalizeAnalogValues)
                  00003022    00000002     --HOLE-- [fill = 0]
                  00003024    000000a0     motor.o (.text.Motor_Encoder_Update)
                  000030c4    0000009c     inv_mpu.o (.text.mpu_set_int_latched)
                  00003160    00000098     inv_mpu_dmp_motion_driver.o (.text.dmp_set_fifo_rate)
                  000031f8    00000098     main.o (.text.main)
                  00003290    00000096     mpu6050.o (.text.inv_row_2_scale)
                  00003326    00000002     --HOLE-- [fill = 0]
                  00003328    00000090     trace.o (.text.Calculate_Position_Error)
                  000033b8    00000090     motor.o (.text.Motor_Driver)
                  00003448    00000090     motor.o (.text.Motor_Init)
                  000034d8    00000090     ti_msp_dl_config.o (.text.SYSCFG_DL_PWM_MOTOR_init)
                  00003568    0000008c     libclang_rt.builtins.a : mulsf3.S.obj (.text.__mulsf3)
                  000035f4    00000088     encoder.o (.text.Encoder_HandleGPIOA)
                  0000367c    00000088     adc.o (.text.adc_getValue)
                  00003704    00000084     clock.o (.text.__NVIC_SetPriority)
                  00003788    00000084     ti_msp_dl_config.o (.text.__NVIC_SetPriority)
                  0000380c    00000082     libclang_rt.builtins.a : divsf3.S.obj (.text.__divsf3)
                  0000388e    00000002     --HOLE-- [fill = 0]
                  00003890    00000080     led.o (.text.LED_setAll)
                  00003910    0000007c     libc.a : copy_decompress_lzss.c.obj (.text:decompress:lzss)
                  0000398c    00000074     libclang_rt.builtins.a : comparedf2.c.obj (.text.__gedf2)
                  00003a00    00000074                            : truncdfsf2.S.obj (.text.__truncdfsf2)
                  00003a74    00000074     inv_mpu.o (.text.mpu_get_accel_fsr)
                  00003ae8    00000072     No_Mcu_Ganv_Grayscale_Sensor.o (.text.No_MCU_Ganv_Sensor_Init_Frist)
                  00003b5a    00000002     --HOLE-- [fill = 0]
                  00003b5c    0000006c     ti_msp_dl_config.o (.text.SYSCFG_DL_ADC_VOLTAGE_init)
                  00003bc8    0000006c     No_Mcu_Ganv_Grayscale_Sensor.o (.text.convertAnalogToDigital)
                  00003c34    00000068     libclang_rt.builtins.a : comparedf2.c.obj (.text.__ledf2)
                  00003c9c    00000066     inv_mpu_dmp_motion_driver.o (.text.dmp_set_tap_axes)
                  00003d02    00000002     --HOLE-- [fill = 0]
                  00003d04    00000064     ti_msp_dl_config.o (.text.DL_ADC12_initSingleSample)
                  00003d68    00000064     encoder.o (.text.Encoder_Init)
                  00003dcc    00000062     libclang_rt.builtins.a : aeabi_dcmp.S.obj (.text.__aeabi_dcmp)
                  00003e2e    00000002     --HOLE-- [fill = 0]
                  00003e30    00000062                            : aeabi_fcmp.S.obj (.text.__aeabi_fcmp)
                  00003e92    00000002     --HOLE-- [fill = 0]
                  00003e94    00000060     inv_mpu_dmp_motion_driver.o (.text.dmp_enable_gyro_cal)
                  00003ef4    00000060     mspm0_i2c.o (.text.mpu6050_i2c_sda_unlock)
                  00003f54    00000060     inv_mpu.o (.text.mpu_get_gyro_fsr)
                  00003fb4    0000005e     driverlib.a : dl_i2c.o (.text.DL_I2C_fillControllerTXFIFO)
                  00004012    00000002     --HOLE-- [fill = 0]
                  00004014    0000005c     mspm0_i2c.o (.text.mspm0_i2c_enable)
                  00004070    00000058     ti_msp_dl_config.o (.text.SYSCFG_DL_I2C_MPU6050_init)
                  000040c8    00000058     ti_msp_dl_config.o (.text.SYSCFG_DL_I2C_OLED_init)
                  00004120    00000058     key.o (.text.adjust_white_black)
                  00004178    00000056     libclang_rt.builtins.a : aeabi_idivmod.S.obj (.text.__aeabi_idivmod)
                  000041ce    00000002     --HOLE-- [fill = 0]
                  000041d0    00000054     ti_msp_dl_config.o (.text.SYSCFG_DL_init)
                  00004224    00000050     mspm0_i2c.o (.text.DL_GPIO_initPeripheralInputFunctionFeatures)
                  00004274    00000050     ti_msp_dl_config.o (.text.DL_GPIO_initPeripheralInputFunctionFeatures)
                  000042c4    00000050     mspm0_i2c.o (.text.DL_I2C_startControllerTransfer)
                  00004314    00000050     pid.o (.text.PID_Init)
                  00004364    00000050     clock.o (.text.SysTick_Config)
                  000043b4    00000050     ti_msp_dl_config.o (.text.SysTick_Config)
                  00004404    0000004c     driverlib.a : dl_dma.o (.text.DL_DMA_initChannel)
                  00004450    0000004c     mspm0_i2c.o (.text.DL_GPIO_initDigitalInputFeatures)
                  0000449c    0000004c     ti_msp_dl_config.o (.text.DL_GPIO_initDigitalInputFeatures)
                  000044e8    0000004c     ti_msp_dl_config.o (.text.DL_UART_setBaudRateDivisor)
                  00004534    0000004c     libc.a : cpy_tbl.c.obj (.text.copy_in)
                  00004580    0000004c            : autoinit.c.obj (.text:__TI_auto_init_nopinit)
                  000045cc    0000004a     ti_msp_dl_config.o (.text.DL_ADC12_configConversionMem)
                  00004616    00000002     --HOLE-- [fill = 0]
                  00004618    0000004a     libclang_rt.builtins.a : fixdfsi.S.obj (.text.__fixdfsi)
                  00004662    00000002     --HOLE-- [fill = 0]
                  00004664    00000048     driverlib.a : dl_uart.o (.text.DL_UART_init)
                  000046ac    00000048     ti_msp_dl_config.o (.text.SYSCFG_DL_UART_0_init)
                  000046f4    00000048     inv_mpu_dmp_motion_driver.o (.text.dmp_enable_6x_lp_quat)
                  0000473c    00000048     inv_mpu_dmp_motion_driver.o (.text.dmp_enable_lp_quat)
                  00004784    00000048     mspm0_i2c.o (.text.mspm0_i2c_disable)
                  000047cc    00000044     pid.o (.text.LimitMax)
                  00004810    00000044     inv_mpu_dmp_motion_driver.o (.text.dmp_set_shake_reject_thresh)
                  00004854    00000044     inv_mpu_dmp_motion_driver.o (.text.dmp_set_tap_count)
                  00004898    00000042     No_Mcu_Ganv_Grayscale_Sensor.o (.text.No_Mcu_Ganv_Sensor_Task_Without_tick)
                  000048da    00000002     --HOLE-- [fill = 0]
                  000048dc    00000040     driverlib.a : dl_adc12.o (.text.DL_ADC12_setClockConfig)
                  0000491c    00000040     ti_msp_dl_config.o (.text.SYSCFG_DL_UART_1_init)
                  0000495c    00000040     libclang_rt.builtins.a : aeabi_uidivmod.S.obj (.text.__aeabi_uidivmod)
                  0000499c    00000040                            : extendsfdf2.S.obj (.text.__extendsfdf2)
                  000049dc    0000003e     mpu6050.o (.text.inv_orientation_matrix_to_scalar)
                  00004a1a    00000002     --HOLE-- [fill = 0]
                  00004a1c    0000003c     driverlib.a : dl_i2c.o (.text.DL_I2C_flushControllerTXFIFO)
                  00004a58    0000003c     ti_msp_dl_config.o (.text.DL_Timer_setCounterControl)
                  00004a94    0000003c     No_Mcu_Ganv_Grayscale_Sensor.o (.text.Get_Anolog_Value)
                  00004ad0    0000003c     led.o (.text.LED_KEY_Blink_Update)
                  00004b0c    0000003c     libclang_rt.builtins.a : floatsisf.S.obj (.text.__floatsisf)
                  00004b48    0000003c                            : comparesf2.S.obj (.text.__gtsf2)
                  00004b84    0000003c     clock.o (.text.mspm0_delay_ms)
                  00004bc0    0000003c     uart.o (.text.uart0_send_string)
                  00004bfc    0000003a     libclang_rt.builtins.a : comparesf2.S.obj (.text.__eqsf2)
                  00004c36    00000002     --HOLE-- [fill = 0]
                  00004c38    0000003a                            : muldsi3.S.obj (.text.__muldsi3)
                  00004c72    00000038     motor.o (.text.Motor_Pid_Init)
                  00004caa    00000002     --HOLE-- [fill = 0]
                  00004cac    00000038     libclang_rt.builtins.a : fixsfsi.S.obj (.text.__fixsfsi)
                  00004ce4    00000034     led.o (.text.LED_off)
                  00004d18    00000034     led.o (.text.LED_toggle)
                  00004d4c    00000034     inv_mpu.o (.text.mpu_get_sample_rate)
                  00004d80    00000034     flash.o (.text.readBlackFromFlash)
                  00004db4    00000034     flash.o (.text.readWhiteFromFlash)
                  00004de8    00000032     ti_msp_dl_config.o (.text.SYSCFG_DL_SYSCTL_init)
                  00004e1a    00000032     inv_mpu_dmp_motion_driver.o (.text.dmp_set_shake_reject_time)
                  00004e4c    00000032     inv_mpu_dmp_motion_driver.o (.text.dmp_set_shake_reject_timeout)
                  00004e7e    00000002     --HOLE-- [fill = 0]
                  00004e80    00000030     ti_msp_dl_config.o (.text.DL_DMA_setTransferSize)
                  00004eb0    00000030     inv_mpu_dmp_motion_driver.o (.text.dmp_set_tap_time)
                  00004ee0    00000030     inv_mpu_dmp_motion_driver.o (.text.dmp_set_tap_time_multi)
                  00004f10    0000002c     ti_msp_dl_config.o (.text.DL_ADC12_setDMASamplesCnt)
                  00004f3c    0000002c     flash.o (.text.DL_FlashCTL_waitForCmdDone)
                  00004f68    0000002c     encoder.o (.text.Encoder_HandleGPIOB)
                  00004f94    0000002c     ti_msp_dl_config.o (.text.SYSCFG_DL_TIMER_Encoder_init)
                  00004fc0    0000002c     main.o (.text.__NVIC_EnableIRQ)
                  00004fec    0000002c     libclang_rt.builtins.a : floatsidf.S.obj (.text.__floatsidf)
                  00005018    0000002c     clock.o (.text.mspm0_get_clock_ms)
                  00005044    0000002c     uart.o (.text.uart0_send_char)
                  00005070    00000028     mspm0_i2c.o (.text.DL_Common_updateReg)
                  00005098    00000028     ti_msp_dl_config.o (.text.DL_Common_updateReg)
                  000050c0    00000028     main.o (.text.DL_DMA_setDestAddr)
                  000050e8    00000028     main.o (.text.DL_DMA_setSrcAddr)
                  00005110    00000028     ti_msp_dl_config.o (.text.DL_I2C_setControllerRXFIFOThreshold)
                  00005138    00000028     ti_msp_dl_config.o (.text.DL_I2C_setControllerTXFIFOThreshold)
                  00005160    00000028     ti_msp_dl_config.o (.text.SYSCFG_DL_DMA_CH0_init)
                  00005188    00000028     delay.o (.text.Tick_delay)
                  000051b0    00000028     libclang_rt.builtins.a : floatunsisf.S.obj (.text.__floatunsisf)
                  000051d8    00000028     libc.a : boot_cortex_m.c.obj (.text:_c_int00_noargs)
                  00005200    00000026     main.o (.text.DL_DMA_enableChannel)
                  00005226    00000026     ti_msp_dl_config.o (.text.DL_I2C_setAnalogGlitchFilterPulseWidth)
                  0000524c    00000026     driverlib.a : dl_i2c.o (.text.DL_I2C_setClockConfig)
                  00005272    00000002     --HOLE-- [fill = 0]
                  00005274    00000024                 : dl_flashctl.o (.text.DL_FlashCTL_programMemoryFromRAM64)
                  00005298    00000024     libclang_rt.builtins.a : floatunsidf.S.obj (.text.__floatunsidf)
                  000052bc    00000020     ti_msp_dl_config.o (.text.DL_GPIO_initPeripheralInputFunction)
                  000052dc    00000020     encoder.o (.text.Encoder_GetDelta)
                  000052fc    00000020     libc.a : memcmp.c.obj (.text.memcmp)
                  0000531c    0000001e     ti_msp_dl_config.o (.text.DL_UART_setOversampling)
                  0000533a    0000001e     motor.o (.text.Motor_Calc)
                  00005358    0000001e     delay.o (.text.delay_us)
                  00005376    00000002     --HOLE-- [fill = 0]
                  00005378    0000001c     ti_msp_dl_config.o (.text.DL_ADC12_enableDMA)
                  00005394    0000001c     ti_msp_dl_config.o (.text.DL_ADC12_enableDMATrigger)
                  000053b0    0000001c     main.o (.text.DL_ADC12_startConversion)
                  000053cc    0000001c     encoder.o (.text.DL_GPIO_clearInterruptStatus)
                  000053e8    0000001c     ti_msp_dl_config.o (.text.DL_GPIO_clearInterruptStatus)
                  00005404    0000001c     trace.o (.text.DL_GPIO_clearInterruptStatus)
                  00005420    0000001c     encoder.o (.text.DL_GPIO_disableInterrupt)
                  0000543c    0000001c     mspm0_i2c.o (.text.DL_GPIO_enableHiZ)
                  00005458    0000001c     ti_msp_dl_config.o (.text.DL_GPIO_enableHiZ)
                  00005474    0000001c     encoder.o (.text.DL_GPIO_enableInterrupt)
                  00005490    0000001c     ti_msp_dl_config.o (.text.DL_GPIO_enableInterrupt)
                  000054ac    0000001c     ti_msp_dl_config.o (.text.DL_GPIO_initPeripheralOutputFunction)
                  000054c8    0000001c     ti_msp_dl_config.o (.text.DL_GPIO_setLowerPinsPolarity)
                  000054e4    0000001c     mpu6050.o (.text.DL_I2C_getSDAStatus)
                  00005500    0000001c     mspm0_i2c.o (.text.DL_I2C_isControllerRXFIFOEmpty)
                  0000551c    0000001c     ti_msp_dl_config.o (.text.DL_SYSCTL_setMCLKDivider)
                  00005538    0000001c     ti_msp_dl_config.o (.text.DL_SYSCTL_setSYSOSCFreq)
                  00005554    0000001c     ti_msp_dl_config.o (.text.DL_SYSCTL_setULPCLKDivider)
                  00005570    0000001c     driverlib.a : dl_timer.o (.text.DL_Timer_setCaptCompUpdateMethod)
                  0000558c    0000001c                 : dl_timer.o (.text.DL_Timer_setClockConfig)
                  000055a8    0000001c     ti_msp_dl_config.o (.text.DL_UART_enableInterrupt)
                  000055c4    0000001c     inv_mpu_dmp_motion_driver.o (.text.dmp_load_motion_driver_firmware)
                  000055e0    00000018     ti_msp_dl_config.o (.text.DL_ADC12_enablePower)
                  000055f8    00000018     ti_msp_dl_config.o (.text.DL_ADC12_reset)
                  00005610    00000018     ti_msp_dl_config.o (.text.DL_ADC12_setSampleTime0)
                  00005628    00000018     driverlib.a : dl_flashctl.o (.text.DL_FlashCTL_eraseMemoryFromRAM)
                  00005640    00000018     mspm0_i2c.o (.text.DL_GPIO_enableOutput)
                  00005658    00000018     ti_msp_dl_config.o (.text.DL_GPIO_enableOutput)
                  00005670    00000018     ti_msp_dl_config.o (.text.DL_GPIO_enablePower)
                  00005688    00000018     mspm0_i2c.o (.text.DL_GPIO_initDigitalOutput)
                  000056a0    00000018     ti_msp_dl_config.o (.text.DL_GPIO_initDigitalOutput)
                  000056b8    00000018     ti_msp_dl_config.o (.text.DL_GPIO_reset)
                  000056d0    00000018     No_Mcu_Ganv_Grayscale_Sensor.o (.text.DL_GPIO_setPins)
                  000056e8    00000018     led.o (.text.DL_GPIO_setPins)
                  00005700    00000018     motor.o (.text.DL_GPIO_setPins)
                  00005718    00000018     mspm0_i2c.o (.text.DL_GPIO_setPins)
                  00005730    00000018     trace.o (.text.DL_GPIO_setPins)
                  00005748    00000018     ti_msp_dl_config.o (.text.DL_GPIO_setUpperPinsPolarity)
                  00005760    00000018     led.o (.text.DL_GPIO_togglePins)
                  00005778    00000018     mspm0_i2c.o (.text.DL_I2C_clearInterruptStatus)
                  00005790    00000018     ti_msp_dl_config.o (.text.DL_I2C_enableAnalogGlitchFilter)
                  000057a8    00000018     ti_msp_dl_config.o (.text.DL_I2C_enableController)
                  000057c0    00000018     ti_msp_dl_config.o (.text.DL_I2C_enableControllerClockStretching)
                  000057d8    00000018     mspm0_i2c.o (.text.DL_I2C_enablePower)
                  000057f0    00000018     ti_msp_dl_config.o (.text.DL_I2C_enablePower)
                  00005808    00000018     mspm0_i2c.o (.text.DL_I2C_getRawInterruptStatus)
                  00005820    00000018     mspm0_i2c.o (.text.DL_I2C_reset)
                  00005838    00000018     ti_msp_dl_config.o (.text.DL_I2C_reset)
                  00005850    00000018     ti_msp_dl_config.o (.text.DL_I2C_setTimerPeriod)
                  00005868    00000018     ti_msp_dl_config.o (.text.DL_SYSCTL_setBORThreshold)
                  00005880    00000018     ti_msp_dl_config.o (.text.DL_Timer_enablePower)
                  00005898    00000018     ti_msp_dl_config.o (.text.DL_Timer_reset)
                  000058b0    00000018     driverlib.a : dl_timer.o (.text.DL_Timer_setCaptureCompareOutCtl)
                  000058c8    00000018     motor.o (.text.DL_Timer_startCounter)
                  000058e0    00000018     ti_msp_dl_config.o (.text.DL_UART_enablePower)
                  000058f8    00000018     uart.o (.text.DL_UART_isBusy)
                  00005910    00000018     ti_msp_dl_config.o (.text.DL_UART_reset)
                  00005928    00000018     led.o (.text.LED_KEY_Blink_Start)
                  00005940    00000016     ti_msp_dl_config.o (.text.DL_ADC12_enableConversions)
                  00005956    00000016     encoder.o (.text.DL_GPIO_readPins)
                  0000596c    00000016     key.o (.text.DL_GPIO_readPins)
                  00005982    00000016     mspm0_i2c.o (.text.DL_GPIO_readPins)
                  00005998    00000016     trace.o (.text.DL_GPIO_readPins)
                  000059ae    00000016     mspm0_i2c.o (.text.DL_I2C_transmitControllerData)
                  000059c4    00000016     ti_msp_dl_config.o (.text.DL_UART_enable)
                  000059da    00000016     uart.o (.text.DL_UART_transmitData)
                  000059f0    00000014     No_Mcu_Ganv_Grayscale_Sensor.o (.text.DL_GPIO_clearPins)
                  00005a04    00000014     led.o (.text.DL_GPIO_clearPins)
                  00005a18    00000014     motor.o (.text.DL_GPIO_clearPins)
                  00005a2c    00000014     mspm0_i2c.o (.text.DL_GPIO_clearPins)
                  00005a40    00000014     ti_msp_dl_config.o (.text.DL_GPIO_clearPins)
                  00005a54    00000014     mspm0_i2c.o (.text.DL_I2C_getControllerStatus)
                  00005a68    00000014     mspm0_i2c.o (.text.DL_I2C_receiveControllerData)
                  00005a7c    00000014     ti_msp_dl_config.o (.text.DL_I2C_resetControllerTransfer)
                  00005a90    00000014     ti_msp_dl_config.o (.text.DL_SYSCTL_disableSYSPLL)
                  00005aa4    00000014     ti_msp_dl_config.o (.text.DL_Timer_enableClock)
                  00005ab8    00000014     ti_msp_dl_config.o (.text.DL_Timer_setCCPDirection)
                  00005acc    00000014     led.o (.text.LED_KEY_Blink_SetInterval)
                  00005ae0    00000014     led.o (.text.LED_KEY_Blink_Stop)
                  00005af4    00000014     delay.o (.text.SysTick_Handler)
                  00005b08    00000014     clock.o (.text.SysTick_Init)
                  00005b1c    00000014     inv_mpu_dmp_motion_driver.o (.text.dmp_register_android_orient_cb)
                  00005b30    00000014     inv_mpu_dmp_motion_driver.o (.text.dmp_register_tap_cb)
                  00005b44    00000012     trace.o (.text.DL_GPIO_getPendingInterrupt)
                  00005b56    00000012     driverlib.a : dl_uart.o (.text.DL_UART_setClockConfig)
                  00005b68    00000012     libc.a : memcpy16.S.obj (.text:TI_memcpy_small)
                  00005b7a    00000012            : copy_decompress_none.c.obj (.text:decompress:none)
                  00005b8c    00000010     ti_msp_dl_config.o (.text.DL_SYSCTL_disableHFXT)
                  00005b9c    00000010     motor.o (.text.DL_Timer_getTimerCount)
                  00005bac    00000010     driverlib.a : dl_timer.o (.text.DL_Timer_setCaptureCompareValue)
                  00005bbc    00000010     delay.o (.text.Tick_SysTickCallback)
                  00005bcc    00000010     libc.a : copy_zero_init.c.obj (.text:decompress:ZI)
                  00005bdc    0000000e     No_Mcu_Ganv_Grayscale_Sensor.o (.text.Get_Digtal_For_User)
                  00005bea    0000000e     mpu6050.o (.text.tap_cb)
                  00005bf8    0000000e     libc.a : memset16.S.obj (.text:TI_memset_small)
                  00005c06    0000000c     ti_msp_dl_config.o (.text.SYSCFG_DL_SYSTICK_init)
                  00005c12    00000002     --HOLE-- [fill = 0]
                  00005c14    0000000c     libclang_rt.builtins.a : aeabi_memset.S.obj (.text.__aeabi_memclr)
                  00005c20    0000000a     driverlib.a : dl_common.o (.text.DL_Common_delayCycles)
                  00005c2a    0000000a     led.o (.text.LED_init)
                  00005c34    0000000a     mpu6050.o (.text.android_orient_cb)
                  00005c3e    00000008     ti_msp_dl_config.o (.text.SYSCFG_DL_DMA_init)
                  00005c46    00000002     --HOLE-- [fill = 0]
                  00005c48    00000008     libclang_rt.builtins.a : aeabi_memcpy.S.obj (.text.__aeabi_memcpy)
                  00005c50    00000006     libc.a : exit.c.obj (.text:abort)
                  00005c56    00000004     startup_mspm0g350x_ticlang.o (.text.Default_Handler)
                  00005c5a    00000004     libsysbm.a : hostexit.c.obj (.text.HOSTexit)
                  00005c5e    00000004     startup_mspm0g350x_ticlang.o (.text.Reset_Handler)
                  00005c62    00000002     --HOLE-- [fill = 0]
                  00005c64    00000010     libc.a : boot_cortex_m.c.obj (.tramp._c_int00_noargs.1)
                  00005c74    00000004            : pre_init.c.obj (.text._system_pre_init)
                  00005c78    00000010     driverlib.a : dl_flashctl.o (.tramp.DL_FlashCTL_executeCommandFromRAM.1)
                  00005c88    00000008     --HOLE-- [fill = 0]

.TI.ramfunc 
*          0    00006958    00000060     RUN ADDR = 20200548
                  00006958    00000060     driverlib.a : dl_flashctl.o (.TI.ramfunc)

.cinit     0    000069b8    00000048     
                  000069b8    00000020     (.cinit..data.load) [load image, compression = lzss]
                  000069d8    0000000c     (__TI_handler_table)
                  000069e4    00000008     (.cinit..bss.load) [load image, compression = zero_init]
                  000069ec    00000010     (__TI_cinit_table)
                  000069fc    00000004     --HOLE-- [fill = 0]

.rodata    0    00005c90    00000cc8     
                  00005c90    00000bf6     inv_mpu_dmp_motion_driver.o (.rodata.dmp_memory)
                  00006886    00000002     ti_msp_dl_config.o (.rodata.gI2C_MPU6050ClockConfig)
                  00006888    00000028     inv_mpu.o (.rodata.test)
                  000068b0    0000001e     inv_mpu.o (.rodata.reg)
                  000068ce    00000002     ti_msp_dl_config.o (.rodata.gI2C_OLEDClockConfig)
                  000068d0    00000018     ti_msp_dl_config.o (.rodata.gDMA_CH0Config)
                  000068e8    00000014     ti_msp_dl_config.o (.rodata.gTIMER_EncoderTimerConfig)
                  000068fc    00000012     main.o (.rodata.str1.15159059442110792349.1)
                  0000690e    0000000c     inv_mpu.o (.rodata.hw)
                  0000691a    0000000a     ti_msp_dl_config.o (.rodata.gUART_0Config)
                  00006924    0000000a     ti_msp_dl_config.o (.rodata.gUART_1Config)
                  0000692e    00000002     ti_msp_dl_config.o (.rodata.gUART_0ClockConfig)
                  00006930    00000008     ti_msp_dl_config.o (.rodata.gADC_VOLTAGEClockConfig)
                  00006938    00000008     ti_msp_dl_config.o (.rodata.gPWM_MOTORConfig)
                  00006940    00000004     led.o (.rodata.LED_PINS)
                  00006944    00000004     trace.o (.rodata.str1.1565272039071364118.1)
                  00006948    00000003     ti_msp_dl_config.o (.rodata.gPWM_MOTORClockConfig)
                  0000694b    00000003     ti_msp_dl_config.o (.rodata.gTIMER_EncoderClockConfig)
                  0000694e    00000003     trace.o (.rodata.str1.14144399129217559082.1)
                  00006951    00000003     trace.o (.rodata.str1.3042740987211059966.1)
                  00006954    00000002     ti_msp_dl_config.o (.rodata.gUART_1ClockConfig)
                  00006956    00000002     --HOLE-- [fill = 0]

.init_array 
*          0    00000000    00000000     UNINITIALIZED

.binit     0    00006a00    00000010     
                  00006a00    00000010     (.binit)

.bss       0    20200000    0000049d     UNINITIALIZED
                  20200000    000000bc     (.common:gPWM_MOTORBackup)
                  202000bc    000000bc     (.common:gTIMER_EncoderBackup)
                  20200178    000000b0     (.common:sensor)
                  20200228    000000ac     (.common:motor_l)
                  202002d4    000000ac     (.common:motor_r)
                  20200380    00000050     (.common:ADC_VALUE)
                  202003d0    00000048     (.common:tracking_pid)
                  20200418    00000030     (.common:gUART_0Backup)
                  20200448    00000024     (.common:encL)
                  2020046c    00000024     (.common:encR)
                  20200490    00000004     (.common:long_pressed_key_time)
                  20200494    00000004     (.common:state)
                  20200498    00000004     (.common:tick_ms)
                  2020049c    00000001     (.common:Digtal)

.data      0    202004a0    000000a8     UNINITIALIZED
                  202004a0    0000002c     inv_mpu.o (.data.st)
                  202004cc    00000010     trace.o (.data.Anolog)
                  202004dc    00000010     trace.o (.data.black)
                  202004ec    00000010     inv_mpu_dmp_motion_driver.o (.data.dmp)
                  202004fc    00000010     trace.o (.data.white)
                  2020050c    0000000e     mpu6050.o (.data.hal)
                  2020051a    00000001     interrupt.o (.data.enable_group1_irq)
                  2020051b    00000001     key.o (.data.key_pressed)
                  2020051c    0000000c     led.o (.data.keyBlinkCtrl)
                  20200528    00000009     mpu6050.o (.data.gyro_orientation)
                  20200531    00000001     key.o (.data.long_err_flag)
                  20200532    00000002     --HOLE--
                  20200534    00000004     trace.o (.data.Control.last_loop_tick)
                  20200538    00000004     key.o (.data.Key_Process.last_blink_time)
                  2020053c    00000004     delay.o (.data.Tick)
                  20200540    00000004     trace.o (.data.base_target_speed)
                  20200544    00000004     key.o (.data.last_key_time)

.stack     0    20207e00    00000200     UNINITIALIZED
                  20207e00    00000004     libc.a : boot_cortex_m.c.obj (.stack)
                  20207e04    000001fc     --HOLE--

__llvm_prf_cnts 
*          0    20200000    00000000     UNINITIALIZED

__llvm_prf_bits 
*          0    20200000    00000000     UNINITIALIZED

MODULE SUMMARY

       Module                           code    ro data   rw data
       ------                           ----    -------   -------
    .\
       ti_msp_dl_config.o               3340    94        424    
       main.o                           342     18        0      
       startup_mspm0g350x_ticlang.o     8       192       0      
    +--+--------------------------------+-------+---------+---------+
       Total:                           3690    304       424    
                                                                 
    .\Driver\
       No_Mcu_Ganv_Grayscale_Sensor.o   1152    0         0      
       key.o                            674     0         18     
       encoder.o                        418     0         72     
       led.o                            434     4         12     
       flash.o                          328     0         0      
       adc.o                            136     0         80     
       uart.o                           150     0         0      
       delay.o                          106     0         4      
    +--+--------------------------------+-------+---------+---------+
       Total:                           3398    4         186    
                                                                 
    .\Drivers\MPU6050\
       inv_mpu_dmp_motion_driver.o      2470    3062      16     
       inv_mpu.o                        4336    82        44     
       mspm0_i2c.o                      1368    0         0      
       mpu6050.o                        588     0         23     
    +--+--------------------------------+-------+---------+---------+
       Total:                           8762    3144      83     
                                                                 
    .\Drivers\MSPM0\
       clock.o                          336     0         4      
       interrupt.o                      0       0         1      
    +--+--------------------------------+-------+---------+---------+
       Total:                           336     0         5      
                                                                 
    .\Motor\
       motor.o                          822     0         0      
    +--+--------------------------------+-------+---------+---------+
       Total:                           822     0         0      
                                                                 
    .\User\PID\
       pid.o                            584     0         0      
    +--+--------------------------------+-------+---------+---------+
       Total:                           584     0         0      
                                                                 
    .\User\trace\
       trace.o                          1448    10        649    
    +--+--------------------------------+-------+---------+---------+
       Total:                           1448    10        649    
                                                                 
    D:/ti/mspm0_sdk_2_10_00_04/source/ti/driverlib/lib/ticlang/m0p/mspm0g1x0x_g3x0x/driverlib.a
       dl_timer.o                       608     0         0      
       dl_flashctl.o                    484     0         0      
       dl_i2c.o                         192     0         0      
       dl_uart.o                        90      0         0      
       dl_dma.o                         76      0         0      
       dl_adc12.o                       64      0         0      
       dl_common.o                      10      0         0      
    +--+--------------------------------+-------+---------+---------+
       Total:                           1524    0         0      
                                                                 
    D:\ti\ccs2051\ccs\tools\compiler\ti-cgt-armllvm_4.0.4.LTS\lib\armv6m-ti-none-eabi/c/libc.a
       copy_decompress_lzss.c.obj       124     0         0      
       autoinit.c.obj                   76      0         0      
       cpy_tbl.c.obj                    76      0         0      
       boot_cortex_m.c.obj              56      0         0      
       memcmp.c.obj                     32      0         0      
       copy_decompress_none.c.obj       18      0         0      
       memcpy16.S.obj                   18      0         0      
       copy_zero_init.c.obj             16      0         0      
       memset16.S.obj                   14      0         0      
       exit.c.obj                       6       0         0      
       pre_init.c.obj                   4       0         0      
    +--+--------------------------------+-------+---------+---------+
       Total:                           440     0         0      
                                                                 
    D:\ti\ccs2051\ccs\tools\compiler\ti-cgt-armllvm_4.0.4.LTS\lib\armv6m-ti-none-eabi/c/libsysbm.a
       hostexit.c.obj                   4       0         0      
    +--+--------------------------------+-------+---------+---------+
       Total:                           4       0         0      
                                                                 
    D:\ti\ccs2051\ccs\tools\compiler\ti-cgt-armllvm_4.0.4.LTS\lib\armv6m-ti-none-eabi/libclang_rt.builtins.a
       adddf3.S.obj                     402     0         0      
       divdf3.S.obj                     268     0         0      
       muldf3.S.obj                     228     0         0      
       comparedf2.c.obj                 220     0         0      
       addsf3.S.obj                     216     0         0      
       mulsf3.S.obj                     140     0         0      
       divsf3.S.obj                     130     0         0      
       comparesf2.S.obj                 118     0         0      
       truncdfsf2.S.obj                 116     0         0      
       aeabi_dcmp.S.obj                 98      0         0      
       aeabi_fcmp.S.obj                 98      0         0      
       aeabi_idivmod.S.obj              86      0         0      
       fixdfsi.S.obj                    74      0         0      
       aeabi_uidivmod.S.obj             64      0         0      
       extendsfdf2.S.obj                64      0         0      
       floatsisf.S.obj                  60      0         0      
       muldsi3.S.obj                    58      0         0      
       fixsfsi.S.obj                    56      0         0      
       floatsidf.S.obj                  44      0         0      
       floatunsisf.S.obj                40      0         0      
       floatunsidf.S.obj                36      0         0      
       aeabi_memset.S.obj               12      0         0      
       aeabi_memcpy.S.obj               8       0         0      
       aeabi_div0.c.obj                 2       0         0      
    +--+--------------------------------+-------+---------+---------+
       Total:                           2638    0         0      
                                                                 
       Stack:                           0       0         512    
       Linker Generated:                0       84        0      
    +--+--------------------------------+-------+---------+---------+
       Grand Total:                     23646   3546      1859   


LINKER GENERATED COPY TABLES

__TI_cinit_table @ 000069ec records: 2, size/record: 8, table size: 16
	.data: load addr=000069b8, load size=00000020 bytes, run addr=202004a0, run size=000000a8 bytes, compression=lzss
	.bss: load addr=000069e4, load size=00000008 bytes, run addr=20200000, run size=0000049d bytes, compression=zero_init
binit @ 00006a00 records: 1, size/record: 12, table size: 16
	.TI.ramfunc: load addr=00006958, load size=00000060, run addr=20200548, run size=00000060, compression=none


LINKER GENERATED HANDLER TABLE

__TI_handler_table @ 000069d8 records: 3, size/record: 4, table size: 12
	index: 0, handler: __TI_decompress_lzss
	index: 1, handler: __TI_decompress_none
	index: 2, handler: __TI_zero_init


FAR CALL TRAMPOLINES

callee name               trampoline name
   callee addr  tramp addr   call addr  call info
--------------  -----------  ---------  ----------------
_c_int00_noargs           $Tramp$TT$L$PI$$_c_int00_noargs
   000051d9     00005c64     00005c5e   startup_mspm0g350x_ticlang.o (.text.Reset_Handler)
DL_FlashCTL_executeCommandFromRAM  $Tramp$TT$L$PI$$DL_FlashCTL_executeCommandFromRAM
   20200549     00005c78     0000528c   driverlib.a : dl_flashctl.o (.text.DL_FlashCTL_programMemoryFromRAM64)
                             00005636               : dl_flashctl.o (.text.DL_FlashCTL_eraseMemoryFromRAM)

[2 trampolines]
[3 trampoline calls]


GLOBAL SYMBOLS: SORTED ALPHABETICALLY BY Name 

address   name                                
-------   ----                                
00005c57  ADC0_IRQHandler                     
00005c57  ADC1_IRQHandler                     
20200380  ADC_VALUE                           
00005c57  AES_IRQHandler                      
202004cc  Anolog                              
00005c5a  C$$EXIT                             
00005c57  CANFD0_IRQHandler                   
00003329  Calculate_Position_Error            
000007a5  Control                             
00005c57  DAC0_IRQHandler                     
000048dd  DL_ADC12_setClockConfig             
00005c21  DL_Common_delayCycles               
00004405  DL_DMA_initChannel                  
00005629  DL_FlashCTL_eraseMemoryFromRAM      
00005275  DL_FlashCTL_programMemoryFromRAM64  
00002365  DL_FlashCTL_unprotectSector         
00003fb5  DL_I2C_fillControllerTXFIFO         
00004a1d  DL_I2C_flushControllerTXFIFO        
0000524d  DL_I2C_setClockConfig               
00001db1  DL_Timer_initFourCCPWMMode          
00001fb5  DL_Timer_initTimerMode              
00005571  DL_Timer_setCaptCompUpdateMethod    
000058b1  DL_Timer_setCaptureCompareOutCtl    
00005bad  DL_Timer_setCaptureCompareValue     
0000558d  DL_Timer_setClockConfig             
00004665  DL_UART_init                        
00005b57  DL_UART_setClockConfig              
00005c57  DMA_IRQHandler                      
00005c57  Default_Handler                     
2020049c  Digtal                              
000052dd  Encoder_GetDelta                    
000035f5  Encoder_HandleGPIOA                 
00004f69  Encoder_HandleGPIOB                 
00003d69  Encoder_Init                        
00005c57  GROUP0_IRQHandler                   
00002785  GROUP1_IRQHandler                   
00002b4d  Get_Analog_value                    
00004a95  Get_Anolog_Value                    
00005bdd  Get_Digtal_For_User                 
00005c5b  HOSTexit                            
00005c57  HardFault_Handler                   
00005c57  I2C0_IRQHandler                     
00005c57  I2C1_IRQHandler                     
00000571  Key_Process                         
00005acd  LED_KEY_Blink_SetInterval           
00005929  LED_KEY_Blink_Start                 
00005ae1  LED_KEY_Blink_Stop                  
00004ad1  LED_KEY_Blink_Update                
00005c2b  LED_init                            
00004ce5  LED_off                             
00003891  LED_setAll                          
00004d19  LED_toggle                          
000015a9  MPU6050_Init                        
000029d1  Motor_Ctrl                          
00003449  Motor_Init                          
00005c57  NMI_Handler                         
000012a9  No_MCU_Ganv_Sensor_Init             
00003ae9  No_MCU_Ganv_Sensor_Init_Frist       
00004899  No_Mcu_Ganv_Sensor_Task_Without_tick
00000dc1  PID_Calc                            
00004315  PID_Init                            
00005c57  PendSV_Handler                      
00005c57  RTC_IRQHandler                      
00005c5f  Reset_Handler                       
00005c57  SPI0_IRQHandler                     
00005c57  SPI1_IRQHandler                     
00005c57  SVC_Handler                         
00003b5d  SYSCFG_DL_ADC_VOLTAGE_init          
00005161  SYSCFG_DL_DMA_CH0_init              
00005c3f  SYSCFG_DL_DMA_init                  
00000c01  SYSCFG_DL_GPIO_init                 
00004071  SYSCFG_DL_I2C_MPU6050_init          
000040c9  SYSCFG_DL_I2C_OLED_init             
000034d9  SYSCFG_DL_PWM_MOTOR_init            
00004de9  SYSCFG_DL_SYSCTL_init               
00005c07  SYSCFG_DL_SYSTICK_init              
00004f95  SYSCFG_DL_TIMER_Encoder_init        
000046ad  SYSCFG_DL_UART_0_init               
0000491d  SYSCFG_DL_UART_1_init               
000041d1  SYSCFG_DL_init                      
00002d71  SYSCFG_DL_initPower                 
00005af5  SysTick_Handler                     
00005b09  SysTick_Init                        
00005c57  TIMA0_IRQHandler                    
00005c57  TIMA1_IRQHandler                    
00005c57  TIMG0_IRQHandler                    
00005c57  TIMG12_IRQHandler                   
00005c57  TIMG6_IRQHandler                    
00005c57  TIMG7_IRQHandler                    
00005c57  TIMG8_IRQHandler                    
00005b69  TI_memcpy_small                     
00005bf9  TI_memset_small                     
2020053c  Tick                                
00005bbd  Tick_SysTickCallback                
00005189  Tick_delay                          
00001ca9  Trace_init                          
00005c57  UART0_IRQHandler                    
00005c57  UART1_IRQHandler                    
00005c57  UART2_IRQHandler                    
00005c57  UART3_IRQHandler                    
20208000  __STACK_END                         
00000200  __STACK_SIZE                        
00000000  __TI_ATRegion0_region_sz            
00000000  __TI_ATRegion0_src_addr             
00000000  __TI_ATRegion0_trg_addr             
00000000  __TI_ATRegion1_region_sz            
00000000  __TI_ATRegion1_src_addr             
00000000  __TI_ATRegion1_trg_addr             
00000000  __TI_ATRegion2_region_sz            
00000000  __TI_ATRegion2_src_addr             
00000000  __TI_ATRegion2_trg_addr             
000069ec  __TI_CINIT_Base                     
000069fc  __TI_CINIT_Limit                    
000069fc  __TI_CINIT_Warm                     
000069d8  __TI_Handler_Table_Base             
000069e4  __TI_Handler_Table_Limit            
00004581  __TI_auto_init_nopinit              
00003911  __TI_decompress_lzss                
00005b7b  __TI_decompress_none                
ffffffff  __TI_pprof_out_hndl                 
ffffffff  __TI_prof_data_size                 
ffffffff  __TI_prof_data_start                
00000000  __TI_static_base__                  
00006a00  __TI_table_binit                    
00005bcd  __TI_zero_init                      
0000111f  __adddf3                            
00002447  __addsf3                            
00003a01  __aeabi_d2f                         
00004619  __aeabi_d2iz                        
0000111f  __aeabi_dadd                        
00003dcd  __aeabi_dcmpeq                      
00003e09  __aeabi_dcmpge                      
00003e1d  __aeabi_dcmpgt                      
00003df5  __aeabi_dcmple                      
00003de1  __aeabi_dcmplt                      
00001b9d  __aeabi_ddiv                        
0000219d  __aeabi_dmul                        
00001115  __aeabi_dsub                        
0000499d  __aeabi_f2d                         
00004cad  __aeabi_f2iz                        
00002447  __aeabi_fadd                        
00003e31  __aeabi_fcmpeq                      
00003e6d  __aeabi_fcmpge                      
00003e81  __aeabi_fcmpgt                      
00003e59  __aeabi_fcmple                      
00003e45  __aeabi_fcmplt                      
0000380d  __aeabi_fdiv                        
00003569  __aeabi_fmul                        
0000243d  __aeabi_fsub                        
00004fed  __aeabi_i2d                         
00004b0d  __aeabi_i2f                         
00004179  __aeabi_idiv                        
000012a7  __aeabi_idiv0                       
00004179  __aeabi_idivmod                     
00005c15  __aeabi_memclr                      
00005c15  __aeabi_memclr4                     
00005c15  __aeabi_memclr8                     
00005c49  __aeabi_memcpy                      
00005c49  __aeabi_memcpy4                     
00005c49  __aeabi_memcpy8                     
00005299  __aeabi_ui2d                        
000051b1  __aeabi_ui2f                        
0000495d  __aeabi_uidiv                       
0000495d  __aeabi_uidivmod                    
00006a00  __binit__                           
00003c35  __cmpdf2                            
00004bfd  __cmpsf2                            
00001b9d  __divdf3                            
0000380d  __divsf3                            
00003c35  __eqdf2                             
00004bfd  __eqsf2                             
0000499d  __extendsfdf2                       
00004619  __fixdfsi                           
00004cad  __fixsfsi                           
00004fed  __floatsidf                         
00004b0d  __floatsisf                         
00005299  __floatunsidf                       
000051b1  __floatunsisf                       
0000398d  __gedf2                             
00004b49  __gesf2                             
0000398d  __gtdf2                             
00004b49  __gtsf2                             
00003c35  __ledf2                             
00004bfd  __lesf2                             
00003c35  __ltdf2                             
00004bfd  __ltsf2                             
UNDEFED   __mpu_init                          
0000219d  __muldf3                            
00004c39  __muldsi3                           
00003569  __mulsf3                            
00003c35  __nedf2                             
00004bfd  __nesf2                             
20207e00  __stack                             
20200000  __start___llvm_prf_bits             
20200000  __start___llvm_prf_cnts             
20200000  __stop___llvm_prf_bits              
20200000  __stop___llvm_prf_cnts              
00001115  __subdf3                            
0000243d  __subsf3                            
00003a01  __truncdfsf2                        
000051d9  _c_int00_noargs                     
UNDEFED   _system_post_cinit                  
00005c75  _system_pre_init                    
00005c51  abort                               
0000367d  adc_getValue                        
00004121  adjust_white_black                  
20200540  base_target_speed                   
00006a00  binit                               
202004dc  black                               
00003bc9  convertAnalogToDigital              
00004535  copy_in                             
00005359  delay_us                            
000046f5  dmp_enable_6x_lp_quat               
000000c1  dmp_enable_feature                  
00003e95  dmp_enable_gyro_cal                 
0000473d  dmp_enable_lp_quat                  
000055c5  dmp_load_motion_driver_firmware     
00005b1d  dmp_register_android_orient_cb      
00005b31  dmp_register_tap_cb                 
00003161  dmp_set_fifo_rate                   
00001431  dmp_set_orientation                 
00004811  dmp_set_shake_reject_thresh         
00004e1b  dmp_set_shake_reject_time           
00004e4d  dmp_set_shake_reject_timeout        
00003c9d  dmp_set_tap_axes                    
00004855  dmp_set_tap_count                   
00000339  dmp_set_tap_thresh                  
00004eb1  dmp_set_tap_time                    
00004ee1  dmp_set_tap_time_multi              
2020051a  enable_group1_irq                   
20200448  encL                                
2020046c  encR                                
20200000  gPWM_MOTORBackup                    
202000bc  gTIMER_EncoderBackup                
20200418  gUART_0Backup                       
0000690e  hw                                  
00000000  interruptVectors                    
2020051b  key_pressed                         
20200544  last_key_time                       
20200531  long_err_flag                       
20200490  long_pressed_key_time               
000031f9  main                                
000052fd  memcmp                              
20200228  motor_l                             
202002d4  motor_r                             
00003ef5  mpu6050_i2c_sda_unlock              
00002a91  mpu_configure_fifo                  
00003a75  mpu_get_accel_fsr                   
00003f55  mpu_get_gyro_fsr                    
00004d4d  mpu_get_sample_rate                 
00001951  mpu_init                            
00001a79  mpu_load_firmware                   
00001eb5  mpu_lp_accel_mode                   
00002e21  mpu_read_mem                        
000009d5  mpu_reset_fifo                      
00002281  mpu_set_accel_fsr                   
00000f75  mpu_set_bypass                      
00002c05  mpu_set_dmp_state                   
00002849  mpu_set_gyro_fsr                    
000030c5  mpu_set_int_latched                 
000025e9  mpu_set_lpf                         
000020b1  mpu_set_sample_rate                 
00001821  mpu_set_sensors                     
00002ecd  mpu_write_mem                       
00004b85  mspm0_delay_ms                      
00005019  mspm0_get_clock_ms                  
000016ed  mspm0_i2c_read                      
0000290d  mspm0_i2c_write                     
00002f79  normalizeAnalogValues               
00004d81  readBlackFromFlash                  
00004db5  readWhiteFromFlash                  
000068b0  reg                                 
20200178  sensor                              
20200494  state                               
00006888  test                                
20200498  tick_ms                             
202003d0  tracking_pid                        
00005045  uart0_send_char                     
00004bc1  uart0_send_string                   
202004fc  white                               
00002cbd  writeToFlash                        


GLOBAL SYMBOLS: SORTED BY Symbol Address 

address   name                                
-------   ----                                
00000000  __TI_ATRegion0_region_sz            
00000000  __TI_ATRegion0_src_addr             
00000000  __TI_ATRegion0_trg_addr             
00000000  __TI_ATRegion1_region_sz            
00000000  __TI_ATRegion1_src_addr             
00000000  __TI_ATRegion1_trg_addr             
00000000  __TI_ATRegion2_region_sz            
00000000  __TI_ATRegion2_src_addr             
00000000  __TI_ATRegion2_trg_addr             
00000000  __TI_static_base__                  
00000000  interruptVectors                    
000000c1  dmp_enable_feature                  
00000200  __STACK_SIZE                        
00000339  dmp_set_tap_thresh                  
00000571  Key_Process                         
000007a5  Control                             
000009d5  mpu_reset_fifo                      
00000c01  SYSCFG_DL_GPIO_init                 
00000dc1  PID_Calc                            
00000f75  mpu_set_bypass                      
00001115  __aeabi_dsub                        
00001115  __subdf3                            
0000111f  __adddf3                            
0000111f  __aeabi_dadd                        
000012a7  __aeabi_idiv0                       
000012a9  No_MCU_Ganv_Sensor_Init             
00001431  dmp_set_orientation                 
000015a9  MPU6050_Init                        
000016ed  mspm0_i2c_read                      
00001821  mpu_set_sensors                     
00001951  mpu_init                            
00001a79  mpu_load_firmware                   
00001b9d  __aeabi_ddiv                        
00001b9d  __divdf3                            
00001ca9  Trace_init                          
00001db1  DL_Timer_initFourCCPWMMode          
00001eb5  mpu_lp_accel_mode                   
00001fb5  DL_Timer_initTimerMode              
000020b1  mpu_set_sample_rate                 
0000219d  __aeabi_dmul                        
0000219d  __muldf3                            
00002281  mpu_set_accel_fsr                   
00002365  DL_FlashCTL_unprotectSector         
0000243d  __aeabi_fsub                        
0000243d  __subsf3                            
00002447  __addsf3                            
00002447  __aeabi_fadd                        
000025e9  mpu_set_lpf                         
00002785  GROUP1_IRQHandler                   
00002849  mpu_set_gyro_fsr                    
0000290d  mspm0_i2c_write                     
000029d1  Motor_Ctrl                          
00002a91  mpu_configure_fifo                  
00002b4d  Get_Analog_value                    
00002c05  mpu_set_dmp_state                   
00002cbd  writeToFlash                        
00002d71  SYSCFG_DL_initPower                 
00002e21  mpu_read_mem                        
00002ecd  mpu_write_mem                       
00002f79  normalizeAnalogValues               
000030c5  mpu_set_int_latched                 
00003161  dmp_set_fifo_rate                   
000031f9  main                                
00003329  Calculate_Position_Error            
00003449  Motor_Init                          
000034d9  SYSCFG_DL_PWM_MOTOR_init            
00003569  __aeabi_fmul                        
00003569  __mulsf3                            
000035f5  Encoder_HandleGPIOA                 
0000367d  adc_getValue                        
0000380d  __aeabi_fdiv                        
0000380d  __divsf3                            
00003891  LED_setAll                          
00003911  __TI_decompress_lzss                
0000398d  __gedf2                             
0000398d  __gtdf2                             
00003a01  __aeabi_d2f                         
00003a01  __truncdfsf2                        
00003a75  mpu_get_accel_fsr                   
00003ae9  No_MCU_Ganv_Sensor_Init_Frist       
00003b5d  SYSCFG_DL_ADC_VOLTAGE_init          
00003bc9  convertAnalogToDigital              
00003c35  __cmpdf2                            
00003c35  __eqdf2                             
00003c35  __ledf2                             
00003c35  __ltdf2                             
00003c35  __nedf2                             
00003c9d  dmp_set_tap_axes                    
00003d69  Encoder_Init                        
00003dcd  __aeabi_dcmpeq                      
00003de1  __aeabi_dcmplt                      
00003df5  __aeabi_dcmple                      
00003e09  __aeabi_dcmpge                      
00003e1d  __aeabi_dcmpgt                      
00003e31  __aeabi_fcmpeq                      
00003e45  __aeabi_fcmplt                      
00003e59  __aeabi_fcmple                      
00003e6d  __aeabi_fcmpge                      
00003e81  __aeabi_fcmpgt                      
00003e95  dmp_enable_gyro_cal                 
00003ef5  mpu6050_i2c_sda_unlock              
00003f55  mpu_get_gyro_fsr                    
00003fb5  DL_I2C_fillControllerTXFIFO         
00004071  SYSCFG_DL_I2C_MPU6050_init          
000040c9  SYSCFG_DL_I2C_OLED_init             
00004121  adjust_white_black                  
00004179  __aeabi_idiv                        
00004179  __aeabi_idivmod                     
000041d1  SYSCFG_DL_init                      
00004315  PID_Init                            
00004405  DL_DMA_initChannel                  
00004535  copy_in                             
00004581  __TI_auto_init_nopinit              
00004619  __aeabi_d2iz                        
00004619  __fixdfsi                           
00004665  DL_UART_init                        
000046ad  SYSCFG_DL_UART_0_init               
000046f5  dmp_enable_6x_lp_quat               
0000473d  dmp_enable_lp_quat                  
00004811  dmp_set_shake_reject_thresh         
00004855  dmp_set_tap_count                   
00004899  No_Mcu_Ganv_Sensor_Task_Without_tick
000048dd  DL_ADC12_setClockConfig             
0000491d  SYSCFG_DL_UART_1_init               
0000495d  __aeabi_uidiv                       
0000495d  __aeabi_uidivmod                    
0000499d  __aeabi_f2d                         
0000499d  __extendsfdf2                       
00004a1d  DL_I2C_flushControllerTXFIFO        
00004a95  Get_Anolog_Value                    
00004ad1  LED_KEY_Blink_Update                
00004b0d  __aeabi_i2f                         
00004b0d  __floatsisf                         
00004b49  __gesf2                             
00004b49  __gtsf2                             
00004b85  mspm0_delay_ms                      
00004bc1  uart0_send_string                   
00004bfd  __cmpsf2                            
00004bfd  __eqsf2                             
00004bfd  __lesf2                             
00004bfd  __ltsf2                             
00004bfd  __nesf2                             
00004c39  __muldsi3                           
00004cad  __aeabi_f2iz                        
00004cad  __fixsfsi                           
00004ce5  LED_off                             
00004d19  LED_toggle                          
00004d4d  mpu_get_sample_rate                 
00004d81  readBlackFromFlash                  
00004db5  readWhiteFromFlash                  
00004de9  SYSCFG_DL_SYSCTL_init               
00004e1b  dmp_set_shake_reject_time           
00004e4d  dmp_set_shake_reject_timeout        
00004eb1  dmp_set_tap_time                    
00004ee1  dmp_set_tap_time_multi              
00004f69  Encoder_HandleGPIOB                 
00004f95  SYSCFG_DL_TIMER_Encoder_init        
00004fed  __aeabi_i2d                         
00004fed  __floatsidf                         
00005019  mspm0_get_clock_ms                  
00005045  uart0_send_char                     
00005161  SYSCFG_DL_DMA_CH0_init              
00005189  Tick_delay                          
000051b1  __aeabi_ui2f                        
000051b1  __floatunsisf                       
000051d9  _c_int00_noargs                     
0000524d  DL_I2C_setClockConfig               
00005275  DL_FlashCTL_programMemoryFromRAM64  
00005299  __aeabi_ui2d                        
00005299  __floatunsidf                       
000052dd  Encoder_GetDelta                    
000052fd  memcmp                              
00005359  delay_us                            
00005571  DL_Timer_setCaptCompUpdateMethod    
0000558d  DL_Timer_setClockConfig             
000055c5  dmp_load_motion_driver_firmware     
00005629  DL_FlashCTL_eraseMemoryFromRAM      
000058b1  DL_Timer_setCaptureCompareOutCtl    
00005929  LED_KEY_Blink_Start                 
00005acd  LED_KEY_Blink_SetInterval           
00005ae1  LED_KEY_Blink_Stop                  
00005af5  SysTick_Handler                     
00005b09  SysTick_Init                        
00005b1d  dmp_register_android_orient_cb      
00005b31  dmp_register_tap_cb                 
00005b57  DL_UART_setClockConfig              
00005b69  TI_memcpy_small                     
00005b7b  __TI_decompress_none                
00005bad  DL_Timer_setCaptureCompareValue     
00005bbd  Tick_SysTickCallback                
00005bcd  __TI_zero_init                      
00005bdd  Get_Digtal_For_User                 
00005bf9  TI_memset_small                     
00005c07  SYSCFG_DL_SYSTICK_init              
00005c15  __aeabi_memclr                      
00005c15  __aeabi_memclr4                     
00005c15  __aeabi_memclr8                     
00005c21  DL_Common_delayCycles               
00005c2b  LED_init                            
00005c3f  SYSCFG_DL_DMA_init                  
00005c49  __aeabi_memcpy                      
00005c49  __aeabi_memcpy4                     
00005c49  __aeabi_memcpy8                     
00005c51  abort                               
00005c57  ADC0_IRQHandler                     
00005c57  ADC1_IRQHandler                     
00005c57  AES_IRQHandler                      
00005c57  CANFD0_IRQHandler                   
00005c57  DAC0_IRQHandler                     
00005c57  DMA_IRQHandler                      
00005c57  Default_Handler                     
00005c57  GROUP0_IRQHandler                   
00005c57  HardFault_Handler                   
00005c57  I2C0_IRQHandler                     
00005c57  I2C1_IRQHandler                     
00005c57  NMI_Handler                         
00005c57  PendSV_Handler                      
00005c57  RTC_IRQHandler                      
00005c57  SPI0_IRQHandler                     
00005c57  SPI1_IRQHandler                     
00005c57  SVC_Handler                         
00005c57  TIMA0_IRQHandler                    
00005c57  TIMA1_IRQHandler                    
00005c57  TIMG0_IRQHandler                    
00005c57  TIMG12_IRQHandler                   
00005c57  TIMG6_IRQHandler                    
00005c57  TIMG7_IRQHandler                    
00005c57  TIMG8_IRQHandler                    
00005c57  UART0_IRQHandler                    
00005c57  UART1_IRQHandler                    
00005c57  UART2_IRQHandler                    
00005c57  UART3_IRQHandler                    
00005c5a  C$$EXIT                             
00005c5b  HOSTexit                            
00005c5f  Reset_Handler                       
00005c75  _system_pre_init                    
00006888  test                                
000068b0  reg                                 
0000690e  hw                                  
000069d8  __TI_Handler_Table_Base             
000069e4  __TI_Handler_Table_Limit            
000069ec  __TI_CINIT_Base                     
000069fc  __TI_CINIT_Limit                    
000069fc  __TI_CINIT_Warm                     
00006a00  __TI_table_binit                    
00006a00  __binit__                           
00006a00  binit                               
20200000  __start___llvm_prf_bits             
20200000  __start___llvm_prf_cnts             
20200000  __stop___llvm_prf_bits              
20200000  __stop___llvm_prf_cnts              
20200000  gPWM_MOTORBackup                    
202000bc  gTIMER_EncoderBackup                
20200178  sensor                              
20200228  motor_l                             
202002d4  motor_r                             
20200380  ADC_VALUE                           
202003d0  tracking_pid                        
20200418  gUART_0Backup                       
20200448  encL                                
2020046c  encR                                
20200490  long_pressed_key_time               
20200494  state                               
20200498  tick_ms                             
2020049c  Digtal                              
202004cc  Anolog                              
202004dc  black                               
202004fc  white                               
2020051a  enable_group1_irq                   
2020051b  key_pressed                         
20200531  long_err_flag                       
2020053c  Tick                                
20200540  base_target_speed                   
20200544  last_key_time                       
20207e00  __stack                             
20208000  __STACK_END                         
ffffffff  __TI_pprof_out_hndl                 
ffffffff  __TI_prof_data_size                 
ffffffff  __TI_prof_data_start                
UNDEFED   __mpu_init                          
UNDEFED   _system_post_cinit                  

[281 symbols]
