******************************************************************************
            TI ARM Clang Linker PC v4.0.4                      
******************************************************************************
>> Linked Wed Jul 29 17:33:34 2026

OUTPUT FILE NAME:   <diansai2024.out>
ENTRY POINT SYMBOL: "_c_int00_noargs"  address: 00006399


MEMORY CONFIGURATION

         name            origin    length      used     unused   attr    fill
----------------------  --------  ---------  --------  --------  ----  --------
  FLASH                 00000000   00020000  00007d10  000182f0  R  X
  SRAM                  20200000   00008000  000008d8  00007728  RW X
  BCR_CONFIG            41c00000   000000ff  00000000  000000ff  R   
  BSL_CONFIG            41c00100   00000080  00000000  00000080  R   


SEGMENT ALLOCATION MAP

run origin  load origin   length   init length attrs members
----------  ----------- ---------- ----------- ----- -------
00000000    00000000    00007c50   00007c50    r-x
  00000000    00000000    000000c0   000000c0    r-- .intvecs
  000000c0    000000c0    00006e90   00006e90    r-x .text
  00006f50    00006f50    00000d00   00000d00    r-- .rodata
00007cb0    00007cb0    00000060   00000060    r--
  00007cb0    00007cb0    00000050   00000050    r-- .cinit
  00007d00    00007d00    00000010   00000010    r-- .binit
20200000    20200000    00000678   00000000    rw-
  20200000    20200000    000005bc   00000000    rw- .bss
  202005bc    202005bc    000000bc   00000000    rw- .data
20200678    00007c50    00000060   00000060    r-x
  20200678    00007c50    00000060   00000060    r-x .TI.ramfunc
20207e00    20207e00    00000200   00000000    rw-
  20207e00    20207e00    00000200   00000000    rw- .stack


SECTION ALLOCATION MAP

 output                                  attributes/
section   page    origin      length       input sections
--------  ----  ----------  ----------   ----------------
.intvecs   0    00000000    000000c0     
                  00000000    000000c0     startup_mspm0g350x_ticlang.o (.intvecs)

.text      0    000000c0    00006e90     
                  000000c0    00000364     libc.a : e_asin.c.obj (.text.asin)
                  00000424    000002f8            : s_atan.c.obj (.text.atan)
                  0000071c    00000278     inv_mpu_dmp_motion_driver.o (.text.dmp_enable_feature)
                  00000994    00000238     inv_mpu_dmp_motion_driver.o (.text.dmp_set_tap_thresh)
                  00000bcc    00000234     key.o (.text.Key_Process)
                  00000e00    0000022c     mpu6050.o (.text.Read_Quad)
                  0000102c    0000022c     inv_mpu.o (.text.mpu_reset_fifo)
                  00001258    000001f4     inv_mpu_dmp_motion_driver.o (.text.dmp_read_fifo)
                  0000144c    000001b4     pid.o (.text.PID_Calc)
                  00001600    000001ac     ti_msp_dl_config.o (.text.SYSCFG_DL_GPIO_init)
                  000017ac    000001a0     inv_mpu.o (.text.mpu_set_bypass)
                  0000194c    00000192     libclang_rt.builtins.a : adddf3.S.obj (.text.adddf3_subdf3)
                  00001ade    00000002                            : aeabi_div0.c.obj (.text.__aeabi_idiv0)
                  00001ae0    00000188     No_Mcu_Ganv_Grayscale_Sensor.o (.text.No_MCU_Ganv_Sensor_Init)
                  00001c68    00000188     libc.a : e_atan2.c.obj (.text.atan2)
                  00001df0    00000184     trace.o (.text.Control)
                  00001f74    00000178     inv_mpu_dmp_motion_driver.o (.text.dmp_set_orientation)
                  000020ec    00000170     libc.a : e_sqrt.c.obj (.text.sqrt)
                  0000225c    00000144     mpu6050.o (.text.MPU6050_Init)
                  000023a0    00000134     mspm0_i2c.o (.text.mspm0_i2c_read)
                  000024d4    00000130     inv_mpu.o (.text.mpu_set_sensors)
                  00002604    0000012c     trace.o (.text.Trace_init)
                  00002730    00000128     inv_mpu.o (.text.mpu_init)
                  00002858    00000124     inv_mpu.o (.text.mpu_load_firmware)
                  0000297c    0000010c     trace.o (.text.Turn_angel)
                  00002a88    0000010c     libclang_rt.builtins.a : divdf3.S.obj (.text.__divdf3)
                  00002b94    00000108     inv_mpu.o (.text.mpu_read_fifo_stream)
                  00002c9c    00000104     driverlib.a : dl_timer.o (.text.DL_Timer_initFourCCPWMMode)
                  00002da0    00000100     inv_mpu.o (.text.mpu_lp_accel_mode)
                  00002ea0    000000fc     driverlib.a : dl_timer.o (.text.DL_Timer_initTimerMode)
                  00002f9c    000000ec     inv_mpu.o (.text.mpu_set_sample_rate)
                  00003088    000000e4     libclang_rt.builtins.a : muldf3.S.obj (.text.__muldf3)
                  0000316c    000000e4     inv_mpu.o (.text.mpu_set_accel_fsr)
                  00003250    000000d8     driverlib.a : dl_flashctl.o (.text.DL_FlashCTL_unprotectSector)
                  00003328    000000d8     libclang_rt.builtins.a : addsf3.S.obj (.text)
                  00003400    000000d4     inv_mpu.o (.text.set_int_enable)
                  000034d4    000000d0     inv_mpu.o (.text.mpu_set_lpf)
                  000035a4    000000cc     motor.o (.text.Motor_Speed_Get)
                  00003670    000000c4     trace.o (.text.GROUP1_IRQHandler)
                  00003734    000000c4     inv_mpu.o (.text.mpu_set_gyro_fsr)
                  000037f8    000000c4     mspm0_i2c.o (.text.mspm0_i2c_write)
                  000038bc    000000c0     trace.o (.text.Motor_Ctrl)
                  0000397c    000000bc     inv_mpu.o (.text.mpu_configure_fifo)
                  00003a38    000000b8     No_Mcu_Ganv_Grayscale_Sensor.o (.text.Get_Analog_value)
                  00003af0    000000b8     inv_mpu.o (.text.mpu_set_dmp_state)
                  00003ba8    000000b4     main.o (.text.main)
                  00003c5c    000000b4     flash.o (.text.writeToFlash)
                  00003d10    000000ac     inv_mpu.o (.text.mpu_read_mem)
                  00003dbc    000000ac     inv_mpu.o (.text.mpu_write_mem)
                  00003e68    000000aa     No_Mcu_Ganv_Grayscale_Sensor.o (.text.normalizeAnalogValues)
                  00003f12    00000002     --HOLE-- [fill = 0]
                  00003f14    000000a0     motor.o (.text.Motor_Encoder_Update)
                  00003fb4    0000009c     trace.o (.text.RunStraight)
                  00004050    0000009c     ti_msp_dl_config.o (.text.SYSCFG_DL_initPower)
                  000040ec    0000009c     inv_mpu.o (.text.mpu_set_int_latched)
                  00004188    00000098     inv_mpu_dmp_motion_driver.o (.text.dmp_set_fifo_rate)
                  00004220    00000096     mpu6050.o (.text.inv_row_2_scale)
                  000042b6    00000002     --HOLE-- [fill = 0]
                  000042b8    00000090     trace.o (.text.Calculate_Position_Error)
                  00004348    00000090     motor.o (.text.Motor_Driver)
                  000043d8    00000090     motor.o (.text.Motor_Init)
                  00004468    00000090     ti_msp_dl_config.o (.text.SYSCFG_DL_PWM_MOTOR_init)
                  000044f8    0000008c     libclang_rt.builtins.a : mulsf3.S.obj (.text.__mulsf3)
                  00004584    0000008c     inv_mpu_dmp_motion_driver.o (.text.decode_gesture)
                  00004610    00000088     encoder.o (.text.Encoder_HandleGPIOA)
                  00004698    00000088     adc.o (.text.adc_getValue)
                  00004720    00000084     clock.o (.text.__NVIC_SetPriority)
                  000047a4    00000084     ti_msp_dl_config.o (.text.__NVIC_SetPriority)
                  00004828    00000082     libclang_rt.builtins.a : divsf3.S.obj (.text.__divsf3)
                  000048aa    00000002     --HOLE-- [fill = 0]
                  000048ac    00000080     balance.o (.text.Balance_Init)
                  0000492c    00000080     led.o (.text.LED_setAll)
                  000049ac    0000007c     libc.a : copy_decompress_lzss.c.obj (.text:decompress:lzss)
                  00004a28    00000074     libclang_rt.builtins.a : comparedf2.c.obj (.text.__gedf2)
                  00004a9c    00000004     startup_mspm0g350x_ticlang.o (.text.Default_Handler)
                  00004aa0    00000074     libclang_rt.builtins.a : truncdfsf2.S.obj (.text.__truncdfsf2)
                  00004b14    00000074     inv_mpu.o (.text.mpu_get_accel_fsr)
                  00004b88    00000072     No_Mcu_Ganv_Grayscale_Sensor.o (.text.No_MCU_Ganv_Sensor_Init_Frist)
                  00004bfa    00000002     --HOLE-- [fill = 0]
                  00004bfc    0000006c     ti_msp_dl_config.o (.text.SYSCFG_DL_ADC_VOLTAGE_init)
                  00004c68    0000006c     No_Mcu_Ganv_Grayscale_Sensor.o (.text.convertAnalogToDigital)
                  00004cd4    00000068     libclang_rt.builtins.a : comparedf2.c.obj (.text.__ledf2)
                  00004d3c    00000066     inv_mpu_dmp_motion_driver.o (.text.dmp_set_tap_axes)
                  00004da2    00000002     --HOLE-- [fill = 0]
                  00004da4    00000064     ti_msp_dl_config.o (.text.DL_ADC12_initSingleSample)
                  00004e08    00000064     encoder.o (.text.Encoder_Init)
                  00004e6c    00000064     ti_msp_dl_config.o (.text.SYSCFG_DL_PWM_Servo_init)
                  00004ed0    00000062     libclang_rt.builtins.a : aeabi_dcmp.S.obj (.text.__aeabi_dcmp)
                  00004f32    00000002     --HOLE-- [fill = 0]
                  00004f34    00000062                            : aeabi_fcmp.S.obj (.text.__aeabi_fcmp)
                  00004f96    00000002     --HOLE-- [fill = 0]
                  00004f98    00000060     trace.o (.text.Calculate_Heading_Error)
                  00004ff8    00000060     inv_mpu_dmp_motion_driver.o (.text.dmp_enable_gyro_cal)
                  00005058    00000060     mspm0_i2c.o (.text.mpu6050_i2c_sda_unlock)
                  000050b8    00000060     inv_mpu.o (.text.mpu_get_gyro_fsr)
                  00005118    0000005e     driverlib.a : dl_i2c.o (.text.DL_I2C_fillControllerTXFIFO)
                  00005176    00000002     --HOLE-- [fill = 0]
                  00005178    0000005c     mspm0_i2c.o (.text.mspm0_i2c_enable)
                  000051d4    00000058     ti_msp_dl_config.o (.text.SYSCFG_DL_I2C_MPU6050_init)
                  0000522c    00000058     key.o (.text.adjust_white_black)
                  00005284    00000056     libclang_rt.builtins.a : aeabi_idivmod.S.obj (.text.__aeabi_idivmod)
                  000052da    00000002     --HOLE-- [fill = 0]
                  000052dc    00000050     mspm0_i2c.o (.text.DL_GPIO_initPeripheralInputFunctionFeatures)
                  0000532c    00000050     ti_msp_dl_config.o (.text.DL_GPIO_initPeripheralInputFunctionFeatures)
                  0000537c    00000050     mspm0_i2c.o (.text.DL_I2C_startControllerTransfer)
                  000053cc    00000050     pid.o (.text.PID_Init)
                  0000541c    00000050     ti_msp_dl_config.o (.text.SYSCFG_DL_init)
                  0000546c    00000050     clock.o (.text.SysTick_Config)
                  000054bc    00000050     ti_msp_dl_config.o (.text.SysTick_Config)
                  0000550c    0000004c     driverlib.a : dl_dma.o (.text.DL_DMA_initChannel)
                  00005558    0000004c     mspm0_i2c.o (.text.DL_GPIO_initDigitalInputFeatures)
                  000055a4    0000004c     ti_msp_dl_config.o (.text.DL_GPIO_initDigitalInputFeatures)
                  000055f0    0000004c     ti_msp_dl_config.o (.text.DL_UART_setBaudRateDivisor)
                  0000563c    0000004c     libc.a : cpy_tbl.c.obj (.text.copy_in)
                  00005688    0000004c            : autoinit.c.obj (.text:__TI_auto_init_nopinit)
                  000056d4    0000004a     ti_msp_dl_config.o (.text.DL_ADC12_configConversionMem)
                  0000571e    00000002     --HOLE-- [fill = 0]
                  00005720    0000004a     libclang_rt.builtins.a : fixdfsi.S.obj (.text.__fixdfsi)
                  0000576a    00000002     --HOLE-- [fill = 0]
                  0000576c    00000048     driverlib.a : dl_uart.o (.text.DL_UART_init)
                  000057b4    00000048     ti_msp_dl_config.o (.text.SYSCFG_DL_UART_k230_init)
                  000057fc    00000048     inv_mpu_dmp_motion_driver.o (.text.dmp_enable_6x_lp_quat)
                  00005844    00000048     inv_mpu_dmp_motion_driver.o (.text.dmp_enable_lp_quat)
                  0000588c    00000048     mspm0_i2c.o (.text.mspm0_i2c_disable)
                  000058d4    00000044     pid.o (.text.LimitMax)
                  00005918    00000044     inv_mpu_dmp_motion_driver.o (.text.dmp_set_shake_reject_thresh)
                  0000595c    00000044     inv_mpu_dmp_motion_driver.o (.text.dmp_set_tap_count)
                  000059a0    00000042     No_Mcu_Ganv_Grayscale_Sensor.o (.text.No_Mcu_Ganv_Sensor_Task_Without_tick)
                  000059e2    00000002     --HOLE-- [fill = 0]
                  000059e4    00000040     driverlib.a : dl_adc12.o (.text.DL_ADC12_setClockConfig)
                  00005a24    00000040     libclang_rt.builtins.a : aeabi_uidivmod.S.obj (.text.__aeabi_uidivmod)
                  00005a64    00000040                            : extendsfdf2.S.obj (.text.__extendsfdf2)
                  00005aa4    0000003e     mpu6050.o (.text.inv_orientation_matrix_to_scalar)
                  00005ae2    00000002     --HOLE-- [fill = 0]
                  00005ae4    0000003c     driverlib.a : dl_i2c.o (.text.DL_I2C_flushControllerTXFIFO)
                  00005b20    0000003c     ti_msp_dl_config.o (.text.DL_Timer_setCounterControl)
                  00005b5c    0000003c     No_Mcu_Ganv_Grayscale_Sensor.o (.text.Get_Anolog_Value)
                  00005b98    0000003c     led.o (.text.LED_KEY_Blink_Update)
                  00005bd4    0000003c     pid.o (.text.PID_clear)
                  00005c10    0000003c     libclang_rt.builtins.a : floatsisf.S.obj (.text.__floatsisf)
                  00005c4c    0000003c                            : comparesf2.S.obj (.text.__gtsf2)
                  00005c88    0000003c     clock.o (.text.mspm0_delay_ms)
                  00005cc4    0000003c     Task.o (.text.task1)
                  00005d00    0000003c     uart.o (.text.uart0_send_string)
                  00005d3c    0000003a     libclang_rt.builtins.a : comparesf2.S.obj (.text.__eqsf2)
                  00005d76    00000002     --HOLE-- [fill = 0]
                  00005d78    0000003a                            : muldsi3.S.obj (.text.__muldsi3)
                  00005db2    00000038     motor.o (.text.Motor_Pid_Init)
                  00005dea    00000002     --HOLE-- [fill = 0]
                  00005dec    00000038     libclang_rt.builtins.a : fixsfsi.S.obj (.text.__fixsfsi)
                  00005e24    00000034     led.o (.text.LED_off)
                  00005e58    00000034     led.o (.text.LED_toggle)
                  00005e8c    00000034     inv_mpu.o (.text.mpu_get_sample_rate)
                  00005ec0    00000034     flash.o (.text.readBlackFromFlash)
                  00005ef4    00000034     flash.o (.text.readWhiteFromFlash)
                  00005f28    00000032     ti_msp_dl_config.o (.text.SYSCFG_DL_SYSCTL_init)
                  00005f5a    00000032     inv_mpu_dmp_motion_driver.o (.text.dmp_set_shake_reject_time)
                  00005f8c    00000032     inv_mpu_dmp_motion_driver.o (.text.dmp_set_shake_reject_timeout)
                  00005fbe    00000002     --HOLE-- [fill = 0]
                  00005fc0    00000030     ti_msp_dl_config.o (.text.DL_DMA_setTransferSize)
                  00005ff0    00000030     Task.o (.text.GetDistance)
                  00006020    00000030     inv_mpu_dmp_motion_driver.o (.text.dmp_set_tap_time)
                  00006050    00000030     inv_mpu_dmp_motion_driver.o (.text.dmp_set_tap_time_multi)
                  00006080    0000002c     ti_msp_dl_config.o (.text.DL_ADC12_setDMASamplesCnt)
                  000060ac    0000002c     flash.o (.text.DL_FlashCTL_waitForCmdDone)
                  000060d8    0000002c     encoder.o (.text.Encoder_HandleGPIOB)
                  00006104    0000002c     ti_msp_dl_config.o (.text.SYSCFG_DL_TIMER_Encoder_init)
                  00006130    0000002c     main.o (.text.__NVIC_EnableIRQ)
                  0000615c    0000002c     libclang_rt.builtins.a : floatsidf.S.obj (.text.__floatsidf)
                  00006188    0000002c     clock.o (.text.mspm0_get_clock_ms)
                  000061b4    0000002c     uart.o (.text.uart0_send_char)
                  000061e0    00000028     mspm0_i2c.o (.text.DL_Common_updateReg)
                  00006208    00000028     ti_msp_dl_config.o (.text.DL_Common_updateReg)
                  00006230    00000028     main.o (.text.DL_DMA_setDestAddr)
                  00006258    00000028     main.o (.text.DL_DMA_setSrcAddr)
                  00006280    00000028     ti_msp_dl_config.o (.text.DL_I2C_setControllerRXFIFOThreshold)
                  000062a8    00000028     ti_msp_dl_config.o (.text.DL_I2C_setControllerTXFIFOThreshold)
                  000062d0    00000028     Distance.o (.text.Encoder_GetDistance_mm)
                  000062f8    00000028     ti_msp_dl_config.o (.text.SYSCFG_DL_DMA_CH0_init)
                  00006320    00000028     delay.o (.text.Tick_delay)
                  00006348    00000028     Task.o (.text.Trace_Stop)
                  00006370    00000028     libclang_rt.builtins.a : floatunsisf.S.obj (.text.__floatunsisf)
                  00006398    00000028     libc.a : boot_cortex_m.c.obj (.text:_c_int00_noargs)
                  000063c0    00000026     main.o (.text.DL_DMA_enableChannel)
                  000063e6    00000026     ti_msp_dl_config.o (.text.DL_I2C_setAnalogGlitchFilterPulseWidth)
                  0000640c    00000026     driverlib.a : dl_i2c.o (.text.DL_I2C_setClockConfig)
                  00006432    00000002     --HOLE-- [fill = 0]
                  00006434    00000024                 : dl_flashctl.o (.text.DL_FlashCTL_programMemoryFromRAM64)
                  00006458    00000024     libclang_rt.builtins.a : floatunsidf.S.obj (.text.__floatunsidf)
                  0000647c    00000020     ti_msp_dl_config.o (.text.DL_GPIO_initPeripheralInputFunction)
                  0000649c    00000020     encoder.o (.text.Encoder_GetDelta)
                  000064bc    00000020     libc.a : memcmp.c.obj (.text.memcmp)
                  000064dc    0000001e     ti_msp_dl_config.o (.text.DL_UART_setOversampling)
                  000064fa    0000001e     motor.o (.text.Motor_Calc)
                  00006518    0000001e     delay.o (.text.delay_us)
                  00006536    00000002     --HOLE-- [fill = 0]
                  00006538    0000001c     ti_msp_dl_config.o (.text.DL_ADC12_enableDMA)
                  00006554    0000001c     ti_msp_dl_config.o (.text.DL_ADC12_enableDMATrigger)
                  00006570    0000001c     main.o (.text.DL_ADC12_startConversion)
                  0000658c    0000001c     encoder.o (.text.DL_GPIO_clearInterruptStatus)
                  000065a8    0000001c     ti_msp_dl_config.o (.text.DL_GPIO_clearInterruptStatus)
                  000065c4    0000001c     trace.o (.text.DL_GPIO_clearInterruptStatus)
                  000065e0    0000001c     encoder.o (.text.DL_GPIO_disableInterrupt)
                  000065fc    0000001c     mspm0_i2c.o (.text.DL_GPIO_enableHiZ)
                  00006618    0000001c     ti_msp_dl_config.o (.text.DL_GPIO_enableHiZ)
                  00006634    0000001c     encoder.o (.text.DL_GPIO_enableInterrupt)
                  00006650    0000001c     ti_msp_dl_config.o (.text.DL_GPIO_enableInterrupt)
                  0000666c    0000001c     ti_msp_dl_config.o (.text.DL_GPIO_initPeripheralOutputFunction)
                  00006688    0000001c     ti_msp_dl_config.o (.text.DL_GPIO_setLowerPinsPolarity)
                  000066a4    0000001c     mpu6050.o (.text.DL_I2C_getSDAStatus)
                  000066c0    0000001c     mspm0_i2c.o (.text.DL_I2C_isControllerRXFIFOEmpty)
                  000066dc    0000001c     ti_msp_dl_config.o (.text.DL_SYSCTL_setMCLKDivider)
                  000066f8    0000001c     ti_msp_dl_config.o (.text.DL_SYSCTL_setSYSOSCFreq)
                  00006714    0000001c     ti_msp_dl_config.o (.text.DL_SYSCTL_setULPCLKDivider)
                  00006730    0000001c     driverlib.a : dl_timer.o (.text.DL_Timer_setCaptCompUpdateMethod)
                  0000674c    0000001c                 : dl_timer.o (.text.DL_Timer_setClockConfig)
                  00006768    0000001c     ti_msp_dl_config.o (.text.DL_UART_enableInterrupt)
                  00006784    0000001c     Distance.o (.text.Encoder_GetDistance_cm)
                  000067a0    0000001c     inv_mpu_dmp_motion_driver.o (.text.dmp_load_motion_driver_firmware)
                  000067bc    00000018     ti_msp_dl_config.o (.text.DL_ADC12_enablePower)
                  000067d4    00000018     ti_msp_dl_config.o (.text.DL_ADC12_reset)
                  000067ec    00000018     ti_msp_dl_config.o (.text.DL_ADC12_setSampleTime0)
                  00006804    00000018     driverlib.a : dl_flashctl.o (.text.DL_FlashCTL_eraseMemoryFromRAM)
                  0000681c    00000018     mspm0_i2c.o (.text.DL_GPIO_enableOutput)
                  00006834    00000018     ti_msp_dl_config.o (.text.DL_GPIO_enableOutput)
                  0000684c    00000018     ti_msp_dl_config.o (.text.DL_GPIO_enablePower)
                  00006864    00000018     mspm0_i2c.o (.text.DL_GPIO_initDigitalOutput)
                  0000687c    00000018     ti_msp_dl_config.o (.text.DL_GPIO_initDigitalOutput)
                  00006894    00000018     ti_msp_dl_config.o (.text.DL_GPIO_reset)
                  000068ac    00000018     No_Mcu_Ganv_Grayscale_Sensor.o (.text.DL_GPIO_setPins)
                  000068c4    00000018     led.o (.text.DL_GPIO_setPins)
                  000068dc    00000018     motor.o (.text.DL_GPIO_setPins)
                  000068f4    00000018     mspm0_i2c.o (.text.DL_GPIO_setPins)
                  0000690c    00000018     ti_msp_dl_config.o (.text.DL_GPIO_setPins)
                  00006924    00000018     trace.o (.text.DL_GPIO_setPins)
                  0000693c    00000018     ti_msp_dl_config.o (.text.DL_GPIO_setUpperPinsPolarity)
                  00006954    00000018     led.o (.text.DL_GPIO_togglePins)
                  0000696c    00000018     mspm0_i2c.o (.text.DL_I2C_clearInterruptStatus)
                  00006984    00000018     ti_msp_dl_config.o (.text.DL_I2C_enableAnalogGlitchFilter)
                  0000699c    00000018     ti_msp_dl_config.o (.text.DL_I2C_enableController)
                  000069b4    00000018     ti_msp_dl_config.o (.text.DL_I2C_enableControllerClockStretching)
                  000069cc    00000018     mspm0_i2c.o (.text.DL_I2C_enablePower)
                  000069e4    00000018     ti_msp_dl_config.o (.text.DL_I2C_enablePower)
                  000069fc    00000018     mspm0_i2c.o (.text.DL_I2C_getRawInterruptStatus)
                  00006a14    00000018     mspm0_i2c.o (.text.DL_I2C_reset)
                  00006a2c    00000018     ti_msp_dl_config.o (.text.DL_I2C_reset)
                  00006a44    00000018     ti_msp_dl_config.o (.text.DL_I2C_setTimerPeriod)
                  00006a5c    00000018     ti_msp_dl_config.o (.text.DL_SYSCTL_setBORThreshold)
                  00006a74    00000018     ti_msp_dl_config.o (.text.DL_Timer_enablePower)
                  00006a8c    00000018     ti_msp_dl_config.o (.text.DL_Timer_reset)
                  00006aa4    00000018     driverlib.a : dl_timer.o (.text.DL_Timer_setCaptureCompareOutCtl)
                  00006abc    00000018     motor.o (.text.DL_Timer_startCounter)
                  00006ad4    00000018     ti_msp_dl_config.o (.text.DL_UART_enablePower)
                  00006aec    00000018     uart.o (.text.DL_UART_isBusy)
                  00006b04    00000018     ti_msp_dl_config.o (.text.DL_UART_reset)
                  00006b1c    00000018     led.o (.text.LED_KEY_Blink_Start)
                  00006b34    00000018     trace.o (.text.SlowForward)
                  00006b4c    00000018     Task.o (.text.UART3_IRQHandler)
                  00006b64    00000016     ti_msp_dl_config.o (.text.DL_ADC12_enableConversions)
                  00006b7a    00000016     encoder.o (.text.DL_GPIO_readPins)
                  00006b90    00000016     key.o (.text.DL_GPIO_readPins)
                  00006ba6    00000016     mspm0_i2c.o (.text.DL_GPIO_readPins)
                  00006bbc    00000016     trace.o (.text.DL_GPIO_readPins)
                  00006bd2    00000016     mspm0_i2c.o (.text.DL_I2C_transmitControllerData)
                  00006be8    00000016     ti_msp_dl_config.o (.text.DL_UART_enable)
                  00006bfe    00000016     uart.o (.text.DL_UART_transmitData)
                  00006c14    00000014     No_Mcu_Ganv_Grayscale_Sensor.o (.text.DL_GPIO_clearPins)
                  00006c28    00000014     led.o (.text.DL_GPIO_clearPins)
                  00006c3c    00000014     motor.o (.text.DL_GPIO_clearPins)
                  00006c50    00000014     mspm0_i2c.o (.text.DL_GPIO_clearPins)
                  00006c64    00000014     ti_msp_dl_config.o (.text.DL_GPIO_clearPins)
                  00006c78    00000014     mspm0_i2c.o (.text.DL_I2C_getControllerStatus)
                  00006c8c    00000014     mspm0_i2c.o (.text.DL_I2C_receiveControllerData)
                  00006ca0    00000014     ti_msp_dl_config.o (.text.DL_I2C_resetControllerTransfer)
                  00006cb4    00000014     ti_msp_dl_config.o (.text.DL_SYSCTL_disableSYSPLL)
                  00006cc8    00000014     ti_msp_dl_config.o (.text.DL_Timer_enableClock)
                  00006cdc    00000014     ti_msp_dl_config.o (.text.DL_Timer_setCCPDirection)
                  00006cf0    00000014     led.o (.text.LED_KEY_Blink_SetInterval)
                  00006d04    00000014     led.o (.text.LED_KEY_Blink_Stop)
                  00006d18    00000014     delay.o (.text.SysTick_Handler)
                  00006d2c    00000014     clock.o (.text.SysTick_Init)
                  00006d40    00000014     Task.o (.text.Trace_Follow)
                  00006d54    00000014     inv_mpu_dmp_motion_driver.o (.text.dmp_register_android_orient_cb)
                  00006d68    00000014     inv_mpu_dmp_motion_driver.o (.text.dmp_register_tap_cb)
                  00006d7c    00000012     trace.o (.text.DL_GPIO_getPendingInterrupt)
                  00006d8e    00000012     Task.o (.text.DL_UART_getPendingInterrupt)
                  00006da0    00000012     driverlib.a : dl_uart.o (.text.DL_UART_setClockConfig)
                  00006db2    00000012     libc.a : memcpy16.S.obj (.text:TI_memcpy_small)
                  00006dc4    00000012            : copy_decompress_none.c.obj (.text:decompress:none)
                  00006dd6    00000002     --HOLE-- [fill = 0]
                  00006dd8    00000010     ti_msp_dl_config.o (.text.DL_SYSCTL_disableHFXT)
                  00006de8    00000010     motor.o (.text.DL_Timer_getTimerCount)
                  00006df8    00000010     driverlib.a : dl_timer.o (.text.DL_Timer_setCaptureCompareValue)
                  00006e08    00000010     delay.o (.text.Tick_SysTickCallback)
                  00006e18    00000010     libc.a : copy_zero_init.c.obj (.text:decompress:ZI)
                  00006e28    0000000e     No_Mcu_Ganv_Grayscale_Sensor.o (.text.Get_Digtal_For_User)
                  00006e36    0000000e     mpu6050.o (.text.tap_cb)
                  00006e44    0000000e     libc.a : memset16.S.obj (.text:TI_memset_small)
                  00006e52    0000000c     ti_msp_dl_config.o (.text.SYSCFG_DL_SYSTICK_init)
                  00006e5e    00000002     --HOLE-- [fill = 0]
                  00006e60    0000000c     libclang_rt.builtins.a : aeabi_memset.S.obj (.text.__aeabi_memclr)
                  00006e6c    0000000a     driverlib.a : dl_common.o (.text.DL_Common_delayCycles)
                  00006e76    0000000a     led.o (.text.LED_init)
                  00006e80    0000000a     libc.a : e_asin.c.obj (.text.OUTLINED_FUNCTION_0)
                  00006e8a    00000002     --HOLE-- [fill = 0]
                  00006e8c    00000010     libclang_rt.builtins.a : muldf3.S.obj (.tramp.__aeabi_dmul.1)
                  00006e9c    0000000a     libc.a : s_atan.c.obj (.text.OUTLINED_FUNCTION_0)
                  00006ea6    0000000a            : e_asin.c.obj (.text.OUTLINED_FUNCTION_1)
                  00006eb0    0000000a            : e_asin.c.obj (.text.OUTLINED_FUNCTION_3)
                  00006eba    00000002     --HOLE-- [fill = 0]
                  00006ebc    00000010     libclang_rt.builtins.a : divdf3.S.obj (.tramp.__aeabi_ddiv.1)
                  00006ecc    0000000a     mpu6050.o (.text.android_orient_cb)
                  00006ed6    00000008     libc.a : s_atan.c.obj (.text.OUTLINED_FUNCTION_2)
                  00006ede    00000008     ti_msp_dl_config.o (.text.SYSCFG_DL_DMA_init)
                  00006ee6    00000002     --HOLE-- [fill = 0]
                  00006ee8    00000008     libc.a : aeabi_portable.c.obj (.text.__aeabi_errno_addr)
                  00006ef0    00000008     libclang_rt.builtins.a : aeabi_memcpy.S.obj (.text.__aeabi_memcpy)
                  00006ef8    00000006     libc.a : s_atan.c.obj (.text.OUTLINED_FUNCTION_1)
                  00006efe    00000002     --HOLE-- [fill = 0]
                  00006f00    00000010     libclang_rt.builtins.a : adddf3.S.obj (.tramp.__aeabi_dadd.1)
                  00006f10    00000006     libc.a : e_asin.c.obj (.text.OUTLINED_FUNCTION_2)
                  00006f16    00000006            : exit.c.obj (.text:abort)
                  00006f1c    00000004     libsysbm.a : hostexit.c.obj (.text.HOSTexit)
                  00006f20    00000004     libc.a : e_asin.c.obj (.text.OUTLINED_FUNCTION_4)
                  00006f24    00000004     startup_mspm0g350x_ticlang.o (.text.Reset_Handler)
                  00006f28    00000010     libc.a : boot_cortex_m.c.obj (.tramp._c_int00_noargs.1)
                  00006f38    00000004            : pre_init.c.obj (.text._system_pre_init)
                  00006f3c    00000010     driverlib.a : dl_flashctl.o (.tramp.DL_FlashCTL_executeCommandFromRAM.1)
                  00006f4c    00000004     --HOLE-- [fill = 0]

.TI.ramfunc 
*          0    00007c50    00000060     RUN ADDR = 20200678
                  00007c50    00000060     driverlib.a : dl_flashctl.o (.TI.ramfunc)

.cinit     0    00007cb0    00000050     
                  00007cb0    0000002a     (.cinit..data.load) [load image, compression = lzss]
                  00007cda    00000002     --HOLE-- [fill = 0]
                  00007cdc    0000000c     (__TI_handler_table)
                  00007ce8    00000008     (.cinit..bss.load) [load image, compression = zero_init]
                  00007cf0    00000010     (__TI_cinit_table)

.rodata    0    00006f50    00000d00     
                  00006f50    00000bf6     inv_mpu_dmp_motion_driver.o (.rodata.dmp_memory)
                  00007b46    00000002     ti_msp_dl_config.o (.rodata.gI2C_MPU6050ClockConfig)
                  00007b48    00000040     libc.a : s_atan.c.obj (.rodata.cst32)
                  00007b88    00000028     inv_mpu.o (.rodata.test)
                  00007bb0    0000001e     inv_mpu.o (.rodata.reg)
                  00007bce    00000002     ti_msp_dl_config.o (.rodata.gUART_k230ClockConfig)
                  00007bd0    00000018     ti_msp_dl_config.o (.rodata.gDMA_CH0Config)
                  00007be8    00000014     ti_msp_dl_config.o (.rodata.gTIMER_EncoderTimerConfig)
                  00007bfc    00000012     main.o (.rodata.str1.15159059442110792349.1)
                  00007c0e    0000000c     inv_mpu.o (.rodata.hw)
                  00007c1a    0000000a     ti_msp_dl_config.o (.rodata.gUART_k230Config)
                  00007c24    00000008     ti_msp_dl_config.o (.rodata.gADC_VOLTAGEClockConfig)
                  00007c2c    00000008     ti_msp_dl_config.o (.rodata.gPWM_MOTORConfig)
                  00007c34    00000008     ti_msp_dl_config.o (.rodata.gPWM_ServoConfig)
                  00007c3c    00000004     led.o (.rodata.LED_PINS)
                  00007c40    00000003     ti_msp_dl_config.o (.rodata.gPWM_MOTORClockConfig)
                  00007c43    00000003     ti_msp_dl_config.o (.rodata.gPWM_ServoClockConfig)
                  00007c46    00000003     ti_msp_dl_config.o (.rodata.gTIMER_EncoderClockConfig)
                  00007c49    00000007     --HOLE-- [fill = 0]

.init_array 
*          0    00000000    00000000     UNINITIALIZED

.binit     0    00007d00    00000010     
                  00007d00    00000010     (.binit)

.bss       0    20200000    000005bc     UNINITIALIZED
                  20200000    000000bc     (.common:gPWM_MOTORBackup)
                  202000bc    000000bc     (.common:gTIMER_EncoderBackup)
                  20200178    000000b0     (.common:sensor)
                  20200228    000000ac     (.common:motor_l)
                  202002d4    000000ac     (.common:motor_r)
                  20200380    000000a4     (.common:bal)
                  20200424    00000050     (.common:ADC_VALUE)
                  20200474    00000048     (.common:tracking_pid)
                  202004bc    00000048     (.common:yaw_pid)
                  20200504    00000030     (.common:gUART_k230Backup)
                  20200534    00000024     (.common:encL)
                  20200558    00000024     (.common:encR)
                  2020057c    00000010     (.common:quat)
                  2020058c    00000006     (.common:accel)
                  20200592    00000006     (.common:gyro)
                  20200598    00000004     trace.o (.bss.RunStraight.target_yaw)
                  2020059c    00000004     (.common:long_pressed_key_time)
                  202005a0    00000004     (.common:pitch)
                  202005a4    00000004     (.common:roll)
                  202005a8    00000004     (.common:sensor_timestamp)
                  202005ac    00000004     (.common:state)
                  202005b0    00000004     (.common:tick_ms)
                  202005b4    00000004     (.common:yaw)
                  202005b8    00000002     (.common:sensors)
                  202005ba    00000001     (.common:Digtal)
                  202005bb    00000001     (.common:more)

.data      0    202005bc    000000bc     UNINITIALIZED
                  202005bc    0000002c     inv_mpu.o (.data.st)
                  202005e8    00000010     trace.o (.data.Anolog)
                  202005f8    00000010     trace.o (.data.black)
                  20200608    00000010     inv_mpu_dmp_motion_driver.o (.data.dmp)
                  20200618    00000010     trace.o (.data.white)
                  20200628    0000000e     mpu6050.o (.data.hal)
                  20200636    00000001     trace.o (.data.RunStraight.first)
                  20200637    00000001     trace.o (.data.Turn_angel.ok_cnt)
                  20200638    0000000c     led.o (.data.keyBlinkCtrl)
                  20200644    00000009     mpu6050.o (.data.gyro_orientation)
                  2020064d    00000001     trace.o (.data.Turn_angel.target_set)
                  2020064e    00000001     trace.o (.data.drive_mode)
                  2020064f    00000001     interrupt.o (.data.enable_group1_irq)
                  20200650    00000004     trace.o (.data.Control.last_loop_tick)
                  20200654    00000004     key.o (.data.Key_Process.last_blink_time)
                  20200658    00000004     delay.o (.data.Tick)
                  2020065c    00000004     trace.o (.data.Turn_angel.target_heading)
                  20200660    00000004     libc.a : aeabi_portable.c.obj (.data.__aeabi_errno)
                  20200664    00000004     trace.o (.data.base_target_speed)
                  20200668    00000004     trace.o (.data.current_yaw)
                  2020066c    00000004     key.o (.data.last_key_time)
                  20200670    00000004     trace.o (.data.target_angle)
                  20200674    00000001     trace.o (.data.heading_relock)
                  20200675    00000001     key.o (.data.key_pressed)
                  20200676    00000001     key.o (.data.long_err_flag)
                  20200677    00000001     Task.o (.data.task1.finish)

.stack     0    20207e00    00000200     UNINITIALIZED
                  20207e00    00000004     libc.a : boot_cortex_m.c.obj (.stack)
                  20207e04    000001fc     --HOLE--

__llvm_prf_cnts 
*          0    20200000    00000000     UNINITIALIZED

__llvm_prf_bits 
*          0    20200000    00000000     UNINITIALIZED

MODULE SUMMARY

       Module                           code    ro data   rw data
       ------                           ----    -------   -------
    .\
       ti_msp_dl_config.o               3268    91        424    
       main.o                           370     18        0      
       startup_mspm0g350x_ticlang.o     8       192       0      
    +--+--------------------------------+-------+---------+---------+
       Total:                           3646    301       424    
                                                                 
    .\Driver\
       No_Mcu_Ganv_Grayscale_Sensor.o   1152    0         0      
       key.o                            674     0         18     
       encoder.o                        418     0         72     
       led.o                            434     4         12     
       flash.o                          328     0         0      
       adc.o                            136     0         80     
       uart.o                           150     0         0      
       delay.o                          106     0         4      
    +--+--------------------------------+-------+---------+---------+
       Total:                           3398    4         186    
                                                                 
    .\Drivers\MPU6050\
       inv_mpu_dmp_motion_driver.o      3110    3062      16     
       inv_mpu.o                        4600    82        44     
       mspm0_i2c.o                      1368    0         0      
       mpu6050.o                        1144    0         70     
    +--+--------------------------------+-------+---------+---------+
       Total:                           10222   3144      130    
                                                                 
    .\Drivers\MSPM0\
       clock.o                          336     0         4      
       interrupt.o                      0       0         1      
    +--+--------------------------------+-------+---------+---------+
       Total:                           336     0         5      
                                                                 
    .\Motor\
       motor.o                          822     0         0      
    +--+--------------------------------+-------+---------+---------+
       Total:                           822     0         0      
                                                                 
    .\User\Distance\
       Distance.o                       68      0         0      
    +--+--------------------------------+-------+---------+---------+
       Total:                           68      0         0      
                                                                 
    .\User\PID\
       pid.o                            644     0         0      
    +--+--------------------------------+-------+---------+---------+
       Total:                           644     0         0      
                                                                 
    .\User\Task\
       Task.o                           210     0         1      
    +--+--------------------------------+-------+---------+---------+
       Total:                           210     0         1      
                                                                 
    .\User\balance\
       balance.o                        128     0         164    
    +--+--------------------------------+-------+---------+---------+
       Total:                           128     0         164    
                                                                 
    .\User\trace\
       trace.o                          1856    0         742    
    +--+--------------------------------+-------+---------+---------+
       Total:                           1856    0         742    
                                                                 
    D:/ti/mspm0_sdk_2_10_00_04/source/ti/driverlib/lib/ticlang/m0p/mspm0g1x0x_g3x0x/driverlib.a
       dl_timer.o                       608     0         0      
       dl_flashctl.o                    484     0         0      
       dl_i2c.o                         192     0         0      
       dl_uart.o                        90      0         0      
       dl_dma.o                         76      0         0      
       dl_adc12.o                       64      0         0      
       dl_common.o                      10      0         0      
    +--+--------------------------------+-------+---------+---------+
       Total:                           1524    0         0      
                                                                 
    D:\ti\ccs2051\ccs\tools\compiler\ti-cgt-armllvm_4.0.4.LTS\lib\armv6m-ti-none-eabi/c/libc.a
       e_asin.c.obj                     908     0         0      
       s_atan.c.obj                     784     64        0      
       e_atan2.c.obj                    392     0         0      
       e_sqrt.c.obj                     368     0         0      
       copy_decompress_lzss.c.obj       124     0         0      
       autoinit.c.obj                   76      0         0      
       cpy_tbl.c.obj                    76      0         0      
       boot_cortex_m.c.obj              56      0         0      
       memcmp.c.obj                     32      0         0      
       copy_decompress_none.c.obj       18      0         0      
       memcpy16.S.obj                   18      0         0      
       copy_zero_init.c.obj             16      0         0      
       memset16.S.obj                   14      0         0      
       aeabi_portable.c.obj             8       0         4      
       exit.c.obj                       6       0         0      
       pre_init.c.obj                   4       0         0      
    +--+--------------------------------+-------+---------+---------+
       Total:                           2900    64        4      
                                                                 
    D:\ti\ccs2051\ccs\tools\compiler\ti-cgt-armllvm_4.0.4.LTS\lib\armv6m-ti-none-eabi/c/libsysbm.a
       hostexit.c.obj                   4       0         0      
    +--+--------------------------------+-------+---------+---------+
       Total:                           4       0         0      
                                                                 
    D:\ti\ccs2051\ccs\tools\compiler\ti-cgt-armllvm_4.0.4.LTS\lib\armv6m-ti-none-eabi/libclang_rt.builtins.a
       adddf3.S.obj                     418     0         0      
       divdf3.S.obj                     284     0         0      
       muldf3.S.obj                     244     0         0      
       comparedf2.c.obj                 220     0         0      
       addsf3.S.obj                     216     0         0      
       mulsf3.S.obj                     140     0         0      
       divsf3.S.obj                     130     0         0      
       comparesf2.S.obj                 118     0         0      
       truncdfsf2.S.obj                 116     0         0      
       aeabi_dcmp.S.obj                 98      0         0      
       aeabi_fcmp.S.obj                 98      0         0      
       aeabi_idivmod.S.obj              86      0         0      
       fixdfsi.S.obj                    74      0         0      
       aeabi_uidivmod.S.obj             64      0         0      
       extendsfdf2.S.obj                64      0         0      
       floatsisf.S.obj                  60      0         0      
       muldsi3.S.obj                    58      0         0      
       fixsfsi.S.obj                    56      0         0      
       floatsidf.S.obj                  44      0         0      
       floatunsisf.S.obj                40      0         0      
       floatunsidf.S.obj                36      0         0      
       aeabi_memset.S.obj               12      0         0      
       aeabi_memcpy.S.obj               8       0         0      
       aeabi_div0.c.obj                 2       0         0      
    +--+--------------------------------+-------+---------+---------+
       Total:                           2686    0         0      
                                                                 
       Stack:                           0       0         512    
       Linker Generated:                0       94        0      
    +--+--------------------------------+-------+---------+---------+
       Grand Total:                     28444   3607      2168   


LINKER GENERATED COPY TABLES

__TI_cinit_table @ 00007cf0 records: 2, size/record: 8, table size: 16
	.data: load addr=00007cb0, load size=0000002a bytes, run addr=202005bc, run size=000000bc bytes, compression=lzss
	.bss: load addr=00007ce8, load size=00000008 bytes, run addr=20200000, run size=000005bc bytes, compression=zero_init
binit @ 00007d00 records: 1, size/record: 12, table size: 16
	.TI.ramfunc: load addr=00007c50, load size=00000060, run addr=20200678, run size=00000060, compression=none


LINKER GENERATED HANDLER TABLE

__TI_handler_table @ 00007cdc records: 3, size/record: 4, table size: 12
	index: 0, handler: __TI_decompress_lzss
	index: 1, handler: __TI_decompress_none
	index: 2, handler: __TI_zero_init


FAR CALL TRAMPOLINES

callee name               trampoline name
   callee addr  tramp addr   call addr  call info
--------------  -----------  ---------  ----------------
__aeabi_dmul              $Tramp$TT$L$PI$$__aeabi_dmul
   00003089     00006e8c     00006e88   libc.a : e_asin.c.obj (.text.OUTLINED_FUNCTION_0)
                             00006ea4          : s_atan.c.obj (.text.OUTLINED_FUNCTION_0)
                             00006eae          : e_asin.c.obj (.text.OUTLINED_FUNCTION_1)
                             00006edc          : s_atan.c.obj (.text.OUTLINED_FUNCTION_2)
                             00006f14          : e_asin.c.obj (.text.OUTLINED_FUNCTION_2)
__aeabi_ddiv              $Tramp$TT$L$PI$$__aeabi_ddiv
   00002a89     00006ebc     00006eb8   libc.a : e_asin.c.obj (.text.OUTLINED_FUNCTION_3)
__aeabi_dadd              $Tramp$TT$L$PI$$__aeabi_dadd
   00001957     00006f00     00006efc   libc.a : s_atan.c.obj (.text.OUTLINED_FUNCTION_1)
                             00006f22          : e_asin.c.obj (.text.OUTLINED_FUNCTION_4)
_c_int00_noargs           $Tramp$TT$L$PI$$_c_int00_noargs
   00006399     00006f28     00006f24   startup_mspm0g350x_ticlang.o (.text.Reset_Handler)
DL_FlashCTL_executeCommandFromRAM  $Tramp$TT$L$PI$$DL_FlashCTL_executeCommandFromRAM
   20200679     00006f3c     0000644c   driverlib.a : dl_flashctl.o (.text.DL_FlashCTL_programMemoryFromRAM64)
                             00006812               : dl_flashctl.o (.text.DL_FlashCTL_eraseMemoryFromRAM)

[5 trampolines]
[11 trampoline calls]


GLOBAL SYMBOLS: SORTED ALPHABETICALLY BY Name 

address   name                                
-------   ----                                
00004a9d  ADC0_IRQHandler                     
00004a9d  ADC1_IRQHandler                     
20200424  ADC_VALUE                           
00004a9d  AES_IRQHandler                      
202005e8  Anolog                              
000048ad  Balance_Init                        
00006f1c  C$$EXIT                             
00004a9d  CANFD0_IRQHandler                   
00004f99  Calculate_Heading_Error             
000042b9  Calculate_Position_Error            
00001df1  Control                             
00004a9d  DAC0_IRQHandler                     
000059e5  DL_ADC12_setClockConfig             
00006e6d  DL_Common_delayCycles               
0000550d  DL_DMA_initChannel                  
00006805  DL_FlashCTL_eraseMemoryFromRAM      
00006435  DL_FlashCTL_programMemoryFromRAM64  
00003251  DL_FlashCTL_unprotectSector         
00005119  DL_I2C_fillControllerTXFIFO         
00005ae5  DL_I2C_flushControllerTXFIFO        
0000640d  DL_I2C_setClockConfig               
00002c9d  DL_Timer_initFourCCPWMMode          
00002ea1  DL_Timer_initTimerMode              
00006731  DL_Timer_setCaptCompUpdateMethod    
00006aa5  DL_Timer_setCaptureCompareOutCtl    
00006df9  DL_Timer_setCaptureCompareValue     
0000674d  DL_Timer_setClockConfig             
0000576d  DL_UART_init                        
00006da1  DL_UART_setClockConfig              
00004a9d  DMA_IRQHandler                      
00004a9d  Default_Handler                     
202005ba  Digtal                              
0000649d  Encoder_GetDelta                    
00006785  Encoder_GetDistance_cm              
000062d1  Encoder_GetDistance_mm              
00004611  Encoder_HandleGPIOA                 
000060d9  Encoder_HandleGPIOB                 
00004e09  Encoder_Init                        
00004a9d  GROUP0_IRQHandler                   
00003671  GROUP1_IRQHandler                   
00003a39  Get_Analog_value                    
00005b5d  Get_Anolog_Value                    
00006e29  Get_Digtal_For_User                 
00006f1d  HOSTexit                            
00004a9d  HardFault_Handler                   
00004a9d  I2C0_IRQHandler                     
00004a9d  I2C1_IRQHandler                     
00000bcd  Key_Process                         
00006cf1  LED_KEY_Blink_SetInterval           
00006b1d  LED_KEY_Blink_Start                 
00006d05  LED_KEY_Blink_Stop                  
00005b99  LED_KEY_Blink_Update                
00006e77  LED_init                            
00005e25  LED_off                             
0000492d  LED_setAll                          
00005e59  LED_toggle                          
0000225d  MPU6050_Init                        
000038bd  Motor_Ctrl                          
000043d9  Motor_Init                          
00004a9d  NMI_Handler                         
00001ae1  No_MCU_Ganv_Sensor_Init             
00004b89  No_MCU_Ganv_Sensor_Init_Frist       
000059a1  No_Mcu_Ganv_Sensor_Task_Without_tick
0000144d  PID_Calc                            
000053cd  PID_Init                            
00005bd5  PID_clear                           
00004a9d  PendSV_Handler                      
00004a9d  RTC_IRQHandler                      
00000e01  Read_Quad                           
00006f25  Reset_Handler                       
00003fb5  RunStraight                         
00004a9d  SPI0_IRQHandler                     
00004a9d  SPI1_IRQHandler                     
00004a9d  SVC_Handler                         
00004bfd  SYSCFG_DL_ADC_VOLTAGE_init          
000062f9  SYSCFG_DL_DMA_CH0_init              
00006edf  SYSCFG_DL_DMA_init                  
00001601  SYSCFG_DL_GPIO_init                 
000051d5  SYSCFG_DL_I2C_MPU6050_init          
00004469  SYSCFG_DL_PWM_MOTOR_init            
00004e6d  SYSCFG_DL_PWM_Servo_init            
00005f29  SYSCFG_DL_SYSCTL_init               
00006e53  SYSCFG_DL_SYSTICK_init              
00006105  SYSCFG_DL_TIMER_Encoder_init        
000057b5  SYSCFG_DL_UART_k230_init            
0000541d  SYSCFG_DL_init                      
00004051  SYSCFG_DL_initPower                 
00006b35  SlowForward                         
00006d19  SysTick_Handler                     
00006d2d  SysTick_Init                        
00004a9d  TIMA0_IRQHandler                    
00004a9d  TIMA1_IRQHandler                    
00004a9d  TIMG0_IRQHandler                    
00004a9d  TIMG12_IRQHandler                   
00004a9d  TIMG6_IRQHandler                    
00004a9d  TIMG7_IRQHandler                    
00004a9d  TIMG8_IRQHandler                    
00006db3  TI_memcpy_small                     
00006e45  TI_memset_small                     
20200658  Tick                                
00006e09  Tick_SysTickCallback                
00006321  Tick_delay                          
00006d41  Trace_Follow                        
00006349  Trace_Stop                          
00002605  Trace_init                          
0000297d  Turn_angel                          
00004a9d  UART0_IRQHandler                    
00004a9d  UART1_IRQHandler                    
00004a9d  UART2_IRQHandler                    
00006b4d  UART3_IRQHandler                    
20208000  __STACK_END                         
00000200  __STACK_SIZE                        
00000000  __TI_ATRegion0_region_sz            
00000000  __TI_ATRegion0_src_addr             
00000000  __TI_ATRegion0_trg_addr             
00000000  __TI_ATRegion1_region_sz            
00000000  __TI_ATRegion1_src_addr             
00000000  __TI_ATRegion1_trg_addr             
00000000  __TI_ATRegion2_region_sz            
00000000  __TI_ATRegion2_src_addr             
00000000  __TI_ATRegion2_trg_addr             
00007cf0  __TI_CINIT_Base                     
00007d00  __TI_CINIT_Limit                    
00007d00  __TI_CINIT_Warm                     
00007cdc  __TI_Handler_Table_Base             
00007ce8  __TI_Handler_Table_Limit            
00005689  __TI_auto_init_nopinit              
000049ad  __TI_decompress_lzss                
00006dc5  __TI_decompress_none                
ffffffff  __TI_pprof_out_hndl                 
ffffffff  __TI_prof_data_size                 
ffffffff  __TI_prof_data_start                
00000000  __TI_static_base__                  
00007d00  __TI_table_binit                    
00006e19  __TI_zero_init                      
00001957  __adddf3                            
00003333  __addsf3                            
00004aa1  __aeabi_d2f                         
00005721  __aeabi_d2iz                        
00001957  __aeabi_dadd                        
00004ed1  __aeabi_dcmpeq                      
00004f0d  __aeabi_dcmpge                      
00004f21  __aeabi_dcmpgt                      
00004ef9  __aeabi_dcmple                      
00004ee5  __aeabi_dcmplt                      
00002a89  __aeabi_ddiv                        
00003089  __aeabi_dmul                        
0000194d  __aeabi_dsub                        
20200660  __aeabi_errno                       
00006ee9  __aeabi_errno_addr                  
00005a65  __aeabi_f2d                         
00005ded  __aeabi_f2iz                        
00003333  __aeabi_fadd                        
00004f35  __aeabi_fcmpeq                      
00004f71  __aeabi_fcmpge                      
00004f85  __aeabi_fcmpgt                      
00004f5d  __aeabi_fcmple                      
00004f49  __aeabi_fcmplt                      
00004829  __aeabi_fdiv                        
000044f9  __aeabi_fmul                        
00003329  __aeabi_fsub                        
0000615d  __aeabi_i2d                         
00005c11  __aeabi_i2f                         
00005285  __aeabi_idiv                        
00001adf  __aeabi_idiv0                       
00005285  __aeabi_idivmod                     
00006e61  __aeabi_memclr                      
00006e61  __aeabi_memclr4                     
00006e61  __aeabi_memclr8                     
00006ef1  __aeabi_memcpy                      
00006ef1  __aeabi_memcpy4                     
00006ef1  __aeabi_memcpy8                     
00006459  __aeabi_ui2d                        
00006371  __aeabi_ui2f                        
00005a25  __aeabi_uidiv                       
00005a25  __aeabi_uidivmod                    
00007d00  __binit__                           
00004cd5  __cmpdf2                            
00005d3d  __cmpsf2                            
00002a89  __divdf3                            
00004829  __divsf3                            
00004cd5  __eqdf2                             
00005d3d  __eqsf2                             
00005a65  __extendsfdf2                       
00005721  __fixdfsi                           
00005ded  __fixsfsi                           
0000615d  __floatsidf                         
00005c11  __floatsisf                         
00006459  __floatunsidf                       
00006371  __floatunsisf                       
00004a29  __gedf2                             
00005c4d  __gesf2                             
00004a29  __gtdf2                             
00005c4d  __gtsf2                             
00004cd5  __ledf2                             
00005d3d  __lesf2                             
00004cd5  __ltdf2                             
00005d3d  __ltsf2                             
UNDEFED   __mpu_init                          
00003089  __muldf3                            
00005d79  __muldsi3                           
000044f9  __mulsf3                            
00004cd5  __nedf2                             
00005d3d  __nesf2                             
20207e00  __stack                             
20200000  __start___llvm_prf_bits             
20200000  __start___llvm_prf_cnts             
20200000  __stop___llvm_prf_bits              
20200000  __stop___llvm_prf_cnts              
0000194d  __subdf3                            
00003329  __subsf3                            
00004aa1  __truncdfsf2                        
00006399  _c_int00_noargs                     
UNDEFED   _system_post_cinit                  
00006f39  _system_pre_init                    
00006f17  abort                               
2020058c  accel                               
00004699  adc_getValue                        
0000522d  adjust_white_black                  
000000c1  asin                                
000000c1  asinl                               
00000425  atan                                
00001c69  atan2                               
00001c69  atan2l                              
00000425  atanl                               
20200380  bal                                 
20200664  base_target_speed                   
00007d00  binit                               
202005f8  black                               
00004c69  convertAnalogToDigital              
0000563d  copy_in                             
20200668  current_yaw                         
00006519  delay_us                            
000057fd  dmp_enable_6x_lp_quat               
0000071d  dmp_enable_feature                  
00004ff9  dmp_enable_gyro_cal                 
00005845  dmp_enable_lp_quat                  
000067a1  dmp_load_motion_driver_firmware     
00001259  dmp_read_fifo                       
00006d55  dmp_register_android_orient_cb      
00006d69  dmp_register_tap_cb                 
00004189  dmp_set_fifo_rate                   
00001f75  dmp_set_orientation                 
00005919  dmp_set_shake_reject_thresh         
00005f5b  dmp_set_shake_reject_time           
00005f8d  dmp_set_shake_reject_timeout        
00004d3d  dmp_set_tap_axes                    
0000595d  dmp_set_tap_count                   
00000995  dmp_set_tap_thresh                  
00006021  dmp_set_tap_time                    
00006051  dmp_set_tap_time_multi              
2020064e  drive_mode                          
2020064f  enable_group1_irq                   
20200534  encL                                
20200558  encR                                
20200000  gPWM_MOTORBackup                    
202000bc  gTIMER_EncoderBackup                
20200504  gUART_k230Backup                    
20200592  gyro                                
20200674  heading_relock                      
00007c0e  hw                                  
00000000  interruptVectors                    
20200675  key_pressed                         
2020066c  last_key_time                       
20200676  long_err_flag                       
2020059c  long_pressed_key_time               
00003ba9  main                                
000064bd  memcmp                              
202005bb  more                                
20200228  motor_l                             
202002d4  motor_r                             
00005059  mpu6050_i2c_sda_unlock              
0000397d  mpu_configure_fifo                  
00004b15  mpu_get_accel_fsr                   
000050b9  mpu_get_gyro_fsr                    
00005e8d  mpu_get_sample_rate                 
00002731  mpu_init                            
00002859  mpu_load_firmware                   
00002da1  mpu_lp_accel_mode                   
00002b95  mpu_read_fifo_stream                
00003d11  mpu_read_mem                        
0000102d  mpu_reset_fifo                      
0000316d  mpu_set_accel_fsr                   
000017ad  mpu_set_bypass                      
00003af1  mpu_set_dmp_state                   
00003735  mpu_set_gyro_fsr                    
000040ed  mpu_set_int_latched                 
000034d5  mpu_set_lpf                         
00002f9d  mpu_set_sample_rate                 
000024d5  mpu_set_sensors                     
00003dbd  mpu_write_mem                       
00005c89  mspm0_delay_ms                      
00006189  mspm0_get_clock_ms                  
000023a1  mspm0_i2c_read                      
000037f9  mspm0_i2c_write                     
00003e69  normalizeAnalogValues               
202005a0  pitch                               
2020057c  quat                                
00005ec1  readBlackFromFlash                  
00005ef5  readWhiteFromFlash                  
00007bb0  reg                                 
202005a4  roll                                
20200178  sensor                              
202005a8  sensor_timestamp                    
202005b8  sensors                             
000020ed  sqrt                                
000020ed  sqrtl                               
202005ac  state                               
20200670  target_angle                        
00005cc5  task1                               
00007b88  test                                
202005b0  tick_ms                             
20200474  tracking_pid                        
000061b5  uart0_send_char                     
00005d01  uart0_send_string                   
20200618  white                               
00003c5d  writeToFlash                        
202005b4  yaw                                 
202004bc  yaw_pid                             


GLOBAL SYMBOLS: SORTED BY Symbol Address 

address   name                                
-------   ----                                
00000000  __TI_ATRegion0_region_sz            
00000000  __TI_ATRegion0_src_addr             
00000000  __TI_ATRegion0_trg_addr             
00000000  __TI_ATRegion1_region_sz            
00000000  __TI_ATRegion1_src_addr             
00000000  __TI_ATRegion1_trg_addr             
00000000  __TI_ATRegion2_region_sz            
00000000  __TI_ATRegion2_src_addr             
00000000  __TI_ATRegion2_trg_addr             
00000000  __TI_static_base__                  
00000000  interruptVectors                    
000000c1  asin                                
000000c1  asinl                               
00000200  __STACK_SIZE                        
00000425  atan                                
00000425  atanl                               
0000071d  dmp_enable_feature                  
00000995  dmp_set_tap_thresh                  
00000bcd  Key_Process                         
00000e01  Read_Quad                           
0000102d  mpu_reset_fifo                      
00001259  dmp_read_fifo                       
0000144d  PID_Calc                            
00001601  SYSCFG_DL_GPIO_init                 
000017ad  mpu_set_bypass                      
0000194d  __aeabi_dsub                        
0000194d  __subdf3                            
00001957  __adddf3                            
00001957  __aeabi_dadd                        
00001adf  __aeabi_idiv0                       
00001ae1  No_MCU_Ganv_Sensor_Init             
00001c69  atan2                               
00001c69  atan2l                              
00001df1  Control                             
00001f75  dmp_set_orientation                 
000020ed  sqrt                                
000020ed  sqrtl                               
0000225d  MPU6050_Init                        
000023a1  mspm0_i2c_read                      
000024d5  mpu_set_sensors                     
00002605  Trace_init                          
00002731  mpu_init                            
00002859  mpu_load_firmware                   
0000297d  Turn_angel                          
00002a89  __aeabi_ddiv                        
00002a89  __divdf3                            
00002b95  mpu_read_fifo_stream                
00002c9d  DL_Timer_initFourCCPWMMode          
00002da1  mpu_lp_accel_mode                   
00002ea1  DL_Timer_initTimerMode              
00002f9d  mpu_set_sample_rate                 
00003089  __aeabi_dmul                        
00003089  __muldf3                            
0000316d  mpu_set_accel_fsr                   
00003251  DL_FlashCTL_unprotectSector         
00003329  __aeabi_fsub                        
00003329  __subsf3                            
00003333  __addsf3                            
00003333  __aeabi_fadd                        
000034d5  mpu_set_lpf                         
00003671  GROUP1_IRQHandler                   
00003735  mpu_set_gyro_fsr                    
000037f9  mspm0_i2c_write                     
000038bd  Motor_Ctrl                          
0000397d  mpu_configure_fifo                  
00003a39  Get_Analog_value                    
00003af1  mpu_set_dmp_state                   
00003ba9  main                                
00003c5d  writeToFlash                        
00003d11  mpu_read_mem                        
00003dbd  mpu_write_mem                       
00003e69  normalizeAnalogValues               
00003fb5  RunStraight                         
00004051  SYSCFG_DL_initPower                 
000040ed  mpu_set_int_latched                 
00004189  dmp_set_fifo_rate                   
000042b9  Calculate_Position_Error            
000043d9  Motor_Init                          
00004469  SYSCFG_DL_PWM_MOTOR_init            
000044f9  __aeabi_fmul                        
000044f9  __mulsf3                            
00004611  Encoder_HandleGPIOA                 
00004699  adc_getValue                        
00004829  __aeabi_fdiv                        
00004829  __divsf3                            
000048ad  Balance_Init                        
0000492d  LED_setAll                          
000049ad  __TI_decompress_lzss                
00004a29  __gedf2                             
00004a29  __gtdf2                             
00004a9d  ADC0_IRQHandler                     
00004a9d  ADC1_IRQHandler                     
00004a9d  AES_IRQHandler                      
00004a9d  CANFD0_IRQHandler                   
00004a9d  DAC0_IRQHandler                     
00004a9d  DMA_IRQHandler                      
00004a9d  Default_Handler                     
00004a9d  GROUP0_IRQHandler                   
00004a9d  HardFault_Handler                   
00004a9d  I2C0_IRQHandler                     
00004a9d  I2C1_IRQHandler                     
00004a9d  NMI_Handler                         
00004a9d  PendSV_Handler                      
00004a9d  RTC_IRQHandler                      
00004a9d  SPI0_IRQHandler                     
00004a9d  SPI1_IRQHandler                     
00004a9d  SVC_Handler                         
00004a9d  TIMA0_IRQHandler                    
00004a9d  TIMA1_IRQHandler                    
00004a9d  TIMG0_IRQHandler                    
00004a9d  TIMG12_IRQHandler                   
00004a9d  TIMG6_IRQHandler                    
00004a9d  TIMG7_IRQHandler                    
00004a9d  TIMG8_IRQHandler                    
00004a9d  UART0_IRQHandler                    
00004a9d  UART1_IRQHandler                    
00004a9d  UART2_IRQHandler                    
00004aa1  __aeabi_d2f                         
00004aa1  __truncdfsf2                        
00004b15  mpu_get_accel_fsr                   
00004b89  No_MCU_Ganv_Sensor_Init_Frist       
00004bfd  SYSCFG_DL_ADC_VOLTAGE_init          
00004c69  convertAnalogToDigital              
00004cd5  __cmpdf2                            
00004cd5  __eqdf2                             
00004cd5  __ledf2                             
00004cd5  __ltdf2                             
00004cd5  __nedf2                             
00004d3d  dmp_set_tap_axes                    
00004e09  Encoder_Init                        
00004e6d  SYSCFG_DL_PWM_Servo_init            
00004ed1  __aeabi_dcmpeq                      
00004ee5  __aeabi_dcmplt                      
00004ef9  __aeabi_dcmple                      
00004f0d  __aeabi_dcmpge                      
00004f21  __aeabi_dcmpgt                      
00004f35  __aeabi_fcmpeq                      
00004f49  __aeabi_fcmplt                      
00004f5d  __aeabi_fcmple                      
00004f71  __aeabi_fcmpge                      
00004f85  __aeabi_fcmpgt                      
00004f99  Calculate_Heading_Error             
00004ff9  dmp_enable_gyro_cal                 
00005059  mpu6050_i2c_sda_unlock              
000050b9  mpu_get_gyro_fsr                    
00005119  DL_I2C_fillControllerTXFIFO         
000051d5  SYSCFG_DL_I2C_MPU6050_init          
0000522d  adjust_white_black                  
00005285  __aeabi_idiv                        
00005285  __aeabi_idivmod                     
000053cd  PID_Init                            
0000541d  SYSCFG_DL_init                      
0000550d  DL_DMA_initChannel                  
0000563d  copy_in                             
00005689  __TI_auto_init_nopinit              
00005721  __aeabi_d2iz                        
00005721  __fixdfsi                           
0000576d  DL_UART_init                        
000057b5  SYSCFG_DL_UART_k230_init            
000057fd  dmp_enable_6x_lp_quat               
00005845  dmp_enable_lp_quat                  
00005919  dmp_set_shake_reject_thresh         
0000595d  dmp_set_tap_count                   
000059a1  No_Mcu_Ganv_Sensor_Task_Without_tick
000059e5  DL_ADC12_setClockConfig             
00005a25  __aeabi_uidiv                       
00005a25  __aeabi_uidivmod                    
00005a65  __aeabi_f2d                         
00005a65  __extendsfdf2                       
00005ae5  DL_I2C_flushControllerTXFIFO        
00005b5d  Get_Anolog_Value                    
00005b99  LED_KEY_Blink_Update                
00005bd5  PID_clear                           
00005c11  __aeabi_i2f                         
00005c11  __floatsisf                         
00005c4d  __gesf2                             
00005c4d  __gtsf2                             
00005c89  mspm0_delay_ms                      
00005cc5  task1                               
00005d01  uart0_send_string                   
00005d3d  __cmpsf2                            
00005d3d  __eqsf2                             
00005d3d  __lesf2                             
00005d3d  __ltsf2                             
00005d3d  __nesf2                             
00005d79  __muldsi3                           
00005ded  __aeabi_f2iz                        
00005ded  __fixsfsi                           
00005e25  LED_off                             
00005e59  LED_toggle                          
00005e8d  mpu_get_sample_rate                 
00005ec1  readBlackFromFlash                  
00005ef5  readWhiteFromFlash                  
00005f29  SYSCFG_DL_SYSCTL_init               
00005f5b  dmp_set_shake_reject_time           
00005f8d  dmp_set_shake_reject_timeout        
00006021  dmp_set_tap_time                    
00006051  dmp_set_tap_time_multi              
000060d9  Encoder_HandleGPIOB                 
00006105  SYSCFG_DL_TIMER_Encoder_init        
0000615d  __aeabi_i2d                         
0000615d  __floatsidf                         
00006189  mspm0_get_clock_ms                  
000061b5  uart0_send_char                     
000062d1  Encoder_GetDistance_mm              
000062f9  SYSCFG_DL_DMA_CH0_init              
00006321  Tick_delay                          
00006349  Trace_Stop                          
00006371  __aeabi_ui2f                        
00006371  __floatunsisf                       
00006399  _c_int00_noargs                     
0000640d  DL_I2C_setClockConfig               
00006435  DL_FlashCTL_programMemoryFromRAM64  
00006459  __aeabi_ui2d                        
00006459  __floatunsidf                       
0000649d  Encoder_GetDelta                    
000064bd  memcmp                              
00006519  delay_us                            
00006731  DL_Timer_setCaptCompUpdateMethod    
0000674d  DL_Timer_setClockConfig             
00006785  Encoder_GetDistance_cm              
000067a1  dmp_load_motion_driver_firmware     
00006805  DL_FlashCTL_eraseMemoryFromRAM      
00006aa5  DL_Timer_setCaptureCompareOutCtl    
00006b1d  LED_KEY_Blink_Start                 
00006b35  SlowForward                         
00006b4d  UART3_IRQHandler                    
00006cf1  LED_KEY_Blink_SetInterval           
00006d05  LED_KEY_Blink_Stop                  
00006d19  SysTick_Handler                     
00006d2d  SysTick_Init                        
00006d41  Trace_Follow                        
00006d55  dmp_register_android_orient_cb      
00006d69  dmp_register_tap_cb                 
00006da1  DL_UART_setClockConfig              
00006db3  TI_memcpy_small                     
00006dc5  __TI_decompress_none                
00006df9  DL_Timer_setCaptureCompareValue     
00006e09  Tick_SysTickCallback                
00006e19  __TI_zero_init                      
00006e29  Get_Digtal_For_User                 
00006e45  TI_memset_small                     
00006e53  SYSCFG_DL_SYSTICK_init              
00006e61  __aeabi_memclr                      
00006e61  __aeabi_memclr4                     
00006e61  __aeabi_memclr8                     
00006e6d  DL_Common_delayCycles               
00006e77  LED_init                            
00006edf  SYSCFG_DL_DMA_init                  
00006ee9  __aeabi_errno_addr                  
00006ef1  __aeabi_memcpy                      
00006ef1  __aeabi_memcpy4                     
00006ef1  __aeabi_memcpy8                     
00006f17  abort                               
00006f1c  C$$EXIT                             
00006f1d  HOSTexit                            
00006f25  Reset_Handler                       
00006f39  _system_pre_init                    
00007b88  test                                
00007bb0  reg                                 
00007c0e  hw                                  
00007cdc  __TI_Handler_Table_Base             
00007ce8  __TI_Handler_Table_Limit            
00007cf0  __TI_CINIT_Base                     
00007d00  __TI_CINIT_Limit                    
00007d00  __TI_CINIT_Warm                     
00007d00  __TI_table_binit                    
00007d00  __binit__                           
00007d00  binit                               
20200000  __start___llvm_prf_bits             
20200000  __start___llvm_prf_cnts             
20200000  __stop___llvm_prf_bits              
20200000  __stop___llvm_prf_cnts              
20200000  gPWM_MOTORBackup                    
202000bc  gTIMER_EncoderBackup                
20200178  sensor                              
20200228  motor_l                             
202002d4  motor_r                             
20200380  bal                                 
20200424  ADC_VALUE                           
20200474  tracking_pid                        
202004bc  yaw_pid                             
20200504  gUART_k230Backup                    
20200534  encL                                
20200558  encR                                
2020057c  quat                                
2020058c  accel                               
20200592  gyro                                
2020059c  long_pressed_key_time               
202005a0  pitch                               
202005a4  roll                                
202005a8  sensor_timestamp                    
202005ac  state                               
202005b0  tick_ms                             
202005b4  yaw                                 
202005b8  sensors                             
202005ba  Digtal                              
202005bb  more                                
202005e8  Anolog                              
202005f8  black                               
20200618  white                               
2020064e  drive_mode                          
2020064f  enable_group1_irq                   
20200658  Tick                                
20200660  __aeabi_errno                       
20200664  base_target_speed                   
20200668  current_yaw                         
2020066c  last_key_time                       
20200670  target_angle                        
20200674  heading_relock                      
20200675  key_pressed                         
20200676  long_err_flag                       
20207e00  __stack                             
20208000  __STACK_END                         
ffffffff  __TI_pprof_out_hndl                 
ffffffff  __TI_prof_data_size                 
ffffffff  __TI_prof_data_start                
UNDEFED   __mpu_init                          
UNDEFED   _system_post_cinit                  

[319 symbols]
