******************************************************************************
            TI ARM Clang Linker PC v4.0.4                      
******************************************************************************
>> Linked Wed Jul 29 19:11:43 2026

OUTPUT FILE NAME:   <diansai2024.out>
ENTRY POINT SYMBOL: "_c_int00_noargs"  address: 000068c5


MEMORY CONFIGURATION

         name            origin    length      used     unused   attr    fill
----------------------  --------  ---------  --------  --------  ----  --------
  FLASH                 00000000   00020000  00008ad0  00017530  R  X
  SRAM                  20200000   00008000  000008d8  00007728  RW X
  BCR_CONFIG            41c00000   000000ff  00000000  000000ff  R   
  BSL_CONFIG            41c00100   00000080  00000000  00000080  R   


SEGMENT ALLOCATION MAP

run origin  load origin   length   init length attrs members
----------  ----------- ---------- ----------- ----- -------
00000000    00000000    00008a10   00008a10    r-x
  00000000    00000000    000000c0   000000c0    r-- .intvecs
  000000c0    000000c0    00007410   00007410    r-x .text
  000074d0    000074d0    00001540   00001540    r-- .rodata
00008a70    00008a70    00000060   00000060    r--
  00008a70    00008a70    00000050   00000050    r-- .cinit
  00008ac0    00008ac0    00000010   00000010    r-- .binit
20200000    20200000    00000678   00000000    rw-
  20200000    20200000    000005bc   00000000    rw- .bss
  202005bc    202005bc    000000bc   00000000    rw- .data
20200678    00008a10    00000060   00000060    r-x
  20200678    00008a10    00000060   00000060    r-x .TI.ramfunc
20207e00    20207e00    00000200   00000000    rw-
  20207e00    20207e00    00000200   00000000    rw- .stack


SECTION ALLOCATION MAP

 output                                  attributes/
section   page    origin      length       input sections
--------  ----  ----------  ----------   ----------------
.intvecs   0    00000000    000000c0     
                  00000000    000000c0     startup_mspm0g350x_ticlang.o (.intvecs)

.text      0    000000c0    00007410     
                  000000c0    00000364     libc.a : e_asin.c.obj (.text.asin)
                  00000424    000002f8            : s_atan.c.obj (.text.atan)
                  0000071c    00000278     inv_mpu_dmp_motion_driver.o (.text.dmp_enable_feature)
                  00000994    00000238     inv_mpu_dmp_motion_driver.o (.text.dmp_set_tap_thresh)
                  00000bcc    00000234     key.o (.text.Key_Process)
                  00000e00    0000022c     mpu6050.o (.text.Read_Quad)
                  0000102c    0000022c     inv_mpu.o (.text.mpu_reset_fifo)
                  00001258    000001f4     inv_mpu_dmp_motion_driver.o (.text.dmp_read_fifo)
                  0000144c    000001b4     pid.o (.text.PID_Calc)
                  00001600    000001ac     ti_msp_dl_config.o (.text.SYSCFG_DL_GPIO_init)
                  000017ac    000001a0     inv_mpu.o (.text.mpu_set_bypass)
                  0000194c    00000192     libclang_rt.builtins.a : adddf3.S.obj (.text.adddf3_subdf3)
                  00001ade    00000002                            : aeabi_div0.c.obj (.text.__aeabi_idiv0)
                  00001ae0    00000188     No_Mcu_Ganv_Grayscale_Sensor.o (.text.No_MCU_Ganv_Sensor_Init)
                  00001c68    00000188     libc.a : e_atan2.c.obj (.text.atan2)
                  00001df0    00000184     trace.o (.text.Control)
                  00001f74    00000178     inv_mpu_dmp_motion_driver.o (.text.dmp_set_orientation)
                  000020ec    00000170     libc.a : e_sqrt.c.obj (.text.sqrt)
                  0000225c    00000144     mpu6050.o (.text.MPU6050_Init)
                  000023a0    00000134     mspm0_i2c.o (.text.mspm0_i2c_read)
                  000024d4    00000130     inv_mpu.o (.text.mpu_set_sensors)
                  00002604    0000012c     trace.o (.text.Trace_init)
                  00002730    00000128     inv_mpu.o (.text.mpu_init)
                  00002858    00000124     inv_mpu.o (.text.mpu_load_firmware)
                  0000297c    00000120     main.o (.text.main)
                  00002a9c    00000118     oled_software_i2c.o (.text.OLED_ShowChar)
                  00002bb4    0000010c     trace.o (.text.Turn_angel)
                  00002cc0    0000010c     libclang_rt.builtins.a : divdf3.S.obj (.text.__divdf3)
                  00002dcc    00000108     inv_mpu.o (.text.mpu_read_fifo_stream)
                  00002ed4    00000104     driverlib.a : dl_timer.o (.text.DL_Timer_initFourCCPWMMode)
                  00002fd8    00000100     inv_mpu.o (.text.mpu_lp_accel_mode)
                  000030d8    000000fc     driverlib.a : dl_timer.o (.text.DL_Timer_initTimerMode)
                  000031d4    000000fa     oled_software_i2c.o (.text.OLED_Init)
                  000032ce    00000002     --HOLE-- [fill = 0]
                  000032d0    000000ec     inv_mpu.o (.text.mpu_set_sample_rate)
                  000033bc    000000e4     libclang_rt.builtins.a : muldf3.S.obj (.text.__muldf3)
                  000034a0    000000e4     inv_mpu.o (.text.mpu_set_accel_fsr)
                  00003584    000000d8     driverlib.a : dl_flashctl.o (.text.DL_FlashCTL_unprotectSector)
                  0000365c    000000d8     libclang_rt.builtins.a : addsf3.S.obj (.text)
                  00003734    000000d4     inv_mpu.o (.text.set_int_enable)
                  00003808    000000d0     inv_mpu.o (.text.mpu_set_lpf)
                  000038d8    000000cc     motor.o (.text.Motor_Speed_Get)
                  000039a4    000000c4     trace.o (.text.GROUP1_IRQHandler)
                  00003a68    000000c4     inv_mpu.o (.text.mpu_set_gyro_fsr)
                  00003b2c    000000c4     mspm0_i2c.o (.text.mspm0_i2c_write)
                  00003bf0    000000c0     trace.o (.text.Motor_Ctrl)
                  00003cb0    000000bc     inv_mpu.o (.text.mpu_configure_fifo)
                  00003d6c    000000b8     No_Mcu_Ganv_Grayscale_Sensor.o (.text.Get_Analog_value)
                  00003e24    000000b8     inv_mpu.o (.text.mpu_set_dmp_state)
                  00003edc    000000b4     flash.o (.text.writeToFlash)
                  00003f90    000000ac     inv_mpu.o (.text.mpu_read_mem)
                  0000403c    000000ac     inv_mpu.o (.text.mpu_write_mem)
                  000040e8    000000aa     No_Mcu_Ganv_Grayscale_Sensor.o (.text.normalizeAnalogValues)
                  00004192    00000002     --HOLE-- [fill = 0]
                  00004194    000000a0     motor.o (.text.Motor_Encoder_Update)
                  00004234    0000009c     trace.o (.text.RunStraight)
                  000042d0    0000009c     ti_msp_dl_config.o (.text.SYSCFG_DL_initPower)
                  0000436c    0000009c     inv_mpu.o (.text.mpu_set_int_latched)
                  00004408    00000098     inv_mpu_dmp_motion_driver.o (.text.dmp_set_fifo_rate)
                  000044a0    00000096     mpu6050.o (.text.inv_row_2_scale)
                  00004536    00000002     --HOLE-- [fill = 0]
                  00004538    00000090     trace.o (.text.Calculate_Position_Error)
                  000045c8    00000090     motor.o (.text.Motor_Driver)
                  00004658    00000090     motor.o (.text.Motor_Init)
                  000046e8    00000090     ti_msp_dl_config.o (.text.SYSCFG_DL_PWM_MOTOR_init)
                  00004778    0000008c     libclang_rt.builtins.a : mulsf3.S.obj (.text.__mulsf3)
                  00004804    0000008c     inv_mpu_dmp_motion_driver.o (.text.decode_gesture)
                  00004890    00000088     encoder.o (.text.Encoder_HandleGPIOA)
                  00004918    00000088     adc.o (.text.adc_getValue)
                  000049a0    00000084     clock.o (.text.__NVIC_SetPriority)
                  00004a24    00000084     ti_msp_dl_config.o (.text.__NVIC_SetPriority)
                  00004aa8    00000082     libclang_rt.builtins.a : divsf3.S.obj (.text.__divsf3)
                  00004b2a    00000002     --HOLE-- [fill = 0]
                  00004b2c    00000080     balance.o (.text.Balance_Init)
                  00004bac    00000080     led.o (.text.LED_setAll)
                  00004c2c    0000007c     oled_software_i2c.o (.text.Send_Byte)
                  00004ca8    0000007c     libc.a : copy_decompress_lzss.c.obj (.text:decompress:lzss)
                  00004d24    00000074     libclang_rt.builtins.a : comparedf2.c.obj (.text.__gedf2)
                  00004d98    00000008     ti_msp_dl_config.o (.text.SYSCFG_DL_DMA_init)
                  00004da0    00000074     libclang_rt.builtins.a : truncdfsf2.S.obj (.text.__truncdfsf2)
                  00004e14    00000074     inv_mpu.o (.text.mpu_get_accel_fsr)
                  00004e88    00000072     No_Mcu_Ganv_Grayscale_Sensor.o (.text.No_MCU_Ganv_Sensor_Init_Frist)
                  00004efa    00000070     oled_software_i2c.o (.text.OLED_ShowString)
                  00004f6a    00000002     --HOLE-- [fill = 0]
                  00004f6c    0000006c     ti_msp_dl_config.o (.text.SYSCFG_DL_ADC_VOLTAGE_init)
                  00004fd8    0000006c     No_Mcu_Ganv_Grayscale_Sensor.o (.text.convertAnalogToDigital)
                  00005044    0000006a     oled_software_i2c.o (.text.OLED_Clear)
                  000050ae    00000002     --HOLE-- [fill = 0]
                  000050b0    00000068     libclang_rt.builtins.a : comparedf2.c.obj (.text.__ledf2)
                  00005118    00000066     inv_mpu_dmp_motion_driver.o (.text.dmp_set_tap_axes)
                  0000517e    00000002     --HOLE-- [fill = 0]
                  00005180    00000064     ti_msp_dl_config.o (.text.DL_ADC12_initSingleSample)
                  000051e4    00000064     encoder.o (.text.Encoder_Init)
                  00005248    00000064     ti_msp_dl_config.o (.text.SYSCFG_DL_PWM_Servo_init)
                  000052ac    00000062     libclang_rt.builtins.a : aeabi_dcmp.S.obj (.text.__aeabi_dcmp)
                  0000530e    00000002     --HOLE-- [fill = 0]
                  00005310    00000062                            : aeabi_fcmp.S.obj (.text.__aeabi_fcmp)
                  00005372    00000002     --HOLE-- [fill = 0]
                  00005374    00000060     trace.o (.text.Calculate_Heading_Error)
                  000053d4    00000060     inv_mpu_dmp_motion_driver.o (.text.dmp_enable_gyro_cal)
                  00005434    00000060     mspm0_i2c.o (.text.mpu6050_i2c_sda_unlock)
                  00005494    00000060     inv_mpu.o (.text.mpu_get_gyro_fsr)
                  000054f4    0000005e     driverlib.a : dl_i2c.o (.text.DL_I2C_fillControllerTXFIFO)
                  00005552    00000002     --HOLE-- [fill = 0]
                  00005554    0000005c     mspm0_i2c.o (.text.mspm0_i2c_enable)
                  000055b0    00000058     ti_msp_dl_config.o (.text.SYSCFG_DL_I2C_MPU6050_init)
                  00005608    00000058     key.o (.text.adjust_white_black)
                  00005660    00000056     libclang_rt.builtins.a : aeabi_idivmod.S.obj (.text.__aeabi_idivmod)
                  000056b6    00000002     --HOLE-- [fill = 0]
                  000056b8    00000050     mspm0_i2c.o (.text.DL_GPIO_initPeripheralInputFunctionFeatures)
                  00005708    00000050     ti_msp_dl_config.o (.text.DL_GPIO_initPeripheralInputFunctionFeatures)
                  00005758    00000050     mspm0_i2c.o (.text.DL_I2C_startControllerTransfer)
                  000057a8    00000050     pid.o (.text.PID_Init)
                  000057f8    00000050     ti_msp_dl_config.o (.text.SYSCFG_DL_init)
                  00005848    00000050     clock.o (.text.SysTick_Config)
                  00005898    00000050     ti_msp_dl_config.o (.text.SysTick_Config)
                  000058e8    0000004e     oled_software_i2c.o (.text.OLED_WR_Byte)
                  00005936    00000002     --HOLE-- [fill = 0]
                  00005938    0000004c     driverlib.a : dl_dma.o (.text.DL_DMA_initChannel)
                  00005984    0000004c     mspm0_i2c.o (.text.DL_GPIO_initDigitalInputFeatures)
                  000059d0    0000004c     ti_msp_dl_config.o (.text.DL_GPIO_initDigitalInputFeatures)
                  00005a1c    0000004c     ti_msp_dl_config.o (.text.DL_UART_setBaudRateDivisor)
                  00005a68    0000004c     libc.a : cpy_tbl.c.obj (.text.copy_in)
                  00005ab4    0000004c            : autoinit.c.obj (.text:__TI_auto_init_nopinit)
                  00005b00    0000004a     ti_msp_dl_config.o (.text.DL_ADC12_configConversionMem)
                  00005b4a    00000002     --HOLE-- [fill = 0]
                  00005b4c    0000004a     libclang_rt.builtins.a : fixdfsi.S.obj (.text.__fixdfsi)
                  00005b96    00000002     --HOLE-- [fill = 0]
                  00005b98    00000048     driverlib.a : dl_uart.o (.text.DL_UART_init)
                  00005be0    00000048     ti_msp_dl_config.o (.text.SYSCFG_DL_UART_k230_init)
                  00005c28    00000048     inv_mpu_dmp_motion_driver.o (.text.dmp_enable_6x_lp_quat)
                  00005c70    00000048     inv_mpu_dmp_motion_driver.o (.text.dmp_enable_lp_quat)
                  00005cb8    00000048     mspm0_i2c.o (.text.mspm0_i2c_disable)
                  00005d00    00000044     pid.o (.text.LimitMax)
                  00005d44    00000044     inv_mpu_dmp_motion_driver.o (.text.dmp_set_shake_reject_thresh)
                  00005d88    00000044     inv_mpu_dmp_motion_driver.o (.text.dmp_set_tap_count)
                  00005dcc    00000042     No_Mcu_Ganv_Grayscale_Sensor.o (.text.No_Mcu_Ganv_Sensor_Task_Without_tick)
                  00005e0e    00000002     --HOLE-- [fill = 0]
                  00005e10    00000040     driverlib.a : dl_adc12.o (.text.DL_ADC12_setClockConfig)
                  00005e50    00000040     libclang_rt.builtins.a : aeabi_uidivmod.S.obj (.text.__aeabi_uidivmod)
                  00005e90    00000040                            : extendsfdf2.S.obj (.text.__extendsfdf2)
                  00005ed0    0000003e     mpu6050.o (.text.inv_orientation_matrix_to_scalar)
                  00005f0e    00000002     --HOLE-- [fill = 0]
                  00005f10    0000003c     driverlib.a : dl_i2c.o (.text.DL_I2C_flushControllerTXFIFO)
                  00005f4c    0000003c     ti_msp_dl_config.o (.text.DL_Timer_setCounterControl)
                  00005f88    0000003c     No_Mcu_Ganv_Grayscale_Sensor.o (.text.Get_Anolog_Value)
                  00005fc4    0000003c     led.o (.text.LED_KEY_Blink_Update)
                  00006000    0000003c     oled_software_i2c.o (.text.OLED_Set_Pos)
                  0000603c    0000003c     pid.o (.text.PID_clear)
                  00006078    0000003c     libclang_rt.builtins.a : floatsisf.S.obj (.text.__floatsisf)
                  000060b4    0000003c                            : comparesf2.S.obj (.text.__gtsf2)
                  000060f0    0000003c     clock.o (.text.mspm0_delay_ms)
                  0000612c    0000003c     Task.o (.text.task1)
                  00006168    0000003c     uart.o (.text.uart0_send_string)
                  000061a4    0000003a     libclang_rt.builtins.a : comparesf2.S.obj (.text.__eqsf2)
                  000061de    00000002     --HOLE-- [fill = 0]
                  000061e0    0000003a                            : muldsi3.S.obj (.text.__muldsi3)
                  0000621a    00000002     --HOLE-- [fill = 0]
                  0000621c    00000038     oled_software_i2c.o (.text.I2C_Start)
                  00006254    00000038     motor.o (.text.Motor_Pid_Init)
                  0000628c    00000038     libclang_rt.builtins.a : fixsfsi.S.obj (.text.__fixsfsi)
                  000062c4    00000034     led.o (.text.LED_off)
                  000062f8    00000034     led.o (.text.LED_toggle)
                  0000632c    00000034     inv_mpu.o (.text.mpu_get_sample_rate)
                  00006360    00000034     flash.o (.text.readBlackFromFlash)
                  00006394    00000034     flash.o (.text.readWhiteFromFlash)
                  000063c8    00000032     ti_msp_dl_config.o (.text.SYSCFG_DL_SYSCTL_init)
                  000063fa    00000032     inv_mpu_dmp_motion_driver.o (.text.dmp_set_shake_reject_time)
                  0000642c    00000032     inv_mpu_dmp_motion_driver.o (.text.dmp_set_shake_reject_timeout)
                  0000645e    00000002     --HOLE-- [fill = 0]
                  00006460    00000030     ti_msp_dl_config.o (.text.DL_DMA_setTransferSize)
                  00006490    00000030     Task.o (.text.GetDistance)
                  000064c0    00000030     oled_software_i2c.o (.text.I2C_Stop)
                  000064f0    00000030     oled_software_i2c.o (.text.I2C_WaitAck)
                  00006520    00000030     inv_mpu_dmp_motion_driver.o (.text.dmp_set_tap_time)
                  00006550    00000030     inv_mpu_dmp_motion_driver.o (.text.dmp_set_tap_time_multi)
                  00006580    0000002c     ti_msp_dl_config.o (.text.DL_ADC12_setDMASamplesCnt)
                  000065ac    0000002c     flash.o (.text.DL_FlashCTL_waitForCmdDone)
                  000065d8    0000002c     encoder.o (.text.Encoder_HandleGPIOB)
                  00006604    0000002c     ti_msp_dl_config.o (.text.SYSCFG_DL_TIMER_Encoder_init)
                  00006630    0000002c     interrupt.o (.text.__NVIC_EnableIRQ)
                  0000665c    0000002c     main.o (.text.__NVIC_EnableIRQ)
                  00006688    0000002c     libclang_rt.builtins.a : floatsidf.S.obj (.text.__floatsidf)
                  000066b4    0000002c     clock.o (.text.mspm0_get_clock_ms)
                  000066e0    0000002c     uart.o (.text.uart0_send_char)
                  0000670c    00000028     mspm0_i2c.o (.text.DL_Common_updateReg)
                  00006734    00000028     ti_msp_dl_config.o (.text.DL_Common_updateReg)
                  0000675c    00000028     main.o (.text.DL_DMA_setDestAddr)
                  00006784    00000028     main.o (.text.DL_DMA_setSrcAddr)
                  000067ac    00000028     ti_msp_dl_config.o (.text.DL_I2C_setControllerRXFIFOThreshold)
                  000067d4    00000028     ti_msp_dl_config.o (.text.DL_I2C_setControllerTXFIFOThreshold)
                  000067fc    00000028     Distance.o (.text.Encoder_GetDistance_mm)
                  00006824    00000028     ti_msp_dl_config.o (.text.SYSCFG_DL_DMA_CH0_init)
                  0000684c    00000028     delay.o (.text.Tick_delay)
                  00006874    00000028     Task.o (.text.Trace_Stop)
                  0000689c    00000028     libclang_rt.builtins.a : floatunsisf.S.obj (.text.__floatunsisf)
                  000068c4    00000028     libc.a : boot_cortex_m.c.obj (.text:_c_int00_noargs)
                  000068ec    00000026     main.o (.text.DL_DMA_enableChannel)
                  00006912    00000026     ti_msp_dl_config.o (.text.DL_I2C_setAnalogGlitchFilterPulseWidth)
                  00006938    00000026     driverlib.a : dl_i2c.o (.text.DL_I2C_setClockConfig)
                  0000695e    00000002     --HOLE-- [fill = 0]
                  00006960    00000024                 : dl_flashctl.o (.text.DL_FlashCTL_programMemoryFromRAM64)
                  00006984    00000024     libclang_rt.builtins.a : floatunsidf.S.obj (.text.__floatunsidf)
                  000069a8    00000020     ti_msp_dl_config.o (.text.DL_GPIO_initPeripheralInputFunction)
                  000069c8    00000020     encoder.o (.text.Encoder_GetDelta)
                  000069e8    00000020     libc.a : memcmp.c.obj (.text.memcmp)
                  00006a08    0000001e     ti_msp_dl_config.o (.text.DL_UART_setOversampling)
                  00006a26    0000001e     motor.o (.text.Motor_Calc)
                  00006a44    0000001e     delay.o (.text.delay_us)
                  00006a62    00000002     --HOLE-- [fill = 0]
                  00006a64    0000001c     ti_msp_dl_config.o (.text.DL_ADC12_enableDMA)
                  00006a80    0000001c     ti_msp_dl_config.o (.text.DL_ADC12_enableDMATrigger)
                  00006a9c    0000001c     main.o (.text.DL_ADC12_startConversion)
                  00006ab8    0000001c     encoder.o (.text.DL_GPIO_clearInterruptStatus)
                  00006ad4    0000001c     ti_msp_dl_config.o (.text.DL_GPIO_clearInterruptStatus)
                  00006af0    0000001c     trace.o (.text.DL_GPIO_clearInterruptStatus)
                  00006b0c    0000001c     encoder.o (.text.DL_GPIO_disableInterrupt)
                  00006b28    0000001c     mspm0_i2c.o (.text.DL_GPIO_enableHiZ)
                  00006b44    0000001c     ti_msp_dl_config.o (.text.DL_GPIO_enableHiZ)
                  00006b60    0000001c     encoder.o (.text.DL_GPIO_enableInterrupt)
                  00006b7c    0000001c     ti_msp_dl_config.o (.text.DL_GPIO_enableInterrupt)
                  00006b98    0000001c     ti_msp_dl_config.o (.text.DL_GPIO_initPeripheralOutputFunction)
                  00006bb4    0000001c     ti_msp_dl_config.o (.text.DL_GPIO_setLowerPinsPolarity)
                  00006bd0    0000001c     mpu6050.o (.text.DL_I2C_getSDAStatus)
                  00006bec    0000001c     mspm0_i2c.o (.text.DL_I2C_isControllerRXFIFOEmpty)
                  00006c08    0000001c     ti_msp_dl_config.o (.text.DL_SYSCTL_setMCLKDivider)
                  00006c24    0000001c     ti_msp_dl_config.o (.text.DL_SYSCTL_setSYSOSCFreq)
                  00006c40    0000001c     ti_msp_dl_config.o (.text.DL_SYSCTL_setULPCLKDivider)
                  00006c5c    0000001c     driverlib.a : dl_timer.o (.text.DL_Timer_setCaptCompUpdateMethod)
                  00006c78    0000001c                 : dl_timer.o (.text.DL_Timer_setClockConfig)
                  00006c94    0000001c     ti_msp_dl_config.o (.text.DL_UART_enableInterrupt)
                  00006cb0    0000001c     Distance.o (.text.Encoder_GetDistance_cm)
                  00006ccc    0000001c     interrupt.o (.text.Interrupt_Init)
                  00006ce8    0000001c     inv_mpu_dmp_motion_driver.o (.text.dmp_load_motion_driver_firmware)
                  00006d04    00000018     ti_msp_dl_config.o (.text.DL_ADC12_enablePower)
                  00006d1c    00000018     ti_msp_dl_config.o (.text.DL_ADC12_reset)
                  00006d34    00000018     ti_msp_dl_config.o (.text.DL_ADC12_setSampleTime0)
                  00006d4c    00000018     driverlib.a : dl_flashctl.o (.text.DL_FlashCTL_eraseMemoryFromRAM)
                  00006d64    00000018     mspm0_i2c.o (.text.DL_GPIO_enableOutput)
                  00006d7c    00000018     ti_msp_dl_config.o (.text.DL_GPIO_enableOutput)
                  00006d94    00000018     ti_msp_dl_config.o (.text.DL_GPIO_enablePower)
                  00006dac    00000018     mspm0_i2c.o (.text.DL_GPIO_initDigitalOutput)
                  00006dc4    00000018     ti_msp_dl_config.o (.text.DL_GPIO_initDigitalOutput)
                  00006ddc    00000018     ti_msp_dl_config.o (.text.DL_GPIO_reset)
                  00006df4    00000018     No_Mcu_Ganv_Grayscale_Sensor.o (.text.DL_GPIO_setPins)
                  00006e0c    00000018     led.o (.text.DL_GPIO_setPins)
                  00006e24    00000018     motor.o (.text.DL_GPIO_setPins)
                  00006e3c    00000018     mspm0_i2c.o (.text.DL_GPIO_setPins)
                  00006e54    00000018     oled_software_i2c.o (.text.DL_GPIO_setPins)
                  00006e6c    00000018     ti_msp_dl_config.o (.text.DL_GPIO_setPins)
                  00006e84    00000018     trace.o (.text.DL_GPIO_setPins)
                  00006e9c    00000018     ti_msp_dl_config.o (.text.DL_GPIO_setUpperPinsPolarity)
                  00006eb4    00000018     led.o (.text.DL_GPIO_togglePins)
                  00006ecc    00000018     mspm0_i2c.o (.text.DL_I2C_clearInterruptStatus)
                  00006ee4    00000018     ti_msp_dl_config.o (.text.DL_I2C_enableAnalogGlitchFilter)
                  00006efc    00000018     ti_msp_dl_config.o (.text.DL_I2C_enableController)
                  00006f14    00000018     ti_msp_dl_config.o (.text.DL_I2C_enableControllerClockStretching)
                  00006f2c    00000018     mspm0_i2c.o (.text.DL_I2C_enablePower)
                  00006f44    00000018     ti_msp_dl_config.o (.text.DL_I2C_enablePower)
                  00006f5c    00000018     mspm0_i2c.o (.text.DL_I2C_getRawInterruptStatus)
                  00006f74    00000018     mspm0_i2c.o (.text.DL_I2C_reset)
                  00006f8c    00000018     ti_msp_dl_config.o (.text.DL_I2C_reset)
                  00006fa4    00000018     ti_msp_dl_config.o (.text.DL_I2C_setTimerPeriod)
                  00006fbc    00000018     ti_msp_dl_config.o (.text.DL_SYSCTL_setBORThreshold)
                  00006fd4    00000018     ti_msp_dl_config.o (.text.DL_Timer_enablePower)
                  00006fec    00000018     ti_msp_dl_config.o (.text.DL_Timer_reset)
                  00007004    00000018     driverlib.a : dl_timer.o (.text.DL_Timer_setCaptureCompareOutCtl)
                  0000701c    00000018     motor.o (.text.DL_Timer_startCounter)
                  00007034    00000018     ti_msp_dl_config.o (.text.DL_UART_enablePower)
                  0000704c    00000018     uart.o (.text.DL_UART_isBusy)
                  00007064    00000018     ti_msp_dl_config.o (.text.DL_UART_reset)
                  0000707c    00000018     led.o (.text.LED_KEY_Blink_Start)
                  00007094    00000018     trace.o (.text.SlowForward)
                  000070ac    00000018     Task.o (.text.UART3_IRQHandler)
                  000070c4    00000016     ti_msp_dl_config.o (.text.DL_ADC12_enableConversions)
                  000070da    00000016     encoder.o (.text.DL_GPIO_readPins)
                  000070f0    00000016     key.o (.text.DL_GPIO_readPins)
                  00007106    00000016     mspm0_i2c.o (.text.DL_GPIO_readPins)
                  0000711c    00000016     trace.o (.text.DL_GPIO_readPins)
                  00007132    00000016     mspm0_i2c.o (.text.DL_I2C_transmitControllerData)
                  00007148    00000016     ti_msp_dl_config.o (.text.DL_UART_enable)
                  0000715e    00000016     uart.o (.text.DL_UART_transmitData)
                  00007174    00000014     No_Mcu_Ganv_Grayscale_Sensor.o (.text.DL_GPIO_clearPins)
                  00007188    00000014     led.o (.text.DL_GPIO_clearPins)
                  0000719c    00000014     motor.o (.text.DL_GPIO_clearPins)
                  000071b0    00000014     mspm0_i2c.o (.text.DL_GPIO_clearPins)
                  000071c4    00000014     oled_software_i2c.o (.text.DL_GPIO_clearPins)
                  000071d8    00000014     ti_msp_dl_config.o (.text.DL_GPIO_clearPins)
                  000071ec    00000014     mspm0_i2c.o (.text.DL_I2C_getControllerStatus)
                  00007200    00000014     mspm0_i2c.o (.text.DL_I2C_receiveControllerData)
                  00007214    00000014     ti_msp_dl_config.o (.text.DL_I2C_resetControllerTransfer)
                  00007228    00000014     ti_msp_dl_config.o (.text.DL_SYSCTL_disableSYSPLL)
                  0000723c    00000014     ti_msp_dl_config.o (.text.DL_Timer_enableClock)
                  00007250    00000014     ti_msp_dl_config.o (.text.DL_Timer_setCCPDirection)
                  00007264    00000014     led.o (.text.LED_KEY_Blink_SetInterval)
                  00007278    00000014     led.o (.text.LED_KEY_Blink_Stop)
                  0000728c    00000014     delay.o (.text.SysTick_Handler)
                  000072a0    00000014     clock.o (.text.SysTick_Init)
                  000072b4    00000014     Task.o (.text.Trace_Follow)
                  000072c8    00000014     inv_mpu_dmp_motion_driver.o (.text.dmp_register_android_orient_cb)
                  000072dc    00000014     inv_mpu_dmp_motion_driver.o (.text.dmp_register_tap_cb)
                  000072f0    00000012     trace.o (.text.DL_GPIO_getPendingInterrupt)
                  00007302    00000012     Task.o (.text.DL_UART_getPendingInterrupt)
                  00007314    00000012     driverlib.a : dl_uart.o (.text.DL_UART_setClockConfig)
                  00007326    00000012     libc.a : memcpy16.S.obj (.text:TI_memcpy_small)
                  00007338    00000012            : copy_decompress_none.c.obj (.text:decompress:none)
                  0000734a    00000002     --HOLE-- [fill = 0]
                  0000734c    00000010     ti_msp_dl_config.o (.text.DL_SYSCTL_disableHFXT)
                  0000735c    00000010     motor.o (.text.DL_Timer_getTimerCount)
                  0000736c    00000010     driverlib.a : dl_timer.o (.text.DL_Timer_setCaptureCompareValue)
                  0000737c    00000010     delay.o (.text.Tick_SysTickCallback)
                  0000738c    00000010     oled_software_i2c.o (.text.delay_ms)
                  0000739c    00000010     libc.a : copy_zero_init.c.obj (.text:decompress:ZI)
                  000073ac    0000000e     No_Mcu_Ganv_Grayscale_Sensor.o (.text.Get_Digtal_For_User)
                  000073ba    0000000e     mpu6050.o (.text.tap_cb)
                  000073c8    0000000e     libc.a : memset16.S.obj (.text:TI_memset_small)
                  000073d6    0000000c     ti_msp_dl_config.o (.text.SYSCFG_DL_SYSTICK_init)
                  000073e2    00000002     --HOLE-- [fill = 0]
                  000073e4    0000000c     libclang_rt.builtins.a : aeabi_memset.S.obj (.text.__aeabi_memclr)
                  000073f0    0000000a     driverlib.a : dl_common.o (.text.DL_Common_delayCycles)
                  000073fa    0000000a     led.o (.text.LED_init)
                  00007404    0000000a     libc.a : e_asin.c.obj (.text.OUTLINED_FUNCTION_0)
                  0000740e    00000002     --HOLE-- [fill = 0]
                  00007410    00000010     libclang_rt.builtins.a : muldf3.S.obj (.tramp.__aeabi_dmul.1)
                  00007420    0000000a     libc.a : s_atan.c.obj (.text.OUTLINED_FUNCTION_0)
                  0000742a    0000000a            : e_asin.c.obj (.text.OUTLINED_FUNCTION_1)
                  00007434    0000000a            : e_asin.c.obj (.text.OUTLINED_FUNCTION_3)
                  0000743e    00000002     --HOLE-- [fill = 0]
                  00007440    00000010     libclang_rt.builtins.a : divdf3.S.obj (.tramp.__aeabi_ddiv.1)
                  00007450    0000000a     mpu6050.o (.text.android_orient_cb)
                  0000745a    00000008     libc.a : s_atan.c.obj (.text.OUTLINED_FUNCTION_2)
                  00007462    00000002     --HOLE-- [fill = 0]
                  00007464    00000008            : aeabi_portable.c.obj (.text.__aeabi_errno_addr)
                  0000746c    00000008     libclang_rt.builtins.a : aeabi_memcpy.S.obj (.text.__aeabi_memcpy)
                  00007474    00000006     libc.a : s_atan.c.obj (.text.OUTLINED_FUNCTION_1)
                  0000747a    00000002     --HOLE-- [fill = 0]
                  0000747c    00000010     libclang_rt.builtins.a : adddf3.S.obj (.tramp.__aeabi_dadd.1)
                  0000748c    00000006     libc.a : e_asin.c.obj (.text.OUTLINED_FUNCTION_2)
                  00007492    00000006            : exit.c.obj (.text:abort)
                  00007498    00000004     startup_mspm0g350x_ticlang.o (.text.Default_Handler)
                  0000749c    00000004     libsysbm.a : hostexit.c.obj (.text.HOSTexit)
                  000074a0    00000004     libc.a : e_asin.c.obj (.text.OUTLINED_FUNCTION_4)
                  000074a4    00000004     startup_mspm0g350x_ticlang.o (.text.Reset_Handler)
                  000074a8    00000010     libc.a : boot_cortex_m.c.obj (.tramp._c_int00_noargs.1)
                  000074b8    00000004            : pre_init.c.obj (.text._system_pre_init)
                  000074bc    00000010     driverlib.a : dl_flashctl.o (.tramp.DL_FlashCTL_executeCommandFromRAM.1)
                  000074cc    00000004     --HOLE-- [fill = 0]

.TI.ramfunc 
*          0    00008a10    00000060     RUN ADDR = 20200678
                  00008a10    00000060     driverlib.a : dl_flashctl.o (.TI.ramfunc)

.cinit     0    00008a70    00000050     
                  00008a70    0000002a     (.cinit..data.load) [load image, compression = lzss]
                  00008a9a    00000002     --HOLE-- [fill = 0]
                  00008a9c    0000000c     (__TI_handler_table)
                  00008aa8    00000008     (.cinit..bss.load) [load image, compression = zero_init]
                  00008ab0    00000010     (__TI_cinit_table)

.rodata    0    000074d0    00001540     
                  000074d0    00000bf6     inv_mpu_dmp_motion_driver.o (.rodata.dmp_memory)
                  000080c6    000005f0     oled_software_i2c.o (.rodata.asc2_1608)
                  000086b6    00000228     oled_software_i2c.o (.rodata.asc2_0806)
                  000088de    00000002     ti_msp_dl_config.o (.rodata.gI2C_MPU6050ClockConfig)
                  000088e0    00000040     libc.a : s_atan.c.obj (.rodata.cst32)
                  00008920    00000028     inv_mpu.o (.rodata.test)
                  00008948    0000001e     inv_mpu.o (.rodata.reg)
                  00008966    00000002     ti_msp_dl_config.o (.rodata.gUART_k230ClockConfig)
                  00008968    00000018     ti_msp_dl_config.o (.rodata.gDMA_CH0Config)
                  00008980    00000014     ti_msp_dl_config.o (.rodata.gTIMER_EncoderTimerConfig)
                  00008994    00000012     main.o (.rodata.str1.15159059442110792349.1)
                  000089a6    0000000d     main.o (.rodata.str1.8154729771448623357.1)
                  000089b3    00000001     --HOLE-- [fill = 0]
                  000089b4    0000000c     inv_mpu.o (.rodata.hw)
                  000089c0    0000000a     ti_msp_dl_config.o (.rodata.gUART_k230Config)
                  000089ca    00000002     --HOLE-- [fill = 0]
                  000089cc    00000008     ti_msp_dl_config.o (.rodata.gADC_VOLTAGEClockConfig)
                  000089d4    00000008     ti_msp_dl_config.o (.rodata.gPWM_MOTORConfig)
                  000089dc    00000008     ti_msp_dl_config.o (.rodata.gPWM_ServoConfig)
                  000089e4    00000006     main.o (.rodata.str1.12180500075719773345.1)
                  000089ea    00000006     main.o (.rodata.str1.17100691992556644108.1)
                  000089f0    00000006     main.o (.rodata.str1.18227636981041470289.1)
                  000089f6    00000006     main.o (.rodata.str1.2846389346932560359.1)
                  000089fc    00000005     main.o (.rodata.str1.288608917962107522.1)
                  00008a01    00000003     ti_msp_dl_config.o (.rodata.gPWM_MOTORClockConfig)
                  00008a04    00000004     led.o (.rodata.LED_PINS)
                  00008a08    00000003     ti_msp_dl_config.o (.rodata.gPWM_ServoClockConfig)
                  00008a0b    00000003     ti_msp_dl_config.o (.rodata.gTIMER_EncoderClockConfig)
                  00008a0e    00000002     --HOLE-- [fill = 0]

.init_array 
*          0    00000000    00000000     UNINITIALIZED

.binit     0    00008ac0    00000010     
                  00008ac0    00000010     (.binit)

.bss       0    20200000    000005bc     UNINITIALIZED
                  20200000    000000bc     (.common:gPWM_MOTORBackup)
                  202000bc    000000bc     (.common:gTIMER_EncoderBackup)
                  20200178    000000b0     (.common:sensor)
                  20200228    000000ac     (.common:motor_l)
                  202002d4    000000ac     (.common:motor_r)
                  20200380    000000a4     (.common:bal)
                  20200424    00000050     (.common:ADC_VALUE)
                  20200474    00000048     (.common:tracking_pid)
                  202004bc    00000048     (.common:yaw_pid)
                  20200504    00000030     (.common:gUART_k230Backup)
                  20200534    00000024     (.common:encL)
                  20200558    00000024     (.common:encR)
                  2020057c    00000010     (.common:quat)
                  2020058c    00000006     (.common:accel)
                  20200592    00000006     (.common:gyro)
                  20200598    00000004     trace.o (.bss.RunStraight.target_yaw)
                  2020059c    00000004     (.common:long_pressed_key_time)
                  202005a0    00000004     (.common:pitch)
                  202005a4    00000004     (.common:roll)
                  202005a8    00000004     (.common:sensor_timestamp)
                  202005ac    00000004     (.common:state)
                  202005b0    00000004     (.common:tick_ms)
                  202005b4    00000004     (.common:yaw)
                  202005b8    00000002     (.common:sensors)
                  202005ba    00000001     (.common:Digtal)
                  202005bb    00000001     (.common:more)

.data      0    202005bc    000000bc     UNINITIALIZED
                  202005bc    0000002c     inv_mpu.o (.data.st)
                  202005e8    00000010     trace.o (.data.Anolog)
                  202005f8    00000010     trace.o (.data.black)
                  20200608    00000010     inv_mpu_dmp_motion_driver.o (.data.dmp)
                  20200618    00000010     trace.o (.data.white)
                  20200628    0000000e     mpu6050.o (.data.hal)
                  20200636    00000001     trace.o (.data.RunStraight.first)
                  20200637    00000001     trace.o (.data.Turn_angel.ok_cnt)
                  20200638    0000000c     led.o (.data.keyBlinkCtrl)
                  20200644    00000009     mpu6050.o (.data.gyro_orientation)
                  2020064d    00000001     trace.o (.data.Turn_angel.target_set)
                  2020064e    00000001     trace.o (.data.drive_mode)
                  2020064f    00000001     interrupt.o (.data.enable_group1_irq)
                  20200650    00000004     trace.o (.data.Control.last_loop_tick)
                  20200654    00000004     key.o (.data.Key_Process.last_blink_time)
                  20200658    00000004     delay.o (.data.Tick)
                  2020065c    00000004     trace.o (.data.Turn_angel.target_heading)
                  20200660    00000004     libc.a : aeabi_portable.c.obj (.data.__aeabi_errno)
                  20200664    00000004     trace.o (.data.base_target_speed)
                  20200668    00000004     trace.o (.data.current_yaw)
                  2020066c    00000004     key.o (.data.last_key_time)
                  20200670    00000004     trace.o (.data.target_angle)
                  20200674    00000001     trace.o (.data.heading_relock)
                  20200675    00000001     key.o (.data.key_pressed)
                  20200676    00000001     key.o (.data.long_err_flag)
                  20200677    00000001     Task.o (.data.task1.finish)

.stack     0    20207e00    00000200     UNINITIALIZED
                  20207e00    00000004     libc.a : boot_cortex_m.c.obj (.stack)
                  20207e04    000001fc     --HOLE--

__llvm_prf_cnts 
*          0    20200000    00000000     UNINITIALIZED

__llvm_prf_bits 
*          0    20200000    00000000     UNINITIALIZED

MODULE SUMMARY

       Module                           code    ro data   rw data
       ------                           ----    -------   -------
    .\
       ti_msp_dl_config.o               3268    91        424    
       main.o                           478     60        0      
       startup_mspm0g350x_ticlang.o     8       192       0      
    +--+--------------------------------+-------+---------+---------+
       Total:                           3754    343       424    
                                                                 
    .\Driver\
       No_Mcu_Ganv_Grayscale_Sensor.o   1152    0         0      
       key.o                            674     0         18     
       encoder.o                        418     0         72     
       led.o                            434     4         12     
       flash.o                          328     0         0      
       adc.o                            136     0         80     
       uart.o                           150     0         0      
       delay.o                          106     0         4      
    +--+--------------------------------+-------+---------+---------+
       Total:                           3398    4         186    
                                                                 
    .\Drivers\MPU6050\
       inv_mpu_dmp_motion_driver.o      3110    3062      16     
       inv_mpu.o                        4600    82        44     
       mspm0_i2c.o                      1368    0         0      
       mpu6050.o                        1144    0         70     
    +--+--------------------------------+-------+---------+---------+
       Total:                           10222   3144      130    
                                                                 
    .\Drivers\MSPM0\
       clock.o                          336     0         4      
       interrupt.o                      72      0         1      
    +--+--------------------------------+-------+---------+---------+
       Total:                           408     0         5      
                                                                 
    .\Drivers\OLED_Software_I2C\
       oled_software_i2c.o              1222    2072      0      
    +--+--------------------------------+-------+---------+---------+
       Total:                           1222    2072      0      
                                                                 
    .\Motor\
       motor.o                          822     0         0      
    +--+--------------------------------+-------+---------+---------+
       Total:                           822     0         0      
                                                                 
    .\User\Distance\
       Distance.o                       68      0         0      
    +--+--------------------------------+-------+---------+---------+
       Total:                           68      0         0      
                                                                 
    .\User\PID\
       pid.o                            644     0         0      
    +--+--------------------------------+-------+---------+---------+
       Total:                           644     0         0      
                                                                 
    .\User\Task\
       Task.o                           210     0         1      
    +--+--------------------------------+-------+---------+---------+
       Total:                           210     0         1      
                                                                 
    .\User\balance\
       balance.o                        128     0         164    
    +--+--------------------------------+-------+---------+---------+
       Total:                           128     0         164    
                                                                 
    .\User\trace\
       trace.o                          1856    0         742    
    +--+--------------------------------+-------+---------+---------+
       Total:                           1856    0         742    
                                                                 
    D:/ti/mspm0_sdk_2_10_00_04/source/ti/driverlib/lib/ticlang/m0p/mspm0g1x0x_g3x0x/driverlib.a
       dl_timer.o                       608     0         0      
       dl_flashctl.o                    484     0         0      
       dl_i2c.o                         192     0         0      
       dl_uart.o                        90      0         0      
       dl_dma.o                         76      0         0      
       dl_adc12.o                       64      0         0      
       dl_common.o                      10      0         0      
    +--+--------------------------------+-------+---------+---------+
       Total:                           1524    0         0      
                                                                 
    D:\ti\ccs2051\ccs\tools\compiler\ti-cgt-armllvm_4.0.4.LTS\lib\armv6m-ti-none-eabi/c/libc.a
       e_asin.c.obj                     908     0         0      
       s_atan.c.obj                     784     64        0      
       e_atan2.c.obj                    392     0         0      
       e_sqrt.c.obj                     368     0         0      
       copy_decompress_lzss.c.obj       124     0         0      
       autoinit.c.obj                   76      0         0      
       cpy_tbl.c.obj                    76      0         0      
       boot_cortex_m.c.obj              56      0         0      
       memcmp.c.obj                     32      0         0      
       copy_decompress_none.c.obj       18      0         0      
       memcpy16.S.obj                   18      0         0      
       copy_zero_init.c.obj             16      0         0      
       memset16.S.obj                   14      0         0      
       aeabi_portable.c.obj             8       0         4      
       exit.c.obj                       6       0         0      
       pre_init.c.obj                   4       0         0      
    +--+--------------------------------+-------+---------+---------+
       Total:                           2900    64        4      
                                                                 
    D:\ti\ccs2051\ccs\tools\compiler\ti-cgt-armllvm_4.0.4.LTS\lib\armv6m-ti-none-eabi/c/libsysbm.a
       hostexit.c.obj                   4       0         0      
    +--+--------------------------------+-------+---------+---------+
       Total:                           4       0         0      
                                                                 
    D:\ti\ccs2051\ccs\tools\compiler\ti-cgt-armllvm_4.0.4.LTS\lib\armv6m-ti-none-eabi/libclang_rt.builtins.a
       adddf3.S.obj                     418     0         0      
       divdf3.S.obj                     284     0         0      
       muldf3.S.obj                     244     0         0      
       comparedf2.c.obj                 220     0         0      
       addsf3.S.obj                     216     0         0      
       mulsf3.S.obj                     140     0         0      
       divsf3.S.obj                     130     0         0      
       comparesf2.S.obj                 118     0         0      
       truncdfsf2.S.obj                 116     0         0      
       aeabi_dcmp.S.obj                 98      0         0      
       aeabi_fcmp.S.obj                 98      0         0      
       aeabi_idivmod.S.obj              86      0         0      
       fixdfsi.S.obj                    74      0         0      
       aeabi_uidivmod.S.obj             64      0         0      
       extendsfdf2.S.obj                64      0         0      
       floatsisf.S.obj                  60      0         0      
       muldsi3.S.obj                    58      0         0      
       fixsfsi.S.obj                    56      0         0      
       floatsidf.S.obj                  44      0         0      
       floatunsisf.S.obj                40      0         0      
       floatunsidf.S.obj                36      0         0      
       aeabi_memset.S.obj               12      0         0      
       aeabi_memcpy.S.obj               8       0         0      
       aeabi_div0.c.obj                 2       0         0      
    +--+--------------------------------+-------+---------+---------+
       Total:                           2686    0         0      
                                                                 
       Stack:                           0       0         512    
       Linker Generated:                0       94        0      
    +--+--------------------------------+-------+---------+---------+
       Grand Total:                     29846   5721      2168   


LINKER GENERATED COPY TABLES

__TI_cinit_table @ 00008ab0 records: 2, size/record: 8, table size: 16
	.data: load addr=00008a70, load size=0000002a bytes, run addr=202005bc, run size=000000bc bytes, compression=lzss
	.bss: load addr=00008aa8, load size=00000008 bytes, run addr=20200000, run size=000005bc bytes, compression=zero_init
binit @ 00008ac0 records: 1, size/record: 12, table size: 16
	.TI.ramfunc: load addr=00008a10, load size=00000060, run addr=20200678, run size=00000060, compression=none


LINKER GENERATED HANDLER TABLE

__TI_handler_table @ 00008a9c records: 3, size/record: 4, table size: 12
	index: 0, handler: __TI_decompress_lzss
	index: 1, handler: __TI_decompress_none
	index: 2, handler: __TI_zero_init


FAR CALL TRAMPOLINES

callee name               trampoline name
   callee addr  tramp addr   call addr  call info
--------------  -----------  ---------  ----------------
__aeabi_dmul              $Tramp$TT$L$PI$$__aeabi_dmul
   000033bd     00007410     0000740c   libc.a : e_asin.c.obj (.text.OUTLINED_FUNCTION_0)
                             00007428          : s_atan.c.obj (.text.OUTLINED_FUNCTION_0)
                             00007432          : e_asin.c.obj (.text.OUTLINED_FUNCTION_1)
                             00007460          : s_atan.c.obj (.text.OUTLINED_FUNCTION_2)
                             00007490          : e_asin.c.obj (.text.OUTLINED_FUNCTION_2)
__aeabi_ddiv              $Tramp$TT$L$PI$$__aeabi_ddiv
   00002cc1     00007440     0000743c   libc.a : e_asin.c.obj (.text.OUTLINED_FUNCTION_3)
__aeabi_dadd              $Tramp$TT$L$PI$$__aeabi_dadd
   00001957     0000747c     00007478   libc.a : s_atan.c.obj (.text.OUTLINED_FUNCTION_1)
                             000074a2          : e_asin.c.obj (.text.OUTLINED_FUNCTION_4)
_c_int00_noargs           $Tramp$TT$L$PI$$_c_int00_noargs
   000068c5     000074a8     000074a4   startup_mspm0g350x_ticlang.o (.text.Reset_Handler)
DL_FlashCTL_executeCommandFromRAM  $Tramp$TT$L$PI$$DL_FlashCTL_executeCommandFromRAM
   20200679     000074bc     00006978   driverlib.a : dl_flashctl.o (.text.DL_FlashCTL_programMemoryFromRAM64)
                             00006d5a               : dl_flashctl.o (.text.DL_FlashCTL_eraseMemoryFromRAM)

[5 trampolines]
[11 trampoline calls]


GLOBAL SYMBOLS: SORTED ALPHABETICALLY BY Name 

address   name                                
-------   ----                                
00007499  ADC0_IRQHandler                     
00007499  ADC1_IRQHandler                     
20200424  ADC_VALUE                           
00007499  AES_IRQHandler                      
202005e8  Anolog                              
00004b2d  Balance_Init                        
0000749c  C$$EXIT                             
00007499  CANFD0_IRQHandler                   
00005375  Calculate_Heading_Error             
00004539  Calculate_Position_Error            
00001df1  Control                             
00007499  DAC0_IRQHandler                     
00005e11  DL_ADC12_setClockConfig             
000073f1  DL_Common_delayCycles               
00005939  DL_DMA_initChannel                  
00006d4d  DL_FlashCTL_eraseMemoryFromRAM      
00006961  DL_FlashCTL_programMemoryFromRAM64  
00003585  DL_FlashCTL_unprotectSector         
000054f5  DL_I2C_fillControllerTXFIFO         
00005f11  DL_I2C_flushControllerTXFIFO        
00006939  DL_I2C_setClockConfig               
00002ed5  DL_Timer_initFourCCPWMMode          
000030d9  DL_Timer_initTimerMode              
00006c5d  DL_Timer_setCaptCompUpdateMethod    
00007005  DL_Timer_setCaptureCompareOutCtl    
0000736d  DL_Timer_setCaptureCompareValue     
00006c79  DL_Timer_setClockConfig             
00005b99  DL_UART_init                        
00007315  DL_UART_setClockConfig              
00007499  DMA_IRQHandler                      
00007499  Default_Handler                     
202005ba  Digtal                              
000069c9  Encoder_GetDelta                    
00006cb1  Encoder_GetDistance_cm              
000067fd  Encoder_GetDistance_mm              
00004891  Encoder_HandleGPIOA                 
000065d9  Encoder_HandleGPIOB                 
000051e5  Encoder_Init                        
00007499  GROUP0_IRQHandler                   
000039a5  GROUP1_IRQHandler                   
00003d6d  Get_Analog_value                    
00005f89  Get_Anolog_Value                    
000073ad  Get_Digtal_For_User                 
0000749d  HOSTexit                            
00007499  HardFault_Handler                   
00007499  I2C0_IRQHandler                     
00007499  I2C1_IRQHandler                     
0000621d  I2C_Start                           
000064c1  I2C_Stop                            
000064f1  I2C_WaitAck                         
00006ccd  Interrupt_Init                      
00000bcd  Key_Process                         
00007265  LED_KEY_Blink_SetInterval           
0000707d  LED_KEY_Blink_Start                 
00007279  LED_KEY_Blink_Stop                  
00005fc5  LED_KEY_Blink_Update                
000073fb  LED_init                            
000062c5  LED_off                             
00004bad  LED_setAll                          
000062f9  LED_toggle                          
0000225d  MPU6050_Init                        
00003bf1  Motor_Ctrl                          
00004659  Motor_Init                          
00007499  NMI_Handler                         
00001ae1  No_MCU_Ganv_Sensor_Init             
00004e89  No_MCU_Ganv_Sensor_Init_Frist       
00005dcd  No_Mcu_Ganv_Sensor_Task_Without_tick
00005045  OLED_Clear                          
000031d5  OLED_Init                           
00006001  OLED_Set_Pos                        
00002a9d  OLED_ShowChar                       
00004efb  OLED_ShowString                     
000058e9  OLED_WR_Byte                        
0000144d  PID_Calc                            
000057a9  PID_Init                            
0000603d  PID_clear                           
00007499  PendSV_Handler                      
00007499  RTC_IRQHandler                      
00000e01  Read_Quad                           
000074a5  Reset_Handler                       
00004235  RunStraight                         
00007499  SPI0_IRQHandler                     
00007499  SPI1_IRQHandler                     
00007499  SVC_Handler                         
00004f6d  SYSCFG_DL_ADC_VOLTAGE_init          
00006825  SYSCFG_DL_DMA_CH0_init              
00004d99  SYSCFG_DL_DMA_init                  
00001601  SYSCFG_DL_GPIO_init                 
000055b1  SYSCFG_DL_I2C_MPU6050_init          
000046e9  SYSCFG_DL_PWM_MOTOR_init            
00005249  SYSCFG_DL_PWM_Servo_init            
000063c9  SYSCFG_DL_SYSCTL_init               
000073d7  SYSCFG_DL_SYSTICK_init              
00006605  SYSCFG_DL_TIMER_Encoder_init        
00005be1  SYSCFG_DL_UART_k230_init            
000057f9  SYSCFG_DL_init                      
000042d1  SYSCFG_DL_initPower                 
00004c2d  Send_Byte                           
00007095  SlowForward                         
0000728d  SysTick_Handler                     
000072a1  SysTick_Init                        
00007499  TIMA0_IRQHandler                    
00007499  TIMA1_IRQHandler                    
00007499  TIMG0_IRQHandler                    
00007499  TIMG12_IRQHandler                   
00007499  TIMG6_IRQHandler                    
00007499  TIMG7_IRQHandler                    
00007499  TIMG8_IRQHandler                    
00007327  TI_memcpy_small                     
000073c9  TI_memset_small                     
20200658  Tick                                
0000737d  Tick_SysTickCallback                
0000684d  Tick_delay                          
000072b5  Trace_Follow                        
00006875  Trace_Stop                          
00002605  Trace_init                          
00002bb5  Turn_angel                          
00007499  UART0_IRQHandler                    
00007499  UART1_IRQHandler                    
00007499  UART2_IRQHandler                    
000070ad  UART3_IRQHandler                    
20208000  __STACK_END                         
00000200  __STACK_SIZE                        
00000000  __TI_ATRegion0_region_sz            
00000000  __TI_ATRegion0_src_addr             
00000000  __TI_ATRegion0_trg_addr             
00000000  __TI_ATRegion1_region_sz            
00000000  __TI_ATRegion1_src_addr             
00000000  __TI_ATRegion1_trg_addr             
00000000  __TI_ATRegion2_region_sz            
00000000  __TI_ATRegion2_src_addr             
00000000  __TI_ATRegion2_trg_addr             
00008ab0  __TI_CINIT_Base                     
00008ac0  __TI_CINIT_Limit                    
00008ac0  __TI_CINIT_Warm                     
00008a9c  __TI_Handler_Table_Base             
00008aa8  __TI_Handler_Table_Limit            
00005ab5  __TI_auto_init_nopinit              
00004ca9  __TI_decompress_lzss                
00007339  __TI_decompress_none                
ffffffff  __TI_pprof_out_hndl                 
ffffffff  __TI_prof_data_size                 
ffffffff  __TI_prof_data_start                
00000000  __TI_static_base__                  
00008ac0  __TI_table_binit                    
0000739d  __TI_zero_init                      
00001957  __adddf3                            
00003667  __addsf3                            
00004da1  __aeabi_d2f                         
00005b4d  __aeabi_d2iz                        
00001957  __aeabi_dadd                        
000052ad  __aeabi_dcmpeq                      
000052e9  __aeabi_dcmpge                      
000052fd  __aeabi_dcmpgt                      
000052d5  __aeabi_dcmple                      
000052c1  __aeabi_dcmplt                      
00002cc1  __aeabi_ddiv                        
000033bd  __aeabi_dmul                        
0000194d  __aeabi_dsub                        
20200660  __aeabi_errno                       
00007465  __aeabi_errno_addr                  
00005e91  __aeabi_f2d                         
0000628d  __aeabi_f2iz                        
00003667  __aeabi_fadd                        
00005311  __aeabi_fcmpeq                      
0000534d  __aeabi_fcmpge                      
00005361  __aeabi_fcmpgt                      
00005339  __aeabi_fcmple                      
00005325  __aeabi_fcmplt                      
00004aa9  __aeabi_fdiv                        
00004779  __aeabi_fmul                        
0000365d  __aeabi_fsub                        
00006689  __aeabi_i2d                         
00006079  __aeabi_i2f                         
00005661  __aeabi_idiv                        
00001adf  __aeabi_idiv0                       
00005661  __aeabi_idivmod                     
000073e5  __aeabi_memclr                      
000073e5  __aeabi_memclr4                     
000073e5  __aeabi_memclr8                     
0000746d  __aeabi_memcpy                      
0000746d  __aeabi_memcpy4                     
0000746d  __aeabi_memcpy8                     
00006985  __aeabi_ui2d                        
0000689d  __aeabi_ui2f                        
00005e51  __aeabi_uidiv                       
00005e51  __aeabi_uidivmod                    
00008ac0  __binit__                           
000050b1  __cmpdf2                            
000061a5  __cmpsf2                            
00002cc1  __divdf3                            
00004aa9  __divsf3                            
000050b1  __eqdf2                             
000061a5  __eqsf2                             
00005e91  __extendsfdf2                       
00005b4d  __fixdfsi                           
0000628d  __fixsfsi                           
00006689  __floatsidf                         
00006079  __floatsisf                         
00006985  __floatunsidf                       
0000689d  __floatunsisf                       
00004d25  __gedf2                             
000060b5  __gesf2                             
00004d25  __gtdf2                             
000060b5  __gtsf2                             
000050b1  __ledf2                             
000061a5  __lesf2                             
000050b1  __ltdf2                             
000061a5  __ltsf2                             
UNDEFED   __mpu_init                          
000033bd  __muldf3                            
000061e1  __muldsi3                           
00004779  __mulsf3                            
000050b1  __nedf2                             
000061a5  __nesf2                             
20207e00  __stack                             
20200000  __start___llvm_prf_bits             
20200000  __start___llvm_prf_cnts             
20200000  __stop___llvm_prf_bits              
20200000  __stop___llvm_prf_cnts              
0000194d  __subdf3                            
0000365d  __subsf3                            
00004da1  __truncdfsf2                        
000068c5  _c_int00_noargs                     
UNDEFED   _system_post_cinit                  
000074b9  _system_pre_init                    
00007493  abort                               
2020058c  accel                               
00004919  adc_getValue                        
00005609  adjust_white_black                  
000086b6  asc2_0806                           
000080c6  asc2_1608                           
000000c1  asin                                
000000c1  asinl                               
00000425  atan                                
00001c69  atan2                               
00001c69  atan2l                              
00000425  atanl                               
20200380  bal                                 
20200664  base_target_speed                   
00008ac0  binit                               
202005f8  black                               
00004fd9  convertAnalogToDigital              
00005a69  copy_in                             
20200668  current_yaw                         
0000738d  delay_ms                            
00006a45  delay_us                            
00005c29  dmp_enable_6x_lp_quat               
0000071d  dmp_enable_feature                  
000053d5  dmp_enable_gyro_cal                 
00005c71  dmp_enable_lp_quat                  
00006ce9  dmp_load_motion_driver_firmware     
00001259  dmp_read_fifo                       
000072c9  dmp_register_android_orient_cb      
000072dd  dmp_register_tap_cb                 
00004409  dmp_set_fifo_rate                   
00001f75  dmp_set_orientation                 
00005d45  dmp_set_shake_reject_thresh         
000063fb  dmp_set_shake_reject_time           
0000642d  dmp_set_shake_reject_timeout        
00005119  dmp_set_tap_axes                    
00005d89  dmp_set_tap_count                   
00000995  dmp_set_tap_thresh                  
00006521  dmp_set_tap_time                    
00006551  dmp_set_tap_time_multi              
2020064e  drive_mode                          
2020064f  enable_group1_irq                   
20200534  encL                                
20200558  encR                                
20200000  gPWM_MOTORBackup                    
202000bc  gTIMER_EncoderBackup                
20200504  gUART_k230Backup                    
20200592  gyro                                
20200674  heading_relock                      
000089b4  hw                                  
00000000  interruptVectors                    
20200675  key_pressed                         
2020066c  last_key_time                       
20200676  long_err_flag                       
2020059c  long_pressed_key_time               
0000297d  main                                
000069e9  memcmp                              
202005bb  more                                
20200228  motor_l                             
202002d4  motor_r                             
00005435  mpu6050_i2c_sda_unlock              
00003cb1  mpu_configure_fifo                  
00004e15  mpu_get_accel_fsr                   
00005495  mpu_get_gyro_fsr                    
0000632d  mpu_get_sample_rate                 
00002731  mpu_init                            
00002859  mpu_load_firmware                   
00002fd9  mpu_lp_accel_mode                   
00002dcd  mpu_read_fifo_stream                
00003f91  mpu_read_mem                        
0000102d  mpu_reset_fifo                      
000034a1  mpu_set_accel_fsr                   
000017ad  mpu_set_bypass                      
00003e25  mpu_set_dmp_state                   
00003a69  mpu_set_gyro_fsr                    
0000436d  mpu_set_int_latched                 
00003809  mpu_set_lpf                         
000032d1  mpu_set_sample_rate                 
000024d5  mpu_set_sensors                     
0000403d  mpu_write_mem                       
000060f1  mspm0_delay_ms                      
000066b5  mspm0_get_clock_ms                  
000023a1  mspm0_i2c_read                      
00003b2d  mspm0_i2c_write                     
000040e9  normalizeAnalogValues               
202005a0  pitch                               
2020057c  quat                                
00006361  readBlackFromFlash                  
00006395  readWhiteFromFlash                  
00008948  reg                                 
202005a4  roll                                
20200178  sensor                              
202005a8  sensor_timestamp                    
202005b8  sensors                             
000020ed  sqrt                                
000020ed  sqrtl                               
202005ac  state                               
20200670  target_angle                        
0000612d  task1                               
00008920  test                                
202005b0  tick_ms                             
20200474  tracking_pid                        
000066e1  uart0_send_char                     
00006169  uart0_send_string                   
20200618  white                               
00003edd  writeToFlash                        
202005b4  yaw                                 
202004bc  yaw_pid                             


GLOBAL SYMBOLS: SORTED BY Symbol Address 

address   name                                
-------   ----                                
00000000  __TI_ATRegion0_region_sz            
00000000  __TI_ATRegion0_src_addr             
00000000  __TI_ATRegion0_trg_addr             
00000000  __TI_ATRegion1_region_sz            
00000000  __TI_ATRegion1_src_addr             
00000000  __TI_ATRegion1_trg_addr             
00000000  __TI_ATRegion2_region_sz            
00000000  __TI_ATRegion2_src_addr             
00000000  __TI_ATRegion2_trg_addr             
00000000  __TI_static_base__                  
00000000  interruptVectors                    
000000c1  asin                                
000000c1  asinl                               
00000200  __STACK_SIZE                        
00000425  atan                                
00000425  atanl                               
0000071d  dmp_enable_feature                  
00000995  dmp_set_tap_thresh                  
00000bcd  Key_Process                         
00000e01  Read_Quad                           
0000102d  mpu_reset_fifo                      
00001259  dmp_read_fifo                       
0000144d  PID_Calc                            
00001601  SYSCFG_DL_GPIO_init                 
000017ad  mpu_set_bypass                      
0000194d  __aeabi_dsub                        
0000194d  __subdf3                            
00001957  __adddf3                            
00001957  __aeabi_dadd                        
00001adf  __aeabi_idiv0                       
00001ae1  No_MCU_Ganv_Sensor_Init             
00001c69  atan2                               
00001c69  atan2l                              
00001df1  Control                             
00001f75  dmp_set_orientation                 
000020ed  sqrt                                
000020ed  sqrtl                               
0000225d  MPU6050_Init                        
000023a1  mspm0_i2c_read                      
000024d5  mpu_set_sensors                     
00002605  Trace_init                          
00002731  mpu_init                            
00002859  mpu_load_firmware                   
0000297d  main                                
00002a9d  OLED_ShowChar                       
00002bb5  Turn_angel                          
00002cc1  __aeabi_ddiv                        
00002cc1  __divdf3                            
00002dcd  mpu_read_fifo_stream                
00002ed5  DL_Timer_initFourCCPWMMode          
00002fd9  mpu_lp_accel_mode                   
000030d9  DL_Timer_initTimerMode              
000031d5  OLED_Init                           
000032d1  mpu_set_sample_rate                 
000033bd  __aeabi_dmul                        
000033bd  __muldf3                            
000034a1  mpu_set_accel_fsr                   
00003585  DL_FlashCTL_unprotectSector         
0000365d  __aeabi_fsub                        
0000365d  __subsf3                            
00003667  __addsf3                            
00003667  __aeabi_fadd                        
00003809  mpu_set_lpf                         
000039a5  GROUP1_IRQHandler                   
00003a69  mpu_set_gyro_fsr                    
00003b2d  mspm0_i2c_write                     
00003bf1  Motor_Ctrl                          
00003cb1  mpu_configure_fifo                  
00003d6d  Get_Analog_value                    
00003e25  mpu_set_dmp_state                   
00003edd  writeToFlash                        
00003f91  mpu_read_mem                        
0000403d  mpu_write_mem                       
000040e9  normalizeAnalogValues               
00004235  RunStraight                         
000042d1  SYSCFG_DL_initPower                 
0000436d  mpu_set_int_latched                 
00004409  dmp_set_fifo_rate                   
00004539  Calculate_Position_Error            
00004659  Motor_Init                          
000046e9  SYSCFG_DL_PWM_MOTOR_init            
00004779  __aeabi_fmul                        
00004779  __mulsf3                            
00004891  Encoder_HandleGPIOA                 
00004919  adc_getValue                        
00004aa9  __aeabi_fdiv                        
00004aa9  __divsf3                            
00004b2d  Balance_Init                        
00004bad  LED_setAll                          
00004c2d  Send_Byte                           
00004ca9  __TI_decompress_lzss                
00004d25  __gedf2                             
00004d25  __gtdf2                             
00004d99  SYSCFG_DL_DMA_init                  
00004da1  __aeabi_d2f                         
00004da1  __truncdfsf2                        
00004e15  mpu_get_accel_fsr                   
00004e89  No_MCU_Ganv_Sensor_Init_Frist       
00004efb  OLED_ShowString                     
00004f6d  SYSCFG_DL_ADC_VOLTAGE_init          
00004fd9  convertAnalogToDigital              
00005045  OLED_Clear                          
000050b1  __cmpdf2                            
000050b1  __eqdf2                             
000050b1  __ledf2                             
000050b1  __ltdf2                             
000050b1  __nedf2                             
00005119  dmp_set_tap_axes                    
000051e5  Encoder_Init                        
00005249  SYSCFG_DL_PWM_Servo_init            
000052ad  __aeabi_dcmpeq                      
000052c1  __aeabi_dcmplt                      
000052d5  __aeabi_dcmple                      
000052e9  __aeabi_dcmpge                      
000052fd  __aeabi_dcmpgt                      
00005311  __aeabi_fcmpeq                      
00005325  __aeabi_fcmplt                      
00005339  __aeabi_fcmple                      
0000534d  __aeabi_fcmpge                      
00005361  __aeabi_fcmpgt                      
00005375  Calculate_Heading_Error             
000053d5  dmp_enable_gyro_cal                 
00005435  mpu6050_i2c_sda_unlock              
00005495  mpu_get_gyro_fsr                    
000054f5  DL_I2C_fillControllerTXFIFO         
000055b1  SYSCFG_DL_I2C_MPU6050_init          
00005609  adjust_white_black                  
00005661  __aeabi_idiv                        
00005661  __aeabi_idivmod                     
000057a9  PID_Init                            
000057f9  SYSCFG_DL_init                      
000058e9  OLED_WR_Byte                        
00005939  DL_DMA_initChannel                  
00005a69  copy_in                             
00005ab5  __TI_auto_init_nopinit              
00005b4d  __aeabi_d2iz                        
00005b4d  __fixdfsi                           
00005b99  DL_UART_init                        
00005be1  SYSCFG_DL_UART_k230_init            
00005c29  dmp_enable_6x_lp_quat               
00005c71  dmp_enable_lp_quat                  
00005d45  dmp_set_shake_reject_thresh         
00005d89  dmp_set_tap_count                   
00005dcd  No_Mcu_Ganv_Sensor_Task_Without_tick
00005e11  DL_ADC12_setClockConfig             
00005e51  __aeabi_uidiv                       
00005e51  __aeabi_uidivmod                    
00005e91  __aeabi_f2d                         
00005e91  __extendsfdf2                       
00005f11  DL_I2C_flushControllerTXFIFO        
00005f89  Get_Anolog_Value                    
00005fc5  LED_KEY_Blink_Update                
00006001  OLED_Set_Pos                        
0000603d  PID_clear                           
00006079  __aeabi_i2f                         
00006079  __floatsisf                         
000060b5  __gesf2                             
000060b5  __gtsf2                             
000060f1  mspm0_delay_ms                      
0000612d  task1                               
00006169  uart0_send_string                   
000061a5  __cmpsf2                            
000061a5  __eqsf2                             
000061a5  __lesf2                             
000061a5  __ltsf2                             
000061a5  __nesf2                             
000061e1  __muldsi3                           
0000621d  I2C_Start                           
0000628d  __aeabi_f2iz                        
0000628d  __fixsfsi                           
000062c5  LED_off                             
000062f9  LED_toggle                          
0000632d  mpu_get_sample_rate                 
00006361  readBlackFromFlash                  
00006395  readWhiteFromFlash                  
000063c9  SYSCFG_DL_SYSCTL_init               
000063fb  dmp_set_shake_reject_time           
0000642d  dmp_set_shake_reject_timeout        
000064c1  I2C_Stop                            
000064f1  I2C_WaitAck                         
00006521  dmp_set_tap_time                    
00006551  dmp_set_tap_time_multi              
000065d9  Encoder_HandleGPIOB                 
00006605  SYSCFG_DL_TIMER_Encoder_init        
00006689  __aeabi_i2d                         
00006689  __floatsidf                         
000066b5  mspm0_get_clock_ms                  
000066e1  uart0_send_char                     
000067fd  Encoder_GetDistance_mm              
00006825  SYSCFG_DL_DMA_CH0_init              
0000684d  Tick_delay                          
00006875  Trace_Stop                          
0000689d  __aeabi_ui2f                        
0000689d  __floatunsisf                       
000068c5  _c_int00_noargs                     
00006939  DL_I2C_setClockConfig               
00006961  DL_FlashCTL_programMemoryFromRAM64  
00006985  __aeabi_ui2d                        
00006985  __floatunsidf                       
000069c9  Encoder_GetDelta                    
000069e9  memcmp                              
00006a45  delay_us                            
00006c5d  DL_Timer_setCaptCompUpdateMethod    
00006c79  DL_Timer_setClockConfig             
00006cb1  Encoder_GetDistance_cm              
00006ccd  Interrupt_Init                      
00006ce9  dmp_load_motion_driver_firmware     
00006d4d  DL_FlashCTL_eraseMemoryFromRAM      
00007005  DL_Timer_setCaptureCompareOutCtl    
0000707d  LED_KEY_Blink_Start                 
00007095  SlowForward                         
000070ad  UART3_IRQHandler                    
00007265  LED_KEY_Blink_SetInterval           
00007279  LED_KEY_Blink_Stop                  
0000728d  SysTick_Handler                     
000072a1  SysTick_Init                        
000072b5  Trace_Follow                        
000072c9  dmp_register_android_orient_cb      
000072dd  dmp_register_tap_cb                 
00007315  DL_UART_setClockConfig              
00007327  TI_memcpy_small                     
00007339  __TI_decompress_none                
0000736d  DL_Timer_setCaptureCompareValue     
0000737d  Tick_SysTickCallback                
0000738d  delay_ms                            
0000739d  __TI_zero_init                      
000073ad  Get_Digtal_For_User                 
000073c9  TI_memset_small                     
000073d7  SYSCFG_DL_SYSTICK_init              
000073e5  __aeabi_memclr                      
000073e5  __aeabi_memclr4                     
000073e5  __aeabi_memclr8                     
000073f1  DL_Common_delayCycles               
000073fb  LED_init                            
00007465  __aeabi_errno_addr                  
0000746d  __aeabi_memcpy                      
0000746d  __aeabi_memcpy4                     
0000746d  __aeabi_memcpy8                     
00007493  abort                               
00007499  ADC0_IRQHandler                     
00007499  ADC1_IRQHandler                     
00007499  AES_IRQHandler                      
00007499  CANFD0_IRQHandler                   
00007499  DAC0_IRQHandler                     
00007499  DMA_IRQHandler                      
00007499  Default_Handler                     
00007499  GROUP0_IRQHandler                   
00007499  HardFault_Handler                   
00007499  I2C0_IRQHandler                     
00007499  I2C1_IRQHandler                     
00007499  NMI_Handler                         
00007499  PendSV_Handler                      
00007499  RTC_IRQHandler                      
00007499  SPI0_IRQHandler                     
00007499  SPI1_IRQHandler                     
00007499  SVC_Handler                         
00007499  TIMA0_IRQHandler                    
00007499  TIMA1_IRQHandler                    
00007499  TIMG0_IRQHandler                    
00007499  TIMG12_IRQHandler                   
00007499  TIMG6_IRQHandler                    
00007499  TIMG7_IRQHandler                    
00007499  TIMG8_IRQHandler                    
00007499  UART0_IRQHandler                    
00007499  UART1_IRQHandler                    
00007499  UART2_IRQHandler                    
0000749c  C$$EXIT                             
0000749d  HOSTexit                            
000074a5  Reset_Handler                       
000074b9  _system_pre_init                    
000080c6  asc2_1608                           
000086b6  asc2_0806                           
00008920  test                                
00008948  reg                                 
000089b4  hw                                  
00008a9c  __TI_Handler_Table_Base             
00008aa8  __TI_Handler_Table_Limit            
00008ab0  __TI_CINIT_Base                     
00008ac0  __TI_CINIT_Limit                    
00008ac0  __TI_CINIT_Warm                     
00008ac0  __TI_table_binit                    
00008ac0  __binit__                           
00008ac0  binit                               
20200000  __start___llvm_prf_bits             
20200000  __start___llvm_prf_cnts             
20200000  __stop___llvm_prf_bits              
20200000  __stop___llvm_prf_cnts              
20200000  gPWM_MOTORBackup                    
202000bc  gTIMER_EncoderBackup                
20200178  sensor                              
20200228  motor_l                             
202002d4  motor_r                             
20200380  bal                                 
20200424  ADC_VALUE                           
20200474  tracking_pid                        
202004bc  yaw_pid                             
20200504  gUART_k230Backup                    
20200534  encL                                
20200558  encR                                
2020057c  quat                                
2020058c  accel                               
20200592  gyro                                
2020059c  long_pressed_key_time               
202005a0  pitch                               
202005a4  roll                                
202005a8  sensor_timestamp                    
202005ac  state                               
202005b0  tick_ms                             
202005b4  yaw                                 
202005b8  sensors                             
202005ba  Digtal                              
202005bb  more                                
202005e8  Anolog                              
202005f8  black                               
20200618  white                               
2020064e  drive_mode                          
2020064f  enable_group1_irq                   
20200658  Tick                                
20200660  __aeabi_errno                       
20200664  base_target_speed                   
20200668  current_yaw                         
2020066c  last_key_time                       
20200670  target_angle                        
20200674  heading_relock                      
20200675  key_pressed                         
20200676  long_err_flag                       
20207e00  __stack                             
20208000  __STACK_END                         
ffffffff  __TI_pprof_out_hndl                 
ffffffff  __TI_prof_data_size                 
ffffffff  __TI_prof_data_start                
UNDEFED   __mpu_init                          
UNDEFED   _system_post_cinit                  

[333 symbols]
