<?xml version="1.0" encoding="ISO-8859-1" ?>
<link_info>
   <banner>TI ARM Clang Linker PC v4.0.4.LTS</banner>
   <copyright>Copyright (c) 1996-2018 Texas Instruments Incorporated</copyright>
   <command_line>D:\ti\ccs2051\ccs\tools\compiler\ti-cgt-armllvm_4.0.4.LTS\bin\tiarmlnk -ID:\ti\ccs2051\ccs\tools\compiler\ti-cgt-armllvm_4.0.4.LTS\lib -o diansai2024.out -mdiansai2024.map -iD:/ti/mspm0_sdk_2_10_00_04/source -iC:/Users/21943/workspace_ccstheia/diansai2024 -iC:/Users/21943/workspace_ccstheia/diansai2024/Debug/syscfg -iD:/ti/ccs2051/ccs/tools/compiler/ti-cgt-armllvm_4.0.4.LTS/lib --diag_wrap=off --display_error_number --warn_sections --xml_link_info=diansai2024_linkInfo.xml --rom_model ./main.o ./ti_msp_dl_config.o ./startup_mspm0g350x_ticlang.o ./Driver/No_Mcu_Ganv_Grayscale_Sensor.o ./Driver/adc.o ./Driver/delay.o ./Driver/encoder.o ./Driver/flash.o ./Driver/key.o ./Driver/led.o ./Driver/tracker.o ./Driver/uart.o ./Drivers/MPU6050/inv_mpu.o ./Drivers/MPU6050/inv_mpu_dmp_motion_driver.o ./Drivers/MPU6050/mpu6050.o ./Drivers/MPU6050/mspm0_i2c.o ./Drivers/MSPM0/clock.o ./Drivers/MSPM0/interrupt.o ./Drivers/OLED_Software_I2C/oled_software_i2c.o ./Motor/motor.o ./User/BUZZER/BUZZER.o ./User/Distance/Distance.o ./User/PID/pid.o ./User/Task/Task.o ./User/balance/balance.o ./User/trace/trace.o -l./device_linker.cmd -ldevice.cmd.genlibs -llibc.a --start-group -llibc++.a -llibc++abi.a -llibc.a -llibsys.a -llibsysbm.a -llibclang_rt.builtins.a -llibclang_rt.profile.a --end-group --cg_opt_level=0</command_line>
   <link_time>0x6a69dfef</link_time>
   <link_errors>0x0</link_errors>
   <output_file>C:\Users\21943\workspace_ccstheia\diansai2024\Debug\diansai2024.out</output_file>
   <entry_point>
      <name>_c_int00_noargs</name>
      <address>0x68c5</address>
   </entry_point>
   <input_file_list>
      <input_file id="fl-1">
         <path>C:\Users\21943\workspace_ccstheia\diansai2024\Debug\.\</path>
         <kind>object</kind>
         <file>main.o</file>
         <name>main.o</name>
      </input_file>
      <input_file id="fl-2">
         <path>C:\Users\21943\workspace_ccstheia\diansai2024\Debug\.\</path>
         <kind>object</kind>
         <file>ti_msp_dl_config.o</file>
         <name>ti_msp_dl_config.o</name>
      </input_file>
      <input_file id="fl-3">
         <path>C:\Users\21943\workspace_ccstheia\diansai2024\Debug\.\</path>
         <kind>object</kind>
         <file>startup_mspm0g350x_ticlang.o</file>
         <name>startup_mspm0g350x_ticlang.o</name>
      </input_file>
      <input_file id="fl-4">
         <path>C:\Users\21943\workspace_ccstheia\diansai2024\Debug\.\Driver\</path>
         <kind>object</kind>
         <file>No_Mcu_Ganv_Grayscale_Sensor.o</file>
         <name>No_Mcu_Ganv_Grayscale_Sensor.o</name>
      </input_file>
      <input_file id="fl-5">
         <path>C:\Users\21943\workspace_ccstheia\diansai2024\Debug\.\Driver\</path>
         <kind>object</kind>
         <file>adc.o</file>
         <name>adc.o</name>
      </input_file>
      <input_file id="fl-6">
         <path>C:\Users\21943\workspace_ccstheia\diansai2024\Debug\.\Driver\</path>
         <kind>object</kind>
         <file>delay.o</file>
         <name>delay.o</name>
      </input_file>
      <input_file id="fl-7">
         <path>C:\Users\21943\workspace_ccstheia\diansai2024\Debug\.\Driver\</path>
         <kind>object</kind>
         <file>encoder.o</file>
         <name>encoder.o</name>
      </input_file>
      <input_file id="fl-8">
         <path>C:\Users\21943\workspace_ccstheia\diansai2024\Debug\.\Driver\</path>
         <kind>object</kind>
         <file>flash.o</file>
         <name>flash.o</name>
      </input_file>
      <input_file id="fl-9">
         <path>C:\Users\21943\workspace_ccstheia\diansai2024\Debug\.\Driver\</path>
         <kind>object</kind>
         <file>key.o</file>
         <name>key.o</name>
      </input_file>
      <input_file id="fl-a">
         <path>C:\Users\21943\workspace_ccstheia\diansai2024\Debug\.\Driver\</path>
         <kind>object</kind>
         <file>led.o</file>
         <name>led.o</name>
      </input_file>
      <input_file id="fl-b">
         <path>C:\Users\21943\workspace_ccstheia\diansai2024\Debug\.\Driver\</path>
         <kind>object</kind>
         <file>tracker.o</file>
         <name>tracker.o</name>
      </input_file>
      <input_file id="fl-c">
         <path>C:\Users\21943\workspace_ccstheia\diansai2024\Debug\.\Driver\</path>
         <kind>object</kind>
         <file>uart.o</file>
         <name>uart.o</name>
      </input_file>
      <input_file id="fl-d">
         <path>C:\Users\21943\workspace_ccstheia\diansai2024\Debug\.\Drivers\MPU6050\</path>
         <kind>object</kind>
         <file>inv_mpu.o</file>
         <name>inv_mpu.o</name>
      </input_file>
      <input_file id="fl-e">
         <path>C:\Users\21943\workspace_ccstheia\diansai2024\Debug\.\Drivers\MPU6050\</path>
         <kind>object</kind>
         <file>inv_mpu_dmp_motion_driver.o</file>
         <name>inv_mpu_dmp_motion_driver.o</name>
      </input_file>
      <input_file id="fl-f">
         <path>C:\Users\21943\workspace_ccstheia\diansai2024\Debug\.\Drivers\MPU6050\</path>
         <kind>object</kind>
         <file>mpu6050.o</file>
         <name>mpu6050.o</name>
      </input_file>
      <input_file id="fl-10">
         <path>C:\Users\21943\workspace_ccstheia\diansai2024\Debug\.\Drivers\MPU6050\</path>
         <kind>object</kind>
         <file>mspm0_i2c.o</file>
         <name>mspm0_i2c.o</name>
      </input_file>
      <input_file id="fl-11">
         <path>C:\Users\21943\workspace_ccstheia\diansai2024\Debug\.\Drivers\MSPM0\</path>
         <kind>object</kind>
         <file>clock.o</file>
         <name>clock.o</name>
      </input_file>
      <input_file id="fl-12">
         <path>C:\Users\21943\workspace_ccstheia\diansai2024\Debug\.\Drivers\MSPM0\</path>
         <kind>object</kind>
         <file>interrupt.o</file>
         <name>interrupt.o</name>
      </input_file>
      <input_file id="fl-13">
         <path>C:\Users\21943\workspace_ccstheia\diansai2024\Debug\.\Drivers\OLED_Software_I2C\</path>
         <kind>object</kind>
         <file>oled_software_i2c.o</file>
         <name>oled_software_i2c.o</name>
      </input_file>
      <input_file id="fl-14">
         <path>C:\Users\21943\workspace_ccstheia\diansai2024\Debug\.\Motor\</path>
         <kind>object</kind>
         <file>motor.o</file>
         <name>motor.o</name>
      </input_file>
      <input_file id="fl-15">
         <path>C:\Users\21943\workspace_ccstheia\diansai2024\Debug\.\User\BUZZER\</path>
         <kind>object</kind>
         <file>BUZZER.o</file>
         <name>BUZZER.o</name>
      </input_file>
      <input_file id="fl-16">
         <path>C:\Users\21943\workspace_ccstheia\diansai2024\Debug\.\User\Distance\</path>
         <kind>object</kind>
         <file>Distance.o</file>
         <name>Distance.o</name>
      </input_file>
      <input_file id="fl-17">
         <path>C:\Users\21943\workspace_ccstheia\diansai2024\Debug\.\User\PID\</path>
         <kind>object</kind>
         <file>pid.o</file>
         <name>pid.o</name>
      </input_file>
      <input_file id="fl-18">
         <path>C:\Users\21943\workspace_ccstheia\diansai2024\Debug\.\User\Task\</path>
         <kind>object</kind>
         <file>Task.o</file>
         <name>Task.o</name>
      </input_file>
      <input_file id="fl-19">
         <path>C:\Users\21943\workspace_ccstheia\diansai2024\Debug\.\User\balance\</path>
         <kind>object</kind>
         <file>balance.o</file>
         <name>balance.o</name>
      </input_file>
      <input_file id="fl-1a">
         <path>C:\Users\21943\workspace_ccstheia\diansai2024\Debug\.\User\trace\</path>
         <kind>object</kind>
         <file>trace.o</file>
         <name>trace.o</name>
      </input_file>
      <input_file id="fl-27">
         <path>C:\Users\21943\workspace_ccstheia\diansai2024\Debug\</path>
         <kind>object</kind>
         <file>&lt;internal&gt;</file>
         <name>&lt;internal&gt;</name>
      </input_file>
      <input_file id="fl-28">
         <path>D:\ti\mspm0_sdk_2_10_00_04\source\ti\driverlib\lib\ticlang\m0p\mspm0g1x0x_g3x0x\</path>
         <kind>archive</kind>
         <file>driverlib.a</file>
         <name>dl_adc12.o</name>
      </input_file>
      <input_file id="fl-29">
         <path>D:\ti\mspm0_sdk_2_10_00_04\source\ti\driverlib\lib\ticlang\m0p\mspm0g1x0x_g3x0x\</path>
         <kind>archive</kind>
         <file>driverlib.a</file>
         <name>dl_common.o</name>
      </input_file>
      <input_file id="fl-2a">
         <path>D:\ti\mspm0_sdk_2_10_00_04\source\ti\driverlib\lib\ticlang\m0p\mspm0g1x0x_g3x0x\</path>
         <kind>archive</kind>
         <file>driverlib.a</file>
         <name>dl_dma.o</name>
      </input_file>
      <input_file id="fl-2b">
         <path>D:\ti\mspm0_sdk_2_10_00_04\source\ti\driverlib\lib\ticlang\m0p\mspm0g1x0x_g3x0x\</path>
         <kind>archive</kind>
         <file>driverlib.a</file>
         <name>dl_flashctl.o</name>
      </input_file>
      <input_file id="fl-2c">
         <path>D:\ti\mspm0_sdk_2_10_00_04\source\ti\driverlib\lib\ticlang\m0p\mspm0g1x0x_g3x0x\</path>
         <kind>archive</kind>
         <file>driverlib.a</file>
         <name>dl_i2c.o</name>
      </input_file>
      <input_file id="fl-2d">
         <path>D:\ti\mspm0_sdk_2_10_00_04\source\ti\driverlib\lib\ticlang\m0p\mspm0g1x0x_g3x0x\</path>
         <kind>archive</kind>
         <file>driverlib.a</file>
         <name>dl_timer.o</name>
      </input_file>
      <input_file id="fl-2e">
         <path>D:\ti\mspm0_sdk_2_10_00_04\source\ti\driverlib\lib\ticlang\m0p\mspm0g1x0x_g3x0x\</path>
         <kind>archive</kind>
         <file>driverlib.a</file>
         <name>dl_uart.o</name>
      </input_file>
      <input_file id="fl-45">
         <path>D:\ti\ccs2051\ccs\tools\compiler\ti-cgt-armllvm_4.0.4.LTS\lib\armv6m-ti-none-eabi\c\</path>
         <kind>archive</kind>
         <file>libc.a</file>
         <name>e_asin.c.obj</name>
      </input_file>
      <input_file id="fl-46">
         <path>D:\ti\ccs2051\ccs\tools\compiler\ti-cgt-armllvm_4.0.4.LTS\lib\armv6m-ti-none-eabi\c\</path>
         <kind>archive</kind>
         <file>libc.a</file>
         <name>e_atan2.c.obj</name>
      </input_file>
      <input_file id="fl-47">
         <path>D:\ti\ccs2051\ccs\tools\compiler\ti-cgt-armllvm_4.0.4.LTS\lib\armv6m-ti-none-eabi\c\</path>
         <kind>archive</kind>
         <file>libc.a</file>
         <name>e_sqrt.c.obj</name>
      </input_file>
      <input_file id="fl-48">
         <path>D:\ti\ccs2051\ccs\tools\compiler\ti-cgt-armllvm_4.0.4.LTS\lib\armv6m-ti-none-eabi\c\</path>
         <kind>archive</kind>
         <file>libc.a</file>
         <name>s_atan.c.obj</name>
      </input_file>
      <input_file id="fl-49">
         <path>D:\ti\ccs2051\ccs\tools\compiler\ti-cgt-armllvm_4.0.4.LTS\lib\armv6m-ti-none-eabi\c\</path>
         <kind>archive</kind>
         <file>libc.a</file>
         <name>aeabi_portable.c.obj</name>
      </input_file>
      <input_file id="fl-4a">
         <path>D:\ti\ccs2051\ccs\tools\compiler\ti-cgt-armllvm_4.0.4.LTS\lib\armv6m-ti-none-eabi\c\</path>
         <kind>archive</kind>
         <file>libc.a</file>
         <name>assert.c.obj</name>
      </input_file>
      <input_file id="fl-4b">
         <path>D:\ti\ccs2051\ccs\tools\compiler\ti-cgt-armllvm_4.0.4.LTS\lib\armv6m-ti-none-eabi\c\</path>
         <kind>archive</kind>
         <file>libc.a</file>
         <name>defs.c.obj</name>
      </input_file>
      <input_file id="fl-4c">
         <path>D:\ti\ccs2051\ccs\tools\compiler\ti-cgt-armllvm_4.0.4.LTS\lib\armv6m-ti-none-eabi\c\</path>
         <kind>archive</kind>
         <file>libc.a</file>
         <name>memcmp.c.obj</name>
      </input_file>
      <input_file id="fl-4d">
         <path>D:\ti\ccs2051\ccs\tools\compiler\ti-cgt-armllvm_4.0.4.LTS\lib\armv6m-ti-none-eabi\c\</path>
         <kind>archive</kind>
         <file>libc.a</file>
         <name>memory.c.obj</name>
      </input_file>
      <input_file id="fl-4e">
         <path>D:\ti\ccs2051\ccs\tools\compiler\ti-cgt-armllvm_4.0.4.LTS\lib\armv6m-ti-none-eabi\c\</path>
         <kind>archive</kind>
         <file>libc.a</file>
         <name>boot_cortex_m.c.obj</name>
      </input_file>
      <input_file id="fl-4f">
         <path>D:\ti\ccs2051\ccs\tools\compiler\ti-cgt-armllvm_4.0.4.LTS\lib\armv6m-ti-none-eabi\c\</path>
         <kind>archive</kind>
         <file>libc.a</file>
         <name>mathacl_init.c.obj</name>
      </input_file>
      <input_file id="fl-50">
         <path>D:\ti\ccs2051\ccs\tools\compiler\ti-cgt-armllvm_4.0.4.LTS\lib\armv6m-ti-none-eabi\c\</path>
         <kind>archive</kind>
         <file>libc.a</file>
         <name>autoinit.c.obj</name>
      </input_file>
      <input_file id="fl-51">
         <path>D:\ti\ccs2051\ccs\tools\compiler\ti-cgt-armllvm_4.0.4.LTS\lib\armv6m-ti-none-eabi\c\</path>
         <kind>archive</kind>
         <file>libc.a</file>
         <name>pre_init.c.obj</name>
      </input_file>
      <input_file id="fl-52">
         <path>D:\ti\ccs2051\ccs\tools\compiler\ti-cgt-armllvm_4.0.4.LTS\lib\armv6m-ti-none-eabi\c\</path>
         <kind>archive</kind>
         <file>libc.a</file>
         <name>cpy_tbl.c.obj</name>
      </input_file>
      <input_file id="fl-53">
         <path>D:\ti\ccs2051\ccs\tools\compiler\ti-cgt-armllvm_4.0.4.LTS\lib\armv6m-ti-none-eabi\c\</path>
         <kind>archive</kind>
         <file>libc.a</file>
         <name>copy_zero_init.c.obj</name>
      </input_file>
      <input_file id="fl-54">
         <path>D:\ti\ccs2051\ccs\tools\compiler\ti-cgt-armllvm_4.0.4.LTS\lib\armv6m-ti-none-eabi\c\</path>
         <kind>archive</kind>
         <file>libc.a</file>
         <name>copy_decompress_none.c.obj</name>
      </input_file>
      <input_file id="fl-55">
         <path>D:\ti\ccs2051\ccs\tools\compiler\ti-cgt-armllvm_4.0.4.LTS\lib\armv6m-ti-none-eabi\c\</path>
         <kind>archive</kind>
         <file>libc.a</file>
         <name>copy_decompress_lzss.c.obj</name>
      </input_file>
      <input_file id="fl-56">
         <path>D:\ti\ccs2051\ccs\tools\compiler\ti-cgt-armllvm_4.0.4.LTS\lib\armv6m-ti-none-eabi\c\</path>
         <kind>archive</kind>
         <file>libc.a</file>
         <name>sprintf.c.obj</name>
      </input_file>
      <input_file id="fl-57">
         <path>D:\ti\ccs2051\ccs\tools\compiler\ti-cgt-armllvm_4.0.4.LTS\lib\armv6m-ti-none-eabi\c\</path>
         <kind>archive</kind>
         <file>libc.a</file>
         <name>fflush.c.obj</name>
      </input_file>
      <input_file id="fl-58">
         <path>D:\ti\ccs2051\ccs\tools\compiler\ti-cgt-armllvm_4.0.4.LTS\lib\armv6m-ti-none-eabi\c\</path>
         <kind>archive</kind>
         <file>libc.a</file>
         <name>fputs.c.obj</name>
      </input_file>
      <input_file id="fl-59">
         <path>D:\ti\ccs2051\ccs\tools\compiler\ti-cgt-armllvm_4.0.4.LTS\lib\armv6m-ti-none-eabi\c\</path>
         <kind>archive</kind>
         <file>libc.a</file>
         <name>_io_perm.c.obj</name>
      </input_file>
      <input_file id="fl-5a">
         <path>D:\ti\ccs2051\ccs\tools\compiler\ti-cgt-armllvm_4.0.4.LTS\lib\armv6m-ti-none-eabi\c\</path>
         <kind>archive</kind>
         <file>libc.a</file>
         <name>setvbuf.c.obj</name>
      </input_file>
      <input_file id="fl-5b">
         <path>D:\ti\ccs2051\ccs\tools\compiler\ti-cgt-armllvm_4.0.4.LTS\lib\armv6m-ti-none-eabi\c\</path>
         <kind>archive</kind>
         <file>libc.a</file>
         <name>exit.c.obj</name>
      </input_file>
      <input_file id="fl-5c">
         <path>D:\ti\ccs2051\ccs\tools\compiler\ti-cgt-armllvm_4.0.4.LTS\lib\armv6m-ti-none-eabi\c\</path>
         <kind>archive</kind>
         <file>libc.a</file>
         <name>_lock.c.obj</name>
      </input_file>
      <input_file id="fl-5d">
         <path>D:\ti\ccs2051\ccs\tools\compiler\ti-cgt-armllvm_4.0.4.LTS\lib\armv6m-ti-none-eabi\c\</path>
         <kind>archive</kind>
         <file>libc.a</file>
         <name>args_main.c.obj</name>
      </input_file>
      <input_file id="fl-5e">
         <path>D:\ti\ccs2051\ccs\tools\compiler\ti-cgt-armllvm_4.0.4.LTS\lib\armv6m-ti-none-eabi\c\</path>
         <kind>archive</kind>
         <file>libc.a</file>
         <name>_printfi.c.obj</name>
      </input_file>
      <input_file id="fl-5f">
         <path>D:\ti\ccs2051\ccs\tools\compiler\ti-cgt-armllvm_4.0.4.LTS\lib\armv6m-ti-none-eabi\c\</path>
         <kind>archive</kind>
         <file>libc.a</file>
         <name>fopen.c.obj</name>
      </input_file>
      <input_file id="fl-60">
         <path>D:\ti\ccs2051\ccs\tools\compiler\ti-cgt-armllvm_4.0.4.LTS\lib\armv6m-ti-none-eabi\c\</path>
         <kind>archive</kind>
         <file>libc.a</file>
         <name>fseek.c.obj</name>
      </input_file>
      <input_file id="fl-61">
         <path>D:\ti\ccs2051\ccs\tools\compiler\ti-cgt-armllvm_4.0.4.LTS\lib\armv6m-ti-none-eabi\c\</path>
         <kind>archive</kind>
         <file>libc.a</file>
         <name>_ltoa.c.obj</name>
      </input_file>
      <input_file id="fl-62">
         <path>D:\ti\ccs2051\ccs\tools\compiler\ti-cgt-armllvm_4.0.4.LTS\lib\armv6m-ti-none-eabi\c\</path>
         <kind>archive</kind>
         <file>libc.a</file>
         <name>atoi.c.obj</name>
      </input_file>
      <input_file id="fl-63">
         <path>D:\ti\ccs2051\ccs\tools\compiler\ti-cgt-armllvm_4.0.4.LTS\lib\armv6m-ti-none-eabi\c\</path>
         <kind>archive</kind>
         <file>libc.a</file>
         <name>memccpy.c.obj</name>
      </input_file>
      <input_file id="fl-64">
         <path>D:\ti\ccs2051\ccs\tools\compiler\ti-cgt-armllvm_4.0.4.LTS\lib\armv6m-ti-none-eabi\c\</path>
         <kind>archive</kind>
         <file>libc.a</file>
         <name>s_frexp.c.obj</name>
      </input_file>
      <input_file id="fl-65">
         <path>D:\ti\ccs2051\ccs\tools\compiler\ti-cgt-armllvm_4.0.4.LTS\lib\armv6m-ti-none-eabi\c\</path>
         <kind>archive</kind>
         <file>libc.a</file>
         <name>s_scalbn.c.obj</name>
      </input_file>
      <input_file id="fl-66">
         <path>D:\ti\ccs2051\ccs\tools\compiler\ti-cgt-armllvm_4.0.4.LTS\lib\armv6m-ti-none-eabi\c\</path>
         <kind>archive</kind>
         <file>libc.a</file>
         <name>wcslen.c.obj</name>
      </input_file>
      <input_file id="fl-67">
         <path>D:\ti\ccs2051\ccs\tools\compiler\ti-cgt-armllvm_4.0.4.LTS\lib\armv6m-ti-none-eabi\c\</path>
         <kind>archive</kind>
         <file>libc.a</file>
         <name>fclose.c.obj</name>
      </input_file>
      <input_file id="fl-68">
         <path>D:\ti\ccs2051\ccs\tools\compiler\ti-cgt-armllvm_4.0.4.LTS\lib\armv6m-ti-none-eabi\c\</path>
         <kind>archive</kind>
         <file>libc.a</file>
         <name>aeabi_ctype.S.obj</name>
      </input_file>
      <input_file id="fl-108">
         <path>D:\ti\ccs2051\ccs\tools\compiler\ti-cgt-armllvm_4.0.4.LTS\lib\armv6m-ti-none-eabi\c\</path>
         <kind>archive</kind>
         <file>libsysbm.a</file>
         <name>hostexit.c.obj</name>
      </input_file>
      <input_file id="fl-109">
         <path>D:\ti\ccs2051\ccs\tools\compiler\ti-cgt-armllvm_4.0.4.LTS\lib\armv6m-ti-none-eabi\c\</path>
         <kind>archive</kind>
         <file>libsysbm.a</file>
         <name>write.c.obj</name>
      </input_file>
      <input_file id="fl-10a">
         <path>D:\ti\ccs2051\ccs\tools\compiler\ti-cgt-armllvm_4.0.4.LTS\lib\armv6m-ti-none-eabi\c\</path>
         <kind>archive</kind>
         <file>libsysbm.a</file>
         <name>host_device.c.obj</name>
      </input_file>
      <input_file id="fl-10b">
         <path>D:\ti\ccs2051\ccs\tools\compiler\ti-cgt-armllvm_4.0.4.LTS\lib\armv6m-ti-none-eabi\c\</path>
         <kind>archive</kind>
         <file>libsysbm.a</file>
         <name>remove.c.obj</name>
      </input_file>
      <input_file id="fl-10c">
         <path>D:\ti\ccs2051\ccs\tools\compiler\ti-cgt-armllvm_4.0.4.LTS\lib\armv6m-ti-none-eabi\c\</path>
         <kind>archive</kind>
         <file>libsysbm.a</file>
         <name>open.c.obj</name>
      </input_file>
      <input_file id="fl-10d">
         <path>D:\ti\ccs2051\ccs\tools\compiler\ti-cgt-armllvm_4.0.4.LTS\lib\armv6m-ti-none-eabi\c\</path>
         <kind>archive</kind>
         <file>libsysbm.a</file>
         <name>lseek.c.obj</name>
      </input_file>
      <input_file id="fl-10e">
         <path>D:\ti\ccs2051\ccs\tools\compiler\ti-cgt-armllvm_4.0.4.LTS\lib\armv6m-ti-none-eabi\c\</path>
         <kind>archive</kind>
         <file>libsysbm.a</file>
         <name>close.c.obj</name>
      </input_file>
      <input_file id="fl-10f">
         <path>D:\ti\ccs2051\ccs\tools\compiler\ti-cgt-armllvm_4.0.4.LTS\lib\armv6m-ti-none-eabi\c\</path>
         <kind>archive</kind>
         <file>libsysbm.a</file>
         <name>unlink.c.obj</name>
      </input_file>
      <input_file id="fl-110">
         <path>D:\ti\ccs2051\ccs\tools\compiler\ti-cgt-armllvm_4.0.4.LTS\lib\armv6m-ti-none-eabi\c\</path>
         <kind>archive</kind>
         <file>libsysbm.a</file>
         <name>hostclose.c.obj</name>
      </input_file>
      <input_file id="fl-111">
         <path>D:\ti\ccs2051\ccs\tools\compiler\ti-cgt-armllvm_4.0.4.LTS\lib\armv6m-ti-none-eabi\c\</path>
         <kind>archive</kind>
         <file>libsysbm.a</file>
         <name>hostlseek.c.obj</name>
      </input_file>
      <input_file id="fl-112">
         <path>D:\ti\ccs2051\ccs\tools\compiler\ti-cgt-armllvm_4.0.4.LTS\lib\armv6m-ti-none-eabi\c\</path>
         <kind>archive</kind>
         <file>libsysbm.a</file>
         <name>hostopen.c.obj</name>
      </input_file>
      <input_file id="fl-113">
         <path>D:\ti\ccs2051\ccs\tools\compiler\ti-cgt-armllvm_4.0.4.LTS\lib\armv6m-ti-none-eabi\c\</path>
         <kind>archive</kind>
         <file>libsysbm.a</file>
         <name>hostread.c.obj</name>
      </input_file>
      <input_file id="fl-114">
         <path>D:\ti\ccs2051\ccs\tools\compiler\ti-cgt-armllvm_4.0.4.LTS\lib\armv6m-ti-none-eabi\c\</path>
         <kind>archive</kind>
         <file>libsysbm.a</file>
         <name>hostrename.c.obj</name>
      </input_file>
      <input_file id="fl-115">
         <path>D:\ti\ccs2051\ccs\tools\compiler\ti-cgt-armllvm_4.0.4.LTS\lib\armv6m-ti-none-eabi\c\</path>
         <kind>archive</kind>
         <file>libsysbm.a</file>
         <name>hostunlink.c.obj</name>
      </input_file>
      <input_file id="fl-116">
         <path>D:\ti\ccs2051\ccs\tools\compiler\ti-cgt-armllvm_4.0.4.LTS\lib\armv6m-ti-none-eabi\c\</path>
         <kind>archive</kind>
         <file>libsysbm.a</file>
         <name>hostwrite.c.obj</name>
      </input_file>
      <input_file id="fl-117">
         <path>D:\ti\ccs2051\ccs\tools\compiler\ti-cgt-armllvm_4.0.4.LTS\lib\armv6m-ti-none-eabi\c\</path>
         <kind>archive</kind>
         <file>libsysbm.a</file>
         <name>trgmsg.c.obj</name>
      </input_file>
      <input_file id="fl-118">
         <path>D:\ti\ccs2051\ccs\tools\compiler\ti-cgt-armllvm_4.0.4.LTS\lib\armv6m-ti-none-eabi\</path>
         <kind>archive</kind>
         <file>libclang_rt.builtins.a</file>
         <name>addsf3.S.obj</name>
      </input_file>
      <input_file id="fl-119">
         <path>D:\ti\ccs2051\ccs\tools\compiler\ti-cgt-armllvm_4.0.4.LTS\lib\armv6m-ti-none-eabi\</path>
         <kind>archive</kind>
         <file>libclang_rt.builtins.a</file>
         <name>adddf3.S.obj</name>
      </input_file>
      <input_file id="fl-11a">
         <path>D:\ti\ccs2051\ccs\tools\compiler\ti-cgt-armllvm_4.0.4.LTS\lib\armv6m-ti-none-eabi\</path>
         <kind>archive</kind>
         <file>libclang_rt.builtins.a</file>
         <name>muldf3.S.obj</name>
      </input_file>
      <input_file id="fl-11b">
         <path>D:\ti\ccs2051\ccs\tools\compiler\ti-cgt-armllvm_4.0.4.LTS\lib\armv6m-ti-none-eabi\</path>
         <kind>archive</kind>
         <file>libclang_rt.builtins.a</file>
         <name>muldsi3.S.obj</name>
      </input_file>
      <input_file id="fl-11c">
         <path>D:\ti\ccs2051\ccs\tools\compiler\ti-cgt-armllvm_4.0.4.LTS\lib\armv6m-ti-none-eabi\</path>
         <kind>archive</kind>
         <file>libclang_rt.builtins.a</file>
         <name>mulsf3.S.obj</name>
      </input_file>
      <input_file id="fl-11d">
         <path>D:\ti\ccs2051\ccs\tools\compiler\ti-cgt-armllvm_4.0.4.LTS\lib\armv6m-ti-none-eabi\</path>
         <kind>archive</kind>
         <file>libclang_rt.builtins.a</file>
         <name>divsf3.S.obj</name>
      </input_file>
      <input_file id="fl-11e">
         <path>D:\ti\ccs2051\ccs\tools\compiler\ti-cgt-armllvm_4.0.4.LTS\lib\armv6m-ti-none-eabi\</path>
         <kind>archive</kind>
         <file>libclang_rt.builtins.a</file>
         <name>divdf3.S.obj</name>
      </input_file>
      <input_file id="fl-11f">
         <path>D:\ti\ccs2051\ccs\tools\compiler\ti-cgt-armllvm_4.0.4.LTS\lib\armv6m-ti-none-eabi\</path>
         <kind>archive</kind>
         <file>libclang_rt.builtins.a</file>
         <name>extendsfdf2.S.obj</name>
      </input_file>
      <input_file id="fl-120">
         <path>D:\ti\ccs2051\ccs\tools\compiler\ti-cgt-armllvm_4.0.4.LTS\lib\armv6m-ti-none-eabi\</path>
         <kind>archive</kind>
         <file>libclang_rt.builtins.a</file>
         <name>fixdfsi.S.obj</name>
      </input_file>
      <input_file id="fl-121">
         <path>D:\ti\ccs2051\ccs\tools\compiler\ti-cgt-armllvm_4.0.4.LTS\lib\armv6m-ti-none-eabi\</path>
         <kind>archive</kind>
         <file>libclang_rt.builtins.a</file>
         <name>fixsfsi.S.obj</name>
      </input_file>
      <input_file id="fl-122">
         <path>D:\ti\ccs2051\ccs\tools\compiler\ti-cgt-armllvm_4.0.4.LTS\lib\armv6m-ti-none-eabi\</path>
         <kind>archive</kind>
         <file>libclang_rt.builtins.a</file>
         <name>floatsidf.S.obj</name>
      </input_file>
      <input_file id="fl-123">
         <path>D:\ti\ccs2051\ccs\tools\compiler\ti-cgt-armllvm_4.0.4.LTS\lib\armv6m-ti-none-eabi\</path>
         <kind>archive</kind>
         <file>libclang_rt.builtins.a</file>
         <name>floatsisf.S.obj</name>
      </input_file>
      <input_file id="fl-124">
         <path>D:\ti\ccs2051\ccs\tools\compiler\ti-cgt-armllvm_4.0.4.LTS\lib\armv6m-ti-none-eabi\</path>
         <kind>archive</kind>
         <file>libclang_rt.builtins.a</file>
         <name>floatunsidf.S.obj</name>
      </input_file>
      <input_file id="fl-125">
         <path>D:\ti\ccs2051\ccs\tools\compiler\ti-cgt-armllvm_4.0.4.LTS\lib\armv6m-ti-none-eabi\</path>
         <kind>archive</kind>
         <file>libclang_rt.builtins.a</file>
         <name>floatunsisf.S.obj</name>
      </input_file>
      <input_file id="fl-126">
         <path>D:\ti\ccs2051\ccs\tools\compiler\ti-cgt-armllvm_4.0.4.LTS\lib\armv6m-ti-none-eabi\</path>
         <kind>archive</kind>
         <file>libclang_rt.builtins.a</file>
         <name>muldi3.S.obj</name>
      </input_file>
      <input_file id="fl-127">
         <path>D:\ti\ccs2051\ccs\tools\compiler\ti-cgt-armllvm_4.0.4.LTS\lib\armv6m-ti-none-eabi\</path>
         <kind>archive</kind>
         <file>libclang_rt.builtins.a</file>
         <name>truncdfsf2.S.obj</name>
      </input_file>
      <input_file id="fl-128">
         <path>D:\ti\ccs2051\ccs\tools\compiler\ti-cgt-armllvm_4.0.4.LTS\lib\armv6m-ti-none-eabi\</path>
         <kind>archive</kind>
         <file>libclang_rt.builtins.a</file>
         <name>aeabi_dcmp.S.obj</name>
      </input_file>
      <input_file id="fl-129">
         <path>D:\ti\ccs2051\ccs\tools\compiler\ti-cgt-armllvm_4.0.4.LTS\lib\armv6m-ti-none-eabi\</path>
         <kind>archive</kind>
         <file>libclang_rt.builtins.a</file>
         <name>aeabi_fcmp.S.obj</name>
      </input_file>
      <input_file id="fl-12a">
         <path>D:\ti\ccs2051\ccs\tools\compiler\ti-cgt-armllvm_4.0.4.LTS\lib\armv6m-ti-none-eabi\</path>
         <kind>archive</kind>
         <file>libclang_rt.builtins.a</file>
         <name>aeabi_idivmod.S.obj</name>
      </input_file>
      <input_file id="fl-12b">
         <path>D:\ti\ccs2051\ccs\tools\compiler\ti-cgt-armllvm_4.0.4.LTS\lib\armv6m-ti-none-eabi\</path>
         <kind>archive</kind>
         <file>libclang_rt.builtins.a</file>
         <name>aeabi_ldivmod.S.obj</name>
      </input_file>
      <input_file id="fl-12c">
         <path>D:\ti\ccs2051\ccs\tools\compiler\ti-cgt-armllvm_4.0.4.LTS\lib\armv6m-ti-none-eabi\</path>
         <kind>archive</kind>
         <file>libclang_rt.builtins.a</file>
         <name>aeabi_memcpy.S.obj</name>
      </input_file>
      <input_file id="fl-12d">
         <path>D:\ti\ccs2051\ccs\tools\compiler\ti-cgt-armllvm_4.0.4.LTS\lib\armv6m-ti-none-eabi\</path>
         <kind>archive</kind>
         <file>libclang_rt.builtins.a</file>
         <name>aeabi_memset.S.obj</name>
      </input_file>
      <input_file id="fl-12e">
         <path>D:\ti\ccs2051\ccs\tools\compiler\ti-cgt-armllvm_4.0.4.LTS\lib\armv6m-ti-none-eabi\</path>
         <kind>archive</kind>
         <file>libclang_rt.builtins.a</file>
         <name>aeabi_uidivmod.S.obj</name>
      </input_file>
      <input_file id="fl-12f">
         <path>D:\ti\ccs2051\ccs\tools\compiler\ti-cgt-armllvm_4.0.4.LTS\lib\armv6m-ti-none-eabi\</path>
         <kind>archive</kind>
         <file>libclang_rt.builtins.a</file>
         <name>aeabi_uldivmod.S.obj</name>
      </input_file>
      <input_file id="fl-130">
         <path>D:\ti\ccs2051\ccs\tools\compiler\ti-cgt-armllvm_4.0.4.LTS\lib\armv6m-ti-none-eabi\</path>
         <kind>archive</kind>
         <file>libclang_rt.builtins.a</file>
         <name>comparesf2.S.obj</name>
      </input_file>
      <input_file id="fl-131">
         <path>D:\ti\ccs2051\ccs\tools\compiler\ti-cgt-armllvm_4.0.4.LTS\lib\armv6m-ti-none-eabi\</path>
         <kind>archive</kind>
         <file>libclang_rt.builtins.a</file>
         <name>udivmoddi4.S.obj</name>
      </input_file>
      <input_file id="fl-132">
         <path>D:\ti\ccs2051\ccs\tools\compiler\ti-cgt-armllvm_4.0.4.LTS\lib\armv6m-ti-none-eabi\</path>
         <kind>archive</kind>
         <file>libclang_rt.builtins.a</file>
         <name>ashldi3.S.obj</name>
      </input_file>
      <input_file id="fl-133">
         <path>D:\ti\ccs2051\ccs\tools\compiler\ti-cgt-armllvm_4.0.4.LTS\lib\armv6m-ti-none-eabi\</path>
         <kind>archive</kind>
         <file>libclang_rt.builtins.a</file>
         <name>comparedf2.c.obj</name>
      </input_file>
      <input_file id="fl-134">
         <path>D:\ti\ccs2051\ccs\tools\compiler\ti-cgt-armllvm_4.0.4.LTS\lib\armv6m-ti-none-eabi\</path>
         <kind>archive</kind>
         <file>libclang_rt.builtins.a</file>
         <name>divmoddi4.c.obj</name>
      </input_file>
      <input_file id="fl-135">
         <path>D:\ti\ccs2051\ccs\tools\compiler\ti-cgt-armllvm_4.0.4.LTS\lib\armv6m-ti-none-eabi\</path>
         <kind>archive</kind>
         <file>libclang_rt.builtins.a</file>
         <name>aeabi_div0.c.obj</name>
      </input_file>
      <input_file id="fl-136">
         <path>D:\ti\ccs2051\ccs\tools\compiler\ti-cgt-armllvm_4.0.4.LTS\lib\armv6m-ti-none-eabi\c\</path>
         <kind>archive</kind>
         <file>libc.a</file>
         <name>getdevice.c.obj</name>
      </input_file>
      <input_file id="fl-137">
         <path>D:\ti\ccs2051\ccs\tools\compiler\ti-cgt-armllvm_4.0.4.LTS\lib\armv6m-ti-none-eabi\c\</path>
         <kind>archive</kind>
         <file>libc.a</file>
         <name>memcpy16.S.obj</name>
      </input_file>
      <input_file id="fl-138">
         <path>D:\ti\ccs2051\ccs\tools\compiler\ti-cgt-armllvm_4.0.4.LTS\lib\armv6m-ti-none-eabi\c\</path>
         <kind>archive</kind>
         <file>libc.a</file>
         <name>memset16.S.obj</name>
      </input_file>
      <input_file id="fl-139">
         <path>D:\ti\ccs2051\ccs\tools\compiler\ti-cgt-armllvm_4.0.4.LTS\lib\armv6m-ti-none-eabi\c\</path>
         <kind>archive</kind>
         <file>libc.a</file>
         <name>strcmp-armv6m.S.obj</name>
      </input_file>
   </input_file_list>
   <object_component_list>
      <object_component id="oc-18">
         <name>.intvecs</name>
         <load_address>0x0</load_address>
         <readonly>true</readonly>
         <run_address>0x0</run_address>
         <size>0xc0</size>
         <alignment>0x4</alignment>
         <input_file_ref idref="fl-3"/>
      </object_component>
      <object_component id="oc-319">
         <name>.text.asin</name>
         <load_address>0xc0</load_address>
         <readonly>true</readonly>
         <executable>true</executable>
         <run_address>0xc0</run_address>
         <size>0x364</size>
         <alignment>0x4</alignment>
         <input_file_ref idref="fl-45"/>
      </object_component>
      <object_component id="oc-350">
         <name>.text.atan</name>
         <load_address>0x424</load_address>
         <readonly>true</readonly>
         <executable>true</executable>
         <run_address>0x424</run_address>
         <size>0x2f8</size>
         <alignment>0x4</alignment>
         <input_file_ref idref="fl-48"/>
      </object_component>
      <object_component id="oc-185">
         <name>.text.dmp_enable_feature</name>
         <load_address>0x71c</load_address>
         <readonly>true</readonly>
         <executable>true</executable>
         <run_address>0x71c</run_address>
         <size>0x278</size>
         <alignment>0x4</alignment>
         <input_file_ref idref="fl-e"/>
      </object_component>
      <object_component id="oc-23f">
         <name>.text.dmp_set_tap_thresh</name>
         <load_address>0x994</load_address>
         <readonly>true</readonly>
         <executable>true</executable>
         <run_address>0x994</run_address>
         <size>0x238</size>
         <alignment>0x4</alignment>
         <input_file_ref idref="fl-e"/>
      </object_component>
      <object_component id="oc-2d0">
         <name>.text.Key_Process</name>
         <load_address>0xbcc</load_address>
         <readonly>true</readonly>
         <executable>true</executable>
         <run_address>0xbcc</run_address>
         <size>0x234</size>
         <alignment>0x4</alignment>
         <input_file_ref idref="fl-9"/>
      </object_component>
      <object_component id="oc-2fa">
         <name>.text.Read_Quad</name>
         <load_address>0xe00</load_address>
         <readonly>true</readonly>
         <executable>true</executable>
         <run_address>0xe00</run_address>
         <size>0x22c</size>
         <alignment>0x4</alignment>
         <input_file_ref idref="fl-f"/>
      </object_component>
      <object_component id="oc-235">
         <name>.text.mpu_reset_fifo</name>
         <load_address>0x102c</load_address>
         <readonly>true</readonly>
         <executable>true</executable>
         <run_address>0x102c</run_address>
         <size>0x22c</size>
         <alignment>0x4</alignment>
         <input_file_ref idref="fl-d"/>
      </object_component>
      <object_component id="oc-318">
         <name>.text.dmp_read_fifo</name>
         <load_address>0x1258</load_address>
         <readonly>true</readonly>
         <executable>true</executable>
         <run_address>0x1258</run_address>
         <size>0x1f4</size>
         <alignment>0x4</alignment>
         <input_file_ref idref="fl-e"/>
      </object_component>
      <object_component id="oc-296">
         <name>.text.PID_Calc</name>
         <load_address>0x144c</load_address>
         <readonly>true</readonly>
         <executable>true</executable>
         <run_address>0x144c</run_address>
         <size>0x1b4</size>
         <alignment>0x4</alignment>
         <input_file_ref idref="fl-17"/>
      </object_component>
      <object_component id="oc-11c">
         <name>.text.SYSCFG_DL_GPIO_init</name>
         <load_address>0x1600</load_address>
         <readonly>true</readonly>
         <executable>true</executable>
         <run_address>0x1600</run_address>
         <size>0x1ac</size>
         <alignment>0x4</alignment>
         <input_file_ref idref="fl-2"/>
      </object_component>
      <object_component id="oc-22f">
         <name>.text.mpu_set_bypass</name>
         <load_address>0x17ac</load_address>
         <readonly>true</readonly>
         <executable>true</executable>
         <run_address>0x17ac</run_address>
         <size>0x1a0</size>
         <alignment>0x4</alignment>
         <input_file_ref idref="fl-d"/>
      </object_component>
      <object_component id="oc-14c">
         <name>.text.adddf3_subdf3</name>
         <load_address>0x194c</load_address>
         <readonly>true</readonly>
         <executable>true</executable>
         <run_address>0x194c</run_address>
         <size>0x192</size>
         <alignment>0x4</alignment>
         <input_file_ref idref="fl-119"/>
      </object_component>
      <object_component id="oc-20b">
         <name>.text.__aeabi_idiv0</name>
         <load_address>0x1ade</load_address>
         <readonly>true</readonly>
         <executable>true</executable>
         <run_address>0x1ade</run_address>
         <size>0x2</size>
         <alignment>0x2</alignment>
         <input_file_ref idref="fl-135"/>
      </object_component>
      <object_component id="oc-d4">
         <name>.text.No_MCU_Ganv_Sensor_Init</name>
         <load_address>0x1ae0</load_address>
         <readonly>true</readonly>
         <executable>true</executable>
         <run_address>0x1ae0</run_address>
         <size>0x188</size>
         <alignment>0x4</alignment>
         <input_file_ref idref="fl-4"/>
      </object_component>
      <object_component id="oc-31f">
         <name>.text.atan2</name>
         <load_address>0x1c68</load_address>
         <readonly>true</readonly>
         <executable>true</executable>
         <run_address>0x1c68</run_address>
         <size>0x188</size>
         <alignment>0x4</alignment>
         <input_file_ref idref="fl-46"/>
      </object_component>
      <object_component id="oc-250">
         <name>.text.Control</name>
         <load_address>0x1df0</load_address>
         <readonly>true</readonly>
         <executable>true</executable>
         <run_address>0x1df0</run_address>
         <size>0x184</size>
         <alignment>0x4</alignment>
         <input_file_ref idref="fl-1a"/>
      </object_component>
      <object_component id="oc-182">
         <name>.text.dmp_set_orientation</name>
         <load_address>0x1f74</load_address>
         <readonly>true</readonly>
         <executable>true</executable>
         <run_address>0x1f74</run_address>
         <size>0x178</size>
         <alignment>0x4</alignment>
         <input_file_ref idref="fl-e"/>
      </object_component>
      <object_component id="oc-347">
         <name>.text.sqrt</name>
         <load_address>0x20ec</load_address>
         <readonly>true</readonly>
         <executable>true</executable>
         <run_address>0x20ec</run_address>
         <size>0x170</size>
         <alignment>0x4</alignment>
         <input_file_ref idref="fl-47"/>
      </object_component>
      <object_component id="oc-da">
         <name>.text.MPU6050_Init</name>
         <load_address>0x225c</load_address>
         <readonly>true</readonly>
         <executable>true</executable>
         <run_address>0x225c</run_address>
         <size>0x144</size>
         <alignment>0x4</alignment>
         <input_file_ref idref="fl-f"/>
      </object_component>
      <object_component id="oc-2b0">
         <name>.text.mspm0_i2c_read</name>
         <load_address>0x23a0</load_address>
         <readonly>true</readonly>
         <executable>true</executable>
         <run_address>0x23a0</run_address>
         <size>0x134</size>
         <alignment>0x4</alignment>
         <input_file_ref idref="fl-10"/>
      </object_component>
      <object_component id="oc-176">
         <name>.text.mpu_set_sensors</name>
         <load_address>0x24d4</load_address>
         <readonly>true</readonly>
         <executable>true</executable>
         <run_address>0x24d4</run_address>
         <size>0x130</size>
         <alignment>0x4</alignment>
         <input_file_ref idref="fl-d"/>
      </object_component>
      <object_component id="oc-d9">
         <name>.text.Trace_init</name>
         <load_address>0x2604</load_address>
         <readonly>true</readonly>
         <executable>true</executable>
         <run_address>0x2604</run_address>
         <size>0x12c</size>
         <alignment>0x4</alignment>
         <input_file_ref idref="fl-1a"/>
      </object_component>
      <object_component id="oc-171">
         <name>.text.mpu_init</name>
         <load_address>0x2730</load_address>
         <readonly>true</readonly>
         <executable>true</executable>
         <run_address>0x2730</run_address>
         <size>0x128</size>
         <alignment>0x4</alignment>
         <input_file_ref idref="fl-d"/>
      </object_component>
      <object_component id="oc-237">
         <name>.text.mpu_load_firmware</name>
         <load_address>0x2858</load_address>
         <readonly>true</readonly>
         <executable>true</executable>
         <run_address>0x2858</run_address>
         <size>0x124</size>
         <alignment>0x4</alignment>
         <input_file_ref idref="fl-d"/>
      </object_component>
      <object_component id="oc-8a">
         <name>.text.main</name>
         <load_address>0x297c</load_address>
         <readonly>true</readonly>
         <executable>true</executable>
         <run_address>0x297c</run_address>
         <size>0x120</size>
         <alignment>0x4</alignment>
         <input_file_ref idref="fl-1"/>
      </object_component>
      <object_component id="oc-197">
         <name>.text.OLED_ShowChar</name>
         <load_address>0x2a9c</load_address>
         <readonly>true</readonly>
         <executable>true</executable>
         <run_address>0x2a9c</run_address>
         <size>0x118</size>
         <alignment>0x4</alignment>
         <input_file_ref idref="fl-13"/>
      </object_component>
      <object_component id="oc-2cd">
         <name>.text.Turn_angel</name>
         <load_address>0x2bb4</load_address>
         <readonly>true</readonly>
         <executable>true</executable>
         <run_address>0x2bb4</run_address>
         <size>0x10c</size>
         <alignment>0x4</alignment>
         <input_file_ref idref="fl-1a"/>
      </object_component>
      <object_component id="oc-150">
         <name>.text.__divdf3</name>
         <load_address>0x2cc0</load_address>
         <readonly>true</readonly>
         <executable>true</executable>
         <run_address>0x2cc0</run_address>
         <size>0x10c</size>
         <alignment>0x4</alignment>
         <input_file_ref idref="fl-11e"/>
      </object_component>
      <object_component id="oc-33e">
         <name>.text.mpu_read_fifo_stream</name>
         <load_address>0x2dcc</load_address>
         <readonly>true</readonly>
         <executable>true</executable>
         <run_address>0x2dcc</run_address>
         <size>0x108</size>
         <alignment>0x4</alignment>
         <input_file_ref idref="fl-d"/>
      </object_component>
      <object_component id="oc-1d7">
         <name>.text.DL_Timer_initFourCCPWMMode</name>
         <load_address>0x2ed4</load_address>
         <readonly>true</readonly>
         <executable>true</executable>
         <run_address>0x2ed4</run_address>
         <size>0x104</size>
         <alignment>0x4</alignment>
         <input_file_ref idref="fl-2d"/>
      </object_component>
      <object_component id="oc-236">
         <name>.text.mpu_lp_accel_mode</name>
         <load_address>0x2fd8</load_address>
         <readonly>true</readonly>
         <executable>true</executable>
         <run_address>0x2fd8</run_address>
         <size>0x100</size>
         <alignment>0x4</alignment>
         <input_file_ref idref="fl-d"/>
      </object_component>
      <object_component id="oc-1e1">
         <name>.text.DL_Timer_initTimerMode</name>
         <load_address>0x30d8</load_address>
         <readonly>true</readonly>
         <executable>true</executable>
         <run_address>0x30d8</run_address>
         <size>0xfc</size>
         <alignment>0x4</alignment>
         <input_file_ref idref="fl-2d"/>
      </object_component>
      <object_component id="oc-df">
         <name>.text.OLED_Init</name>
         <load_address>0x31d4</load_address>
         <readonly>true</readonly>
         <executable>true</executable>
         <run_address>0x31d4</run_address>
         <size>0xfa</size>
         <alignment>0x2</alignment>
         <input_file_ref idref="fl-13"/>
      </object_component>
      <object_component id="oc-178">
         <name>.text.mpu_set_sample_rate</name>
         <load_address>0x32d0</load_address>
         <readonly>true</readonly>
         <executable>true</executable>
         <run_address>0x32d0</run_address>
         <size>0xec</size>
         <alignment>0x4</alignment>
         <input_file_ref idref="fl-d"/>
      </object_component>
      <object_component id="oc-28e">
         <name>.text.__muldf3</name>
         <load_address>0x33bc</load_address>
         <readonly>true</readonly>
         <executable>true</executable>
         <run_address>0x33bc</run_address>
         <size>0xe4</size>
         <alignment>0x4</alignment>
         <input_file_ref idref="fl-11a"/>
      </object_component>
      <object_component id="oc-22d">
         <name>.text.mpu_set_accel_fsr</name>
         <load_address>0x34a0</load_address>
         <readonly>true</readonly>
         <executable>true</executable>
         <run_address>0x34a0</run_address>
         <size>0xe4</size>
         <alignment>0x4</alignment>
         <input_file_ref idref="fl-d"/>
      </object_component>
      <object_component id="oc-333">
         <name>.text.DL_FlashCTL_unprotectSector</name>
         <load_address>0x3584</load_address>
         <readonly>true</readonly>
         <executable>true</executable>
         <run_address>0x3584</run_address>
         <size>0xd8</size>
         <alignment>0x4</alignment>
         <input_file_ref idref="fl-2b"/>
      </object_component>
      <object_component id="oc-257">
         <name>.text</name>
         <load_address>0x365c</load_address>
         <readonly>true</readonly>
         <executable>true</executable>
         <run_address>0x365c</run_address>
         <size>0xd8</size>
         <alignment>0x4</alignment>
         <input_file_ref idref="fl-118"/>
      </object_component>
      <object_component id="oc-234">
         <name>.text.set_int_enable</name>
         <load_address>0x3734</load_address>
         <readonly>true</readonly>
         <executable>true</executable>
         <run_address>0x3734</run_address>
         <size>0xd4</size>
         <alignment>0x4</alignment>
         <input_file_ref idref="fl-d"/>
      </object_component>
      <object_component id="oc-22e">
         <name>.text.mpu_set_lpf</name>
         <load_address>0x3808</load_address>
         <readonly>true</readonly>
         <executable>true</executable>
         <run_address>0x3808</run_address>
         <size>0xd0</size>
         <alignment>0x4</alignment>
         <input_file_ref idref="fl-d"/>
      </object_component>
      <object_component id="oc-219">
         <name>.text.Motor_Speed_Get</name>
         <load_address>0x38d8</load_address>
         <readonly>true</readonly>
         <executable>true</executable>
         <run_address>0x38d8</run_address>
         <size>0xcc</size>
         <alignment>0x4</alignment>
         <input_file_ref idref="fl-14"/>
      </object_component>
      <object_component id="oc-39">
         <name>.text.GROUP1_IRQHandler</name>
         <load_address>0x39a4</load_address>
         <readonly>true</readonly>
         <executable>true</executable>
         <run_address>0x39a4</run_address>
         <size>0xc4</size>
         <alignment>0x4</alignment>
         <input_file_ref idref="fl-1a"/>
      </object_component>
      <object_component id="oc-22c">
         <name>.text.mpu_set_gyro_fsr</name>
         <load_address>0x3a68</load_address>
         <readonly>true</readonly>
         <executable>true</executable>
         <run_address>0x3a68</run_address>
         <size>0xc4</size>
         <alignment>0x4</alignment>
         <input_file_ref idref="fl-d"/>
      </object_component>
      <object_component id="oc-22b">
         <name>.text.mspm0_i2c_write</name>
         <load_address>0x3b2c</load_address>
         <readonly>true</readonly>
         <executable>true</executable>
         <run_address>0x3b2c</run_address>
         <size>0xc4</size>
         <alignment>0x4</alignment>
         <input_file_ref idref="fl-10"/>
      </object_component>
      <object_component id="oc-2cc">
         <name>.text.Motor_Ctrl</name>
         <load_address>0x3bf0</load_address>
         <readonly>true</readonly>
         <executable>true</executable>
         <run_address>0x3bf0</run_address>
         <size>0xc0</size>
         <alignment>0x4</alignment>
         <input_file_ref idref="fl-1a"/>
      </object_component>
      <object_component id="oc-177">
         <name>.text.mpu_configure_fifo</name>
         <load_address>0x3cb0</load_address>
         <readonly>true</readonly>
         <executable>true</executable>
         <run_address>0x3cb0</run_address>
         <size>0xbc</size>
         <alignment>0x4</alignment>
         <input_file_ref idref="fl-d"/>
      </object_component>
      <object_component id="oc-2f6">
         <name>.text.Get_Analog_value</name>
         <load_address>0x3d6c</load_address>
         <readonly>true</readonly>
         <executable>true</executable>
         <run_address>0x3d6c</run_address>
         <size>0xb8</size>
         <alignment>0x4</alignment>
         <input_file_ref idref="fl-4"/>
      </object_component>
      <object_component id="oc-187">
         <name>.text.mpu_set_dmp_state</name>
         <load_address>0x3e24</load_address>
         <readonly>true</readonly>
         <executable>true</executable>
         <run_address>0x3e24</run_address>
         <size>0xb8</size>
         <alignment>0x4</alignment>
         <input_file_ref idref="fl-d"/>
      </object_component>
      <object_component id="oc-30d">
         <name>.text.writeToFlash</name>
         <load_address>0x3edc</load_address>
         <readonly>true</readonly>
         <executable>true</executable>
         <run_address>0x3edc</run_address>
         <size>0xb4</size>
         <alignment>0x4</alignment>
         <input_file_ref idref="fl-8"/>
      </object_component>
      <object_component id="oc-2b4">
         <name>.text.mpu_read_mem</name>
         <load_address>0x3f90</load_address>
         <readonly>true</readonly>
         <executable>true</executable>
         <run_address>0x3f90</run_address>
         <size>0xac</size>
         <alignment>0x4</alignment>
         <input_file_ref idref="fl-d"/>
      </object_component>
      <object_component id="oc-23c">
         <name>.text.mpu_write_mem</name>
         <load_address>0x403c</load_address>
         <readonly>true</readonly>
         <executable>true</executable>
         <run_address>0x403c</run_address>
         <size>0xac</size>
         <alignment>0x4</alignment>
         <input_file_ref idref="fl-d"/>
      </object_component>
      <object_component id="oc-2f8">
         <name>.text.normalizeAnalogValues</name>
         <load_address>0x40e8</load_address>
         <readonly>true</readonly>
         <executable>true</executable>
         <run_address>0x40e8</run_address>
         <size>0xaa</size>
         <alignment>0x2</alignment>
         <input_file_ref idref="fl-4"/>
      </object_component>
      <object_component id="oc-218">
         <name>.text.Motor_Encoder_Update</name>
         <load_address>0x4194</load_address>
         <readonly>true</readonly>
         <executable>true</executable>
         <run_address>0x4194</run_address>
         <size>0xa0</size>
         <alignment>0x4</alignment>
         <input_file_ref idref="fl-14"/>
      </object_component>
      <object_component id="oc-2ce">
         <name>.text.RunStraight</name>
         <load_address>0x4234</load_address>
         <readonly>true</readonly>
         <executable>true</executable>
         <run_address>0x4234</run_address>
         <size>0x9c</size>
         <alignment>0x4</alignment>
         <input_file_ref idref="fl-1a"/>
      </object_component>
      <object_component id="oc-11b">
         <name>.text.SYSCFG_DL_initPower</name>
         <load_address>0x42d0</load_address>
         <readonly>true</readonly>
         <executable>true</executable>
         <run_address>0x42d0</run_address>
         <size>0x9c</size>
         <alignment>0x4</alignment>
         <input_file_ref idref="fl-2"/>
      </object_component>
      <object_component id="oc-233">
         <name>.text.mpu_set_int_latched</name>
         <load_address>0x436c</load_address>
         <readonly>true</readonly>
         <executable>true</executable>
         <run_address>0x436c</run_address>
         <size>0x9c</size>
         <alignment>0x4</alignment>
         <input_file_ref idref="fl-d"/>
      </object_component>
      <object_component id="oc-186">
         <name>.text.dmp_set_fifo_rate</name>
         <load_address>0x4408</load_address>
         <readonly>true</readonly>
         <executable>true</executable>
         <run_address>0x4408</run_address>
         <size>0x98</size>
         <alignment>0x4</alignment>
         <input_file_ref idref="fl-e"/>
      </object_component>
      <object_component id="oc-23b">
         <name>.text.inv_row_2_scale</name>
         <load_address>0x44a0</load_address>
         <readonly>true</readonly>
         <executable>true</executable>
         <run_address>0x44a0</run_address>
         <size>0x96</size>
         <alignment>0x2</alignment>
         <input_file_ref idref="fl-f"/>
      </object_component>
      <object_component id="oc-2ca">
         <name>.text.Calculate_Position_Error</name>
         <load_address>0x4538</load_address>
         <readonly>true</readonly>
         <executable>true</executable>
         <run_address>0x4538</run_address>
         <size>0x90</size>
         <alignment>0x4</alignment>
         <input_file_ref idref="fl-1a"/>
      </object_component>
      <object_component id="oc-21b">
         <name>.text.Motor_Driver</name>
         <load_address>0x45c8</load_address>
         <readonly>true</readonly>
         <executable>true</executable>
         <run_address>0x45c8</run_address>
         <size>0x90</size>
         <alignment>0x2</alignment>
         <input_file_ref idref="fl-14"/>
      </object_component>
      <object_component id="oc-15b">
         <name>.text.Motor_Init</name>
         <load_address>0x4658</load_address>
         <readonly>true</readonly>
         <executable>true</executable>
         <run_address>0x4658</run_address>
         <size>0x90</size>
         <alignment>0x4</alignment>
         <input_file_ref idref="fl-14"/>
      </object_component>
      <object_component id="oc-11e">
         <name>.text.SYSCFG_DL_PWM_MOTOR_init</name>
         <load_address>0x46e8</load_address>
         <readonly>true</readonly>
         <executable>true</executable>
         <run_address>0x46e8</run_address>
         <size>0x90</size>
         <alignment>0x4</alignment>
         <input_file_ref idref="fl-2"/>
      </object_component>
      <object_component id="oc-25b">
         <name>.text.__mulsf3</name>
         <load_address>0x4778</load_address>
         <readonly>true</readonly>
         <executable>true</executable>
         <run_address>0x4778</run_address>
         <size>0x8c</size>
         <alignment>0x4</alignment>
         <input_file_ref idref="fl-11c"/>
      </object_component>
      <object_component id="oc-33f">
         <name>.text.decode_gesture</name>
         <load_address>0x4804</load_address>
         <readonly>true</readonly>
         <executable>true</executable>
         <run_address>0x4804</run_address>
         <size>0x8c</size>
         <alignment>0x4</alignment>
         <input_file_ref idref="fl-e"/>
      </object_component>
      <object_component id="oc-6d">
         <name>.text.Encoder_HandleGPIOA</name>
         <load_address>0x4890</load_address>
         <readonly>true</readonly>
         <executable>true</executable>
         <run_address>0x4890</run_address>
         <size>0x88</size>
         <alignment>0x4</alignment>
         <input_file_ref idref="fl-7"/>
      </object_component>
      <object_component id="oc-316">
         <name>.text.adc_getValue</name>
         <load_address>0x4918</load_address>
         <readonly>true</readonly>
         <executable>true</executable>
         <run_address>0x4918</run_address>
         <size>0x88</size>
         <alignment>0x4</alignment>
         <input_file_ref idref="fl-5"/>
      </object_component>
      <object_component id="oc-12d">
         <name>.text.__NVIC_SetPriority</name>
         <load_address>0x49a0</load_address>
         <readonly>true</readonly>
         <executable>true</executable>
         <run_address>0x49a0</run_address>
         <size>0x84</size>
         <alignment>0x4</alignment>
         <input_file_ref idref="fl-11"/>
      </object_component>
      <object_component id="oc-1d5">
         <name>.text.__NVIC_SetPriority</name>
         <load_address>0x4a24</load_address>
         <readonly>true</readonly>
         <executable>true</executable>
         <run_address>0x4a24</run_address>
         <size>0x84</size>
         <alignment>0x4</alignment>
         <input_file_ref idref="fl-2"/>
      </object_component>
      <object_component id="oc-286">
         <name>.text.__divsf3</name>
         <load_address>0x4aa8</load_address>
         <readonly>true</readonly>
         <executable>true</executable>
         <run_address>0x4aa8</run_address>
         <size>0x82</size>
         <alignment>0x4</alignment>
         <input_file_ref idref="fl-11d"/>
      </object_component>
      <object_component id="oc-162">
         <name>.text.Balance_Init</name>
         <load_address>0x4b2c</load_address>
         <readonly>true</readonly>
         <executable>true</executable>
         <run_address>0x4b2c</run_address>
         <size>0x80</size>
         <alignment>0x4</alignment>
         <input_file_ref idref="fl-19"/>
      </object_component>
      <object_component id="oc-12e">
         <name>.text.LED_setAll</name>
         <load_address>0x4bac</load_address>
         <readonly>true</readonly>
         <executable>true</executable>
         <run_address>0x4bac</run_address>
         <size>0x80</size>
         <alignment>0x4</alignment>
         <input_file_ref idref="fl-a"/>
      </object_component>
      <object_component id="oc-24a">
         <name>.text.Send_Byte</name>
         <load_address>0x4c2c</load_address>
         <readonly>true</readonly>
         <executable>true</executable>
         <run_address>0x4c2c</run_address>
         <size>0x7c</size>
         <alignment>0x4</alignment>
         <input_file_ref idref="fl-13"/>
      </object_component>
      <object_component id="oc-1c">
         <name>.text:decompress:lzss</name>
         <load_address>0x4ca8</load_address>
         <readonly>true</readonly>
         <executable>true</executable>
         <run_address>0x4ca8</run_address>
         <size>0x7c</size>
         <alignment>0x4</alignment>
         <input_file_ref idref="fl-55"/>
      </object_component>
      <object_component id="oc-331">
         <name>.text.__gedf2</name>
         <load_address>0x4d24</load_address>
         <readonly>true</readonly>
         <executable>true</executable>
         <run_address>0x4d24</run_address>
         <size>0x74</size>
         <alignment>0x4</alignment>
         <input_file_ref idref="fl-133"/>
      </object_component>
      <object_component id="oc-123">
         <name>.text.SYSCFG_DL_DMA_init</name>
         <load_address>0x4d98</load_address>
         <readonly>true</readonly>
         <executable>true</executable>
         <run_address>0x4d98</run_address>
         <size>0x8</size>
         <alignment>0x2</alignment>
         <input_file_ref idref="fl-2"/>
      </object_component>
      <object_component id="oc-292">
         <name>.text.__truncdfsf2</name>
         <load_address>0x4da0</load_address>
         <readonly>true</readonly>
         <executable>true</executable>
         <run_address>0x4da0</run_address>
         <size>0x74</size>
         <alignment>0x10</alignment>
         <input_file_ref idref="fl-127"/>
      </object_component>
      <object_component id="oc-17b">
         <name>.text.mpu_get_accel_fsr</name>
         <load_address>0x4e14</load_address>
         <readonly>true</readonly>
         <executable>true</executable>
         <run_address>0x4e14</run_address>
         <size>0x74</size>
         <alignment>0x4</alignment>
         <input_file_ref idref="fl-d"/>
      </object_component>
      <object_component id="oc-143">
         <name>.text.No_MCU_Ganv_Sensor_Init_Frist</name>
         <load_address>0x4e88</load_address>
         <readonly>true</readonly>
         <executable>true</executable>
         <run_address>0x4e88</run_address>
         <size>0x72</size>
         <alignment>0x2</alignment>
         <input_file_ref idref="fl-4"/>
      </object_component>
      <object_component id="oc-ea">
         <name>.text.OLED_ShowString</name>
         <load_address>0x4efa</load_address>
         <readonly>true</readonly>
         <executable>true</executable>
         <run_address>0x4efa</run_address>
         <size>0x70</size>
         <alignment>0x2</alignment>
         <input_file_ref idref="fl-13"/>
      </object_component>
      <object_component id="oc-122">
         <name>.text.SYSCFG_DL_ADC_VOLTAGE_init</name>
         <load_address>0x4f6c</load_address>
         <readonly>true</readonly>
         <executable>true</executable>
         <run_address>0x4f6c</run_address>
         <size>0x6c</size>
         <alignment>0x4</alignment>
         <input_file_ref idref="fl-2"/>
      </object_component>
      <object_component id="oc-2f7">
         <name>.text.convertAnalogToDigital</name>
         <load_address>0x4fd8</load_address>
         <readonly>true</readonly>
         <executable>true</executable>
         <run_address>0x4fd8</run_address>
         <size>0x6c</size>
         <alignment>0x2</alignment>
         <input_file_ref idref="fl-4"/>
      </object_component>
      <object_component id="oc-191">
         <name>.text.OLED_Clear</name>
         <load_address>0x5044</load_address>
         <readonly>true</readonly>
         <executable>true</executable>
         <run_address>0x5044</run_address>
         <size>0x6a</size>
         <alignment>0x2</alignment>
         <input_file_ref idref="fl-13"/>
      </object_component>
      <object_component id="oc-32b">
         <name>.text.__ledf2</name>
         <load_address>0x50b0</load_address>
         <readonly>true</readonly>
         <executable>true</executable>
         <run_address>0x50b0</run_address>
         <size>0x68</size>
         <alignment>0x4</alignment>
         <input_file_ref idref="fl-133"/>
      </object_component>
      <object_component id="oc-240">
         <name>.text.dmp_set_tap_axes</name>
         <load_address>0x5118</load_address>
         <readonly>true</readonly>
         <executable>true</executable>
         <run_address>0x5118</run_address>
         <size>0x66</size>
         <alignment>0x2</alignment>
         <input_file_ref idref="fl-e"/>
      </object_component>
      <object_component id="oc-1f9">
         <name>.text.DL_ADC12_initSingleSample</name>
         <load_address>0x5180</load_address>
         <readonly>true</readonly>
         <executable>true</executable>
         <run_address>0x5180</run_address>
         <size>0x64</size>
         <alignment>0x4</alignment>
         <input_file_ref idref="fl-2"/>
      </object_component>
      <object_component id="oc-161">
         <name>.text.Encoder_Init</name>
         <load_address>0x51e4</load_address>
         <readonly>true</readonly>
         <executable>true</executable>
         <run_address>0x51e4</run_address>
         <size>0x64</size>
         <alignment>0x4</alignment>
         <input_file_ref idref="fl-7"/>
      </object_component>
      <object_component id="oc-11f">
         <name>.text.SYSCFG_DL_PWM_Servo_init</name>
         <load_address>0x5248</load_address>
         <readonly>true</readonly>
         <executable>true</executable>
         <run_address>0x5248</run_address>
         <size>0x64</size>
         <alignment>0x4</alignment>
         <input_file_ref idref="fl-2"/>
      </object_component>
      <object_component id="oc-2fd">
         <name>.text.__aeabi_dcmp</name>
         <load_address>0x52ac</load_address>
         <readonly>true</readonly>
         <executable>true</executable>
         <run_address>0x52ac</run_address>
         <size>0x62</size>
         <alignment>0x4</alignment>
         <input_file_ref idref="fl-128"/>
      </object_component>
      <object_component id="oc-19b">
         <name>.text.__aeabi_fcmp</name>
         <load_address>0x5310</load_address>
         <readonly>true</readonly>
         <executable>true</executable>
         <run_address>0x5310</run_address>
         <size>0x62</size>
         <alignment>0x4</alignment>
         <input_file_ref idref="fl-129"/>
      </object_component>
      <object_component id="oc-2fc">
         <name>.text.Calculate_Heading_Error</name>
         <load_address>0x5374</load_address>
         <readonly>true</readonly>
         <executable>true</executable>
         <run_address>0x5374</run_address>
         <size>0x60</size>
         <alignment>0x4</alignment>
         <input_file_ref idref="fl-1a"/>
      </object_component>
      <object_component id="oc-23e">
         <name>.text.dmp_enable_gyro_cal</name>
         <load_address>0x53d4</load_address>
         <readonly>true</readonly>
         <executable>true</executable>
         <run_address>0x53d4</run_address>
         <size>0x60</size>
         <alignment>0x4</alignment>
         <input_file_ref idref="fl-e"/>
      </object_component>
      <object_component id="oc-16c">
         <name>.text.mpu6050_i2c_sda_unlock</name>
         <load_address>0x5434</load_address>
         <readonly>true</readonly>
         <executable>true</executable>
         <run_address>0x5434</run_address>
         <size>0x60</size>
         <alignment>0x4</alignment>
         <input_file_ref idref="fl-10"/>
      </object_component>
      <object_component id="oc-17a">
         <name>.text.mpu_get_gyro_fsr</name>
         <load_address>0x5494</load_address>
         <readonly>true</readonly>
         <executable>true</executable>
         <run_address>0x5494</run_address>
         <size>0x60</size>
         <alignment>0x4</alignment>
         <input_file_ref idref="fl-d"/>
      </object_component>
      <object_component id="oc-2ae">
         <name>.text.DL_I2C_fillControllerTXFIFO</name>
         <load_address>0x54f4</load_address>
         <readonly>true</readonly>
         <executable>true</executable>
         <run_address>0x54f4</run_address>
         <size>0x5e</size>
         <alignment>0x2</alignment>
         <input_file_ref idref="fl-2c"/>
      </object_component>
      <object_component id="oc-228">
         <name>.text.mspm0_i2c_enable</name>
         <load_address>0x5554</load_address>
         <readonly>true</readonly>
         <executable>true</executable>
         <run_address>0x5554</run_address>
         <size>0x5c</size>
         <alignment>0x4</alignment>
         <input_file_ref idref="fl-10"/>
      </object_component>
      <object_component id="oc-121">
         <name>.text.SYSCFG_DL_I2C_MPU6050_init</name>
         <load_address>0x55b0</load_address>
         <readonly>true</readonly>
         <executable>true</executable>
         <run_address>0x55b0</run_address>
         <size>0x58</size>
         <alignment>0x4</alignment>
         <input_file_ref idref="fl-2"/>
      </object_component>
      <object_component id="oc-30c">
         <name>.text.adjust_white_black</name>
         <load_address>0x5608</load_address>
         <readonly>true</readonly>
         <executable>true</executable>
         <run_address>0x5608</run_address>
         <size>0x58</size>
         <alignment>0x2</alignment>
         <input_file_ref idref="fl-9"/>
      </object_component>
      <object_component id="oc-2c1">
         <name>.text.__aeabi_idivmod</name>
         <load_address>0x5660</load_address>
         <readonly>true</readonly>
         <executable>true</executable>
         <run_address>0x5660</run_address>
         <size>0x56</size>
         <alignment>0x4</alignment>
         <input_file_ref idref="fl-12a"/>
      </object_component>
      <object_component id="oc-2a6">
         <name>.text.DL_GPIO_initPeripheralInputFunctionFeatures</name>
         <load_address>0x56b8</load_address>
         <readonly>true</readonly>
         <executable>true</executable>
         <run_address>0x56b8</run_address>
         <size>0x50</size>
         <alignment>0x4</alignment>
         <input_file_ref idref="fl-10"/>
      </object_component>
      <object_component id="oc-1c4">
         <name>.text.DL_GPIO_initPeripheralInputFunctionFeatures</name>
         <load_address>0x5708</load_address>
         <readonly>true</readonly>
         <executable>true</executable>
         <run_address>0x5708</run_address>
         <size>0x50</size>
         <alignment>0x4</alignment>
         <input_file_ref idref="fl-2"/>
      </object_component>
      <object_component id="oc-2ad">
         <name>.text.DL_I2C_startControllerTransfer</name>
         <load_address>0x5758</load_address>
         <readonly>true</readonly>
         <executable>true</executable>
         <run_address>0x5758</run_address>
         <size>0x50</size>
         <alignment>0x4</alignment>
         <input_file_ref idref="fl-10"/>
      </object_component>
      <object_component id="oc-156">
         <name>.text.PID_Init</name>
         <load_address>0x57a8</load_address>
         <readonly>true</readonly>
         <executable>true</executable>
         <run_address>0x57a8</run_address>
         <size>0x50</size>
         <alignment>0x2</alignment>
         <input_file_ref idref="fl-17"/>
      </object_component>
      <object_component id="oc-b1">
         <name>.text.SYSCFG_DL_init</name>
         <load_address>0x57f8</load_address>
         <readonly>true</readonly>
         <executable>true</executable>
         <run_address>0x57f8</run_address>
         <size>0x50</size>
         <alignment>0x4</alignment>
         <input_file_ref idref="fl-2"/>
      </object_component>
      <object_component id="oc-12c">
         <name>.text.SysTick_Config</name>
         <load_address>0x5848</load_address>
         <readonly>true</readonly>
         <executable>true</executable>
         <run_address>0x5848</run_address>
         <size>0x50</size>
         <alignment>0x4</alignment>
         <input_file_ref idref="fl-11"/>
      </object_component>
      <object_component id="oc-202">
         <name>.text.SysTick_Config</name>
         <load_address>0x5898</load_address>
         <readonly>true</readonly>
         <executable>true</executable>
         <run_address>0x5898</run_address>
         <size>0x50</size>
         <alignment>0x4</alignment>
         <input_file_ref idref="fl-2"/>
      </object_component>
      <object_component id="oc-190">
         <name>.text.OLED_WR_Byte</name>
         <load_address>0x58e8</load_address>
         <readonly>true</readonly>
         <executable>true</executable>
         <run_address>0x58e8</run_address>
         <size>0x4e</size>
         <alignment>0x2</alignment>
         <input_file_ref idref="fl-13"/>
      </object_component>
      <object_component id="oc-279">
         <name>.text.DL_DMA_initChannel</name>
         <load_address>0x5938</load_address>
         <readonly>true</readonly>
         <executable>true</executable>
         <run_address>0x5938</run_address>
         <size>0x4c</size>
         <alignment>0x4</alignment>
         <input_file_ref idref="fl-2a"/>
      </object_component>
      <object_component id="oc-2a3">
         <name>.text.DL_GPIO_initDigitalInputFeatures</name>
         <load_address>0x5984</load_address>
         <readonly>true</readonly>
         <executable>true</executable>
         <run_address>0x5984</run_address>
         <size>0x4c</size>
         <alignment>0x4</alignment>
         <input_file_ref idref="fl-10"/>
      </object_component>
      <object_component id="oc-1c8">
         <name>.text.DL_GPIO_initDigitalInputFeatures</name>
         <load_address>0x59d0</load_address>
         <readonly>true</readonly>
         <executable>true</executable>
         <run_address>0x59d0</run_address>
         <size>0x4c</size>
         <alignment>0x4</alignment>
         <input_file_ref idref="fl-2"/>
      </object_component>
      <object_component id="oc-139">
         <name>.text.DL_UART_setBaudRateDivisor</name>
         <load_address>0x5a1c</load_address>
         <readonly>true</readonly>
         <executable>true</executable>
         <run_address>0x5a1c</run_address>
         <size>0x4c</size>
         <alignment>0x4</alignment>
         <input_file_ref idref="fl-2"/>
      </object_component>
      <object_component id="oc-1af">
         <name>.text.copy_in</name>
         <load_address>0x5a68</load_address>
         <readonly>true</readonly>
         <executable>true</executable>
         <run_address>0x5a68</run_address>
         <size>0x4c</size>
         <alignment>0x4</alignment>
         <input_file_ref idref="fl-52"/>
      </object_component>
      <object_component id="oc-109">
         <name>.text:__TI_auto_init_nopinit</name>
         <load_address>0x5ab4</load_address>
         <readonly>true</readonly>
         <executable>true</executable>
         <run_address>0x5ab4</run_address>
         <size>0x4c</size>
         <alignment>0x4</alignment>
         <input_file_ref idref="fl-50"/>
      </object_component>
      <object_component id="oc-1fa">
         <name>.text.DL_ADC12_configConversionMem</name>
         <load_address>0x5b00</load_address>
         <readonly>true</readonly>
         <executable>true</executable>
         <run_address>0x5b00</run_address>
         <size>0x4a</size>
         <alignment>0x2</alignment>
         <input_file_ref idref="fl-2"/>
      </object_component>
      <object_component id="oc-29d">
         <name>.text.__fixdfsi</name>
         <load_address>0x5b4c</load_address>
         <readonly>true</readonly>
         <executable>true</executable>
         <run_address>0x5b4c</run_address>
         <size>0x4a</size>
         <alignment>0x4</alignment>
         <input_file_ref idref="fl-120"/>
      </object_component>
      <object_component id="oc-137">
         <name>.text.DL_UART_init</name>
         <load_address>0x5b98</load_address>
         <readonly>true</readonly>
         <executable>true</executable>
         <run_address>0x5b98</run_address>
         <size>0x48</size>
         <alignment>0x4</alignment>
         <input_file_ref idref="fl-2e"/>
      </object_component>
      <object_component id="oc-c3">
         <name>.text.SYSCFG_DL_UART_k230_init</name>
         <load_address>0x5be0</load_address>
         <readonly>true</readonly>
         <executable>true</executable>
         <run_address>0x5be0</run_address>
         <size>0x48</size>
         <alignment>0x4</alignment>
         <input_file_ref idref="fl-2"/>
      </object_component>
      <object_component id="oc-248">
         <name>.text.dmp_enable_6x_lp_quat</name>
         <load_address>0x5c28</load_address>
         <readonly>true</readonly>
         <executable>true</executable>
         <run_address>0x5c28</run_address>
         <size>0x48</size>
         <alignment>0x4</alignment>
         <input_file_ref idref="fl-e"/>
      </object_component>
      <object_component id="oc-247">
         <name>.text.dmp_enable_lp_quat</name>
         <load_address>0x5c70</load_address>
         <readonly>true</readonly>
         <executable>true</executable>
         <run_address>0x5c70</run_address>
         <size>0x48</size>
         <alignment>0x4</alignment>
         <input_file_ref idref="fl-e"/>
      </object_component>
      <object_component id="oc-223">
         <name>.text.mspm0_i2c_disable</name>
         <load_address>0x5cb8</load_address>
         <readonly>true</readonly>
         <executable>true</executable>
         <run_address>0x5cb8</run_address>
         <size>0x48</size>
         <alignment>0x4</alignment>
         <input_file_ref idref="fl-10"/>
      </object_component>
      <object_component id="oc-2e9">
         <name>.text.LimitMax</name>
         <load_address>0x5d00</load_address>
         <readonly>true</readonly>
         <executable>true</executable>
         <run_address>0x5d00</run_address>
         <size>0x44</size>
         <alignment>0x2</alignment>
         <input_file_ref idref="fl-17"/>
      </object_component>
      <object_component id="oc-244">
         <name>.text.dmp_set_shake_reject_thresh</name>
         <load_address>0x5d44</load_address>
         <readonly>true</readonly>
         <executable>true</executable>
         <run_address>0x5d44</run_address>
         <size>0x44</size>
         <alignment>0x2</alignment>
         <input_file_ref idref="fl-e"/>
      </object_component>
      <object_component id="oc-241">
         <name>.text.dmp_set_tap_count</name>
         <load_address>0x5d88</load_address>
         <readonly>true</readonly>
         <executable>true</executable>
         <run_address>0x5d88</run_address>
         <size>0x44</size>
         <alignment>0x2</alignment>
         <input_file_ref idref="fl-e"/>
      </object_component>
      <object_component id="oc-2c7">
         <name>.text.No_Mcu_Ganv_Sensor_Task_Without_tick</name>
         <load_address>0x5dcc</load_address>
         <readonly>true</readonly>
         <executable>true</executable>
         <run_address>0x5dcc</run_address>
         <size>0x42</size>
         <alignment>0x2</alignment>
         <input_file_ref idref="fl-4"/>
      </object_component>
      <object_component id="oc-1f3">
         <name>.text.DL_ADC12_setClockConfig</name>
         <load_address>0x5e10</load_address>
         <readonly>true</readonly>
         <executable>true</executable>
         <run_address>0x5e10</run_address>
         <size>0x40</size>
         <alignment>0x4</alignment>
         <input_file_ref idref="fl-28"/>
      </object_component>
      <object_component id="oc-144">
         <name>.text.__aeabi_uidivmod</name>
         <load_address>0x5e50</load_address>
         <readonly>true</readonly>
         <executable>true</executable>
         <run_address>0x5e50</run_address>
         <size>0x40</size>
         <alignment>0x4</alignment>
         <input_file_ref idref="fl-12e"/>
      </object_component>
      <object_component id="oc-28a">
         <name>.text.__extendsfdf2</name>
         <load_address>0x5e90</load_address>
         <readonly>true</readonly>
         <executable>true</executable>
         <run_address>0x5e90</run_address>
         <size>0x40</size>
         <alignment>0x4</alignment>
         <input_file_ref idref="fl-11f"/>
      </object_component>
      <object_component id="oc-181">
         <name>.text.inv_orientation_matrix_to_scalar</name>
         <load_address>0x5ed0</load_address>
         <readonly>true</readonly>
         <executable>true</executable>
         <run_address>0x5ed0</run_address>
         <size>0x3e</size>
         <alignment>0x2</alignment>
[...]
      </symbol>
      <symbol id="sm-4e0">
         <name>drive_mode</name>
         <value>0x2020064e</value>
         <object_component_ref idref="oc-251"/>
      </symbol>
      <symbol id="sm-4e1">
         <name>target_angle</name>
         <value>0x20200670</value>
         <object_component_ref idref="oc-2d6"/>
      </symbol>
      <symbol id="sm-4e2">
         <name>Calculate_Heading_Error</name>
         <value>0x5375</value>
         <object_component_ref idref="oc-2fc"/>
      </symbol>
      <symbol id="sm-4e3">
         <name>current_yaw</name>
         <value>0x20200668</value>
         <object_component_ref idref="oc-303"/>
      </symbol>
      <symbol id="sm-4e4">
         <name>heading_relock</name>
         <value>0x20200674</value>
         <object_component_ref idref="oc-307"/>
      </symbol>
      <symbol id="sm-4e5">
         <name>GROUP1_IRQHandler</name>
         <value>0x39a5</value>
         <object_component_ref idref="oc-39"/>
      </symbol>
      <symbol id="sm-4e6">
         <name>white</name>
         <value>0x20200618</value>
         <object_component_ref idref="oc-f0"/>
      </symbol>
      <symbol id="sm-4e7">
         <name>black</name>
         <value>0x202005f8</value>
         <object_component_ref idref="oc-f1"/>
      </symbol>
      <symbol id="sm-4e8">
         <name>__TI_ATRegion0_src_addr</name>
         <value>0x0</value>
      </symbol>
      <symbol id="sm-4e9">
         <name>__TI_ATRegion0_trg_addr</name>
         <value>0x0</value>
      </symbol>
      <symbol id="sm-4ea">
         <name>__TI_ATRegion0_region_sz</name>
         <value>0x0</value>
      </symbol>
      <symbol id="sm-4eb">
         <name>__TI_ATRegion1_src_addr</name>
         <value>0x0</value>
      </symbol>
      <symbol id="sm-4ec">
         <name>__TI_ATRegion1_trg_addr</name>
         <value>0x0</value>
      </symbol>
      <symbol id="sm-4ed">
         <name>__TI_ATRegion1_region_sz</name>
         <value>0x0</value>
      </symbol>
      <symbol id="sm-4ee">
         <name>__TI_ATRegion2_src_addr</name>
         <value>0x0</value>
      </symbol>
      <symbol id="sm-4ef">
         <name>__TI_ATRegion2_trg_addr</name>
         <value>0x0</value>
      </symbol>
      <symbol id="sm-4f0">
         <name>__TI_ATRegion2_region_sz</name>
         <value>0x0</value>
      </symbol>
      <symbol id="sm-4fb">
         <name>DL_ADC12_setClockConfig</name>
         <value>0x5e11</value>
         <object_component_ref idref="oc-1f3"/>
      </symbol>
      <symbol id="sm-504">
         <name>DL_Common_delayCycles</name>
         <value>0x73f1</value>
         <object_component_ref idref="oc-1be"/>
      </symbol>
      <symbol id="sm-50e">
         <name>DL_DMA_initChannel</name>
         <value>0x5939</value>
         <object_component_ref idref="oc-279"/>
      </symbol>
      <symbol id="sm-523">
         <name>DL_FlashCTL_eraseMemoryFromRAM</name>
         <value>0x6d4d</value>
         <object_component_ref idref="oc-339"/>
      </symbol>
      <symbol id="sm-524">
         <name>DL_FlashCTL_unprotectSector</name>
         <value>0x3585</value>
         <object_component_ref idref="oc-333"/>
      </symbol>
      <symbol id="sm-525">
         <name>DL_FlashCTL_programMemoryFromRAM64</name>
         <value>0x6961</value>
         <object_component_ref idref="oc-33a"/>
      </symbol>
      <symbol id="sm-537">
         <name>DL_I2C_setClockConfig</name>
         <value>0x6939</value>
         <object_component_ref idref="oc-1e4"/>
      </symbol>
      <symbol id="sm-538">
         <name>DL_I2C_fillControllerTXFIFO</name>
         <value>0x54f5</value>
         <object_component_ref idref="oc-2ae"/>
      </symbol>
      <symbol id="sm-539">
         <name>DL_I2C_flushControllerTXFIFO</name>
         <value>0x5f11</value>
         <object_component_ref idref="oc-2ef"/>
      </symbol>
      <symbol id="sm-555">
         <name>DL_Timer_setClockConfig</name>
         <value>0x6c79</value>
         <object_component_ref idref="oc-1d6"/>
      </symbol>
      <symbol id="sm-556">
         <name>DL_Timer_initTimerMode</name>
         <value>0x30d9</value>
         <object_component_ref idref="oc-1e1"/>
      </symbol>
      <symbol id="sm-557">
         <name>DL_Timer_setCaptureCompareValue</name>
         <value>0x736d</value>
         <object_component_ref idref="oc-b6"/>
      </symbol>
      <symbol id="sm-558">
         <name>DL_Timer_setCaptCompUpdateMethod</name>
         <value>0x6c5d</value>
         <object_component_ref idref="oc-1da"/>
      </symbol>
      <symbol id="sm-559">
         <name>DL_Timer_setCaptureCompareOutCtl</name>
         <value>0x7005</value>
         <object_component_ref idref="oc-1d9"/>
      </symbol>
      <symbol id="sm-55a">
         <name>DL_Timer_initFourCCPWMMode</name>
         <value>0x2ed5</value>
         <object_component_ref idref="oc-1d7"/>
      </symbol>
      <symbol id="sm-567">
         <name>DL_UART_init</name>
         <value>0x5b99</value>
         <object_component_ref idref="oc-137"/>
      </symbol>
      <symbol id="sm-568">
         <name>DL_UART_setClockConfig</name>
         <value>0x7315</value>
         <object_component_ref idref="oc-131"/>
      </symbol>
      <symbol id="sm-582">
         <name>asin</name>
         <value>0xc1</value>
         <object_component_ref idref="oc-319"/>
      </symbol>
      <symbol id="sm-583">
         <name>asinl</name>
         <value>0xc1</value>
         <object_component_ref idref="oc-319"/>
      </symbol>
      <symbol id="sm-591">
         <name>atan2</name>
         <value>0x1c69</value>
         <object_component_ref idref="oc-31f"/>
      </symbol>
      <symbol id="sm-592">
         <name>atan2l</name>
         <value>0x1c69</value>
         <object_component_ref idref="oc-31f"/>
      </symbol>
      <symbol id="sm-59c">
         <name>sqrt</name>
         <value>0x20ed</value>
         <object_component_ref idref="oc-347"/>
      </symbol>
      <symbol id="sm-59d">
         <name>sqrtl</name>
         <value>0x20ed</value>
         <object_component_ref idref="oc-347"/>
      </symbol>
      <symbol id="sm-5b4">
         <name>atan</name>
         <value>0x425</value>
         <object_component_ref idref="oc-350"/>
      </symbol>
      <symbol id="sm-5b5">
         <name>atanl</name>
         <value>0x425</value>
         <object_component_ref idref="oc-350"/>
      </symbol>
      <symbol id="sm-5c0">
         <name>__aeabi_errno_addr</name>
         <value>0x7465</value>
         <object_component_ref idref="oc-340"/>
      </symbol>
      <symbol id="sm-5c1">
         <name>__aeabi_errno</name>
         <value>0x20200660</value>
         <object_component_ref idref="oc-35e"/>
      </symbol>
      <symbol id="sm-5cc">
         <name>memcmp</name>
         <value>0x69e9</value>
         <object_component_ref idref="oc-2b5"/>
      </symbol>
      <symbol id="sm-5d8">
         <name>_c_int00_noargs</name>
         <value>0x68c5</value>
         <object_component_ref idref="oc-5e"/>
      </symbol>
      <symbol id="sm-5d9">
         <name>__stack</name>
         <value>0x20207e00</value>
         <object_component_ref idref="oc-1a"/>
      </symbol>
      <symbol id="sm-5e8">
         <name>__TI_auto_init_nopinit</name>
         <value>0x5ab5</value>
         <object_component_ref idref="oc-109"/>
      </symbol>
      <symbol id="sm-5f0">
         <name>_system_pre_init</name>
         <value>0x74b9</value>
         <object_component_ref idref="oc-86"/>
      </symbol>
      <symbol id="sm-5fa">
         <name>copy_in</name>
         <value>0x5a69</value>
         <object_component_ref idref="oc-1af"/>
      </symbol>
      <symbol id="sm-604">
         <name>__TI_zero_init</name>
         <value>0x739d</value>
         <object_component_ref idref="oc-5b"/>
      </symbol>
      <symbol id="sm-60d">
         <name>__TI_decompress_none</name>
         <value>0x7339</value>
         <object_component_ref idref="oc-20"/>
      </symbol>
      <symbol id="sm-618">
         <name>__TI_decompress_lzss</name>
         <value>0x4ca9</value>
         <object_component_ref idref="oc-1c"/>
      </symbol>
      <symbol id="sm-627">
         <name>abort</name>
         <value>0x7493</value>
         <object_component_ref idref="oc-fb"/>
      </symbol>
      <symbol id="sm-63b">
         <name>HOSTexit</name>
         <value>0x749d</value>
         <object_component_ref idref="oc-1a3"/>
      </symbol>
      <symbol id="sm-63c">
         <name>C$$EXIT</name>
         <value>0x749c</value>
         <object_component_ref idref="oc-1a3"/>
      </symbol>
      <symbol id="sm-651">
         <name>__aeabi_fadd</name>
         <value>0x3667</value>
         <object_component_ref idref="oc-257"/>
      </symbol>
      <symbol id="sm-652">
         <name>__addsf3</name>
         <value>0x3667</value>
         <object_component_ref idref="oc-257"/>
      </symbol>
      <symbol id="sm-653">
         <name>__aeabi_fsub</name>
         <value>0x365d</value>
         <object_component_ref idref="oc-257"/>
      </symbol>
      <symbol id="sm-654">
         <name>__subsf3</name>
         <value>0x365d</value>
         <object_component_ref idref="oc-257"/>
      </symbol>
      <symbol id="sm-65a">
         <name>__aeabi_dadd</name>
         <value>0x1957</value>
         <object_component_ref idref="oc-14c"/>
      </symbol>
      <symbol id="sm-65b">
         <name>__adddf3</name>
         <value>0x1957</value>
         <object_component_ref idref="oc-14c"/>
      </symbol>
      <symbol id="sm-65c">
         <name>__aeabi_dsub</name>
         <value>0x194d</value>
         <object_component_ref idref="oc-14c"/>
      </symbol>
      <symbol id="sm-65d">
         <name>__subdf3</name>
         <value>0x194d</value>
         <object_component_ref idref="oc-14c"/>
      </symbol>
      <symbol id="sm-666">
         <name>__aeabi_dmul</name>
         <value>0x33bd</value>
         <object_component_ref idref="oc-28e"/>
      </symbol>
      <symbol id="sm-667">
         <name>__muldf3</name>
         <value>0x33bd</value>
         <object_component_ref idref="oc-28e"/>
      </symbol>
      <symbol id="sm-670">
         <name>__muldsi3</name>
         <value>0x61e1</value>
         <object_component_ref idref="oc-2db"/>
      </symbol>
      <symbol id="sm-676">
         <name>__aeabi_fmul</name>
         <value>0x4779</value>
         <object_component_ref idref="oc-25b"/>
      </symbol>
      <symbol id="sm-677">
         <name>__mulsf3</name>
         <value>0x4779</value>
         <object_component_ref idref="oc-25b"/>
      </symbol>
      <symbol id="sm-67d">
         <name>__aeabi_fdiv</name>
         <value>0x4aa9</value>
         <object_component_ref idref="oc-286"/>
      </symbol>
      <symbol id="sm-67e">
         <name>__divsf3</name>
         <value>0x4aa9</value>
         <object_component_ref idref="oc-286"/>
      </symbol>
      <symbol id="sm-684">
         <name>__aeabi_ddiv</name>
         <value>0x2cc1</value>
         <object_component_ref idref="oc-150"/>
      </symbol>
      <symbol id="sm-685">
         <name>__divdf3</name>
         <value>0x2cc1</value>
         <object_component_ref idref="oc-150"/>
      </symbol>
      <symbol id="sm-68e">
         <name>__aeabi_f2d</name>
         <value>0x5e91</value>
         <object_component_ref idref="oc-28a"/>
      </symbol>
      <symbol id="sm-68f">
         <name>__extendsfdf2</name>
         <value>0x5e91</value>
         <object_component_ref idref="oc-28a"/>
      </symbol>
      <symbol id="sm-695">
         <name>__aeabi_d2iz</name>
         <value>0x5b4d</value>
         <object_component_ref idref="oc-29d"/>
      </symbol>
      <symbol id="sm-696">
         <name>__fixdfsi</name>
         <value>0x5b4d</value>
         <object_component_ref idref="oc-29d"/>
      </symbol>
      <symbol id="sm-69c">
         <name>__aeabi_f2iz</name>
         <value>0x628d</value>
         <object_component_ref idref="oc-2bd"/>
      </symbol>
      <symbol id="sm-69d">
         <name>__fixsfsi</name>
         <value>0x628d</value>
         <object_component_ref idref="oc-2bd"/>
      </symbol>
      <symbol id="sm-6a3">
         <name>__aeabi_i2d</name>
         <value>0x6689</value>
         <object_component_ref idref="oc-299"/>
      </symbol>
      <symbol id="sm-6a4">
         <name>__floatsidf</name>
         <value>0x6689</value>
         <object_component_ref idref="oc-299"/>
      </symbol>
      <symbol id="sm-6aa">
         <name>__aeabi_i2f</name>
         <value>0x6079</value>
         <object_component_ref idref="oc-282"/>
      </symbol>
      <symbol id="sm-6ab">
         <name>__floatsisf</name>
         <value>0x6079</value>
         <object_component_ref idref="oc-282"/>
      </symbol>
      <symbol id="sm-6b1">
         <name>__aeabi_ui2d</name>
         <value>0x6985</value>
         <object_component_ref idref="oc-148"/>
      </symbol>
      <symbol id="sm-6b2">
         <name>__floatunsidf</name>
         <value>0x6985</value>
         <object_component_ref idref="oc-148"/>
      </symbol>
      <symbol id="sm-6b8">
         <name>__aeabi_ui2f</name>
         <value>0x689d</value>
         <object_component_ref idref="oc-2b9"/>
      </symbol>
      <symbol id="sm-6b9">
         <name>__floatunsisf</name>
         <value>0x689d</value>
         <object_component_ref idref="oc-2b9"/>
      </symbol>
      <symbol id="sm-6c0">
         <name>__aeabi_d2f</name>
         <value>0x4da1</value>
         <object_component_ref idref="oc-292"/>
      </symbol>
      <symbol id="sm-6c1">
         <name>__truncdfsf2</name>
         <value>0x4da1</value>
         <object_component_ref idref="oc-292"/>
      </symbol>
      <symbol id="sm-6c7">
         <name>__aeabi_dcmpeq</name>
         <value>0x52ad</value>
         <object_component_ref idref="oc-2fd"/>
      </symbol>
      <symbol id="sm-6c8">
         <name>__aeabi_dcmplt</name>
         <value>0x52c1</value>
         <object_component_ref idref="oc-2fd"/>
      </symbol>
      <symbol id="sm-6c9">
         <name>__aeabi_dcmple</name>
         <value>0x52d5</value>
         <object_component_ref idref="oc-2fd"/>
      </symbol>
      <symbol id="sm-6ca">
         <name>__aeabi_dcmpge</name>
         <value>0x52e9</value>
         <object_component_ref idref="oc-2fd"/>
      </symbol>
      <symbol id="sm-6cb">
         <name>__aeabi_dcmpgt</name>
         <value>0x52fd</value>
         <object_component_ref idref="oc-2fd"/>
      </symbol>
      <symbol id="sm-6d1">
         <name>__aeabi_fcmpeq</name>
         <value>0x5311</value>
         <object_component_ref idref="oc-19b"/>
      </symbol>
      <symbol id="sm-6d2">
         <name>__aeabi_fcmplt</name>
         <value>0x5325</value>
         <object_component_ref idref="oc-19b"/>
      </symbol>
      <symbol id="sm-6d3">
         <name>__aeabi_fcmple</name>
         <value>0x5339</value>
         <object_component_ref idref="oc-19b"/>
      </symbol>
      <symbol id="sm-6d4">
         <name>__aeabi_fcmpge</name>
         <value>0x534d</value>
         <object_component_ref idref="oc-19b"/>
      </symbol>
      <symbol id="sm-6d5">
         <name>__aeabi_fcmpgt</name>
         <value>0x5361</value>
         <object_component_ref idref="oc-19b"/>
      </symbol>
      <symbol id="sm-6db">
         <name>__aeabi_idiv</name>
         <value>0x5661</value>
         <object_component_ref idref="oc-2c1"/>
      </symbol>
      <symbol id="sm-6dc">
         <name>__aeabi_idivmod</name>
         <value>0x5661</value>
         <object_component_ref idref="oc-2c1"/>
      </symbol>
      <symbol id="sm-6e2">
         <name>__aeabi_memcpy</name>
         <value>0x746d</value>
         <object_component_ref idref="oc-4e"/>
      </symbol>
      <symbol id="sm-6e3">
         <name>__aeabi_memcpy4</name>
         <value>0x746d</value>
         <object_component_ref idref="oc-4e"/>
      </symbol>
      <symbol id="sm-6e4">
         <name>__aeabi_memcpy8</name>
         <value>0x746d</value>
         <object_component_ref idref="oc-4e"/>
      </symbol>
      <symbol id="sm-6eb">
         <name>__aeabi_memclr</name>
         <value>0x73e5</value>
         <object_component_ref idref="oc-81"/>
      </symbol>
      <symbol id="sm-6ec">
         <name>__aeabi_memclr4</name>
         <value>0x73e5</value>
         <object_component_ref idref="oc-81"/>
      </symbol>
      <symbol id="sm-6ed">
         <name>__aeabi_memclr8</name>
         <value>0x73e5</value>
         <object_component_ref idref="oc-81"/>
      </symbol>
      <symbol id="sm-6f3">
         <name>__aeabi_uidiv</name>
         <value>0x5e51</value>
         <object_component_ref idref="oc-144"/>
      </symbol>
      <symbol id="sm-6f4">
         <name>__aeabi_uidivmod</name>
         <value>0x5e51</value>
         <object_component_ref idref="oc-144"/>
      </symbol>
      <symbol id="sm-6fd">
         <name>__eqsf2</name>
         <value>0x61a5</value>
         <object_component_ref idref="oc-25f"/>
      </symbol>
      <symbol id="sm-6fe">
         <name>__lesf2</name>
         <value>0x61a5</value>
         <object_component_ref idref="oc-25f"/>
      </symbol>
      <symbol id="sm-6ff">
         <name>__ltsf2</name>
         <value>0x61a5</value>
         <object_component_ref idref="oc-25f"/>
      </symbol>
      <symbol id="sm-700">
         <name>__nesf2</name>
         <value>0x61a5</value>
         <object_component_ref idref="oc-25f"/>
      </symbol>
      <symbol id="sm-701">
         <name>__cmpsf2</name>
         <value>0x61a5</value>
         <object_component_ref idref="oc-25f"/>
      </symbol>
      <symbol id="sm-702">
         <name>__gtsf2</name>
         <value>0x60b5</value>
         <object_component_ref idref="oc-264"/>
      </symbol>
      <symbol id="sm-703">
         <name>__gesf2</name>
         <value>0x60b5</value>
         <object_component_ref idref="oc-264"/>
      </symbol>
      <symbol id="sm-711">
         <name>__ledf2</name>
         <value>0x50b1</value>
         <object_component_ref idref="oc-32b"/>
      </symbol>
      <symbol id="sm-712">
         <name>__gedf2</name>
         <value>0x4d25</value>
         <object_component_ref idref="oc-331"/>
      </symbol>
      <symbol id="sm-713">
         <name>__cmpdf2</name>
         <value>0x50b1</value>
         <object_component_ref idref="oc-32b"/>
      </symbol>
      <symbol id="sm-714">
         <name>__eqdf2</name>
         <value>0x50b1</value>
         <object_component_ref idref="oc-32b"/>
      </symbol>
      <symbol id="sm-715">
         <name>__ltdf2</name>
         <value>0x50b1</value>
         <object_component_ref idref="oc-32b"/>
      </symbol>
      <symbol id="sm-716">
         <name>__nedf2</name>
         <value>0x50b1</value>
         <object_component_ref idref="oc-32b"/>
      </symbol>
      <symbol id="sm-717">
         <name>__gtdf2</name>
         <value>0x4d25</value>
         <object_component_ref idref="oc-331"/>
      </symbol>
      <symbol id="sm-722">
         <name>__aeabi_idiv0</name>
         <value>0x1adf</value>
         <object_component_ref idref="oc-20b"/>
      </symbol>
      <symbol id="sm-72c">
         <name>TI_memcpy_small</name>
         <value>0x7327</value>
         <object_component_ref idref="oc-a7"/>
      </symbol>
      <symbol id="sm-735">
         <name>TI_memset_small</name>
         <value>0x73c9</value>
         <object_component_ref idref="oc-115"/>
      </symbol>
      <symbol id="sm-736">
         <name>__TI_static_base__</name>
         <value>0x0</value>
      </symbol>
      <symbol id="sm-73a">
         <name>__mpu_init</name>
         <value>0x0</value>
      </symbol>
      <symbol id="sm-73b">
         <name>_system_post_cinit</name>
         <value>0x0</value>
      </symbol>
   </symbol_table>
   <title>Link successful</title>
</link_info>
