******************************************************************************
            TI ARM Clang Linker PC v4.0.4                      
******************************************************************************
>> Linked Wed Jul 29 19:55:42 2026

OUTPUT FILE NAME:   <diansai2024.out>
ENTRY POINT SYMBOL: "_c_int00_noargs"  address: 00006ab5


MEMORY CONFIGURATION

         name            origin    length      used     unused   attr    fill
----------------------  --------  ---------  --------  --------  ----  --------
  FLASH                 00000000   00020000  00008cc8  00017338  R  X
  SRAM                  20200000   00008000  000008e0  00007720  RW X
  BCR_CONFIG            41c00000   000000ff  00000000  000000ff  R   
  BSL_CONFIG            41c00100   00000080  00000000  00000080  R   


SEGMENT ALLOCATION MAP

run origin  load origin   length   init length attrs members
----------  ----------- ---------- ----------- ----- -------
00000000    00000000    00008c08   00008c08    r-x
  00000000    00000000    000000c0   000000c0    r-- .intvecs
  000000c0    000000c0    00007600   00007600    r-x .text
  000076c0    000076c0    00001548   00001548    r-- .rodata
00008c68    00008c68    00000060   00000060    r--
  00008c68    00008c68    00000050   00000050    r-- .cinit
  00008cb8    00008cb8    00000010   00000010    r-- .binit
20200000    20200000    00000680   00000000    rw-
  20200000    20200000    000005bc   00000000    rw- .bss
  202005bc    202005bc    000000c4   00000000    rw- .data
20200680    00008c08    00000060   00000060    r-x
  20200680    00008c08    00000060   00000060    r-x .TI.ramfunc
20207e00    20207e00    00000200   00000000    rw-
  20207e00    20207e00    00000200   00000000    rw- .stack


SECTION ALLOCATION MAP

 output                                  attributes/
section   page    origin      length       input sections
--------  ----  ----------  ----------   ----------------
.intvecs   0    00000000    000000c0     
                  00000000    000000c0     startup_mspm0g350x_ticlang.o (.intvecs)

.text      0    000000c0    00007600     
                  000000c0    00000364     libc.a : e_asin.c.obj (.text.asin)
                  00000424    000002f8            : s_atan.c.obj (.text.atan)
                  0000071c    00000278     inv_mpu_dmp_motion_driver.o (.text.dmp_enable_feature)
                  00000994    00000238     inv_mpu_dmp_motion_driver.o (.text.dmp_set_tap_thresh)
                  00000bcc    00000234     key.o (.text.Key_Process)
                  00000e00    0000022c     mpu6050.o (.text.Read_Quad)
                  0000102c    0000022c     inv_mpu.o (.text.mpu_reset_fifo)
                  00001258    000001f4     inv_mpu_dmp_motion_driver.o (.text.dmp_read_fifo)
                  0000144c    000001b4     pid.o (.text.PID_Calc)
                  00001600    000001ac     ti_msp_dl_config.o (.text.SYSCFG_DL_GPIO_init)
                  000017ac    000001a0     inv_mpu.o (.text.mpu_set_bypass)
                  0000194c    00000192     libclang_rt.builtins.a : adddf3.S.obj (.text.adddf3_subdf3)
                  00001ade    00000002                            : aeabi_div0.c.obj (.text.__aeabi_idiv0)
                  00001ae0    00000188     No_Mcu_Ganv_Grayscale_Sensor.o (.text.No_MCU_Ganv_Sensor_Init)
                  00001c68    00000188     libc.a : e_atan2.c.obj (.text.atan2)
                  00001df0    00000184     trace.o (.text.Control)
                  00001f74    00000178     inv_mpu_dmp_motion_driver.o (.text.dmp_set_orientation)
                  000020ec    00000170     libc.a : e_sqrt.c.obj (.text.sqrt)
                  0000225c    00000144     mpu6050.o (.text.MPU6050_Init)
                  000023a0    00000134     main.o (.text.main)
                  000024d4    00000134     mspm0_i2c.o (.text.mspm0_i2c_read)
                  00002608    00000130     inv_mpu.o (.text.mpu_set_sensors)
                  00002738    0000012c     trace.o (.text.Trace_init)
                  00002864    00000128     inv_mpu.o (.text.mpu_init)
                  0000298c    00000124     inv_mpu.o (.text.mpu_load_firmware)
                  00002ab0    00000118     oled_software_i2c.o (.text.OLED_ShowChar)
                  00002bc8    0000010c     trace.o (.text.Turn_angel)
                  00002cd4    0000010c     libclang_rt.builtins.a : divdf3.S.obj (.text.__divdf3)
                  00002de0    00000108     inv_mpu.o (.text.mpu_read_fifo_stream)
                  00002ee8    00000104     driverlib.a : dl_timer.o (.text.DL_Timer_initFourCCPWMMode)
                  00002fec    00000100     inv_mpu.o (.text.mpu_lp_accel_mode)
                  000030ec    000000fc     driverlib.a : dl_timer.o (.text.DL_Timer_initTimerMode)
                  000031e8    000000fa     oled_software_i2c.o (.text.OLED_Init)
                  000032e2    000000f6     oled_software_i2c.o (.text.OLED_ShowNum)
                  000033d8    000000ec     inv_mpu.o (.text.mpu_set_sample_rate)
                  000034c4    000000e4     libclang_rt.builtins.a : muldf3.S.obj (.text.__muldf3)
                  000035a8    000000e4     inv_mpu.o (.text.mpu_set_accel_fsr)
                  0000368c    000000d8     driverlib.a : dl_flashctl.o (.text.DL_FlashCTL_unprotectSector)
                  00003764    000000d8     libclang_rt.builtins.a : addsf3.S.obj (.text)
                  0000383c    000000d4     inv_mpu.o (.text.set_int_enable)
                  00003910    000000d0     inv_mpu.o (.text.mpu_set_lpf)
                  000039e0    000000cc     motor.o (.text.Motor_Speed_Get)
                  00003aac    000000c4     trace.o (.text.GROUP1_IRQHandler)
                  00003b70    000000c4     inv_mpu.o (.text.mpu_set_gyro_fsr)
                  00003c34    000000c4     mspm0_i2c.o (.text.mspm0_i2c_write)
                  00003cf8    000000c0     trace.o (.text.Motor_Ctrl)
                  00003db8    000000bc     inv_mpu.o (.text.mpu_configure_fifo)
                  00003e74    000000b8     No_Mcu_Ganv_Grayscale_Sensor.o (.text.Get_Analog_value)
                  00003f2c    000000b8     main.o (.text.OLED_ShowTimer)
                  00003fe4    000000b8     inv_mpu.o (.text.mpu_set_dmp_state)
                  0000409c    000000b4     flash.o (.text.writeToFlash)
                  00004150    000000ac     inv_mpu.o (.text.mpu_read_mem)
                  000041fc    000000ac     inv_mpu.o (.text.mpu_write_mem)
                  000042a8    000000aa     No_Mcu_Ganv_Grayscale_Sensor.o (.text.normalizeAnalogValues)
                  00004352    00000002     --HOLE-- [fill = 0]
                  00004354    000000a0     motor.o (.text.Motor_Encoder_Update)
                  000043f4    0000009c     trace.o (.text.RunStraight)
                  00004490    0000009c     ti_msp_dl_config.o (.text.SYSCFG_DL_initPower)
                  0000452c    0000009c     inv_mpu.o (.text.mpu_set_int_latched)
                  000045c8    00000098     inv_mpu_dmp_motion_driver.o (.text.dmp_set_fifo_rate)
                  00004660    00000096     mpu6050.o (.text.inv_row_2_scale)
                  000046f6    00000002     --HOLE-- [fill = 0]
                  000046f8    00000090     trace.o (.text.Calculate_Position_Error)
                  00004788    00000090     motor.o (.text.Motor_Driver)
                  00004818    00000090     motor.o (.text.Motor_Init)
                  000048a8    00000090     ti_msp_dl_config.o (.text.SYSCFG_DL_PWM_MOTOR_init)
                  00004938    0000008c     libclang_rt.builtins.a : mulsf3.S.obj (.text.__mulsf3)
                  000049c4    0000008c     inv_mpu_dmp_motion_driver.o (.text.decode_gesture)
                  00004a50    00000088     encoder.o (.text.Encoder_HandleGPIOA)
                  00004ad8    00000088     adc.o (.text.adc_getValue)
                  00004b60    00000084     clock.o (.text.__NVIC_SetPriority)
                  00004be4    00000084     ti_msp_dl_config.o (.text.__NVIC_SetPriority)
                  00004c68    00000082     libclang_rt.builtins.a : divsf3.S.obj (.text.__divsf3)
                  00004cea    00000002     --HOLE-- [fill = 0]
                  00004cec    00000080     balance.o (.text.Balance_Init)
                  00004d6c    00000080     led.o (.text.LED_setAll)
                  00004dec    0000007c     oled_software_i2c.o (.text.Send_Byte)
                  00004e68    0000007c     libc.a : copy_decompress_lzss.c.obj (.text:decompress:lzss)
                  00004ee4    00000074     libclang_rt.builtins.a : comparedf2.c.obj (.text.__gedf2)
                  00004f58    00000008     ti_msp_dl_config.o (.text.SYSCFG_DL_DMA_init)
                  00004f60    00000074     libclang_rt.builtins.a : truncdfsf2.S.obj (.text.__truncdfsf2)
                  00004fd4    00000074     inv_mpu.o (.text.mpu_get_accel_fsr)
                  00005048    00000072     No_Mcu_Ganv_Grayscale_Sensor.o (.text.No_MCU_Ganv_Sensor_Init_Frist)
                  000050ba    00000070     oled_software_i2c.o (.text.OLED_ShowString)
                  0000512a    00000002     --HOLE-- [fill = 0]
                  0000512c    0000006c     ti_msp_dl_config.o (.text.SYSCFG_DL_ADC_VOLTAGE_init)
                  00005198    0000006c     No_Mcu_Ganv_Grayscale_Sensor.o (.text.convertAnalogToDigital)
                  00005204    0000006a     oled_software_i2c.o (.text.OLED_Clear)
                  0000526e    00000002     --HOLE-- [fill = 0]
                  00005270    00000068     libclang_rt.builtins.a : comparedf2.c.obj (.text.__ledf2)
                  000052d8    00000066     inv_mpu_dmp_motion_driver.o (.text.dmp_set_tap_axes)
                  0000533e    00000002     --HOLE-- [fill = 0]
                  00005340    00000064     ti_msp_dl_config.o (.text.DL_ADC12_initSingleSample)
                  000053a4    00000064     encoder.o (.text.Encoder_Init)
                  00005408    00000064     ti_msp_dl_config.o (.text.SYSCFG_DL_PWM_Servo_init)
                  0000546c    00000062     libclang_rt.builtins.a : aeabi_dcmp.S.obj (.text.__aeabi_dcmp)
                  000054ce    00000002     --HOLE-- [fill = 0]
                  000054d0    00000062                            : aeabi_fcmp.S.obj (.text.__aeabi_fcmp)
                  00005532    00000002     --HOLE-- [fill = 0]
                  00005534    00000060     trace.o (.text.Calculate_Heading_Error)
                  00005594    00000060     inv_mpu_dmp_motion_driver.o (.text.dmp_enable_gyro_cal)
                  000055f4    00000060     mspm0_i2c.o (.text.mpu6050_i2c_sda_unlock)
                  00005654    00000060     inv_mpu.o (.text.mpu_get_gyro_fsr)
                  000056b4    0000005e     driverlib.a : dl_i2c.o (.text.DL_I2C_fillControllerTXFIFO)
                  00005712    00000002     --HOLE-- [fill = 0]
                  00005714    0000005c     mspm0_i2c.o (.text.mspm0_i2c_enable)
                  00005770    00000058     ti_msp_dl_config.o (.text.SYSCFG_DL_I2C_MPU6050_init)
                  000057c8    00000058     key.o (.text.adjust_white_black)
                  00005820    00000056     libclang_rt.builtins.a : aeabi_idivmod.S.obj (.text.__aeabi_idivmod)
                  00005876    00000002     --HOLE-- [fill = 0]
                  00005878    00000050     mspm0_i2c.o (.text.DL_GPIO_initPeripheralInputFunctionFeatures)
                  000058c8    00000050     ti_msp_dl_config.o (.text.DL_GPIO_initPeripheralInputFunctionFeatures)
                  00005918    00000050     mspm0_i2c.o (.text.DL_I2C_startControllerTransfer)
                  00005968    00000050     pid.o (.text.PID_Init)
                  000059b8    00000050     ti_msp_dl_config.o (.text.SYSCFG_DL_init)
                  00005a08    00000050     clock.o (.text.SysTick_Config)
                  00005a58    00000050     ti_msp_dl_config.o (.text.SysTick_Config)
                  00005aa8    0000004e     oled_software_i2c.o (.text.OLED_WR_Byte)
                  00005af6    00000002     --HOLE-- [fill = 0]
                  00005af8    0000004c     driverlib.a : dl_dma.o (.text.DL_DMA_initChannel)
                  00005b44    0000004c     mspm0_i2c.o (.text.DL_GPIO_initDigitalInputFeatures)
                  00005b90    0000004c     ti_msp_dl_config.o (.text.DL_GPIO_initDigitalInputFeatures)
                  00005bdc    0000004c     ti_msp_dl_config.o (.text.DL_UART_setBaudRateDivisor)
                  00005c28    0000004c     libc.a : cpy_tbl.c.obj (.text.copy_in)
                  00005c74    0000004c            : autoinit.c.obj (.text:__TI_auto_init_nopinit)
                  00005cc0    0000004a     ti_msp_dl_config.o (.text.DL_ADC12_configConversionMem)
                  00005d0a    00000002     --HOLE-- [fill = 0]
                  00005d0c    0000004a     libclang_rt.builtins.a : fixdfsi.S.obj (.text.__fixdfsi)
                  00005d56    00000002     --HOLE-- [fill = 0]
                  00005d58    00000048     driverlib.a : dl_uart.o (.text.DL_UART_init)
                  00005da0    00000048     ti_msp_dl_config.o (.text.SYSCFG_DL_UART_k230_init)
                  00005de8    00000048     inv_mpu_dmp_motion_driver.o (.text.dmp_enable_6x_lp_quat)
                  00005e30    00000048     inv_mpu_dmp_motion_driver.o (.text.dmp_enable_lp_quat)
                  00005e78    00000048     mspm0_i2c.o (.text.mspm0_i2c_disable)
                  00005ec0    00000044     pid.o (.text.LimitMax)
                  00005f04    00000044     inv_mpu_dmp_motion_driver.o (.text.dmp_set_shake_reject_thresh)
                  00005f48    00000044     inv_mpu_dmp_motion_driver.o (.text.dmp_set_tap_count)
                  00005f8c    00000042     No_Mcu_Ganv_Grayscale_Sensor.o (.text.No_Mcu_Ganv_Sensor_Task_Without_tick)
                  00005fce    00000002     --HOLE-- [fill = 0]
                  00005fd0    00000040     driverlib.a : dl_adc12.o (.text.DL_ADC12_setClockConfig)
                  00006010    00000040     libclang_rt.builtins.a : aeabi_uidivmod.S.obj (.text.__aeabi_uidivmod)
                  00006050    00000040                            : extendsfdf2.S.obj (.text.__extendsfdf2)
                  00006090    0000003e     mpu6050.o (.text.inv_orientation_matrix_to_scalar)
                  000060ce    00000002     --HOLE-- [fill = 0]
                  000060d0    0000003c     driverlib.a : dl_i2c.o (.text.DL_I2C_flushControllerTXFIFO)
                  0000610c    0000003c     ti_msp_dl_config.o (.text.DL_Timer_setCounterControl)
                  00006148    0000003c     No_Mcu_Ganv_Grayscale_Sensor.o (.text.Get_Anolog_Value)
                  00006184    0000003c     led.o (.text.LED_KEY_Blink_Update)
                  000061c0    0000003c     oled_software_i2c.o (.text.OLED_Set_Pos)
                  000061fc    0000003c     pid.o (.text.PID_clear)
                  00006238    0000003c     libclang_rt.builtins.a : floatsisf.S.obj (.text.__floatsisf)
                  00006274    0000003c                            : comparesf2.S.obj (.text.__gtsf2)
                  000062b0    0000003c     clock.o (.text.mspm0_delay_ms)
                  000062ec    0000003c     Task.o (.text.task1)
                  00006328    0000003c     uart.o (.text.uart0_send_string)
                  00006364    0000003a     libclang_rt.builtins.a : comparesf2.S.obj (.text.__eqsf2)
                  0000639e    00000002     --HOLE-- [fill = 0]
                  000063a0    0000003a                            : muldsi3.S.obj (.text.__muldsi3)
                  000063da    00000002     --HOLE-- [fill = 0]
                  000063dc    00000038     oled_software_i2c.o (.text.I2C_Start)
                  00006414    00000038     motor.o (.text.Motor_Pid_Init)
                  0000644c    00000038     libclang_rt.builtins.a : fixsfsi.S.obj (.text.__fixsfsi)
                  00006484    00000034     led.o (.text.LED_off)
                  000064b8    00000034     led.o (.text.LED_toggle)
                  000064ec    00000034     inv_mpu.o (.text.mpu_get_sample_rate)
                  00006520    00000034     flash.o (.text.readBlackFromFlash)
                  00006554    00000034     flash.o (.text.readWhiteFromFlash)
                  00006588    00000032     ti_msp_dl_config.o (.text.SYSCFG_DL_SYSCTL_init)
                  000065ba    00000032     inv_mpu_dmp_motion_driver.o (.text.dmp_set_shake_reject_time)
                  000065ec    00000032     inv_mpu_dmp_motion_driver.o (.text.dmp_set_shake_reject_timeout)
                  0000661e    00000002     --HOLE-- [fill = 0]
                  00006620    00000030     ti_msp_dl_config.o (.text.DL_DMA_setTransferSize)
                  00006650    00000030     Task.o (.text.GetDistance)
                  00006680    00000030     oled_software_i2c.o (.text.I2C_Stop)
                  000066b0    00000030     oled_software_i2c.o (.text.I2C_WaitAck)
                  000066e0    00000030     inv_mpu_dmp_motion_driver.o (.text.dmp_set_tap_time)
                  00006710    00000030     inv_mpu_dmp_motion_driver.o (.text.dmp_set_tap_time_multi)
                  00006740    00000030     oled_software_i2c.o (.text.oled_pow)
                  00006770    0000002c     ti_msp_dl_config.o (.text.DL_ADC12_setDMASamplesCnt)
                  0000679c    0000002c     flash.o (.text.DL_FlashCTL_waitForCmdDone)
                  000067c8    0000002c     encoder.o (.text.Encoder_HandleGPIOB)
                  000067f4    0000002c     ti_msp_dl_config.o (.text.SYSCFG_DL_TIMER_Encoder_init)
                  00006820    0000002c     interrupt.o (.text.__NVIC_EnableIRQ)
                  0000684c    0000002c     main.o (.text.__NVIC_EnableIRQ)
                  00006878    0000002c     libclang_rt.builtins.a : floatsidf.S.obj (.text.__floatsidf)
                  000068a4    0000002c     clock.o (.text.mspm0_get_clock_ms)
                  000068d0    0000002c     uart.o (.text.uart0_send_char)
                  000068fc    00000028     mspm0_i2c.o (.text.DL_Common_updateReg)
                  00006924    00000028     ti_msp_dl_config.o (.text.DL_Common_updateReg)
                  0000694c    00000028     main.o (.text.DL_DMA_setDestAddr)
                  00006974    00000028     main.o (.text.DL_DMA_setSrcAddr)
                  0000699c    00000028     ti_msp_dl_config.o (.text.DL_I2C_setControllerRXFIFOThreshold)
                  000069c4    00000028     ti_msp_dl_config.o (.text.DL_I2C_setControllerTXFIFOThreshold)
                  000069ec    00000028     Distance.o (.text.Encoder_GetDistance_mm)
                  00006a14    00000028     ti_msp_dl_config.o (.text.SYSCFG_DL_DMA_CH0_init)
                  00006a3c    00000028     delay.o (.text.Tick_delay)
                  00006a64    00000028     Task.o (.text.Trace_Stop)
                  00006a8c    00000028     libclang_rt.builtins.a : floatunsisf.S.obj (.text.__floatunsisf)
                  00006ab4    00000028     libc.a : boot_cortex_m.c.obj (.text:_c_int00_noargs)
                  00006adc    00000026     main.o (.text.DL_DMA_enableChannel)
                  00006b02    00000026     ti_msp_dl_config.o (.text.DL_I2C_setAnalogGlitchFilterPulseWidth)
                  00006b28    00000026     driverlib.a : dl_i2c.o (.text.DL_I2C_setClockConfig)
                  00006b4e    00000002     --HOLE-- [fill = 0]
                  00006b50    00000024                 : dl_flashctl.o (.text.DL_FlashCTL_programMemoryFromRAM64)
                  00006b74    00000024     libclang_rt.builtins.a : floatunsidf.S.obj (.text.__floatunsidf)
                  00006b98    00000020     ti_msp_dl_config.o (.text.DL_GPIO_initPeripheralInputFunction)
                  00006bb8    00000020     encoder.o (.text.Encoder_GetDelta)
                  00006bd8    00000020     libc.a : memcmp.c.obj (.text.memcmp)
                  00006bf8    0000001e     ti_msp_dl_config.o (.text.DL_UART_setOversampling)
                  00006c16    0000001e     motor.o (.text.Motor_Calc)
                  00006c34    0000001e     delay.o (.text.delay_us)
                  00006c52    00000002     --HOLE-- [fill = 0]
                  00006c54    0000001c     ti_msp_dl_config.o (.text.DL_ADC12_enableDMA)
                  00006c70    0000001c     ti_msp_dl_config.o (.text.DL_ADC12_enableDMATrigger)
                  00006c8c    0000001c     main.o (.text.DL_ADC12_startConversion)
                  00006ca8    0000001c     encoder.o (.text.DL_GPIO_clearInterruptStatus)
                  00006cc4    0000001c     ti_msp_dl_config.o (.text.DL_GPIO_clearInterruptStatus)
                  00006ce0    0000001c     trace.o (.text.DL_GPIO_clearInterruptStatus)
                  00006cfc    0000001c     encoder.o (.text.DL_GPIO_disableInterrupt)
                  00006d18    0000001c     mspm0_i2c.o (.text.DL_GPIO_enableHiZ)
                  00006d34    0000001c     ti_msp_dl_config.o (.text.DL_GPIO_enableHiZ)
                  00006d50    0000001c     encoder.o (.text.DL_GPIO_enableInterrupt)
                  00006d6c    0000001c     ti_msp_dl_config.o (.text.DL_GPIO_enableInterrupt)
                  00006d88    0000001c     ti_msp_dl_config.o (.text.DL_GPIO_initPeripheralOutputFunction)
                  00006da4    0000001c     ti_msp_dl_config.o (.text.DL_GPIO_setLowerPinsPolarity)
                  00006dc0    0000001c     mpu6050.o (.text.DL_I2C_getSDAStatus)
                  00006ddc    0000001c     mspm0_i2c.o (.text.DL_I2C_isControllerRXFIFOEmpty)
                  00006df8    0000001c     ti_msp_dl_config.o (.text.DL_SYSCTL_setMCLKDivider)
                  00006e14    0000001c     ti_msp_dl_config.o (.text.DL_SYSCTL_setSYSOSCFreq)
                  00006e30    0000001c     ti_msp_dl_config.o (.text.DL_SYSCTL_setULPCLKDivider)
                  00006e4c    0000001c     driverlib.a : dl_timer.o (.text.DL_Timer_setCaptCompUpdateMethod)
                  00006e68    0000001c                 : dl_timer.o (.text.DL_Timer_setClockConfig)
                  00006e84    0000001c     ti_msp_dl_config.o (.text.DL_UART_enableInterrupt)
                  00006ea0    0000001c     Distance.o (.text.Encoder_GetDistance_cm)
                  00006ebc    0000001c     interrupt.o (.text.Interrupt_Init)
                  00006ed8    0000001c     inv_mpu_dmp_motion_driver.o (.text.dmp_load_motion_driver_firmware)
                  00006ef4    00000018     ti_msp_dl_config.o (.text.DL_ADC12_enablePower)
                  00006f0c    00000018     ti_msp_dl_config.o (.text.DL_ADC12_reset)
                  00006f24    00000018     ti_msp_dl_config.o (.text.DL_ADC12_setSampleTime0)
                  00006f3c    00000018     driverlib.a : dl_flashctl.o (.text.DL_FlashCTL_eraseMemoryFromRAM)
                  00006f54    00000018     mspm0_i2c.o (.text.DL_GPIO_enableOutput)
                  00006f6c    00000018     ti_msp_dl_config.o (.text.DL_GPIO_enableOutput)
                  00006f84    00000018     ti_msp_dl_config.o (.text.DL_GPIO_enablePower)
                  00006f9c    00000018     mspm0_i2c.o (.text.DL_GPIO_initDigitalOutput)
                  00006fb4    00000018     ti_msp_dl_config.o (.text.DL_GPIO_initDigitalOutput)
                  00006fcc    00000018     ti_msp_dl_config.o (.text.DL_GPIO_reset)
                  00006fe4    00000018     No_Mcu_Ganv_Grayscale_Sensor.o (.text.DL_GPIO_setPins)
                  00006ffc    00000018     led.o (.text.DL_GPIO_setPins)
                  00007014    00000018     motor.o (.text.DL_GPIO_setPins)
                  0000702c    00000018     mspm0_i2c.o (.text.DL_GPIO_setPins)
                  00007044    00000018     oled_software_i2c.o (.text.DL_GPIO_setPins)
                  0000705c    00000018     ti_msp_dl_config.o (.text.DL_GPIO_setPins)
                  00007074    00000018     trace.o (.text.DL_GPIO_setPins)
                  0000708c    00000018     ti_msp_dl_config.o (.text.DL_GPIO_setUpperPinsPolarity)
                  000070a4    00000018     led.o (.text.DL_GPIO_togglePins)
                  000070bc    00000018     mspm0_i2c.o (.text.DL_I2C_clearInterruptStatus)
                  000070d4    00000018     ti_msp_dl_config.o (.text.DL_I2C_enableAnalogGlitchFilter)
                  000070ec    00000018     ti_msp_dl_config.o (.text.DL_I2C_enableController)
                  00007104    00000018     ti_msp_dl_config.o (.text.DL_I2C_enableControllerClockStretching)
                  0000711c    00000018     mspm0_i2c.o (.text.DL_I2C_enablePower)
                  00007134    00000018     ti_msp_dl_config.o (.text.DL_I2C_enablePower)
                  0000714c    00000018     mspm0_i2c.o (.text.DL_I2C_getRawInterruptStatus)
                  00007164    00000018     mspm0_i2c.o (.text.DL_I2C_reset)
                  0000717c    00000018     ti_msp_dl_config.o (.text.DL_I2C_reset)
                  00007194    00000018     ti_msp_dl_config.o (.text.DL_I2C_setTimerPeriod)
                  000071ac    00000018     ti_msp_dl_config.o (.text.DL_SYSCTL_setBORThreshold)
                  000071c4    00000018     ti_msp_dl_config.o (.text.DL_Timer_enablePower)
                  000071dc    00000018     ti_msp_dl_config.o (.text.DL_Timer_reset)
                  000071f4    00000018     driverlib.a : dl_timer.o (.text.DL_Timer_setCaptureCompareOutCtl)
                  0000720c    00000018     motor.o (.text.DL_Timer_startCounter)
                  00007224    00000018     ti_msp_dl_config.o (.text.DL_UART_enablePower)
                  0000723c    00000018     uart.o (.text.DL_UART_isBusy)
                  00007254    00000018     ti_msp_dl_config.o (.text.DL_UART_reset)
                  0000726c    00000018     led.o (.text.LED_KEY_Blink_Start)
                  00007284    00000018     trace.o (.text.SlowForward)
                  0000729c    00000018     Task.o (.text.UART3_IRQHandler)
                  000072b4    00000016     ti_msp_dl_config.o (.text.DL_ADC12_enableConversions)
                  000072ca    00000016     encoder.o (.text.DL_GPIO_readPins)
                  000072e0    00000016     key.o (.text.DL_GPIO_readPins)
                  000072f6    00000016     mspm0_i2c.o (.text.DL_GPIO_readPins)
                  0000730c    00000016     trace.o (.text.DL_GPIO_readPins)
                  00007322    00000016     mspm0_i2c.o (.text.DL_I2C_transmitControllerData)
                  00007338    00000016     ti_msp_dl_config.o (.text.DL_UART_enable)
                  0000734e    00000016     uart.o (.text.DL_UART_transmitData)
                  00007364    00000014     No_Mcu_Ganv_Grayscale_Sensor.o (.text.DL_GPIO_clearPins)
                  00007378    00000014     led.o (.text.DL_GPIO_clearPins)
                  0000738c    00000014     motor.o (.text.DL_GPIO_clearPins)
                  000073a0    00000014     mspm0_i2c.o (.text.DL_GPIO_clearPins)
                  000073b4    00000014     oled_software_i2c.o (.text.DL_GPIO_clearPins)
                  000073c8    00000014     ti_msp_dl_config.o (.text.DL_GPIO_clearPins)
                  000073dc    00000014     mspm0_i2c.o (.text.DL_I2C_getControllerStatus)
                  000073f0    00000014     mspm0_i2c.o (.text.DL_I2C_receiveControllerData)
                  00007404    00000014     ti_msp_dl_config.o (.text.DL_I2C_resetControllerTransfer)
                  00007418    00000014     ti_msp_dl_config.o (.text.DL_SYSCTL_disableSYSPLL)
                  0000742c    00000014     ti_msp_dl_config.o (.text.DL_Timer_enableClock)
                  00007440    00000014     ti_msp_dl_config.o (.text.DL_Timer_setCCPDirection)
                  00007454    00000014     led.o (.text.LED_KEY_Blink_SetInterval)
                  00007468    00000014     led.o (.text.LED_KEY_Blink_Stop)
                  0000747c    00000014     delay.o (.text.SysTick_Handler)
                  00007490    00000014     clock.o (.text.SysTick_Init)
                  000074a4    00000014     Task.o (.text.Trace_Follow)
                  000074b8    00000014     inv_mpu_dmp_motion_driver.o (.text.dmp_register_android_orient_cb)
                  000074cc    00000014     inv_mpu_dmp_motion_driver.o (.text.dmp_register_tap_cb)
                  000074e0    00000012     trace.o (.text.DL_GPIO_getPendingInterrupt)
                  000074f2    00000012     Task.o (.text.DL_UART_getPendingInterrupt)
                  00007504    00000012     driverlib.a : dl_uart.o (.text.DL_UART_setClockConfig)
                  00007516    00000012     libc.a : memcpy16.S.obj (.text:TI_memcpy_small)
                  00007528    00000012            : copy_decompress_none.c.obj (.text:decompress:none)
                  0000753a    00000002     --HOLE-- [fill = 0]
                  0000753c    00000010     ti_msp_dl_config.o (.text.DL_SYSCTL_disableHFXT)
                  0000754c    00000010     motor.o (.text.DL_Timer_getTimerCount)
                  0000755c    00000010     driverlib.a : dl_timer.o (.text.DL_Timer_setCaptureCompareValue)
                  0000756c    00000010     delay.o (.text.Tick_SysTickCallback)
                  0000757c    00000010     oled_software_i2c.o (.text.delay_ms)
                  0000758c    00000010     libc.a : copy_zero_init.c.obj (.text:decompress:ZI)
                  0000759c    0000000e     No_Mcu_Ganv_Grayscale_Sensor.o (.text.Get_Digtal_For_User)
                  000075aa    0000000e     mpu6050.o (.text.tap_cb)
                  000075b8    0000000e     libc.a : memset16.S.obj (.text:TI_memset_small)
                  000075c6    0000000c     ti_msp_dl_config.o (.text.SYSCFG_DL_SYSTICK_init)
                  000075d2    00000002     --HOLE-- [fill = 0]
                  000075d4    0000000c     libclang_rt.builtins.a : aeabi_memset.S.obj (.text.__aeabi_memclr)
                  000075e0    0000000a     driverlib.a : dl_common.o (.text.DL_Common_delayCycles)
                  000075ea    0000000a     led.o (.text.LED_init)
                  000075f4    0000000a     libc.a : e_asin.c.obj (.text.OUTLINED_FUNCTION_0)
                  000075fe    00000002     --HOLE-- [fill = 0]
                  00007600    00000010     libclang_rt.builtins.a : muldf3.S.obj (.tramp.__aeabi_dmul.1)
                  00007610    0000000a     libc.a : s_atan.c.obj (.text.OUTLINED_FUNCTION_0)
                  0000761a    0000000a            : e_asin.c.obj (.text.OUTLINED_FUNCTION_1)
                  00007624    0000000a            : e_asin.c.obj (.text.OUTLINED_FUNCTION_3)
                  0000762e    00000002     --HOLE-- [fill = 0]
                  00007630    00000010     libclang_rt.builtins.a : divdf3.S.obj (.tramp.__aeabi_ddiv.1)
                  00007640    0000000a     mpu6050.o (.text.android_orient_cb)
                  0000764a    00000008     libc.a : s_atan.c.obj (.text.OUTLINED_FUNCTION_2)
                  00007652    00000002     --HOLE-- [fill = 0]
                  00007654    00000008            : aeabi_portable.c.obj (.text.__aeabi_errno_addr)
                  0000765c    00000008     libclang_rt.builtins.a : aeabi_memcpy.S.obj (.text.__aeabi_memcpy)
                  00007664    00000006     libc.a : s_atan.c.obj (.text.OUTLINED_FUNCTION_1)
                  0000766a    00000002     --HOLE-- [fill = 0]
                  0000766c    00000010     libclang_rt.builtins.a : adddf3.S.obj (.tramp.__aeabi_dadd.1)
                  0000767c    00000006     libc.a : e_asin.c.obj (.text.OUTLINED_FUNCTION_2)
                  00007682    00000006            : exit.c.obj (.text:abort)
                  00007688    00000004     startup_mspm0g350x_ticlang.o (.text.Default_Handler)
                  0000768c    00000004     libsysbm.a : hostexit.c.obj (.text.HOSTexit)
                  00007690    00000004     libc.a : e_asin.c.obj (.text.OUTLINED_FUNCTION_4)
                  00007694    00000004     startup_mspm0g350x_ticlang.o (.text.Reset_Handler)
                  00007698    00000010     libc.a : boot_cortex_m.c.obj (.tramp._c_int00_noargs.1)
                  000076a8    00000004            : pre_init.c.obj (.text._system_pre_init)
                  000076ac    00000010     driverlib.a : dl_flashctl.o (.tramp.DL_FlashCTL_executeCommandFromRAM.1)
                  000076bc    00000004     --HOLE-- [fill = 0]

.TI.ramfunc 
*          0    00008c08    00000060     RUN ADDR = 20200680
                  00008c08    00000060     driverlib.a : dl_flashctl.o (.TI.ramfunc)

.cinit     0    00008c68    00000050     
                  00008c68    0000002b     (.cinit..data.load) [load image, compression = lzss]
                  00008c93    00000001     --HOLE-- [fill = 0]
                  00008c94    0000000c     (__TI_handler_table)
                  00008ca0    00000008     (.cinit..bss.load) [load image, compression = zero_init]
                  00008ca8    00000010     (__TI_cinit_table)

.rodata    0    000076c0    00001548     
                  000076c0    00000bf6     inv_mpu_dmp_motion_driver.o (.rodata.dmp_memory)
                  000082b6    000005f0     oled_software_i2c.o (.rodata.asc2_1608)
                  000088a6    00000228     oled_software_i2c.o (.rodata.asc2_0806)
                  00008ace    00000002     ti_msp_dl_config.o (.rodata.gI2C_MPU6050ClockConfig)
                  00008ad0    00000040     libc.a : s_atan.c.obj (.rodata.cst32)
                  00008b10    00000028     inv_mpu.o (.rodata.test)
                  00008b38    0000001e     inv_mpu.o (.rodata.reg)
                  00008b56    00000002     ti_msp_dl_config.o (.rodata.gUART_k230ClockConfig)
                  00008b58    00000018     ti_msp_dl_config.o (.rodata.gDMA_CH0Config)
                  00008b70    00000014     ti_msp_dl_config.o (.rodata.gTIMER_EncoderTimerConfig)
                  00008b84    00000012     main.o (.rodata.str1.15159059442110792349.1)
                  00008b96    0000000d     main.o (.rodata.str1.8154729771448623357.1)
                  00008ba3    00000001     --HOLE-- [fill = 0]
                  00008ba4    0000000c     inv_mpu.o (.rodata.hw)
                  00008bb0    0000000a     ti_msp_dl_config.o (.rodata.gUART_k230Config)
                  00008bba    00000002     --HOLE-- [fill = 0]
                  00008bbc    00000008     ti_msp_dl_config.o (.rodata.gADC_VOLTAGEClockConfig)
                  00008bc4    00000008     ti_msp_dl_config.o (.rodata.gPWM_MOTORConfig)
                  00008bcc    00000008     ti_msp_dl_config.o (.rodata.gPWM_ServoConfig)
                  00008bd4    00000006     main.o (.rodata.str1.12180500075719773345.1)
                  00008bda    00000006     main.o (.rodata.str1.17100691992556644108.1)
                  00008be0    00000006     main.o (.rodata.str1.18227636981041470289.1)
                  00008be6    00000006     main.o (.rodata.str1.2846389346932560359.1)
                  00008bec    00000005     main.o (.rodata.str1.288608917962107522.1)
                  00008bf1    00000003     ti_msp_dl_config.o (.rodata.gPWM_MOTORClockConfig)
                  00008bf4    00000004     led.o (.rodata.LED_PINS)
                  00008bf8    00000003     ti_msp_dl_config.o (.rodata.gPWM_ServoClockConfig)
                  00008bfb    00000003     ti_msp_dl_config.o (.rodata.gTIMER_EncoderClockConfig)
                  00008bfe    00000003     main.o (.rodata.str1.14112174005742061988.1)
                  00008c01    00000007     --HOLE-- [fill = 0]

.init_array 
*          0    00000000    00000000     UNINITIALIZED

.binit     0    00008cb8    00000010     
                  00008cb8    00000010     (.binit)

.bss       0    20200000    000005bc     UNINITIALIZED
                  20200000    000000bc     (.common:gPWM_MOTORBackup)
                  202000bc    000000bc     (.common:gTIMER_EncoderBackup)
                  20200178    000000b0     (.common:sensor)
                  20200228    000000ac     (.common:motor_l)
                  202002d4    000000ac     (.common:motor_r)
                  20200380    000000a4     (.common:bal)
                  20200424    00000050     (.common:ADC_VALUE)
                  20200474    00000048     (.common:tracking_pid)
                  202004bc    00000048     (.common:yaw_pid)
                  20200504    00000030     (.common:gUART_k230Backup)
                  20200534    00000024     (.common:encL)
                  20200558    00000024     (.common:encR)
                  2020057c    00000010     (.common:quat)
                  2020058c    00000006     (.common:accel)
                  20200592    00000006     (.common:gyro)
                  20200598    00000004     trace.o (.bss.RunStraight.target_yaw)
                  2020059c    00000004     (.common:long_pressed_key_time)
                  202005a0    00000004     (.common:pitch)
                  202005a4    00000004     (.common:roll)
                  202005a8    00000004     (.common:sensor_timestamp)
                  202005ac    00000004     (.common:state)
                  202005b0    00000004     (.common:tick_ms)
                  202005b4    00000004     (.common:yaw)
                  202005b8    00000002     (.common:sensors)
                  202005ba    00000001     (.common:Digtal)
                  202005bb    00000001     (.common:more)

.data      0    202005bc    000000c4     UNINITIALIZED
                  202005bc    0000002c     inv_mpu.o (.data.st)
                  202005e8    00000010     trace.o (.data.Anolog)
                  202005f8    00000010     trace.o (.data.black)
                  20200608    00000010     inv_mpu_dmp_motion_driver.o (.data.dmp)
                  20200618    00000010     trace.o (.data.white)
                  20200628    0000000e     mpu6050.o (.data.hal)
                  20200636    00000001     trace.o (.data.RunStraight.first)
                  20200637    00000001     trace.o (.data.Turn_angel.ok_cnt)
                  20200638    0000000c     led.o (.data.keyBlinkCtrl)
                  20200644    00000009     mpu6050.o (.data.gyro_orientation)
                  2020064d    00000001     trace.o (.data.Turn_angel.target_set)
                  2020064e    00000001     trace.o (.data.drive_mode)
                  2020064f    00000001     interrupt.o (.data.enable_group1_irq)
                  20200650    00000004     trace.o (.data.Control.last_loop_tick)
                  20200654    00000004     key.o (.data.Key_Process.last_blink_time)
                  20200658    00000004     main.o (.data.OLED_ShowTimer.last_oled)
                  2020065c    00000004     delay.o (.data.Tick)
                  20200660    00000004     trace.o (.data.Turn_angel.target_heading)
                  20200664    00000004     libc.a : aeabi_portable.c.obj (.data.__aeabi_errno)
                  20200668    00000004     trace.o (.data.base_target_speed)
                  2020066c    00000004     trace.o (.data.current_yaw)
                  20200670    00000004     key.o (.data.last_key_time)
                  20200674    00000004     trace.o (.data.target_angle)
                  20200678    00000004     main.o (.data.tick_start)
                  2020067c    00000001     trace.o (.data.heading_relock)
                  2020067d    00000001     key.o (.data.key_pressed)
                  2020067e    00000001     key.o (.data.long_err_flag)
                  2020067f    00000001     Task.o (.data.task1.finish)

.stack     0    20207e00    00000200     UNINITIALIZED
                  20207e00    00000004     libc.a : boot_cortex_m.c.obj (.stack)
                  20207e04    000001fc     --HOLE--

__llvm_prf_cnts 
*          0    20200000    00000000     UNINITIALIZED

__llvm_prf_bits 
*          0    20200000    00000000     UNINITIALIZED

MODULE SUMMARY

       Module                           code    ro data   rw data
       ------                           ----    -------   -------
    .\
       ti_msp_dl_config.o               3268    91        424    
       main.o                           682     63        8      
       startup_mspm0g350x_ticlang.o     8       192       0      
    +--+--------------------------------+-------+---------+---------+
       Total:                           3958    346       432    
                                                                 
    .\Driver\
       No_Mcu_Ganv_Grayscale_Sensor.o   1152    0         0      
       key.o                            674     0         18     
       encoder.o                        418     0         72     
       led.o                            434     4         12     
       flash.o                          328     0         0      
       adc.o                            136     0         80     
       uart.o                           150     0         0      
       delay.o                          106     0         4      
    +--+--------------------------------+-------+---------+---------+
       Total:                           3398    4         186    
                                                                 
    .\Drivers\MPU6050\
       inv_mpu_dmp_motion_driver.o      3110    3062      16     
       inv_mpu.o                        4600    82        44     
       mspm0_i2c.o                      1368    0         0      
       mpu6050.o                        1144    0         70     
    +--+--------------------------------+-------+---------+---------+
       Total:                           10222   3144      130    
                                                                 
    .\Drivers\MSPM0\
       clock.o                          336     0         4      
       interrupt.o                      72      0         1      
    +--+--------------------------------+-------+---------+---------+
       Total:                           408     0         5      
                                                                 
    .\Drivers\OLED_Software_I2C\
       oled_software_i2c.o              1516    2072      0      
    +--+--------------------------------+-------+---------+---------+
       Total:                           1516    2072      0      
                                                                 
    .\Motor\
       motor.o                          822     0         0      
    +--+--------------------------------+-------+---------+---------+
       Total:                           822     0         0      
                                                                 
    .\User\Distance\
       Distance.o                       68      0         0      
    +--+--------------------------------+-------+---------+---------+
       Total:                           68      0         0      
                                                                 
    .\User\PID\
       pid.o                            644     0         0      
    +--+--------------------------------+-------+---------+---------+
       Total:                           644     0         0      
                                                                 
    .\User\Task\
       Task.o                           210     0         1      
    +--+--------------------------------+-------+---------+---------+
       Total:                           210     0         1      
                                                                 
    .\User\balance\
       balance.o                        128     0         164    
    +--+--------------------------------+-------+---------+---------+
       Total:                           128     0         164    
                                                                 
    .\User\trace\
       trace.o                          1856    0         742    
    +--+--------------------------------+-------+---------+---------+
       Total:                           1856    0         742    
                                                                 
    D:/ti/mspm0_sdk_2_10_00_04/source/ti/driverlib/lib/ticlang/m0p/mspm0g1x0x_g3x0x/driverlib.a
       dl_timer.o                       608     0         0      
       dl_flashctl.o                    484     0         0      
       dl_i2c.o                         192     0         0      
       dl_uart.o                        90      0         0      
       dl_dma.o                         76      0         0      
       dl_adc12.o                       64      0         0      
       dl_common.o                      10      0         0      
    +--+--------------------------------+-------+---------+---------+
       Total:                           1524    0         0      
                                                                 
    D:\ti\ccs2051\ccs\tools\compiler\ti-cgt-armllvm_4.0.4.LTS\lib\armv6m-ti-none-eabi/c/libc.a
       e_asin.c.obj                     908     0         0      
       s_atan.c.obj                     784     64        0      
       e_atan2.c.obj                    392     0         0      
       e_sqrt.c.obj                     368     0         0      
       copy_decompress_lzss.c.obj       124     0         0      
       autoinit.c.obj                   76      0         0      
       cpy_tbl.c.obj                    76      0         0      
       boot_cortex_m.c.obj              56      0         0      
       memcmp.c.obj                     32      0         0      
       copy_decompress_none.c.obj       18      0         0      
       memcpy16.S.obj                   18      0         0      
       copy_zero_init.c.obj             16      0         0      
       memset16.S.obj                   14      0         0      
       aeabi_portable.c.obj             8       0         4      
       exit.c.obj                       6       0         0      
       pre_init.c.obj                   4       0         0      
    +--+--------------------------------+-------+---------+---------+
       Total:                           2900    64        4      
                                                                 
    D:\ti\ccs2051\ccs\tools\compiler\ti-cgt-armllvm_4.0.4.LTS\lib\armv6m-ti-none-eabi/c/libsysbm.a
       hostexit.c.obj                   4       0         0      
    +--+--------------------------------+-------+---------+---------+
       Total:                           4       0         0      
                                                                 
    D:\ti\ccs2051\ccs\tools\compiler\ti-cgt-armllvm_4.0.4.LTS\lib\armv6m-ti-none-eabi/libclang_rt.builtins.a
       adddf3.S.obj                     418     0         0      
       divdf3.S.obj                     284     0         0      
       muldf3.S.obj                     244     0         0      
       comparedf2.c.obj                 220     0         0      
       addsf3.S.obj                     216     0         0      
       mulsf3.S.obj                     140     0         0      
       divsf3.S.obj                     130     0         0      
       comparesf2.S.obj                 118     0         0      
       truncdfsf2.S.obj                 116     0         0      
       aeabi_dcmp.S.obj                 98      0         0      
       aeabi_fcmp.S.obj                 98      0         0      
       aeabi_idivmod.S.obj              86      0         0      
       fixdfsi.S.obj                    74      0         0      
       aeabi_uidivmod.S.obj             64      0         0      
       extendsfdf2.S.obj                64      0         0      
       floatsisf.S.obj                  60      0         0      
       muldsi3.S.obj                    58      0         0      
       fixsfsi.S.obj                    56      0         0      
       floatsidf.S.obj                  44      0         0      
       floatunsisf.S.obj                40      0         0      
       floatunsidf.S.obj                36      0         0      
       aeabi_memset.S.obj               12      0         0      
       aeabi_memcpy.S.obj               8       0         0      
       aeabi_div0.c.obj                 2       0         0      
    +--+--------------------------------+-------+---------+---------+
       Total:                           2686    0         0      
                                                                 
       Stack:                           0       0         512    
       Linker Generated:                0       95        0      
    +--+--------------------------------+-------+---------+---------+
       Grand Total:                     30344   5725      2176   


LINKER GENERATED COPY TABLES

__TI_cinit_table @ 00008ca8 records: 2, size/record: 8, table size: 16
	.data: load addr=00008c68, load size=0000002b bytes, run addr=202005bc, run size=000000c4 bytes, compression=lzss
	.bss: load addr=00008ca0, load size=00000008 bytes, run addr=20200000, run size=000005bc bytes, compression=zero_init
binit @ 00008cb8 records: 1, size/record: 12, table size: 16
	.TI.ramfunc: load addr=00008c08, load size=00000060, run addr=20200680, run size=00000060, compression=none


LINKER GENERATED HANDLER TABLE

__TI_handler_table @ 00008c94 records: 3, size/record: 4, table size: 12
	index: 0, handler: __TI_decompress_lzss
	index: 1, handler: __TI_decompress_none
	index: 2, handler: __TI_zero_init


FAR CALL TRAMPOLINES

callee name               trampoline name
   callee addr  tramp addr   call addr  call info
--------------  -----------  ---------  ----------------
__aeabi_dmul              $Tramp$TT$L$PI$$__aeabi_dmul
   000034c5     00007600     000075fc   libc.a : e_asin.c.obj (.text.OUTLINED_FUNCTION_0)
                             00007618          : s_atan.c.obj (.text.OUTLINED_FUNCTION_0)
                             00007622          : e_asin.c.obj (.text.OUTLINED_FUNCTION_1)
                             00007650          : s_atan.c.obj (.text.OUTLINED_FUNCTION_2)
                             00007680          : e_asin.c.obj (.text.OUTLINED_FUNCTION_2)
__aeabi_ddiv              $Tramp$TT$L$PI$$__aeabi_ddiv
   00002cd5     00007630     0000762c   libc.a : e_asin.c.obj (.text.OUTLINED_FUNCTION_3)
__aeabi_dadd              $Tramp$TT$L$PI$$__aeabi_dadd
   00001957     0000766c     00007668   libc.a : s_atan.c.obj (.text.OUTLINED_FUNCTION_1)
                             00007692          : e_asin.c.obj (.text.OUTLINED_FUNCTION_4)
_c_int00_noargs           $Tramp$TT$L$PI$$_c_int00_noargs
   00006ab5     00007698     00007694   startup_mspm0g350x_ticlang.o (.text.Reset_Handler)
DL_FlashCTL_executeCommandFromRAM  $Tramp$TT$L$PI$$DL_FlashCTL_executeCommandFromRAM
   20200681     000076ac     00006b68   driverlib.a : dl_flashctl.o (.text.DL_FlashCTL_programMemoryFromRAM64)
                             00006f4a               : dl_flashctl.o (.text.DL_FlashCTL_eraseMemoryFromRAM)

[5 trampolines]
[11 trampoline calls]


GLOBAL SYMBOLS: SORTED ALPHABETICALLY BY Name 

address   name                                
-------   ----                                
00007689  ADC0_IRQHandler                     
00007689  ADC1_IRQHandler                     
20200424  ADC_VALUE                           
00007689  AES_IRQHandler                      
202005e8  Anolog                              
00004ced  Balance_Init                        
0000768c  C$$EXIT                             
00007689  CANFD0_IRQHandler                   
00005535  Calculate_Heading_Error             
000046f9  Calculate_Position_Error            
00001df1  Control                             
00007689  DAC0_IRQHandler                     
00005fd1  DL_ADC12_setClockConfig             
000075e1  DL_Common_delayCycles               
00005af9  DL_DMA_initChannel                  
00006f3d  DL_FlashCTL_eraseMemoryFromRAM      
00006b51  DL_FlashCTL_programMemoryFromRAM64  
0000368d  DL_FlashCTL_unprotectSector         
000056b5  DL_I2C_fillControllerTXFIFO         
000060d1  DL_I2C_flushControllerTXFIFO        
00006b29  DL_I2C_setClockConfig               
00002ee9  DL_Timer_initFourCCPWMMode          
000030ed  DL_Timer_initTimerMode              
00006e4d  DL_Timer_setCaptCompUpdateMethod    
000071f5  DL_Timer_setCaptureCompareOutCtl    
0000755d  DL_Timer_setCaptureCompareValue     
00006e69  DL_Timer_setClockConfig             
00005d59  DL_UART_init                        
00007505  DL_UART_setClockConfig              
00007689  DMA_IRQHandler                      
00007689  Default_Handler                     
202005ba  Digtal                              
00006bb9  Encoder_GetDelta                    
00006ea1  Encoder_GetDistance_cm              
000069ed  Encoder_GetDistance_mm              
00004a51  Encoder_HandleGPIOA                 
000067c9  Encoder_HandleGPIOB                 
000053a5  Encoder_Init                        
00007689  GROUP0_IRQHandler                   
00003aad  GROUP1_IRQHandler                   
00003e75  Get_Analog_value                    
00006149  Get_Anolog_Value                    
0000759d  Get_Digtal_For_User                 
0000768d  HOSTexit                            
00007689  HardFault_Handler                   
00007689  I2C0_IRQHandler                     
00007689  I2C1_IRQHandler                     
000063dd  I2C_Start                           
00006681  I2C_Stop                            
000066b1  I2C_WaitAck                         
00006ebd  Interrupt_Init                      
00000bcd  Key_Process                         
00007455  LED_KEY_Blink_SetInterval           
0000726d  LED_KEY_Blink_Start                 
00007469  LED_KEY_Blink_Stop                  
00006185  LED_KEY_Blink_Update                
000075eb  LED_init                            
00006485  LED_off                             
00004d6d  LED_setAll                          
000064b9  LED_toggle                          
0000225d  MPU6050_Init                        
00003cf9  Motor_Ctrl                          
00004819  Motor_Init                          
00007689  NMI_Handler                         
00001ae1  No_MCU_Ganv_Sensor_Init             
00005049  No_MCU_Ganv_Sensor_Init_Frist       
00005f8d  No_Mcu_Ganv_Sensor_Task_Without_tick
00005205  OLED_Clear                          
000031e9  OLED_Init                           
000061c1  OLED_Set_Pos                        
00002ab1  OLED_ShowChar                       
000032e3  OLED_ShowNum                        
000050bb  OLED_ShowString                     
00003f2d  OLED_ShowTimer                      
00005aa9  OLED_WR_Byte                        
0000144d  PID_Calc                            
00005969  PID_Init                            
000061fd  PID_clear                           
00007689  PendSV_Handler                      
00007689  RTC_IRQHandler                      
00000e01  Read_Quad                           
00007695  Reset_Handler                       
000043f5  RunStraight                         
00007689  SPI0_IRQHandler                     
00007689  SPI1_IRQHandler                     
00007689  SVC_Handler                         
0000512d  SYSCFG_DL_ADC_VOLTAGE_init          
00006a15  SYSCFG_DL_DMA_CH0_init              
00004f59  SYSCFG_DL_DMA_init                  
00001601  SYSCFG_DL_GPIO_init                 
00005771  SYSCFG_DL_I2C_MPU6050_init          
000048a9  SYSCFG_DL_PWM_MOTOR_init            
00005409  SYSCFG_DL_PWM_Servo_init            
00006589  SYSCFG_DL_SYSCTL_init               
000075c7  SYSCFG_DL_SYSTICK_init              
000067f5  SYSCFG_DL_TIMER_Encoder_init        
00005da1  SYSCFG_DL_UART_k230_init            
000059b9  SYSCFG_DL_init                      
00004491  SYSCFG_DL_initPower                 
00004ded  Send_Byte                           
00007285  SlowForward                         
0000747d  SysTick_Handler                     
00007491  SysTick_Init                        
00007689  TIMA0_IRQHandler                    
00007689  TIMA1_IRQHandler                    
00007689  TIMG0_IRQHandler                    
00007689  TIMG12_IRQHandler                   
00007689  TIMG6_IRQHandler                    
00007689  TIMG7_IRQHandler                    
00007689  TIMG8_IRQHandler                    
00007517  TI_memcpy_small                     
000075b9  TI_memset_small                     
2020065c  Tick                                
0000756d  Tick_SysTickCallback                
00006a3d  Tick_delay                          
000074a5  Trace_Follow                        
00006a65  Trace_Stop                          
00002739  Trace_init                          
00002bc9  Turn_angel                          
00007689  UART0_IRQHandler                    
00007689  UART1_IRQHandler                    
00007689  UART2_IRQHandler                    
0000729d  UART3_IRQHandler                    
20208000  __STACK_END                         
00000200  __STACK_SIZE                        
00000000  __TI_ATRegion0_region_sz            
00000000  __TI_ATRegion0_src_addr             
00000000  __TI_ATRegion0_trg_addr             
00000000  __TI_ATRegion1_region_sz            
00000000  __TI_ATRegion1_src_addr             
00000000  __TI_ATRegion1_trg_addr             
00000000  __TI_ATRegion2_region_sz            
00000000  __TI_ATRegion2_src_addr             
00000000  __TI_ATRegion2_trg_addr             
00008ca8  __TI_CINIT_Base                     
00008cb8  __TI_CINIT_Limit                    
00008cb8  __TI_CINIT_Warm                     
00008c94  __TI_Handler_Table_Base             
00008ca0  __TI_Handler_Table_Limit            
00005c75  __TI_auto_init_nopinit              
00004e69  __TI_decompress_lzss                
00007529  __TI_decompress_none                
ffffffff  __TI_pprof_out_hndl                 
ffffffff  __TI_prof_data_size                 
ffffffff  __TI_prof_data_start                
00000000  __TI_static_base__                  
00008cb8  __TI_table_binit                    
0000758d  __TI_zero_init                      
00001957  __adddf3                            
0000376f  __addsf3                            
00004f61  __aeabi_d2f                         
00005d0d  __aeabi_d2iz                        
00001957  __aeabi_dadd                        
0000546d  __aeabi_dcmpeq                      
000054a9  __aeabi_dcmpge                      
000054bd  __aeabi_dcmpgt                      
00005495  __aeabi_dcmple                      
00005481  __aeabi_dcmplt                      
00002cd5  __aeabi_ddiv                        
000034c5  __aeabi_dmul                        
0000194d  __aeabi_dsub                        
20200664  __aeabi_errno                       
00007655  __aeabi_errno_addr                  
00006051  __aeabi_f2d                         
0000644d  __aeabi_f2iz                        
0000376f  __aeabi_fadd                        
000054d1  __aeabi_fcmpeq                      
0000550d  __aeabi_fcmpge                      
00005521  __aeabi_fcmpgt                      
000054f9  __aeabi_fcmple                      
000054e5  __aeabi_fcmplt                      
00004c69  __aeabi_fdiv                        
00004939  __aeabi_fmul                        
00003765  __aeabi_fsub                        
00006879  __aeabi_i2d                         
00006239  __aeabi_i2f                         
00005821  __aeabi_idiv                        
00001adf  __aeabi_idiv0                       
00005821  __aeabi_idivmod                     
000075d5  __aeabi_memclr                      
000075d5  __aeabi_memclr4                     
000075d5  __aeabi_memclr8                     
0000765d  __aeabi_memcpy                      
0000765d  __aeabi_memcpy4                     
0000765d  __aeabi_memcpy8                     
00006b75  __aeabi_ui2d                        
00006a8d  __aeabi_ui2f                        
00006011  __aeabi_uidiv                       
00006011  __aeabi_uidivmod                    
00008cb8  __binit__                           
00005271  __cmpdf2                            
00006365  __cmpsf2                            
00002cd5  __divdf3                            
00004c69  __divsf3                            
00005271  __eqdf2                             
00006365  __eqsf2                             
00006051  __extendsfdf2                       
00005d0d  __fixdfsi                           
0000644d  __fixsfsi                           
00006879  __floatsidf                         
00006239  __floatsisf                         
00006b75  __floatunsidf                       
00006a8d  __floatunsisf                       
00004ee5  __gedf2                             
00006275  __gesf2                             
00004ee5  __gtdf2                             
00006275  __gtsf2                             
00005271  __ledf2                             
00006365  __lesf2                             
00005271  __ltdf2                             
00006365  __ltsf2                             
UNDEFED   __mpu_init                          
000034c5  __muldf3                            
000063a1  __muldsi3                           
00004939  __mulsf3                            
00005271  __nedf2                             
00006365  __nesf2                             
20207e00  __stack                             
20200000  __start___llvm_prf_bits             
20200000  __start___llvm_prf_cnts             
20200000  __stop___llvm_prf_bits              
20200000  __stop___llvm_prf_cnts              
0000194d  __subdf3                            
00003765  __subsf3                            
00004f61  __truncdfsf2                        
00006ab5  _c_int00_noargs                     
UNDEFED   _system_post_cinit                  
000076a9  _system_pre_init                    
00007683  abort                               
2020058c  accel                               
00004ad9  adc_getValue                        
000057c9  adjust_white_black                  
000088a6  asc2_0806                           
000082b6  asc2_1608                           
000000c1  asin                                
000000c1  asinl                               
00000425  atan                                
00001c69  atan2                               
00001c69  atan2l                              
00000425  atanl                               
20200380  bal                                 
20200668  base_target_speed                   
00008cb8  binit                               
202005f8  black                               
00005199  convertAnalogToDigital              
00005c29  copy_in                             
2020066c  current_yaw                         
0000757d  delay_ms                            
00006c35  delay_us                            
00005de9  dmp_enable_6x_lp_quat               
0000071d  dmp_enable_feature                  
00005595  dmp_enable_gyro_cal                 
00005e31  dmp_enable_lp_quat                  
00006ed9  dmp_load_motion_driver_firmware     
00001259  dmp_read_fifo                       
000074b9  dmp_register_android_orient_cb      
000074cd  dmp_register_tap_cb                 
000045c9  dmp_set_fifo_rate                   
00001f75  dmp_set_orientation                 
00005f05  dmp_set_shake_reject_thresh         
000065bb  dmp_set_shake_reject_time           
000065ed  dmp_set_shake_reject_timeout        
000052d9  dmp_set_tap_axes                    
00005f49  dmp_set_tap_count                   
00000995  dmp_set_tap_thresh                  
000066e1  dmp_set_tap_time                    
00006711  dmp_set_tap_time_multi              
2020064e  drive_mode                          
2020064f  enable_group1_irq                   
20200534  encL                                
20200558  encR                                
20200000  gPWM_MOTORBackup                    
202000bc  gTIMER_EncoderBackup                
20200504  gUART_k230Backup                    
20200592  gyro                                
2020067c  heading_relock                      
00008ba4  hw                                  
00000000  interruptVectors                    
2020067d  key_pressed                         
20200670  last_key_time                       
2020067e  long_err_flag                       
2020059c  long_pressed_key_time               
000023a1  main                                
00006bd9  memcmp                              
202005bb  more                                
20200228  motor_l                             
202002d4  motor_r                             
000055f5  mpu6050_i2c_sda_unlock              
00003db9  mpu_configure_fifo                  
00004fd5  mpu_get_accel_fsr                   
00005655  mpu_get_gyro_fsr                    
000064ed  mpu_get_sample_rate                 
00002865  mpu_init                            
0000298d  mpu_load_firmware                   
00002fed  mpu_lp_accel_mode                   
00002de1  mpu_read_fifo_stream                
00004151  mpu_read_mem                        
0000102d  mpu_reset_fifo                      
000035a9  mpu_set_accel_fsr                   
000017ad  mpu_set_bypass                      
00003fe5  mpu_set_dmp_state                   
00003b71  mpu_set_gyro_fsr                    
0000452d  mpu_set_int_latched                 
00003911  mpu_set_lpf                         
000033d9  mpu_set_sample_rate                 
00002609  mpu_set_sensors                     
000041fd  mpu_write_mem                       
000062b1  mspm0_delay_ms                      
000068a5  mspm0_get_clock_ms                  
000024d5  mspm0_i2c_read                      
00003c35  mspm0_i2c_write                     
000042a9  normalizeAnalogValues               
00006741  oled_pow                            
202005a0  pitch                               
2020057c  quat                                
00006521  readBlackFromFlash                  
00006555  readWhiteFromFlash                  
00008b38  reg                                 
202005a4  roll                                
20200178  sensor                              
202005a8  sensor_timestamp                    
202005b8  sensors                             
000020ed  sqrt                                
000020ed  sqrtl                               
202005ac  state                               
20200674  target_angle                        
000062ed  task1                               
00008b10  test                                
202005b0  tick_ms                             
20200678  tick_start                          
20200474  tracking_pid                        
000068d1  uart0_send_char                     
00006329  uart0_send_string                   
20200618  white                               
0000409d  writeToFlash                        
202005b4  yaw                                 
202004bc  yaw_pid                             


GLOBAL SYMBOLS: SORTED BY Symbol Address 

address   name                                
-------   ----                                
00000000  __TI_ATRegion0_region_sz            
00000000  __TI_ATRegion0_src_addr             
00000000  __TI_ATRegion0_trg_addr             
00000000  __TI_ATRegion1_region_sz            
00000000  __TI_ATRegion1_src_addr             
00000000  __TI_ATRegion1_trg_addr             
00000000  __TI_ATRegion2_region_sz            
00000000  __TI_ATRegion2_src_addr             
00000000  __TI_ATRegion2_trg_addr             
00000000  __TI_static_base__                  
00000000  interruptVectors                    
000000c1  asin                                
000000c1  asinl                               
00000200  __STACK_SIZE                        
00000425  atan                                
00000425  atanl                               
0000071d  dmp_enable_feature                  
00000995  dmp_set_tap_thresh                  
00000bcd  Key_Process                         
00000e01  Read_Quad                           
0000102d  mpu_reset_fifo                      
00001259  dmp_read_fifo                       
0000144d  PID_Calc                            
00001601  SYSCFG_DL_GPIO_init                 
000017ad  mpu_set_bypass                      
0000194d  __aeabi_dsub                        
0000194d  __subdf3                            
00001957  __adddf3                            
00001957  __aeabi_dadd                        
00001adf  __aeabi_idiv0                       
00001ae1  No_MCU_Ganv_Sensor_Init             
00001c69  atan2                               
00001c69  atan2l                              
00001df1  Control                             
00001f75  dmp_set_orientation                 
000020ed  sqrt                                
000020ed  sqrtl                               
0000225d  MPU6050_Init                        
000023a1  main                                
000024d5  mspm0_i2c_read                      
00002609  mpu_set_sensors                     
00002739  Trace_init                          
00002865  mpu_init                            
0000298d  mpu_load_firmware                   
00002ab1  OLED_ShowChar                       
00002bc9  Turn_angel                          
00002cd5  __aeabi_ddiv                        
00002cd5  __divdf3                            
00002de1  mpu_read_fifo_stream                
00002ee9  DL_Timer_initFourCCPWMMode          
00002fed  mpu_lp_accel_mode                   
000030ed  DL_Timer_initTimerMode              
000031e9  OLED_Init                           
000032e3  OLED_ShowNum                        
000033d9  mpu_set_sample_rate                 
000034c5  __aeabi_dmul                        
000034c5  __muldf3                            
000035a9  mpu_set_accel_fsr                   
0000368d  DL_FlashCTL_unprotectSector         
00003765  __aeabi_fsub                        
00003765  __subsf3                            
0000376f  __addsf3                            
0000376f  __aeabi_fadd                        
00003911  mpu_set_lpf                         
00003aad  GROUP1_IRQHandler                   
00003b71  mpu_set_gyro_fsr                    
00003c35  mspm0_i2c_write                     
00003cf9  Motor_Ctrl                          
00003db9  mpu_configure_fifo                  
00003e75  Get_Analog_value                    
00003f2d  OLED_ShowTimer                      
00003fe5  mpu_set_dmp_state                   
0000409d  writeToFlash                        
00004151  mpu_read_mem                        
000041fd  mpu_write_mem                       
000042a9  normalizeAnalogValues               
000043f5  RunStraight                         
00004491  SYSCFG_DL_initPower                 
0000452d  mpu_set_int_latched                 
000045c9  dmp_set_fifo_rate                   
000046f9  Calculate_Position_Error            
00004819  Motor_Init                          
000048a9  SYSCFG_DL_PWM_MOTOR_init            
00004939  __aeabi_fmul                        
00004939  __mulsf3                            
00004a51  Encoder_HandleGPIOA                 
00004ad9  adc_getValue                        
00004c69  __aeabi_fdiv                        
00004c69  __divsf3                            
00004ced  Balance_Init                        
00004d6d  LED_setAll                          
00004ded  Send_Byte                           
00004e69  __TI_decompress_lzss                
00004ee5  __gedf2                             
00004ee5  __gtdf2                             
00004f59  SYSCFG_DL_DMA_init                  
00004f61  __aeabi_d2f                         
00004f61  __truncdfsf2                        
00004fd5  mpu_get_accel_fsr                   
00005049  No_MCU_Ganv_Sensor_Init_Frist       
000050bb  OLED_ShowString                     
0000512d  SYSCFG_DL_ADC_VOLTAGE_init          
00005199  convertAnalogToDigital              
00005205  OLED_Clear                          
00005271  __cmpdf2                            
00005271  __eqdf2                             
00005271  __ledf2                             
00005271  __ltdf2                             
00005271  __nedf2                             
000052d9  dmp_set_tap_axes                    
000053a5  Encoder_Init                        
00005409  SYSCFG_DL_PWM_Servo_init            
0000546d  __aeabi_dcmpeq                      
00005481  __aeabi_dcmplt                      
00005495  __aeabi_dcmple                      
000054a9  __aeabi_dcmpge                      
000054bd  __aeabi_dcmpgt                      
000054d1  __aeabi_fcmpeq                      
000054e5  __aeabi_fcmplt                      
000054f9  __aeabi_fcmple                      
0000550d  __aeabi_fcmpge                      
00005521  __aeabi_fcmpgt                      
00005535  Calculate_Heading_Error             
00005595  dmp_enable_gyro_cal                 
000055f5  mpu6050_i2c_sda_unlock              
00005655  mpu_get_gyro_fsr                    
000056b5  DL_I2C_fillControllerTXFIFO         
00005771  SYSCFG_DL_I2C_MPU6050_init          
000057c9  adjust_white_black                  
00005821  __aeabi_idiv                        
00005821  __aeabi_idivmod                     
00005969  PID_Init                            
000059b9  SYSCFG_DL_init                      
00005aa9  OLED_WR_Byte                        
00005af9  DL_DMA_initChannel                  
00005c29  copy_in                             
00005c75  __TI_auto_init_nopinit              
00005d0d  __aeabi_d2iz                        
00005d0d  __fixdfsi                           
00005d59  DL_UART_init                        
00005da1  SYSCFG_DL_UART_k230_init            
00005de9  dmp_enable_6x_lp_quat               
00005e31  dmp_enable_lp_quat                  
00005f05  dmp_set_shake_reject_thresh         
00005f49  dmp_set_tap_count                   
00005f8d  No_Mcu_Ganv_Sensor_Task_Without_tick
00005fd1  DL_ADC12_setClockConfig             
00006011  __aeabi_uidiv                       
00006011  __aeabi_uidivmod                    
00006051  __aeabi_f2d                         
00006051  __extendsfdf2                       
000060d1  DL_I2C_flushControllerTXFIFO        
00006149  Get_Anolog_Value                    
00006185  LED_KEY_Blink_Update                
000061c1  OLED_Set_Pos                        
000061fd  PID_clear                           
00006239  __aeabi_i2f                         
00006239  __floatsisf                         
00006275  __gesf2                             
00006275  __gtsf2                             
000062b1  mspm0_delay_ms                      
000062ed  task1                               
00006329  uart0_send_string                   
00006365  __cmpsf2                            
00006365  __eqsf2                             
00006365  __lesf2                             
00006365  __ltsf2                             
00006365  __nesf2                             
000063a1  __muldsi3                           
000063dd  I2C_Start                           
0000644d  __aeabi_f2iz                        
0000644d  __fixsfsi                           
00006485  LED_off                             
000064b9  LED_toggle                          
000064ed  mpu_get_sample_rate                 
00006521  readBlackFromFlash                  
00006555  readWhiteFromFlash                  
00006589  SYSCFG_DL_SYSCTL_init               
000065bb  dmp_set_shake_reject_time           
000065ed  dmp_set_shake_reject_timeout        
00006681  I2C_Stop                            
000066b1  I2C_WaitAck                         
000066e1  dmp_set_tap_time                    
00006711  dmp_set_tap_time_multi              
00006741  oled_pow                            
000067c9  Encoder_HandleGPIOB                 
000067f5  SYSCFG_DL_TIMER_Encoder_init        
00006879  __aeabi_i2d                         
00006879  __floatsidf                         
000068a5  mspm0_get_clock_ms                  
000068d1  uart0_send_char                     
000069ed  Encoder_GetDistance_mm              
00006a15  SYSCFG_DL_DMA_CH0_init              
00006a3d  Tick_delay                          
00006a65  Trace_Stop                          
00006a8d  __aeabi_ui2f                        
00006a8d  __floatunsisf                       
00006ab5  _c_int00_noargs                     
00006b29  DL_I2C_setClockConfig               
00006b51  DL_FlashCTL_programMemoryFromRAM64  
00006b75  __aeabi_ui2d                        
00006b75  __floatunsidf                       
00006bb9  Encoder_GetDelta                    
00006bd9  memcmp                              
00006c35  delay_us                            
00006e4d  DL_Timer_setCaptCompUpdateMethod    
00006e69  DL_Timer_setClockConfig             
00006ea1  Encoder_GetDistance_cm              
00006ebd  Interrupt_Init                      
00006ed9  dmp_load_motion_driver_firmware     
00006f3d  DL_FlashCTL_eraseMemoryFromRAM      
000071f5  DL_Timer_setCaptureCompareOutCtl    
0000726d  LED_KEY_Blink_Start                 
00007285  SlowForward                         
0000729d  UART3_IRQHandler                    
00007455  LED_KEY_Blink_SetInterval           
00007469  LED_KEY_Blink_Stop                  
0000747d  SysTick_Handler                     
00007491  SysTick_Init                        
000074a5  Trace_Follow                        
000074b9  dmp_register_android_orient_cb      
000074cd  dmp_register_tap_cb                 
00007505  DL_UART_setClockConfig              
00007517  TI_memcpy_small                     
00007529  __TI_decompress_none                
0000755d  DL_Timer_setCaptureCompareValue     
0000756d  Tick_SysTickCallback                
0000757d  delay_ms                            
0000758d  __TI_zero_init                      
0000759d  Get_Digtal_For_User                 
000075b9  TI_memset_small                     
000075c7  SYSCFG_DL_SYSTICK_init              
000075d5  __aeabi_memclr                      
000075d5  __aeabi_memclr4                     
000075d5  __aeabi_memclr8                     
000075e1  DL_Common_delayCycles               
000075eb  LED_init                            
00007655  __aeabi_errno_addr                  
0000765d  __aeabi_memcpy                      
0000765d  __aeabi_memcpy4                     
0000765d  __aeabi_memcpy8                     
00007683  abort                               
00007689  ADC0_IRQHandler                     
00007689  ADC1_IRQHandler                     
00007689  AES_IRQHandler                      
00007689  CANFD0_IRQHandler                   
00007689  DAC0_IRQHandler                     
00007689  DMA_IRQHandler                      
00007689  Default_Handler                     
00007689  GROUP0_IRQHandler                   
00007689  HardFault_Handler                   
00007689  I2C0_IRQHandler                     
00007689  I2C1_IRQHandler                     
00007689  NMI_Handler                         
00007689  PendSV_Handler                      
00007689  RTC_IRQHandler                      
00007689  SPI0_IRQHandler                     
00007689  SPI1_IRQHandler                     
00007689  SVC_Handler                         
00007689  TIMA0_IRQHandler                    
00007689  TIMA1_IRQHandler                    
00007689  TIMG0_IRQHandler                    
00007689  TIMG12_IRQHandler                   
00007689  TIMG6_IRQHandler                    
00007689  TIMG7_IRQHandler                    
00007689  TIMG8_IRQHandler                    
00007689  UART0_IRQHandler                    
00007689  UART1_IRQHandler                    
00007689  UART2_IRQHandler                    
0000768c  C$$EXIT                             
0000768d  HOSTexit                            
00007695  Reset_Handler                       
000076a9  _system_pre_init                    
000082b6  asc2_1608                           
000088a6  asc2_0806                           
00008b10  test                                
00008b38  reg                                 
00008ba4  hw                                  
00008c94  __TI_Handler_Table_Base             
00008ca0  __TI_Handler_Table_Limit            
00008ca8  __TI_CINIT_Base                     
00008cb8  __TI_CINIT_Limit                    
00008cb8  __TI_CINIT_Warm                     
00008cb8  __TI_table_binit                    
00008cb8  __binit__                           
00008cb8  binit                               
20200000  __start___llvm_prf_bits             
20200000  __start___llvm_prf_cnts             
20200000  __stop___llvm_prf_bits              
20200000  __stop___llvm_prf_cnts              
20200000  gPWM_MOTORBackup                    
202000bc  gTIMER_EncoderBackup                
20200178  sensor                              
20200228  motor_l                             
202002d4  motor_r                             
20200380  bal                                 
20200424  ADC_VALUE                           
20200474  tracking_pid                        
202004bc  yaw_pid                             
20200504  gUART_k230Backup                    
20200534  encL                                
20200558  encR                                
2020057c  quat                                
2020058c  accel                               
20200592  gyro                                
2020059c  long_pressed_key_time               
202005a0  pitch                               
202005a4  roll                                
202005a8  sensor_timestamp                    
202005ac  state                               
202005b0  tick_ms                             
202005b4  yaw                                 
202005b8  sensors                             
202005ba  Digtal                              
202005bb  more                                
202005e8  Anolog                              
202005f8  black                               
20200618  white                               
2020064e  drive_mode                          
2020064f  enable_group1_irq                   
2020065c  Tick                                
20200664  __aeabi_errno                       
20200668  base_target_speed                   
2020066c  current_yaw                         
20200670  last_key_time                       
20200674  target_angle                        
20200678  tick_start                          
2020067c  heading_relock                      
2020067d  key_pressed                         
2020067e  long_err_flag                       
20207e00  __stack                             
20208000  __STACK_END                         
ffffffff  __TI_pprof_out_hndl                 
ffffffff  __TI_prof_data_size                 
ffffffff  __TI_prof_data_start                
UNDEFED   __mpu_init                          
UNDEFED   _system_post_cinit                  

[337 symbols]
