******************************************************************************
            TI ARM Clang Linker PC v4.0.4                      
******************************************************************************
>> Linked Tue Jul 21 13:09:13 2026

OUTPUT FILE NAME:   <diansai2024.out>
ENTRY POINT SYMBOL: "_c_int00_noargs"  address: 000051ed


MEMORY CONFIGURATION

         name            origin    length      used     unused   attr    fill
----------------------  --------  ---------  --------  --------  ----  --------
  FLASH                 00000000   00020000  00006a38  000195c8  R  X
  SRAM                  20200000   00008000  000007a5  0000785b  RW X
  BCR_CONFIG            41c00000   000000ff  00000000  000000ff  R   
  BSL_CONFIG            41c00100   00000080  00000000  00000080  R   


SEGMENT ALLOCATION MAP

run origin  load origin   length   init length attrs members
----------  ----------- ---------- ----------- ----- -------
00000000    00000000    00006988   00006988    r-x
  00000000    00000000    000000c0   000000c0    r-- .intvecs
  000000c0    000000c0    00005c00   00005c00    r-x .text
  00005cc0    00005cc0    00000cc8   00000cc8    r-- .rodata
000069e8    000069e8    00000050   00000050    r--
  000069e8    000069e8    00000040   00000040    r-- .cinit
  00006a28    00006a28    00000010   00000010    r-- .binit
20200000    20200000    00000548   00000000    rw-
  20200000    20200000    0000049d   00000000    rw- .bss
  202004a0    202004a0    000000a8   00000000    rw- .data
20200548    00006988    00000060   00000060    r-x
  20200548    00006988    00000060   00000060    r-x .TI.ramfunc
20207e00    20207e00    00000200   00000000    rw-
  20207e00    20207e00    00000200   00000000    rw- .stack


SECTION ALLOCATION MAP

 output                                  attributes/
section   page    origin      length       input sections
--------  ----  ----------  ----------   ----------------
.intvecs   0    00000000    000000c0     
                  00000000    000000c0     startup_mspm0g350x_ticlang.o (.intvecs)

.text      0    000000c0    00005c00     
                  000000c0    00000278     inv_mpu_dmp_motion_driver.o (.text.dmp_enable_feature)
                  00000338    00000238     inv_mpu_dmp_motion_driver.o (.text.dmp_set_tap_thresh)
                  00000570    00000234     key.o (.text.Key_Process)
                  000007a4    00000230     trace.o (.text.Control)
                  000009d4    0000022c     inv_mpu.o (.text.mpu_reset_fifo)
                  00000c00    000001c0     ti_msp_dl_config.o (.text.SYSCFG_DL_GPIO_init)
                  00000dc0    000001b4     pid.o (.text.PID_Calc)
                  00000f74    000001a0     inv_mpu.o (.text.mpu_set_bypass)
                  00001114    00000192     libclang_rt.builtins.a : adddf3.S.obj (.text.adddf3_subdf3)
                  000012a6    00000002                            : aeabi_div0.c.obj (.text.__aeabi_idiv0)
                  000012a8    00000188     No_Mcu_Ganv_Grayscale_Sensor.o (.text.No_MCU_Ganv_Sensor_Init)
                  00001430    00000178     inv_mpu_dmp_motion_driver.o (.text.dmp_set_orientation)
                  000015a8    00000144     mpu6050.o (.text.MPU6050_Init)
                  000016ec    00000134     mspm0_i2c.o (.text.mspm0_i2c_read)
                  00001820    00000130     inv_mpu.o (.text.mpu_set_sensors)
                  00001950    00000128     inv_mpu.o (.text.mpu_init)
                  00001a78    00000124     inv_mpu.o (.text.mpu_load_firmware)
                  00001b9c    0000010c     libclang_rt.builtins.a : divdf3.S.obj (.text.__divdf3)
                  00001ca8    00000108     trace.o (.text.Trace_init)
                  00001db0    00000104     driverlib.a : dl_timer.o (.text.DL_Timer_initFourCCPWMMode)
                  00001eb4    00000104     trace.o (.text.Motor_Ctrl)
                  00001fb8    00000100     inv_mpu.o (.text.mpu_lp_accel_mode)
                  000020b8    000000fc     driverlib.a : dl_timer.o (.text.DL_Timer_initTimerMode)
                  000021b4    000000ec     inv_mpu.o (.text.mpu_set_sample_rate)
                  000022a0    000000e4     libclang_rt.builtins.a : muldf3.S.obj (.text.__muldf3)
                  00002384    000000e4     inv_mpu.o (.text.mpu_set_accel_fsr)
                  00002468    000000d8     driverlib.a : dl_flashctl.o (.text.DL_FlashCTL_unprotectSector)
                  00002540    000000d8     libclang_rt.builtins.a : addsf3.S.obj (.text)
                  00002618    000000d4     inv_mpu.o (.text.set_int_enable)
                  000026ec    000000d0     inv_mpu.o (.text.mpu_set_lpf)
                  000027bc    000000cc     motor.o (.text.Motor_Speed_Get)
                  00002888    000000c4     inv_mpu.o (.text.mpu_set_gyro_fsr)
                  0000294c    000000c4     mspm0_i2c.o (.text.mspm0_i2c_write)
                  00002a10    000000bc     inv_mpu.o (.text.mpu_configure_fifo)
                  00002acc    000000b8     No_Mcu_Ganv_Grayscale_Sensor.o (.text.Get_Analog_value)
                  00002b84    000000b8     inv_mpu.o (.text.mpu_set_dmp_state)
                  00002c3c    000000b4     trace.o (.text.GROUP1_IRQHandler)
                  00002cf0    000000b4     flash.o (.text.writeToFlash)
                  00002da4    000000b0     ti_msp_dl_config.o (.text.SYSCFG_DL_initPower)
                  00002e54    000000ac     inv_mpu.o (.text.mpu_read_mem)
                  00002f00    000000ac     inv_mpu.o (.text.mpu_write_mem)
                  00002fac    000000aa     No_Mcu_Ganv_Grayscale_Sensor.o (.text.normalizeAnalogValues)
                  00003056    00000002     --HOLE-- [fill = 0]
                  00003058    000000a0     motor.o (.text.Motor_Encoder_Update)
                  000030f8    0000009c     inv_mpu.o (.text.mpu_set_int_latched)
                  00003194    00000098     inv_mpu_dmp_motion_driver.o (.text.dmp_set_fifo_rate)
                  0000322c    00000098     main.o (.text.main)
                  000032c4    00000096     mpu6050.o (.text.inv_row_2_scale)
                  0000335a    00000002     --HOLE-- [fill = 0]
                  0000335c    00000090     trace.o (.text.Calculate_Position_Error)
                  000033ec    00000090     motor.o (.text.Motor_Driver)
                  0000347c    00000090     motor.o (.text.Motor_Init)
                  0000350c    00000090     ti_msp_dl_config.o (.text.SYSCFG_DL_PWM_MOTOR_init)
                  0000359c    0000008c     encoder.o (.text.Encoder_HandleGPIOA)
                  00003628    0000008c     libclang_rt.builtins.a : mulsf3.S.obj (.text.__mulsf3)
                  000036b4    00000088     adc.o (.text.adc_getValue)
                  0000373c    00000084     clock.o (.text.__NVIC_SetPriority)
                  000037c0    00000084     ti_msp_dl_config.o (.text.__NVIC_SetPriority)
                  00003844    00000082     libclang_rt.builtins.a : divsf3.S.obj (.text.__divsf3)
                  000038c6    00000002     --HOLE-- [fill = 0]
                  000038c8    00000080     led.o (.text.LED_setAll)
                  00003948    0000007c     libc.a : copy_decompress_lzss.c.obj (.text:decompress:lzss)
                  000039c4    00000074     libclang_rt.builtins.a : comparedf2.c.obj (.text.__gedf2)
                  00003a38    00000008     ti_msp_dl_config.o (.text.SYSCFG_DL_DMA_init)
                  00003a40    00000074     libclang_rt.builtins.a : truncdfsf2.S.obj (.text.__truncdfsf2)
                  00003ab4    00000074     inv_mpu.o (.text.mpu_get_accel_fsr)
                  00003b28    00000072     No_Mcu_Ganv_Grayscale_Sensor.o (.text.No_MCU_Ganv_Sensor_Init_Frist)
                  00003b9a    00000002     --HOLE-- [fill = 0]
                  00003b9c    0000006c     ti_msp_dl_config.o (.text.SYSCFG_DL_ADC_VOLTAGE_init)
                  00003c08    0000006c     No_Mcu_Ganv_Grayscale_Sensor.o (.text.convertAnalogToDigital)
                  00003c74    00000068     libclang_rt.builtins.a : comparedf2.c.obj (.text.__ledf2)
                  00003cdc    00000066     inv_mpu_dmp_motion_driver.o (.text.dmp_set_tap_axes)
                  00003d42    00000002     --HOLE-- [fill = 0]
                  00003d44    00000064     ti_msp_dl_config.o (.text.DL_ADC12_initSingleSample)
                  00003da8    00000064     encoder.o (.text.Encoder_Init)
                  00003e0c    00000062     libclang_rt.builtins.a : aeabi_dcmp.S.obj (.text.__aeabi_dcmp)
                  00003e6e    00000002     --HOLE-- [fill = 0]
                  00003e70    00000062                            : aeabi_fcmp.S.obj (.text.__aeabi_fcmp)
                  00003ed2    00000002     --HOLE-- [fill = 0]
                  00003ed4    00000060     inv_mpu_dmp_motion_driver.o (.text.dmp_enable_gyro_cal)
                  00003f34    00000060     mspm0_i2c.o (.text.mpu6050_i2c_sda_unlock)
                  00003f94    00000060     inv_mpu.o (.text.mpu_get_gyro_fsr)
                  00003ff4    0000005e     driverlib.a : dl_i2c.o (.text.DL_I2C_fillControllerTXFIFO)
                  00004052    00000002     --HOLE-- [fill = 0]
                  00004054    0000005c     mspm0_i2c.o (.text.mspm0_i2c_enable)
                  000040b0    00000058     ti_msp_dl_config.o (.text.SYSCFG_DL_I2C_MPU6050_init)
                  00004108    00000058     ti_msp_dl_config.o (.text.SYSCFG_DL_I2C_OLED_init)
                  00004160    00000058     key.o (.text.adjust_white_black)
                  000041b8    00000056     libclang_rt.builtins.a : aeabi_idivmod.S.obj (.text.__aeabi_idivmod)
                  0000420e    00000002     --HOLE-- [fill = 0]
                  00004210    00000054     ti_msp_dl_config.o (.text.SYSCFG_DL_init)
                  00004264    00000050     mspm0_i2c.o (.text.DL_GPIO_initPeripheralInputFunctionFeatures)
                  000042b4    00000050     ti_msp_dl_config.o (.text.DL_GPIO_initPeripheralInputFunctionFeatures)
                  00004304    00000050     mspm0_i2c.o (.text.DL_I2C_startControllerTransfer)
                  00004354    00000050     pid.o (.text.PID_Init)
                  000043a4    00000050     clock.o (.text.SysTick_Config)
                  000043f4    00000050     ti_msp_dl_config.o (.text.SysTick_Config)
                  00004444    0000004c     driverlib.a : dl_dma.o (.text.DL_DMA_initChannel)
                  00004490    0000004c     mspm0_i2c.o (.text.DL_GPIO_initDigitalInputFeatures)
                  000044dc    0000004c     ti_msp_dl_config.o (.text.DL_GPIO_initDigitalInputFeatures)
                  00004528    0000004c     ti_msp_dl_config.o (.text.DL_UART_setBaudRateDivisor)
                  00004574    0000004c     libc.a : cpy_tbl.c.obj (.text.copy_in)
                  000045c0    0000004c            : autoinit.c.obj (.text:__TI_auto_init_nopinit)
                  0000460c    0000004a     ti_msp_dl_config.o (.text.DL_ADC12_configConversionMem)
                  00004656    00000002     --HOLE-- [fill = 0]
                  00004658    0000004a     libclang_rt.builtins.a : fixdfsi.S.obj (.text.__fixdfsi)
                  000046a2    00000002     --HOLE-- [fill = 0]
                  000046a4    00000048     driverlib.a : dl_uart.o (.text.DL_UART_init)
                  000046ec    00000048     ti_msp_dl_config.o (.text.SYSCFG_DL_UART_0_init)
                  00004734    00000048     inv_mpu_dmp_motion_driver.o (.text.dmp_enable_6x_lp_quat)
                  0000477c    00000048     inv_mpu_dmp_motion_driver.o (.text.dmp_enable_lp_quat)
                  000047c4    00000048     mspm0_i2c.o (.text.mspm0_i2c_disable)
                  0000480c    00000044     pid.o (.text.LimitMax)
                  00004850    00000044     inv_mpu_dmp_motion_driver.o (.text.dmp_set_shake_reject_thresh)
                  00004894    00000044     inv_mpu_dmp_motion_driver.o (.text.dmp_set_tap_count)
                  000048d8    00000042     No_Mcu_Ganv_Grayscale_Sensor.o (.text.No_Mcu_Ganv_Sensor_Task_Without_tick)
                  0000491a    00000002     --HOLE-- [fill = 0]
                  0000491c    00000040     driverlib.a : dl_adc12.o (.text.DL_ADC12_setClockConfig)
                  0000495c    00000040     ti_msp_dl_config.o (.text.SYSCFG_DL_UART_1_init)
                  0000499c    00000040     libclang_rt.builtins.a : aeabi_uidivmod.S.obj (.text.__aeabi_uidivmod)
                  000049dc    00000040                            : extendsfdf2.S.obj (.text.__extendsfdf2)
                  00004a1c    0000003e     mpu6050.o (.text.inv_orientation_matrix_to_scalar)
                  00004a5a    00000002     --HOLE-- [fill = 0]
                  00004a5c    0000003c     driverlib.a : dl_i2c.o (.text.DL_I2C_flushControllerTXFIFO)
                  00004a98    0000003c     ti_msp_dl_config.o (.text.DL_Timer_setCounterControl)
                  00004ad4    0000003c     No_Mcu_Ganv_Grayscale_Sensor.o (.text.Get_Anolog_Value)
                  00004b10    0000003c     led.o (.text.LED_KEY_Blink_Update)
                  00004b4c    0000003c     libclang_rt.builtins.a : floatsisf.S.obj (.text.__floatsisf)
                  00004b88    0000003c                            : comparesf2.S.obj (.text.__gtsf2)
                  00004bc4    0000003c     clock.o (.text.mspm0_delay_ms)
                  00004c00    0000003c     uart.o (.text.uart0_send_string)
                  00004c3c    0000003a     libclang_rt.builtins.a : comparesf2.S.obj (.text.__eqsf2)
                  00004c76    00000002     --HOLE-- [fill = 0]
                  00004c78    0000003a                            : muldsi3.S.obj (.text.__muldsi3)
                  00004cb2    00000038     motor.o (.text.Motor_Pid_Init)
                  00004cea    00000002     --HOLE-- [fill = 0]
                  00004cec    00000038     libclang_rt.builtins.a : fixsfsi.S.obj (.text.__fixsfsi)
                  00004d24    00000034     led.o (.text.LED_off)
                  00004d58    00000034     led.o (.text.LED_toggle)
                  00004d8c    00000034     inv_mpu.o (.text.mpu_get_sample_rate)
                  00004dc0    00000034     flash.o (.text.readBlackFromFlash)
                  00004df4    00000034     flash.o (.text.readWhiteFromFlash)
                  00004e28    00000032     ti_msp_dl_config.o (.text.SYSCFG_DL_SYSCTL_init)
                  00004e5a    00000032     inv_mpu_dmp_motion_driver.o (.text.dmp_set_shake_reject_time)
                  00004e8c    00000032     inv_mpu_dmp_motion_driver.o (.text.dmp_set_shake_reject_timeout)
                  00004ebe    00000002     --HOLE-- [fill = 0]
                  00004ec0    00000030     ti_msp_dl_config.o (.text.DL_DMA_setTransferSize)
                  00004ef0    00000030     inv_mpu_dmp_motion_driver.o (.text.dmp_set_tap_time)
                  00004f20    00000030     inv_mpu_dmp_motion_driver.o (.text.dmp_set_tap_time_multi)
                  00004f50    0000002c     ti_msp_dl_config.o (.text.DL_ADC12_setDMASamplesCnt)
                  00004f7c    0000002c     flash.o (.text.DL_FlashCTL_waitForCmdDone)
                  00004fa8    0000002c     ti_msp_dl_config.o (.text.SYSCFG_DL_TIMER_Encoder_init)
                  00004fd4    0000002c     main.o (.text.__NVIC_EnableIRQ)
                  00005000    0000002c     libclang_rt.builtins.a : floatsidf.S.obj (.text.__floatsidf)
                  0000502c    0000002c     clock.o (.text.mspm0_get_clock_ms)
                  00005058    0000002c     uart.o (.text.uart0_send_char)
                  00005084    00000028     mspm0_i2c.o (.text.DL_Common_updateReg)
                  000050ac    00000028     ti_msp_dl_config.o (.text.DL_Common_updateReg)
                  000050d4    00000028     main.o (.text.DL_DMA_setDestAddr)
                  000050fc    00000028     main.o (.text.DL_DMA_setSrcAddr)
                  00005124    00000028     ti_msp_dl_config.o (.text.DL_I2C_setControllerRXFIFOThreshold)
                  0000514c    00000028     ti_msp_dl_config.o (.text.DL_I2C_setControllerTXFIFOThreshold)
                  00005174    00000028     ti_msp_dl_config.o (.text.SYSCFG_DL_DMA_CH0_init)
                  0000519c    00000028     delay.o (.text.Tick_delay)
                  000051c4    00000028     libclang_rt.builtins.a : floatunsisf.S.obj (.text.__floatunsisf)
                  000051ec    00000028     libc.a : boot_cortex_m.c.obj (.text:_c_int00_noargs)
                  00005214    00000026     main.o (.text.DL_DMA_enableChannel)
                  0000523a    00000026     ti_msp_dl_config.o (.text.DL_I2C_setAnalogGlitchFilterPulseWidth)
                  00005260    00000026     driverlib.a : dl_i2c.o (.text.DL_I2C_setClockConfig)
                  00005286    00000002     --HOLE-- [fill = 0]
                  00005288    00000024                 : dl_flashctl.o (.text.DL_FlashCTL_programMemoryFromRAM64)
                  000052ac    00000024     libclang_rt.builtins.a : floatunsidf.S.obj (.text.__floatunsidf)
                  000052d0    00000020     ti_msp_dl_config.o (.text.DL_GPIO_initPeripheralInputFunction)
                  000052f0    00000020     encoder.o (.text.Encoder_GetDelta)
                  00005310    00000020     encoder.o (.text.Encoder_HandleGPIOB)
                  00005330    00000020     libc.a : memcmp.c.obj (.text.memcmp)
                  00005350    0000001e     ti_msp_dl_config.o (.text.DL_UART_setOversampling)
                  0000536e    0000001e     motor.o (.text.Motor_Calc)
                  0000538c    0000001e     delay.o (.text.delay_us)
                  000053aa    00000002     --HOLE-- [fill = 0]
                  000053ac    0000001c     ti_msp_dl_config.o (.text.DL_ADC12_enableDMA)
                  000053c8    0000001c     ti_msp_dl_config.o (.text.DL_ADC12_enableDMATrigger)
                  000053e4    0000001c     main.o (.text.DL_ADC12_startConversion)
                  00005400    0000001c     encoder.o (.text.DL_GPIO_clearInterruptStatus)
                  0000541c    0000001c     ti_msp_dl_config.o (.text.DL_GPIO_clearInterruptStatus)
                  00005438    0000001c     trace.o (.text.DL_GPIO_clearInterruptStatus)
                  00005454    0000001c     encoder.o (.text.DL_GPIO_disableInterrupt)
                  00005470    0000001c     mspm0_i2c.o (.text.DL_GPIO_enableHiZ)
                  0000548c    0000001c     ti_msp_dl_config.o (.text.DL_GPIO_enableHiZ)
                  000054a8    0000001c     encoder.o (.text.DL_GPIO_enableInterrupt)
                  000054c4    0000001c     ti_msp_dl_config.o (.text.DL_GPIO_enableInterrupt)
                  000054e0    0000001c     ti_msp_dl_config.o (.text.DL_GPIO_initPeripheralOutputFunction)
                  000054fc    0000001c     ti_msp_dl_config.o (.text.DL_GPIO_setLowerPinsPolarity)
                  00005518    0000001c     mpu6050.o (.text.DL_I2C_getSDAStatus)
                  00005534    0000001c     mspm0_i2c.o (.text.DL_I2C_isControllerRXFIFOEmpty)
                  00005550    0000001c     ti_msp_dl_config.o (.text.DL_SYSCTL_setMCLKDivider)
                  0000556c    0000001c     ti_msp_dl_config.o (.text.DL_SYSCTL_setSYSOSCFreq)
                  00005588    0000001c     ti_msp_dl_config.o (.text.DL_SYSCTL_setULPCLKDivider)
                  000055a4    0000001c     driverlib.a : dl_timer.o (.text.DL_Timer_setCaptCompUpdateMethod)
                  000055c0    0000001c                 : dl_timer.o (.text.DL_Timer_setClockConfig)
                  000055dc    0000001c     ti_msp_dl_config.o (.text.DL_UART_enableInterrupt)
                  000055f8    0000001c     inv_mpu_dmp_motion_driver.o (.text.dmp_load_motion_driver_firmware)
                  00005614    00000018     ti_msp_dl_config.o (.text.DL_ADC12_enablePower)
                  0000562c    00000018     ti_msp_dl_config.o (.text.DL_ADC12_reset)
                  00005644    00000018     ti_msp_dl_config.o (.text.DL_ADC12_setSampleTime0)
                  0000565c    00000018     driverlib.a : dl_flashctl.o (.text.DL_FlashCTL_eraseMemoryFromRAM)
                  00005674    00000018     mspm0_i2c.o (.text.DL_GPIO_enableOutput)
                  0000568c    00000018     ti_msp_dl_config.o (.text.DL_GPIO_enableOutput)
                  000056a4    00000018     ti_msp_dl_config.o (.text.DL_GPIO_enablePower)
                  000056bc    00000018     mspm0_i2c.o (.text.DL_GPIO_initDigitalOutput)
                  000056d4    00000018     ti_msp_dl_config.o (.text.DL_GPIO_initDigitalOutput)
                  000056ec    00000018     ti_msp_dl_config.o (.text.DL_GPIO_reset)
                  00005704    00000018     No_Mcu_Ganv_Grayscale_Sensor.o (.text.DL_GPIO_setPins)
                  0000571c    00000018     led.o (.text.DL_GPIO_setPins)
                  00005734    00000018     motor.o (.text.DL_GPIO_setPins)
                  0000574c    00000018     mspm0_i2c.o (.text.DL_GPIO_setPins)
                  00005764    00000018     trace.o (.text.DL_GPIO_setPins)
                  0000577c    00000018     ti_msp_dl_config.o (.text.DL_GPIO_setUpperPinsPolarity)
                  00005794    00000018     led.o (.text.DL_GPIO_togglePins)
                  000057ac    00000018     mspm0_i2c.o (.text.DL_I2C_clearInterruptStatus)
                  000057c4    00000018     ti_msp_dl_config.o (.text.DL_I2C_enableAnalogGlitchFilter)
                  000057dc    00000018     ti_msp_dl_config.o (.text.DL_I2C_enableController)
                  000057f4    00000018     ti_msp_dl_config.o (.text.DL_I2C_enableControllerClockStretching)
                  0000580c    00000018     mspm0_i2c.o (.text.DL_I2C_enablePower)
                  00005824    00000018     ti_msp_dl_config.o (.text.DL_I2C_enablePower)
                  0000583c    00000018     mspm0_i2c.o (.text.DL_I2C_getRawInterruptStatus)
                  00005854    00000018     mspm0_i2c.o (.text.DL_I2C_reset)
                  0000586c    00000018     ti_msp_dl_config.o (.text.DL_I2C_reset)
                  00005884    00000018     ti_msp_dl_config.o (.text.DL_I2C_setTimerPeriod)
                  0000589c    00000018     ti_msp_dl_config.o (.text.DL_SYSCTL_setBORThreshold)
                  000058b4    00000018     ti_msp_dl_config.o (.text.DL_Timer_enablePower)
                  000058cc    00000018     ti_msp_dl_config.o (.text.DL_Timer_reset)
                  000058e4    00000018     driverlib.a : dl_timer.o (.text.DL_Timer_setCaptureCompareOutCtl)
                  000058fc    00000018     motor.o (.text.DL_Timer_startCounter)
                  00005914    00000018     ti_msp_dl_config.o (.text.DL_UART_enablePower)
                  0000592c    00000018     uart.o (.text.DL_UART_isBusy)
                  00005944    00000018     ti_msp_dl_config.o (.text.DL_UART_reset)
                  0000595c    00000018     led.o (.text.LED_KEY_Blink_Start)
                  00005974    00000016     ti_msp_dl_config.o (.text.DL_ADC12_enableConversions)
                  0000598a    00000016     encoder.o (.text.DL_GPIO_readPins)
                  000059a0    00000016     key.o (.text.DL_GPIO_readPins)
                  000059b6    00000016     mspm0_i2c.o (.text.DL_GPIO_readPins)
                  000059cc    00000016     trace.o (.text.DL_GPIO_readPins)
                  000059e2    00000016     mspm0_i2c.o (.text.DL_I2C_transmitControllerData)
                  000059f8    00000016     ti_msp_dl_config.o (.text.DL_UART_enable)
                  00005a0e    00000016     uart.o (.text.DL_UART_transmitData)
                  00005a24    00000014     No_Mcu_Ganv_Grayscale_Sensor.o (.text.DL_GPIO_clearPins)
                  00005a38    00000014     led.o (.text.DL_GPIO_clearPins)
                  00005a4c    00000014     motor.o (.text.DL_GPIO_clearPins)
                  00005a60    00000014     mspm0_i2c.o (.text.DL_GPIO_clearPins)
                  00005a74    00000014     ti_msp_dl_config.o (.text.DL_GPIO_clearPins)
                  00005a88    00000014     mspm0_i2c.o (.text.DL_I2C_getControllerStatus)
                  00005a9c    00000014     mspm0_i2c.o (.text.DL_I2C_receiveControllerData)
                  00005ab0    00000014     ti_msp_dl_config.o (.text.DL_I2C_resetControllerTransfer)
                  00005ac4    00000014     ti_msp_dl_config.o (.text.DL_SYSCTL_disableSYSPLL)
                  00005ad8    00000014     ti_msp_dl_config.o (.text.DL_Timer_enableClock)
                  00005aec    00000014     ti_msp_dl_config.o (.text.DL_Timer_setCCPDirection)
                  00005b00    00000014     led.o (.text.LED_KEY_Blink_SetInterval)
                  00005b14    00000014     led.o (.text.LED_KEY_Blink_Stop)
                  00005b28    00000014     delay.o (.text.SysTick_Handler)
                  00005b3c    00000014     clock.o (.text.SysTick_Init)
                  00005b50    00000014     inv_mpu_dmp_motion_driver.o (.text.dmp_register_android_orient_cb)
                  00005b64    00000014     inv_mpu_dmp_motion_driver.o (.text.dmp_register_tap_cb)
                  00005b78    00000012     trace.o (.text.DL_GPIO_getPendingInterrupt)
                  00005b8a    00000012     driverlib.a : dl_uart.o (.text.DL_UART_setClockConfig)
                  00005b9c    00000012     libc.a : memcpy16.S.obj (.text:TI_memcpy_small)
                  00005bae    00000012            : copy_decompress_none.c.obj (.text:decompress:none)
                  00005bc0    00000010     ti_msp_dl_config.o (.text.DL_SYSCTL_disableHFXT)
                  00005bd0    00000010     motor.o (.text.DL_Timer_getTimerCount)
                  00005be0    00000010     driverlib.a : dl_timer.o (.text.DL_Timer_setCaptureCompareValue)
                  00005bf0    00000010     delay.o (.text.Tick_SysTickCallback)
                  00005c00    00000010     libc.a : copy_zero_init.c.obj (.text:decompress:ZI)
                  00005c10    0000000e     No_Mcu_Ganv_Grayscale_Sensor.o (.text.Get_Digtal_For_User)
                  00005c1e    0000000e     mpu6050.o (.text.tap_cb)
                  00005c2c    0000000e     libc.a : memset16.S.obj (.text:TI_memset_small)
                  00005c3a    0000000c     ti_msp_dl_config.o (.text.SYSCFG_DL_SYSTICK_init)
                  00005c46    00000002     --HOLE-- [fill = 0]
                  00005c48    0000000c     libclang_rt.builtins.a : aeabi_memset.S.obj (.text.__aeabi_memclr)
                  00005c54    0000000a     driverlib.a : dl_common.o (.text.DL_Common_delayCycles)
                  00005c5e    0000000a     led.o (.text.LED_init)
                  00005c68    0000000a     mpu6050.o (.text.android_orient_cb)
                  00005c72    00000002     --HOLE-- [fill = 0]
                  00005c74    00000008     libclang_rt.builtins.a : aeabi_memcpy.S.obj (.text.__aeabi_memcpy)
                  00005c7c    00000006     libc.a : exit.c.obj (.text:abort)
                  00005c82    00000004     startup_mspm0g350x_ticlang.o (.text.Default_Handler)
                  00005c86    00000004     libsysbm.a : hostexit.c.obj (.text.HOSTexit)
                  00005c8a    00000004     startup_mspm0g350x_ticlang.o (.text.Reset_Handler)
                  00005c8e    00000002     --HOLE-- [fill = 0]
                  00005c90    00000010     libc.a : boot_cortex_m.c.obj (.tramp._c_int00_noargs.1)
                  00005ca0    00000004            : pre_init.c.obj (.text._system_pre_init)
                  00005ca4    00000010     driverlib.a : dl_flashctl.o (.tramp.DL_FlashCTL_executeCommandFromRAM.1)
                  00005cb4    0000000c     --HOLE-- [fill = 0]

.TI.ramfunc 
*          0    00006988    00000060     RUN ADDR = 20200548
                  00006988    00000060     driverlib.a : dl_flashctl.o (.TI.ramfunc)

.cinit     0    000069e8    00000040     
                  000069e8    0000001c     (.cinit..data.load) [load image, compression = lzss]
                  00006a04    0000000c     (__TI_handler_table)
                  00006a10    00000008     (.cinit..bss.load) [load image, compression = zero_init]
                  00006a18    00000010     (__TI_cinit_table)

.rodata    0    00005cc0    00000cc8     
                  00005cc0    00000bf6     inv_mpu_dmp_motion_driver.o (.rodata.dmp_memory)
                  000068b6    00000002     ti_msp_dl_config.o (.rodata.gI2C_MPU6050ClockConfig)
                  000068b8    00000028     inv_mpu.o (.rodata.test)
                  000068e0    0000001e     inv_mpu.o (.rodata.reg)
                  000068fe    00000002     ti_msp_dl_config.o (.rodata.gI2C_OLEDClockConfig)
                  00006900    00000018     ti_msp_dl_config.o (.rodata.gDMA_CH0Config)
                  00006918    00000014     ti_msp_dl_config.o (.rodata.gTIMER_EncoderTimerConfig)
                  0000692c    00000012     main.o (.rodata.str1.15159059442110792349.1)
                  0000693e    0000000c     inv_mpu.o (.rodata.hw)
                  0000694a    0000000a     ti_msp_dl_config.o (.rodata.gUART_0Config)
                  00006954    0000000a     ti_msp_dl_config.o (.rodata.gUART_1Config)
                  0000695e    00000002     ti_msp_dl_config.o (.rodata.gUART_0ClockConfig)
                  00006960    00000008     ti_msp_dl_config.o (.rodata.gADC_VOLTAGEClockConfig)
                  00006968    00000008     ti_msp_dl_config.o (.rodata.gPWM_MOTORConfig)
                  00006970    00000004     led.o (.rodata.LED_PINS)
                  00006974    00000004     trace.o (.rodata.str1.1565272039071364118.1)
                  00006978    00000003     ti_msp_dl_config.o (.rodata.gPWM_MOTORClockConfig)
                  0000697b    00000003     ti_msp_dl_config.o (.rodata.gTIMER_EncoderClockConfig)
                  0000697e    00000003     trace.o (.rodata.str1.14144399129217559082.1)
                  00006981    00000003     trace.o (.rodata.str1.3042740987211059966.1)
                  00006984    00000002     ti_msp_dl_config.o (.rodata.gUART_1ClockConfig)
                  00006986    00000002     --HOLE-- [fill = 0]

.init_array 
*          0    00000000    00000000     UNINITIALIZED

.binit     0    00006a28    00000010     
                  00006a28    00000010     (.binit)

.bss       0    20200000    0000049d     UNINITIALIZED
                  20200000    000000bc     (.common:gPWM_MOTORBackup)
                  202000bc    000000bc     (.common:gTIMER_EncoderBackup)
                  20200178    000000b0     (.common:sensor)
                  20200228    000000ac     (.common:motor_l)
                  202002d4    000000ac     (.common:motor_r)
                  20200380    00000050     (.common:ADC_VALUE)
                  202003d0    00000048     (.common:tracking_pid)
                  20200418    00000030     (.common:gUART_0Backup)
                  20200448    00000024     (.common:encL)
                  2020046c    00000024     (.common:encR)
                  20200490    00000004     (.common:long_pressed_key_time)
                  20200494    00000004     (.common:state)
                  20200498    00000004     (.common:tick_ms)
                  2020049c    00000001     (.common:Digtal)

.data      0    202004a0    000000a8     UNINITIALIZED
                  202004a0    0000002c     inv_mpu.o (.data.st)
                  202004cc    00000010     trace.o (.data.Anolog)
                  202004dc    00000010     trace.o (.data.black)
                  202004ec    00000010     inv_mpu_dmp_motion_driver.o (.data.dmp)
                  202004fc    00000010     trace.o (.data.white)
                  2020050c    0000000e     mpu6050.o (.data.hal)
                  2020051a    00000001     interrupt.o (.data.enable_group1_irq)
                  2020051b    00000001     key.o (.data.key_pressed)
                  2020051c    0000000c     led.o (.data.keyBlinkCtrl)
                  20200528    00000009     mpu6050.o (.data.gyro_orientation)
                  20200531    00000001     key.o (.data.long_err_flag)
                  20200532    00000002     --HOLE--
                  20200534    00000004     trace.o (.data.Control.last_loop_tick)
                  20200538    00000004     key.o (.data.Key_Process.last_blink_time)
                  2020053c    00000004     delay.o (.data.Tick)
                  20200540    00000004     trace.o (.data.base_target_speed)
                  20200544    00000004     key.o (.data.last_key_time)

.stack     0    20207e00    00000200     UNINITIALIZED
                  20207e00    00000004     libc.a : boot_cortex_m.c.obj (.stack)
                  20207e04    000001fc     --HOLE--

__llvm_prf_cnts 
*          0    20200000    00000000     UNINITIALIZED

__llvm_prf_bits 
*          0    20200000    00000000     UNINITIALIZED

MODULE SUMMARY

       Module                           code    ro data   rw data
       ------                           ----    -------   -------
    .\
       ti_msp_dl_config.o               3340    94        424    
       main.o                           342     18        0      
       startup_mspm0g350x_ticlang.o     8       192       0      
    +--+--------------------------------+-------+---------+---------+
       Total:                           3690    304       424    
                                                                 
    .\Driver\
       No_Mcu_Ganv_Grayscale_Sensor.o   1152    0         0      
       key.o                            674     0         18     
       encoder.o                        410     0         72     
       led.o                            434     4         12     
       flash.o                          328     0         0      
       adc.o                            136     0         80     
       uart.o                           150     0         0      
       delay.o                          106     0         4      
    +--+--------------------------------+-------+---------+---------+
       Total:                           3390    4         186    
                                                                 
    .\Drivers\MPU6050\
       inv_mpu_dmp_motion_driver.o      2470    3062      16     
       inv_mpu.o                        4336    82        44     
       mspm0_i2c.o                      1368    0         0      
       mpu6050.o                        588     0         23     
    +--+--------------------------------+-------+---------+---------+
       Total:                           8762    3144      83     
                                                                 
    .\Drivers\MSPM0\
       clock.o                          336     0         4      
       interrupt.o                      0       0         1      
    +--+--------------------------------+-------+---------+---------+
       Total:                           336     0         5      
                                                                 
    .\Motor\
       motor.o                          822     0         0      
    +--+--------------------------------+-------+---------+---------+
       Total:                           822     0         0      
                                                                 
    .\User\PID\
       pid.o                            584     0         0      
    +--+--------------------------------+-------+---------+---------+
       Total:                           584     0         0      
                                                                 
    .\User\trace\
       trace.o                          1500    10        649    
    +--+--------------------------------+-------+---------+---------+
       Total:                           1500    10        649    
                                                                 
    D:/ti/mspm0_sdk_2_10_00_04/source/ti/driverlib/lib/ticlang/m0p/mspm0g1x0x_g3x0x/driverlib.a
       dl_timer.o                       608     0         0      
       dl_flashctl.o                    484     0         0      
       dl_i2c.o                         192     0         0      
       dl_uart.o                        90      0         0      
       dl_dma.o                         76      0         0      
       dl_adc12.o                       64      0         0      
       dl_common.o                      10      0         0      
    +--+--------------------------------+-------+---------+---------+
       Total:                           1524    0         0      
                                                                 
    D:\ti\ccs2051\ccs\tools\compiler\ti-cgt-armllvm_4.0.4.LTS\lib\armv6m-ti-none-eabi/c/libc.a
       copy_decompress_lzss.c.obj       124     0         0      
       autoinit.c.obj                   76      0         0      
       cpy_tbl.c.obj                    76      0         0      
       boot_cortex_m.c.obj              56      0         0      
       memcmp.c.obj                     32      0         0      
       copy_decompress_none.c.obj       18      0         0      
       memcpy16.S.obj                   18      0         0      
       copy_zero_init.c.obj             16      0         0      
       memset16.S.obj                   14      0         0      
       exit.c.obj                       6       0         0      
       pre_init.c.obj                   4       0         0      
    +--+--------------------------------+-------+---------+---------+
       Total:                           440     0         0      
                                                                 
    D:\ti\ccs2051\ccs\tools\compiler\ti-cgt-armllvm_4.0.4.LTS\lib\armv6m-ti-none-eabi/c/libsysbm.a
       hostexit.c.obj                   4       0         0      
    +--+--------------------------------+-------+---------+---------+
       Total:                           4       0         0      
                                                                 
    D:\ti\ccs2051\ccs\tools\compiler\ti-cgt-armllvm_4.0.4.LTS\lib\armv6m-ti-none-eabi/libclang_rt.builtins.a
       adddf3.S.obj                     402     0         0      
       divdf3.S.obj                     268     0         0      
       muldf3.S.obj                     228     0         0      
       comparedf2.c.obj                 220     0         0      
       addsf3.S.obj                     216     0         0      
       mulsf3.S.obj                     140     0         0      
       divsf3.S.obj                     130     0         0      
       comparesf2.S.obj                 118     0         0      
       truncdfsf2.S.obj                 116     0         0      
       aeabi_dcmp.S.obj                 98      0         0      
       aeabi_fcmp.S.obj                 98      0         0      
       aeabi_idivmod.S.obj              86      0         0      
       fixdfsi.S.obj                    74      0         0      
       aeabi_uidivmod.S.obj             64      0         0      
       extendsfdf2.S.obj                64      0         0      
       floatsisf.S.obj                  60      0         0      
       muldsi3.S.obj                    58      0         0      
       fixsfsi.S.obj                    56      0         0      
       floatsidf.S.obj                  44      0         0      
       floatunsisf.S.obj                40      0         0      
       floatunsidf.S.obj                36      0         0      
       aeabi_memset.S.obj               12      0         0      
       aeabi_memcpy.S.obj               8       0         0      
       aeabi_div0.c.obj                 2       0         0      
    +--+--------------------------------+-------+---------+---------+
       Total:                           2638    0         0      
                                                                 
       Stack:                           0       0         512    
       Linker Generated:                0       80        0      
    +--+--------------------------------+-------+---------+---------+
       Grand Total:                     23690   3542      1859   


LINKER GENERATED COPY TABLES

__TI_cinit_table @ 00006a18 records: 2, size/record: 8, table size: 16
	.data: load addr=000069e8, load size=0000001c bytes, run addr=202004a0, run size=000000a8 bytes, compression=lzss
	.bss: load addr=00006a10, load size=00000008 bytes, run addr=20200000, run size=0000049d bytes, compression=zero_init
binit @ 00006a28 records: 1, size/record: 12, table size: 16
	.TI.ramfunc: load addr=00006988, load size=00000060, run addr=20200548, run size=00000060, compression=none


LINKER GENERATED HANDLER TABLE

__TI_handler_table @ 00006a04 records: 3, size/record: 4, table size: 12
	index: 0, handler: __TI_decompress_lzss
	index: 1, handler: __TI_decompress_none
	index: 2, handler: __TI_zero_init


FAR CALL TRAMPOLINES

callee name               trampoline name
   callee addr  tramp addr   call addr  call info
--------------  -----------  ---------  ----------------
_c_int00_noargs           $Tramp$TT$L$PI$$_c_int00_noargs
   000051ed     00005c90     00005c8a   startup_mspm0g350x_ticlang.o (.text.Reset_Handler)
DL_FlashCTL_executeCommandFromRAM  $Tramp$TT$L$PI$$DL_FlashCTL_executeCommandFromRAM
   20200549     00005ca4     000052a0   driverlib.a : dl_flashctl.o (.text.DL_FlashCTL_programMemoryFromRAM64)
                             0000566a               : dl_flashctl.o (.text.DL_FlashCTL_eraseMemoryFromRAM)

[2 trampolines]
[3 trampoline calls]


GLOBAL SYMBOLS: SORTED ALPHABETICALLY BY Name 

address   name                                
-------   ----                                
00005c83  ADC0_IRQHandler                     
00005c83  ADC1_IRQHandler                     
20200380  ADC_VALUE                           
00005c83  AES_IRQHandler                      
202004cc  Anolog                              
00005c86  C$$EXIT                             
00005c83  CANFD0_IRQHandler                   
0000335d  Calculate_Position_Error            
000007a5  Control                             
00005c83  DAC0_IRQHandler                     
0000491d  DL_ADC12_setClockConfig             
00005c55  DL_Common_delayCycles               
00004445  DL_DMA_initChannel                  
0000565d  DL_FlashCTL_eraseMemoryFromRAM      
00005289  DL_FlashCTL_programMemoryFromRAM64  
00002469  DL_FlashCTL_unprotectSector         
00003ff5  DL_I2C_fillControllerTXFIFO         
00004a5d  DL_I2C_flushControllerTXFIFO        
00005261  DL_I2C_setClockConfig               
00001db1  DL_Timer_initFourCCPWMMode          
000020b9  DL_Timer_initTimerMode              
000055a5  DL_Timer_setCaptCompUpdateMethod    
000058e5  DL_Timer_setCaptureCompareOutCtl    
00005be1  DL_Timer_setCaptureCompareValue     
000055c1  DL_Timer_setClockConfig             
000046a5  DL_UART_init                        
00005b8b  DL_UART_setClockConfig              
00005c83  DMA_IRQHandler                      
00005c83  Default_Handler                     
2020049c  Digtal                              
000052f1  Encoder_GetDelta                    
0000359d  Encoder_HandleGPIOA                 
00005311  Encoder_HandleGPIOB                 
00003da9  Encoder_Init                        
00005c83  GROUP0_IRQHandler                   
00002c3d  GROUP1_IRQHandler                   
00002acd  Get_Analog_value                    
00004ad5  Get_Anolog_Value                    
00005c11  Get_Digtal_For_User                 
00005c87  HOSTexit                            
00005c83  HardFault_Handler                   
00005c83  I2C0_IRQHandler                     
00005c83  I2C1_IRQHandler                     
00000571  Key_Process                         
00005b01  LED_KEY_Blink_SetInterval           
0000595d  LED_KEY_Blink_Start                 
00005b15  LED_KEY_Blink_Stop                  
00004b11  LED_KEY_Blink_Update                
00005c5f  LED_init                            
00004d25  LED_off                             
000038c9  LED_setAll                          
00004d59  LED_toggle                          
000015a9  MPU6050_Init                        
00001eb5  Motor_Ctrl                          
0000347d  Motor_Init                          
00005c83  NMI_Handler                         
000012a9  No_MCU_Ganv_Sensor_Init             
00003b29  No_MCU_Ganv_Sensor_Init_Frist       
000048d9  No_Mcu_Ganv_Sensor_Task_Without_tick
00000dc1  PID_Calc                            
00004355  PID_Init                            
00005c83  PendSV_Handler                      
00005c83  RTC_IRQHandler                      
00005c8b  Reset_Handler                       
00005c83  SPI0_IRQHandler                     
00005c83  SPI1_IRQHandler                     
00005c83  SVC_Handler                         
00003b9d  SYSCFG_DL_ADC_VOLTAGE_init          
00005175  SYSCFG_DL_DMA_CH0_init              
00003a39  SYSCFG_DL_DMA_init                  
00000c01  SYSCFG_DL_GPIO_init                 
000040b1  SYSCFG_DL_I2C_MPU6050_init          
00004109  SYSCFG_DL_I2C_OLED_init             
0000350d  SYSCFG_DL_PWM_MOTOR_init            
00004e29  SYSCFG_DL_SYSCTL_init               
00005c3b  SYSCFG_DL_SYSTICK_init              
00004fa9  SYSCFG_DL_TIMER_Encoder_init        
000046ed  SYSCFG_DL_UART_0_init               
0000495d  SYSCFG_DL_UART_1_init               
00004211  SYSCFG_DL_init                      
00002da5  SYSCFG_DL_initPower                 
00005b29  SysTick_Handler                     
00005b3d  SysTick_Init                        
00005c83  TIMA0_IRQHandler                    
00005c83  TIMA1_IRQHandler                    
00005c83  TIMG0_IRQHandler                    
00005c83  TIMG12_IRQHandler                   
00005c83  TIMG6_IRQHandler                    
00005c83  TIMG7_IRQHandler                    
00005c83  TIMG8_IRQHandler                    
00005b9d  TI_memcpy_small                     
00005c2d  TI_memset_small                     
2020053c  Tick                                
00005bf1  Tick_SysTickCallback                
0000519d  Tick_delay                          
00001ca9  Trace_init                          
00005c83  UART0_IRQHandler                    
00005c83  UART1_IRQHandler                    
00005c83  UART2_IRQHandler                    
00005c83  UART3_IRQHandler                    
20208000  __STACK_END                         
00000200  __STACK_SIZE                        
00000000  __TI_ATRegion0_region_sz            
00000000  __TI_ATRegion0_src_addr             
00000000  __TI_ATRegion0_trg_addr             
00000000  __TI_ATRegion1_region_sz            
00000000  __TI_ATRegion1_src_addr             
00000000  __TI_ATRegion1_trg_addr             
00000000  __TI_ATRegion2_region_sz            
00000000  __TI_ATRegion2_src_addr             
00000000  __TI_ATRegion2_trg_addr             
00006a18  __TI_CINIT_Base                     
00006a28  __TI_CINIT_Limit                    
00006a28  __TI_CINIT_Warm                     
00006a04  __TI_Handler_Table_Base             
00006a10  __TI_Handler_Table_Limit            
000045c1  __TI_auto_init_nopinit              
00003949  __TI_decompress_lzss                
00005baf  __TI_decompress_none                
ffffffff  __TI_pprof_out_hndl                 
ffffffff  __TI_prof_data_size                 
ffffffff  __TI_prof_data_start                
00000000  __TI_static_base__                  
00006a28  __TI_table_binit                    
00005c01  __TI_zero_init                      
0000111f  __adddf3                            
0000254b  __addsf3                            
00003a41  __aeabi_d2f                         
00004659  __aeabi_d2iz                        
0000111f  __aeabi_dadd                        
00003e0d  __aeabi_dcmpeq                      
00003e49  __aeabi_dcmpge                      
00003e5d  __aeabi_dcmpgt                      
00003e35  __aeabi_dcmple                      
00003e21  __aeabi_dcmplt                      
00001b9d  __aeabi_ddiv                        
000022a1  __aeabi_dmul                        
00001115  __aeabi_dsub                        
000049dd  __aeabi_f2d                         
00004ced  __aeabi_f2iz                        
0000254b  __aeabi_fadd                        
00003e71  __aeabi_fcmpeq                      
00003ead  __aeabi_fcmpge                      
00003ec1  __aeabi_fcmpgt                      
00003e99  __aeabi_fcmple                      
00003e85  __aeabi_fcmplt                      
00003845  __aeabi_fdiv                        
00003629  __aeabi_fmul                        
00002541  __aeabi_fsub                        
00005001  __aeabi_i2d                         
00004b4d  __aeabi_i2f                         
000041b9  __aeabi_idiv                        
000012a7  __aeabi_idiv0                       
000041b9  __aeabi_idivmod                     
00005c49  __aeabi_memclr                      
00005c49  __aeabi_memclr4                     
00005c49  __aeabi_memclr8                     
00005c75  __aeabi_memcpy                      
00005c75  __aeabi_memcpy4                     
00005c75  __aeabi_memcpy8                     
000052ad  __aeabi_ui2d                        
000051c5  __aeabi_ui2f                        
0000499d  __aeabi_uidiv                       
0000499d  __aeabi_uidivmod                    
00006a28  __binit__                           
00003c75  __cmpdf2                            
00004c3d  __cmpsf2                            
00001b9d  __divdf3                            
00003845  __divsf3                            
00003c75  __eqdf2                             
00004c3d  __eqsf2                             
000049dd  __extendsfdf2                       
00004659  __fixdfsi                           
00004ced  __fixsfsi                           
00005001  __floatsidf                         
00004b4d  __floatsisf                         
000052ad  __floatunsidf                       
000051c5  __floatunsisf                       
000039c5  __gedf2                             
00004b89  __gesf2                             
000039c5  __gtdf2                             
00004b89  __gtsf2                             
00003c75  __ledf2                             
00004c3d  __lesf2                             
00003c75  __ltdf2                             
00004c3d  __ltsf2                             
UNDEFED   __mpu_init                          
000022a1  __muldf3                            
00004c79  __muldsi3                           
00003629  __mulsf3                            
00003c75  __nedf2                             
00004c3d  __nesf2                             
20207e00  __stack                             
20200000  __start___llvm_prf_bits             
20200000  __start___llvm_prf_cnts             
20200000  __stop___llvm_prf_bits              
20200000  __stop___llvm_prf_cnts              
00001115  __subdf3                            
00002541  __subsf3                            
00003a41  __truncdfsf2                        
000051ed  _c_int00_noargs                     
UNDEFED   _system_post_cinit                  
00005ca1  _system_pre_init                    
00005c7d  abort                               
000036b5  adc_getValue                        
00004161  adjust_white_black                  
20200540  base_target_speed                   
00006a28  binit                               
202004dc  black                               
00003c09  convertAnalogToDigital              
00004575  copy_in                             
0000538d  delay_us                            
00004735  dmp_enable_6x_lp_quat               
000000c1  dmp_enable_feature                  
00003ed5  dmp_enable_gyro_cal                 
0000477d  dmp_enable_lp_quat                  
000055f9  dmp_load_motion_driver_firmware     
00005b51  dmp_register_android_orient_cb      
00005b65  dmp_register_tap_cb                 
00003195  dmp_set_fifo_rate                   
00001431  dmp_set_orientation                 
00004851  dmp_set_shake_reject_thresh         
00004e5b  dmp_set_shake_reject_time           
00004e8d  dmp_set_shake_reject_timeout        
00003cdd  dmp_set_tap_axes                    
00004895  dmp_set_tap_count                   
00000339  dmp_set_tap_thresh                  
00004ef1  dmp_set_tap_time                    
00004f21  dmp_set_tap_time_multi              
2020051a  enable_group1_irq                   
20200448  encL                                
2020046c  encR                                
20200000  gPWM_MOTORBackup                    
202000bc  gTIMER_EncoderBackup                
20200418  gUART_0Backup                       
0000693e  hw                                  
00000000  interruptVectors                    
2020051b  key_pressed                         
20200544  last_key_time                       
20200531  long_err_flag                       
20200490  long_pressed_key_time               
0000322d  main                                
00005331  memcmp                              
20200228  motor_l                             
202002d4  motor_r                             
00003f35  mpu6050_i2c_sda_unlock              
00002a11  mpu_configure_fifo                  
00003ab5  mpu_get_accel_fsr                   
00003f95  mpu_get_gyro_fsr                    
00004d8d  mpu_get_sample_rate                 
00001951  mpu_init                            
00001a79  mpu_load_firmware                   
00001fb9  mpu_lp_accel_mode                   
00002e55  mpu_read_mem                        
000009d5  mpu_reset_fifo                      
00002385  mpu_set_accel_fsr                   
00000f75  mpu_set_bypass                      
00002b85  mpu_set_dmp_state                   
00002889  mpu_set_gyro_fsr                    
000030f9  mpu_set_int_latched                 
000026ed  mpu_set_lpf                         
000021b5  mpu_set_sample_rate                 
00001821  mpu_set_sensors                     
00002f01  mpu_write_mem                       
00004bc5  mspm0_delay_ms                      
0000502d  mspm0_get_clock_ms                  
000016ed  mspm0_i2c_read                      
0000294d  mspm0_i2c_write                     
00002fad  normalizeAnalogValues               
00004dc1  readBlackFromFlash                  
00004df5  readWhiteFromFlash                  
000068e0  reg                                 
20200178  sensor                              
20200494  state                               
000068b8  test                                
20200498  tick_ms                             
202003d0  tracking_pid                        
00005059  uart0_send_char                     
00004c01  uart0_send_string                   
202004fc  white                               
00002cf1  writeToFlash                        


GLOBAL SYMBOLS: SORTED BY Symbol Address 

address   name                                
-------   ----                                
00000000  __TI_ATRegion0_region_sz            
00000000  __TI_ATRegion0_src_addr             
00000000  __TI_ATRegion0_trg_addr             
00000000  __TI_ATRegion1_region_sz            
00000000  __TI_ATRegion1_src_addr             
00000000  __TI_ATRegion1_trg_addr             
00000000  __TI_ATRegion2_region_sz            
00000000  __TI_ATRegion2_src_addr             
00000000  __TI_ATRegion2_trg_addr             
00000000  __TI_static_base__                  
00000000  interruptVectors                    
000000c1  dmp_enable_feature                  
00000200  __STACK_SIZE                        
00000339  dmp_set_tap_thresh                  
00000571  Key_Process                         
000007a5  Control                             
000009d5  mpu_reset_fifo                      
00000c01  SYSCFG_DL_GPIO_init                 
00000dc1  PID_Calc                            
00000f75  mpu_set_bypass                      
00001115  __aeabi_dsub                        
00001115  __subdf3                            
0000111f  __adddf3                            
0000111f  __aeabi_dadd                        
000012a7  __aeabi_idiv0                       
000012a9  No_MCU_Ganv_Sensor_Init             
00001431  dmp_set_orientation                 
000015a9  MPU6050_Init                        
000016ed  mspm0_i2c_read                      
00001821  mpu_set_sensors                     
00001951  mpu_init                            
00001a79  mpu_load_firmware                   
00001b9d  __aeabi_ddiv                        
00001b9d  __divdf3                            
00001ca9  Trace_init                          
00001db1  DL_Timer_initFourCCPWMMode          
00001eb5  Motor_Ctrl                          
00001fb9  mpu_lp_accel_mode                   
000020b9  DL_Timer_initTimerMode              
000021b5  mpu_set_sample_rate                 
000022a1  __aeabi_dmul                        
000022a1  __muldf3                            
00002385  mpu_set_accel_fsr                   
00002469  DL_FlashCTL_unprotectSector         
00002541  __aeabi_fsub                        
00002541  __subsf3                            
0000254b  __addsf3                            
0000254b  __aeabi_fadd                        
000026ed  mpu_set_lpf                         
00002889  mpu_set_gyro_fsr                    
0000294d  mspm0_i2c_write                     
00002a11  mpu_configure_fifo                  
00002acd  Get_Analog_value                    
00002b85  mpu_set_dmp_state                   
00002c3d  GROUP1_IRQHandler                   
00002cf1  writeToFlash                        
00002da5  SYSCFG_DL_initPower                 
00002e55  mpu_read_mem                        
00002f01  mpu_write_mem                       
00002fad  normalizeAnalogValues               
000030f9  mpu_set_int_latched                 
00003195  dmp_set_fifo_rate                   
0000322d  main                                
0000335d  Calculate_Position_Error            
0000347d  Motor_Init                          
0000350d  SYSCFG_DL_PWM_MOTOR_init            
0000359d  Encoder_HandleGPIOA                 
00003629  __aeabi_fmul                        
00003629  __mulsf3                            
000036b5  adc_getValue                        
00003845  __aeabi_fdiv                        
00003845  __divsf3                            
000038c9  LED_setAll                          
00003949  __TI_decompress_lzss                
000039c5  __gedf2                             
000039c5  __gtdf2                             
00003a39  SYSCFG_DL_DMA_init                  
00003a41  __aeabi_d2f                         
00003a41  __truncdfsf2                        
00003ab5  mpu_get_accel_fsr                   
00003b29  No_MCU_Ganv_Sensor_Init_Frist       
00003b9d  SYSCFG_DL_ADC_VOLTAGE_init          
00003c09  convertAnalogToDigital              
00003c75  __cmpdf2                            
00003c75  __eqdf2                             
00003c75  __ledf2                             
00003c75  __ltdf2                             
00003c75  __nedf2                             
00003cdd  dmp_set_tap_axes                    
00003da9  Encoder_Init                        
00003e0d  __aeabi_dcmpeq                      
00003e21  __aeabi_dcmplt                      
00003e35  __aeabi_dcmple                      
00003e49  __aeabi_dcmpge                      
00003e5d  __aeabi_dcmpgt                      
00003e71  __aeabi_fcmpeq                      
00003e85  __aeabi_fcmplt                      
00003e99  __aeabi_fcmple                      
00003ead  __aeabi_fcmpge                      
00003ec1  __aeabi_fcmpgt                      
00003ed5  dmp_enable_gyro_cal                 
00003f35  mpu6050_i2c_sda_unlock              
00003f95  mpu_get_gyro_fsr                    
00003ff5  DL_I2C_fillControllerTXFIFO         
000040b1  SYSCFG_DL_I2C_MPU6050_init          
00004109  SYSCFG_DL_I2C_OLED_init             
00004161  adjust_white_black                  
000041b9  __aeabi_idiv                        
000041b9  __aeabi_idivmod                     
00004211  SYSCFG_DL_init                      
00004355  PID_Init                            
00004445  DL_DMA_initChannel                  
00004575  copy_in                             
000045c1  __TI_auto_init_nopinit              
00004659  __aeabi_d2iz                        
00004659  __fixdfsi                           
000046a5  DL_UART_init                        
000046ed  SYSCFG_DL_UART_0_init               
00004735  dmp_enable_6x_lp_quat               
0000477d  dmp_enable_lp_quat                  
00004851  dmp_set_shake_reject_thresh         
00004895  dmp_set_tap_count                   
000048d9  No_Mcu_Ganv_Sensor_Task_Without_tick
0000491d  DL_ADC12_setClockConfig             
0000495d  SYSCFG_DL_UART_1_init               
0000499d  __aeabi_uidiv                       
0000499d  __aeabi_uidivmod                    
000049dd  __aeabi_f2d                         
000049dd  __extendsfdf2                       
00004a5d  DL_I2C_flushControllerTXFIFO        
00004ad5  Get_Anolog_Value                    
00004b11  LED_KEY_Blink_Update                
00004b4d  __aeabi_i2f                         
00004b4d  __floatsisf                         
00004b89  __gesf2                             
00004b89  __gtsf2                             
00004bc5  mspm0_delay_ms                      
00004c01  uart0_send_string                   
00004c3d  __cmpsf2                            
00004c3d  __eqsf2                             
00004c3d  __lesf2                             
00004c3d  __ltsf2                             
00004c3d  __nesf2                             
00004c79  __muldsi3                           
00004ced  __aeabi_f2iz                        
00004ced  __fixsfsi                           
00004d25  LED_off                             
00004d59  LED_toggle                          
00004d8d  mpu_get_sample_rate                 
00004dc1  readBlackFromFlash                  
00004df5  readWhiteFromFlash                  
00004e29  SYSCFG_DL_SYSCTL_init               
00004e5b  dmp_set_shake_reject_time           
00004e8d  dmp_set_shake_reject_timeout        
00004ef1  dmp_set_tap_time                    
00004f21  dmp_set_tap_time_multi              
00004fa9  SYSCFG_DL_TIMER_Encoder_init        
00005001  __aeabi_i2d                         
00005001  __floatsidf                         
0000502d  mspm0_get_clock_ms                  
00005059  uart0_send_char                     
00005175  SYSCFG_DL_DMA_CH0_init              
0000519d  Tick_delay                          
000051c5  __aeabi_ui2f                        
000051c5  __floatunsisf                       
000051ed  _c_int00_noargs                     
00005261  DL_I2C_setClockConfig               
00005289  DL_FlashCTL_programMemoryFromRAM64  
000052ad  __aeabi_ui2d                        
000052ad  __floatunsidf                       
000052f1  Encoder_GetDelta                    
00005311  Encoder_HandleGPIOB                 
00005331  memcmp                              
0000538d  delay_us                            
000055a5  DL_Timer_setCaptCompUpdateMethod    
000055c1  DL_Timer_setClockConfig             
000055f9  dmp_load_motion_driver_firmware     
0000565d  DL_FlashCTL_eraseMemoryFromRAM      
000058e5  DL_Timer_setCaptureCompareOutCtl    
0000595d  LED_KEY_Blink_Start                 
00005b01  LED_KEY_Blink_SetInterval           
00005b15  LED_KEY_Blink_Stop                  
00005b29  SysTick_Handler                     
00005b3d  SysTick_Init                        
00005b51  dmp_register_android_orient_cb      
00005b65  dmp_register_tap_cb                 
00005b8b  DL_UART_setClockConfig              
00005b9d  TI_memcpy_small                     
00005baf  __TI_decompress_none                
00005be1  DL_Timer_setCaptureCompareValue     
00005bf1  Tick_SysTickCallback                
00005c01  __TI_zero_init                      
00005c11  Get_Digtal_For_User                 
00005c2d  TI_memset_small                     
00005c3b  SYSCFG_DL_SYSTICK_init              
00005c49  __aeabi_memclr                      
00005c49  __aeabi_memclr4                     
00005c49  __aeabi_memclr8                     
00005c55  DL_Common_delayCycles               
00005c5f  LED_init                            
00005c75  __aeabi_memcpy                      
00005c75  __aeabi_memcpy4                     
00005c75  __aeabi_memcpy8                     
00005c7d  abort                               
00005c83  ADC0_IRQHandler                     
00005c83  ADC1_IRQHandler                     
00005c83  AES_IRQHandler                      
00005c83  CANFD0_IRQHandler                   
00005c83  DAC0_IRQHandler                     
00005c83  DMA_IRQHandler                      
00005c83  Default_Handler                     
00005c83  GROUP0_IRQHandler                   
00005c83  HardFault_Handler                   
00005c83  I2C0_IRQHandler                     
00005c83  I2C1_IRQHandler                     
00005c83  NMI_Handler                         
00005c83  PendSV_Handler                      
00005c83  RTC_IRQHandler                      
00005c83  SPI0_IRQHandler                     
00005c83  SPI1_IRQHandler                     
00005c83  SVC_Handler                         
00005c83  TIMA0_IRQHandler                    
00005c83  TIMA1_IRQHandler                    
00005c83  TIMG0_IRQHandler                    
00005c83  TIMG12_IRQHandler                   
00005c83  TIMG6_IRQHandler                    
00005c83  TIMG7_IRQHandler                    
00005c83  TIMG8_IRQHandler                    
00005c83  UART0_IRQHandler                    
00005c83  UART1_IRQHandler                    
00005c83  UART2_IRQHandler                    
00005c83  UART3_IRQHandler                    
00005c86  C$$EXIT                             
00005c87  HOSTexit                            
00005c8b  Reset_Handler                       
00005ca1  _system_pre_init                    
000068b8  test                                
000068e0  reg                                 
0000693e  hw                                  
00006a04  __TI_Handler_Table_Base             
00006a10  __TI_Handler_Table_Limit            
00006a18  __TI_CINIT_Base                     
00006a28  __TI_CINIT_Limit                    
00006a28  __TI_CINIT_Warm                     
00006a28  __TI_table_binit                    
00006a28  __binit__                           
00006a28  binit                               
20200000  __start___llvm_prf_bits             
20200000  __start___llvm_prf_cnts             
20200000  __stop___llvm_prf_bits              
20200000  __stop___llvm_prf_cnts              
20200000  gPWM_MOTORBackup                    
202000bc  gTIMER_EncoderBackup                
20200178  sensor                              
20200228  motor_l                             
202002d4  motor_r                             
20200380  ADC_VALUE                           
202003d0  tracking_pid                        
20200418  gUART_0Backup                       
20200448  encL                                
2020046c  encR                                
20200490  long_pressed_key_time               
20200494  state                               
20200498  tick_ms                             
2020049c  Digtal                              
202004cc  Anolog                              
202004dc  black                               
202004fc  white                               
2020051a  enable_group1_irq                   
2020051b  key_pressed                         
20200531  long_err_flag                       
2020053c  Tick                                
20200540  base_target_speed                   
20200544  last_key_time                       
20207e00  __stack                             
20208000  __STACK_END                         
ffffffff  __TI_pprof_out_hndl                 
ffffffff  __TI_prof_data_size                 
ffffffff  __TI_prof_data_start                
UNDEFED   __mpu_init                          
UNDEFED   _system_post_cinit                  

[281 symbols]
