******************************************************************************
            TI ARM Clang Linker PC v4.0.4                      
******************************************************************************
>> Linked Tue Jul 14 23:08:29 2026

OUTPUT FILE NAME:   <empty_LP_MSPM0G3507_nortos_ticlang.out>
ENTRY POINT SYMBOL: "_c_int00_noargs"  address: 000027d5


MEMORY CONFIGURATION

         name            origin    length      used     unused   attr    fill
----------------------  --------  ---------  --------  --------  ----  --------
  FLASH                 00000000   00020000  00003238  0001cdc8  R  X
  SRAM                  20200000   00008000  000004a3  00007b5d  RW X
  BCR_CONFIG            41c00000   000000ff  00000000  000000ff  R   
  BSL_CONFIG            41c00100   00000080  00000000  00000080  R   


SEGMENT ALLOCATION MAP

run origin  load origin   length   init length attrs members
----------  ----------- ---------- ----------- ----- -------
00000000    00000000    00002fe8   00002fe8    r-x
  00000000    00000000    000000c0   000000c0    r-- .intvecs
  000000c0    000000c0    00002f28   00002f28    r-x .text
00002ff0    00002ff0    000001b0   000001b0    r--
  00002ff0    00002ff0    000001b0   000001b0    r-- .rodata
00003200    00003200    00000040   00000040    r--
  00003200    00003200    00000030   00000030    r-- .cinit
  00003230    00003230    00000010   00000010    r-- .binit
20200000    20200000    000001f5   00000000    rw-
  20200000    20200000    000001f5   00000000    rw- .bss
202001f8    000031a0    00000060   00000060    r-x
  202001f8    000031a0    00000060   00000060    r-x .TI.ramfunc
20200258    20200258    0000004e   00000000    rw-
  20200258    20200258    0000004e   00000000    rw- .data
20207e00    20207e00    00000200   00000000    rw-
  20207e00    20207e00    00000200   00000000    rw- .stack


SECTION ALLOCATION MAP

 output                                  attributes/
section   page    origin      length       input sections
--------  ----  ----------  ----------   ----------------
.intvecs   0    00000000    000000c0     
                  00000000    000000c0     startup_mspm0g350x_ticlang.o (.intvecs)

.text      0    000000c0    00002f28     
                  000000c0    00000868     libc.a : _printfi.c.obj (.text:__TI_printfi_nofloat)
                  00000928    00000234     key.o (.text.Key_Process)
                  00000b5c    00000192     libclang_rt.builtins.a : adddf3.S.obj (.text.adddf3_subdf3)
                  00000cee    00000002                            : aeabi_div0.c.obj (.text.__aeabi_idiv0)
                  00000cf0    00000188     No_Mcu_Ganv_Grayscale_Sensor.o (.text.No_MCU_Ganv_Sensor_Init)
                  00000e78    00000148     main.o (.text.main)
                  00000fc0    00000124     ti_msp_dl_config.o (.text.SYSCFG_DL_GPIO_init)
                  000010e4    0000010c     libclang_rt.builtins.a : divdf3.S.obj (.text.__divdf3)
                  000011f0    00000104     driverlib.a : dl_timer.o (.text.DL_Timer_initFourCCPWMMode)
                  000012f4    000000e4     libclang_rt.builtins.a : muldf3.S.obj (.text.__muldf3)
                  000013d8    000000d8     driverlib.a : dl_flashctl.o (.text.DL_FlashCTL_unprotectSector)
                  000014b0    000000b8     No_Mcu_Ganv_Grayscale_Sensor.o (.text.Get_Analog_value)
                  00001568    000000b4     flash.o (.text.writeToFlash)
                  0000161c    000000aa     No_Mcu_Ganv_Grayscale_Sensor.o (.text.normalizeAnalogValues)
                  000016c6    00000002     libclang_rt.builtins.a : aeabi_div0.c.obj (.text.__aeabi_ldiv0)
                  000016c8    000000a2                            : udivmoddi4.S.obj (.text)
                  0000176a    00000002     --HOLE-- [fill = 0]
                  0000176c    00000090     ti_msp_dl_config.o (.text.SYSCFG_DL_PWM_MOTOR_init)
                  000017fc    0000008c     ti_msp_dl_config.o (.text.SYSCFG_DL_initPower)
                  00001888    00000084     ti_msp_dl_config.o (.text.__NVIC_SetPriority)
                  0000190c    00000080     led.o (.text.LED_setAll)
                  0000198c    0000007c     libc.a : copy_decompress_lzss.c.obj (.text:decompress:lzss)
                  00001a08    00000074     libclang_rt.builtins.a : comparedf2.c.obj (.text.__gedf2)
                  00001a7c    00000074     adc.o (.text.adc_getValue)
                  00001af0    00000072     No_Mcu_Ganv_Grayscale_Sensor.o (.text.No_MCU_Ganv_Sensor_Init_Frist)
                  00001b62    00000002     --HOLE-- [fill = 0]
                  00001b64    0000006c     ti_msp_dl_config.o (.text.SYSCFG_DL_ADC_VOLTAGE_init)
                  00001bd0    0000006c     No_Mcu_Ganv_Grayscale_Sensor.o (.text.convertAnalogToDigital)
                  00001c3c    00000068     main.o (.text.GROUP1_IRQHandler)
                  00001ca4    00000068     libclang_rt.builtins.a : comparedf2.c.obj (.text.__ledf2)
                  00001d0c    00000064     ti_msp_dl_config.o (.text.DL_ADC12_initSingleSample)
                  00001d70    00000062     libclang_rt.builtins.a : aeabi_dcmp.S.obj (.text.__aeabi_dcmp)
                  00001dd2    00000002     --HOLE-- [fill = 0]
                  00001dd4    00000058     ti_msp_dl_config.o (.text.SYSCFG_DL_I2C_OLED_init)
                  00001e2c    00000058     key.o (.text.adjust_white_black)
                  00001e84    00000050     ti_msp_dl_config.o (.text.DL_GPIO_initPeripheralInputFunctionFeatures)
                  00001ed4    00000050     ti_msp_dl_config.o (.text.SysTick_Config)
                  00001f24    0000004c     driverlib.a : dl_dma.o (.text.DL_DMA_initChannel)
                  00001f70    0000004c     ti_msp_dl_config.o (.text.DL_GPIO_initDigitalInputFeatures)
                  00001fbc    0000004c     ti_msp_dl_config.o (.text.DL_UART_setBaudRateDivisor)
                  00002008    0000004c     libc.a : cpy_tbl.c.obj (.text.copy_in)
                  00002054    0000004c            : autoinit.c.obj (.text:__TI_auto_init_nopinit)
                  000020a0    0000004a     ti_msp_dl_config.o (.text.DL_ADC12_configConversionMem)
                  000020ea    00000002     --HOLE-- [fill = 0]
                  000020ec    0000004a     libclang_rt.builtins.a : fixdfsi.S.obj (.text.__fixdfsi)
                  00002136    00000002     --HOLE-- [fill = 0]
                  00002138    00000048     driverlib.a : dl_uart.o (.text.DL_UART_init)
                  00002180    00000048     ti_msp_dl_config.o (.text.SYSCFG_DL_UART_0_init)
                  000021c8    00000044     ti_msp_dl_config.o (.text.SYSCFG_DL_init)
                  0000220c    00000042     No_Mcu_Ganv_Grayscale_Sensor.o (.text.No_Mcu_Ganv_Sensor_Task_Without_tick)
                  0000224e    00000002     --HOLE-- [fill = 0]
                  00002250    00000040     driverlib.a : dl_adc12.o (.text.DL_ADC12_setClockConfig)
                  00002290    00000040     ti_msp_dl_config.o (.text.SYSCFG_DL_UART_1_init)
                  000022d0    00000040     libclang_rt.builtins.a : aeabi_uidivmod.S.obj (.text.__aeabi_uidivmod)
                  00002310    00000040     libc.a : atoi.c.obj (.text.atoi)
                  00002350    0000003c     ti_msp_dl_config.o (.text.DL_Timer_setCounterControl)
                  0000238c    0000003c     No_Mcu_Ganv_Grayscale_Sensor.o (.text.Get_Anolog_Value)
                  000023c8    0000003c     led.o (.text.LED_KEY_Blink_Update)
                  00002404    0000003c     uart.o (.text.uart0_send_string)
                  00002440    0000003a     libclang_rt.builtins.a : muldsi3.S.obj (.text.__muldsi3)
                  0000247a    00000002     --HOLE-- [fill = 0]
                  0000247c    00000038     libc.a : sprintf.c.obj (.text.sprintf)
                  000024b4    00000034     led.o (.text.LED_off)
                  000024e8    00000034     led.o (.text.LED_toggle)
                  0000251c    00000034     flash.o (.text.readBlackFromFlash)
                  00002550    00000034     flash.o (.text.readWhiteFromFlash)
                  00002584    00000030     ti_msp_dl_config.o (.text.DL_DMA_setTransferSize)
                  000025b4    0000002c     ti_msp_dl_config.o (.text.DL_ADC12_setDMASamplesCnt)
                  000025e0    0000002c     flash.o (.text.DL_FlashCTL_waitForCmdDone)
                  0000260c    0000002c     main.o (.text.__NVIC_EnableIRQ)
                  00002638    0000002c     libclang_rt.builtins.a : floatsidf.S.obj (.text.__floatsidf)
                  00002664    0000002c     uart.o (.text.uart0_send_char)
                  00002690    0000002a     ti_msp_dl_config.o (.text.SYSCFG_DL_SYSCTL_init)
                  000026ba    00000028     ti_msp_dl_config.o (.text.DL_Common_updateReg)
                  000026e2    00000002     --HOLE-- [fill = 0]
                  000026e4    00000028     main.o (.text.DL_DMA_setDestAddr)
                  0000270c    00000028     main.o (.text.DL_DMA_setSrcAddr)
                  00002734    00000028     ti_msp_dl_config.o (.text.DL_I2C_setControllerRXFIFOThreshold)
                  0000275c    00000028     ti_msp_dl_config.o (.text.DL_I2C_setControllerTXFIFOThreshold)
                  00002784    00000028     ti_msp_dl_config.o (.text.SYSCFG_DL_DMA_CH0_init)
                  000027ac    00000028     delay.o (.text.Tick_delay)
                  000027d4    00000028     libc.a : boot_cortex_m.c.obj (.text:_c_int00_noargs)
                  000027fc    00000026     main.o (.text.DL_DMA_enableChannel)
                  00002822    00000026     ti_msp_dl_config.o (.text.DL_I2C_setAnalogGlitchFilterPulseWidth)
                  00002848    00000026     driverlib.a : dl_i2c.o (.text.DL_I2C_setClockConfig)
                  0000286e    00000002     --HOLE-- [fill = 0]
                  00002870    00000024                 : dl_flashctl.o (.text.DL_FlashCTL_programMemoryFromRAM64)
                  00002894    00000024     libclang_rt.builtins.a : floatunsidf.S.obj (.text.__floatunsidf)
                  000028b8    00000024                            : muldi3.S.obj (.text.__muldi3)
                  000028dc    00000022     libc.a : memccpy.c.obj (.text.memccpy)
                  000028fe    00000002     --HOLE-- [fill = 0]
                  00002900    00000020     ti_msp_dl_config.o (.text.DL_GPIO_initPeripheralInputFunction)
                  00002920    0000001e     ti_msp_dl_config.o (.text.DL_UART_setOversampling)
                  0000293e    00000002     --HOLE-- [fill = 0]
                  00002940    0000001e     libclang_rt.builtins.a : ashldi3.S.obj (.text.__ashldi3)
                  0000295e    00000002     --HOLE-- [fill = 0]
                  00002960    0000001c     ti_msp_dl_config.o (.text.DL_ADC12_enableDMA)
                  0000297c    0000001c     ti_msp_dl_config.o (.text.DL_ADC12_enableDMATrigger)
                  00002998    0000001c     main.o (.text.DL_ADC12_startConversion)
                  000029b4    0000001c     ti_msp_dl_config.o (.text.DL_GPIO_clearInterruptStatus)
                  000029d0    0000001c     ti_msp_dl_config.o (.text.DL_GPIO_enableHiZ)
                  000029ec    0000001c     ti_msp_dl_config.o (.text.DL_GPIO_enableInterrupt)
                  00002a08    0000001c     ti_msp_dl_config.o (.text.DL_GPIO_initPeripheralOutputFunction)
                  00002a24    0000001c     ti_msp_dl_config.o (.text.DL_GPIO_setLowerPinsPolarity)
                  00002a40    0000001c     ti_msp_dl_config.o (.text.DL_SYSCTL_setMCLKDivider)
                  00002a5c    0000001c     ti_msp_dl_config.o (.text.DL_SYSCTL_setSYSOSCFreq)
                  00002a78    0000001c     ti_msp_dl_config.o (.text.DL_SYSCTL_setULPCLKDivider)
                  00002a94    0000001c     driverlib.a : dl_timer.o (.text.DL_Timer_setCaptCompUpdateMethod)
                  00002ab0    0000001c                 : dl_timer.o (.text.DL_Timer_setClockConfig)
                  00002acc    0000001c     ti_msp_dl_config.o (.text.DL_UART_enableInterrupt)
                  00002ae8    00000018     ti_msp_dl_config.o (.text.DL_ADC12_enablePower)
                  00002b00    00000018     ti_msp_dl_config.o (.text.DL_ADC12_reset)
                  00002b18    00000018     ti_msp_dl_config.o (.text.DL_ADC12_setSampleTime0)
                  00002b30    00000018     driverlib.a : dl_flashctl.o (.text.DL_FlashCTL_eraseMemoryFromRAM)
                  00002b48    00000018     ti_msp_dl_config.o (.text.DL_GPIO_enableOutput)
                  00002b60    00000018     ti_msp_dl_config.o (.text.DL_GPIO_enablePower)
                  00002b78    00000018     ti_msp_dl_config.o (.text.DL_GPIO_initDigitalOutput)
                  00002b90    00000018     ti_msp_dl_config.o (.text.DL_GPIO_reset)
                  00002ba8    00000018     No_Mcu_Ganv_Grayscale_Sensor.o (.text.DL_GPIO_setPins)
                  00002bc0    00000018     led.o (.text.DL_GPIO_setPins)
                  00002bd8    00000018     led.o (.text.DL_GPIO_togglePins)
                  00002bf0    00000018     ti_msp_dl_config.o (.text.DL_I2C_enableAnalogGlitchFilter)
                  00002c08    00000018     ti_msp_dl_config.o (.text.DL_I2C_enableController)
                  00002c20    00000018     ti_msp_dl_config.o (.text.DL_I2C_enableControllerClockStretching)
                  00002c38    00000018     ti_msp_dl_config.o (.text.DL_I2C_enablePower)
                  00002c50    00000018     ti_msp_dl_config.o (.text.DL_I2C_reset)
                  00002c68    00000018     ti_msp_dl_config.o (.text.DL_I2C_setTimerPeriod)
                  00002c80    00000018     ti_msp_dl_config.o (.text.DL_SYSCTL_setBORThreshold)
                  00002c98    00000018     ti_msp_dl_config.o (.text.DL_Timer_enablePower)
                  00002cb0    00000018     ti_msp_dl_config.o (.text.DL_Timer_reset)
                  00002cc8    00000018     driverlib.a : dl_timer.o (.text.DL_Timer_setCaptureCompareOutCtl)
                  00002ce0    00000018     ti_msp_dl_config.o (.text.DL_UART_enablePower)
                  00002cf8    00000018     uart.o (.text.DL_UART_isBusy)
                  00002d10    00000018     ti_msp_dl_config.o (.text.DL_UART_reset)
                  00002d28    00000018     led.o (.text.LED_KEY_Blink_Start)
                  00002d40    00000018     libc.a : sprintf.c.obj (.text._outs)
                  00002d58    00000016     ti_msp_dl_config.o (.text.DL_ADC12_enableConversions)
                  00002d6e    00000016     key.o (.text.DL_GPIO_readPins)
                  00002d84    00000016     main.o (.text.DL_GPIO_readPins)
                  00002d9a    00000016     ti_msp_dl_config.o (.text.DL_UART_enable)
                  00002db0    00000016     uart.o (.text.DL_UART_transmitData)
                  00002dc6    00000016     libc.a : copy_zero_init.c.obj (.text:decompress:ZI:__TI_zero_init_nomemset)
                  00002ddc    00000014     No_Mcu_Ganv_Grayscale_Sensor.o (.text.DL_GPIO_clearPins)
                  00002df0    00000014     led.o (.text.DL_GPIO_clearPins)
                  00002e04    00000014     ti_msp_dl_config.o (.text.DL_GPIO_clearPins)
                  00002e18    00000014     ti_msp_dl_config.o (.text.DL_I2C_resetControllerTransfer)
                  00002e2c    00000014     ti_msp_dl_config.o (.text.DL_SYSCTL_disableSYSPLL)
                  00002e40    00000014     ti_msp_dl_config.o (.text.DL_Timer_enableClock)
                  00002e54    00000014     ti_msp_dl_config.o (.text.DL_Timer_setCCPDirection)
                  00002e68    00000014     led.o (.text.LED_KEY_Blink_SetInterval)
                  00002e7c    00000014     led.o (.text.LED_KEY_Blink_Stop)
                  00002e90    00000014     libclang_rt.builtins.a : aeabi_uldivmod.S.obj (.text.__aeabi_uldivmod)
                  00002ea4    00000012     main.o (.text.DL_GPIO_getPendingInterrupt)
                  00002eb6    00000012     driverlib.a : dl_uart.o (.text.DL_UART_setClockConfig)
                  00002ec8    00000012     libc.a : memcpy16.S.obj (.text:TI_memcpy_small)
                  00002eda    00000012            : copy_decompress_none.c.obj (.text:decompress:none)
                  00002eec    00000010     ti_msp_dl_config.o (.text.DL_SYSCTL_disableHFXT)
                  00002efc    00000010     driverlib.a : dl_timer.o (.text.DL_Timer_setCaptureCompareValue)
                  00002f0c    00000010     delay.o (.text.Tick_SysTickCallback)
                  00002f1c    00000010     libc.a : wcslen.c.obj (.text.wcslen)
                  00002f2c    0000000e     No_Mcu_Ganv_Grayscale_Sensor.o (.text.Get_Digtal_For_User)
                  00002f3a    00000002     --HOLE-- [fill = 0]
                  00002f3c    0000000e     libclang_rt.builtins.a : aeabi_memset.S.obj (.text.__aeabi_memset)
                  00002f4a    0000000e     libc.a : _printfi.c.obj (.text.strlen)
                  00002f58    0000000e            : memset16.S.obj (.text:TI_memset_small)
                  00002f66    0000000c     ti_msp_dl_config.o (.text.SYSCFG_DL_SYSTICK_init)
                  00002f72    00000002     --HOLE-- [fill = 0]
                  00002f74    0000000c     libclang_rt.builtins.a : aeabi_memset.S.obj (.text.__aeabi_memclr)
                  00002f80    0000000a     driverlib.a : dl_common.o (.text.DL_Common_delayCycles)
                  00002f8a    0000000a     led.o (.text.LED_init)
                  00002f94    0000000a     libc.a : sprintf.c.obj (.text._outc)
                  00002f9e    00000008     ti_msp_dl_config.o (.text.SYSCFG_DL_DMA_init)
                  00002fa6    00000008     delay.o (.text.SysTick_Handler)
                  00002fae    00000002     --HOLE-- [fill = 0]
                  00002fb0    00000008     libc.a : aeabi_portable.c.obj (.text.__aeabi_errno_addr)
                  00002fb8    00000008     libclang_rt.builtins.a : aeabi_memcpy.S.obj (.text.__aeabi_memcpy)
                  00002fc0    00000006     libc.a : exit.c.obj (.text:abort)
                  00002fc6    00000004     startup_mspm0g350x_ticlang.o (.text.Default_Handler)
                  00002fca    00000004     libsysbm.a : hostexit.c.obj (.text.HOSTexit)
                  00002fce    00000004     startup_mspm0g350x_ticlang.o (.text.Reset_Handler)
                  00002fd2    00000004     libc.a : pre_init.c.obj (.text._system_pre_init)
                  00002fd6    00000002     --HOLE-- [fill = 0]
                  00002fd8    00000010     driverlib.a : dl_flashctl.o (.tramp.DL_FlashCTL_executeCommandFromRAM.1)

.TI.ramfunc 
*          0    000031a0    00000060     RUN ADDR = 202001f8
                  000031a0    00000060     driverlib.a : dl_flashctl.o (.TI.ramfunc)

.cinit     0    00003200    00000030     
                  00003200    0000000c     (__TI_handler_table)
                  0000320c    00000008     (.cinit..bss.load) [load image, compression = zero_init]
                  00003214    00000008     (.cinit..data.load) [load image, compression = lzss]
                  0000321c    00000010     (__TI_cinit_table)
                  0000322c    00000004     --HOLE-- [fill = 0]

.rodata    0    00002ff0    000001b0     
                  00002ff0    00000101     libc.a : aeabi_ctype.S.obj (.rodata:__aeabi_ctype_table_)
                  000030f1    00000021     main.o (.rodata.str1.15159059442110792349.1)
                  00003112    00000021     main.o (.rodata.str1.8154729771448623357.1)
                  00003133    00000001     --HOLE-- [fill = 0]
                  00003134    00000018     ti_msp_dl_config.o (.rodata.gDMA_CH0Config)
                  0000314c    00000011     libc.a : _printfi.c.obj (.rodata.str1.10348868589481759720.1)
                  0000315d    00000011            : _printfi.c.obj (.rodata.str1.15363888844622738466.1)
                  0000316e    0000000a     ti_msp_dl_config.o (.rodata.gUART_0Config)
                  00003178    0000000a     ti_msp_dl_config.o (.rodata.gUART_1Config)
                  00003182    00000002     ti_msp_dl_config.o (.rodata.gI2C_OLEDClockConfig)
                  00003184    00000008     ti_msp_dl_config.o (.rodata.gADC_VOLTAGEClockConfig)
                  0000318c    00000008     ti_msp_dl_config.o (.rodata.gPWM_MOTORConfig)
                  00003194    00000004     led.o (.rodata.LED_PINS)
                  00003198    00000003     ti_msp_dl_config.o (.rodata.gPWM_MOTORClockConfig)
                  0000319b    00000002     ti_msp_dl_config.o (.rodata.gUART_0ClockConfig)
                  0000319d    00000002     ti_msp_dl_config.o (.rodata.gUART_1ClockConfig)
                  0000319f    00000001     --HOLE-- [fill = 0]

.init_array 
*          0    00000000    00000000     UNINITIALIZED

.binit     0    00003230    00000010     
                  00003230    00000010     (.binit)

.bss       0    20200000    000001f5     UNINITIALIZED
                  20200000    000000bc     (.common:gPWM_MOTORBackup)
                  202000bc    00000004     (.common:long_pressed_key_time)
                  202000c0    000000b0     (.common:sensor)
                  20200170    00000050     (.common:ADC_VALUE)
                  202001c0    00000030     (.common:gUART_0Backup)
                  202001f0    00000004     (.common:state)
                  202001f4    00000001     (.common:Digtal)

.data      0    20200258    0000004e     UNINITIALIZED
                  20200258    00000010     main.o (.data.Anolog)
                  20200268    00000010     main.o (.data.black)
                  20200278    00000010     main.o (.data.white)
                  20200288    0000000c     led.o (.data.keyBlinkCtrl)
                  20200294    00000004     key.o (.data.Key_Process.last_blink_time)
                  20200298    00000004     delay.o (.data.Tick)
                  2020029c    00000004     libc.a : aeabi_portable.c.obj (.data.__aeabi_errno)
                  202002a0    00000004     key.o (.data.last_key_time)
                  202002a4    00000001     key.o (.data.key_pressed)
                  202002a5    00000001     key.o (.data.long_err_flag)

.stack     0    20207e00    00000200     UNINITIALIZED
                  20207e00    00000004     libc.a : boot_cortex_m.c.obj (.stack)
                  20207e04    000001fc     --HOLE--

__llvm_prf_cnts 
*          0    20200000    00000000     UNINITIALIZED

__llvm_prf_bits 
*          0    20200000    00000000     UNINITIALIZED

MODULE SUMMARY

       Module                           code    ro data   rw data
       ------                           ----    -------   -------
    .\
       ti_msp_dl_config.o               2968    69        236    
       main.o                           662     66        225    
       startup_mspm0g350x_ticlang.o     8       192       0      
    +--+--------------------------------+-------+---------+---------+
       Total:                           3638    327       461    
                                                                 
    .\Driver\
       No_Mcu_Ganv_Grayscale_Sensor.o   1152    0         0      
       key.o                            674     0         18     
       led.o                            434     4         12     
       flash.o                          328     0         0      
       adc.o                            116     0         80     
       uart.o                           150     0         0      
       delay.o                          64      0         4      
    +--+--------------------------------+-------+---------+---------+
       Total:                           2918    4         114    
                                                                 
    D:/ti/mspm0_sdk_2_10_00_04/source/ti/driverlib/lib/ticlang/m0p/mspm0g1x0x_g3x0x/driverlib.a
       dl_flashctl.o                    484     0         0      
       dl_timer.o                       356     0         0      
       dl_uart.o                        90      0         0      
       dl_dma.o                         76      0         0      
       dl_adc12.o                       64      0         0      
       dl_i2c.o                         38      0         0      
       dl_common.o                      10      0         0      
    +--+--------------------------------+-------+---------+---------+
       Total:                           1118    0         0      
                                                                 
    D:\ti\ccs2051\ccs\tools\compiler\ti-cgt-armllvm_4.0.4.LTS\lib\armv6m-ti-none-eabi/c/libc.a
       _printfi.c.obj                   2166    34        0      
       aeabi_ctype.S.obj                0       257       0      
       copy_decompress_lzss.c.obj       124     0         0      
       sprintf.c.obj                    90      0         0      
       autoinit.c.obj                   76      0         0      
       cpy_tbl.c.obj                    76      0         0      
       atoi.c.obj                       64      0         0      
       boot_cortex_m.c.obj              40      0         0      
       memccpy.c.obj                    34      0         0      
       copy_zero_init.c.obj             22      0         0      
       copy_decompress_none.c.obj       18      0         0      
       memcpy16.S.obj                   18      0         0      
       wcslen.c.obj                     16      0         0      
       memset16.S.obj                   14      0         0      
       aeabi_portable.c.obj             8       0         4      
       exit.c.obj                       6       0         0      
       pre_init.c.obj                   4       0         0      
    +--+--------------------------------+-------+---------+---------+
       Total:                           2776    291       4      
                                                                 
    D:\ti\ccs2051\ccs\tools\compiler\ti-cgt-armllvm_4.0.4.LTS\lib\armv6m-ti-none-eabi/c/libsysbm.a
       hostexit.c.obj                   4       0         0      
    +--+--------------------------------+-------+---------+---------+
       Total:                           4       0         0      
                                                                 
    D:\ti\ccs2051\ccs\tools\compiler\ti-cgt-armllvm_4.0.4.LTS\lib\armv6m-ti-none-eabi/libclang_rt.builtins.a
       adddf3.S.obj                     402     0         0      
       divdf3.S.obj                     268     0         0      
       muldf3.S.obj                     228     0         0      
       comparedf2.c.obj                 220     0         0      
       udivmoddi4.S.obj                 162     0         0      
       aeabi_dcmp.S.obj                 98      0         0      
       fixdfsi.S.obj                    74      0         0      
       aeabi_uidivmod.S.obj             64      0         0      
       muldsi3.S.obj                    58      0         0      
       floatsidf.S.obj                  44      0         0      
       floatunsidf.S.obj                36      0         0      
       muldi3.S.obj                     36      0         0      
       ashldi3.S.obj                    30      0         0      
       aeabi_memset.S.obj               26      0         0      
       aeabi_uldivmod.S.obj             20      0         0      
       aeabi_memcpy.S.obj               8       0         0      
       aeabi_div0.c.obj                 4       0         0      
    +--+--------------------------------+-------+---------+---------+
       Total:                           1778    0         0      
                                                                 
       Stack:                           0       0         512    
       Linker Generated:                0       60        0      
    +--+--------------------------------+-------+---------+---------+
       Grand Total:                     12232   682       1091   


LINKER GENERATED COPY TABLES

__TI_cinit_table @ 0000321c records: 2, size/record: 8, table size: 16
	.bss: load addr=0000320c, load size=00000008 bytes, run addr=20200000, run size=000001f5 bytes, compression=zero_init
	.data: load addr=00003214, load size=00000008 bytes, run addr=20200258, run size=0000004e bytes, compression=lzss
binit @ 00003230 records: 1, size/record: 12, table size: 16
	.TI.ramfunc: load addr=000031a0, load size=00000060, run addr=202001f8, run size=00000060, compression=none


LINKER GENERATED HANDLER TABLE

__TI_handler_table @ 00003200 records: 3, size/record: 4, table size: 12
	index: 0, handler: __TI_decompress_lzss
	index: 1, handler: __TI_decompress_none
	index: 2, handler: __TI_zero_init


FAR CALL TRAMPOLINES

callee name               trampoline name
   callee addr  tramp addr   call addr  call info
--------------  -----------  ---------  ----------------
DL_FlashCTL_executeCommandFromRAM  $Tramp$TT$L$PI$$DL_FlashCTL_executeCommandFromRAM
   202001f9     00002fd8     00002888   driverlib.a : dl_flashctl.o (.text.DL_FlashCTL_programMemoryFromRAM64)
                             00002b3e               : dl_flashctl.o (.text.DL_FlashCTL_eraseMemoryFromRAM)

[1 trampolines]
[2 trampoline calls]


GLOBAL SYMBOLS: SORTED ALPHABETICALLY BY Name 

address   name                                
-------   ----                                
00002fc7  ADC0_IRQHandler                     
00002fc7  ADC1_IRQHandler                     
20200170  ADC_VALUE                           
00002fc7  AES_IRQHandler                      
20200258  Anolog                              
00002fca  C$$EXIT                             
00002fc7  CANFD0_IRQHandler                   
00002fc7  DAC0_IRQHandler                     
00002251  DL_ADC12_setClockConfig             
00002f81  DL_Common_delayCycles               
00001f25  DL_DMA_initChannel                  
00002b31  DL_FlashCTL_eraseMemoryFromRAM      
00002871  DL_FlashCTL_programMemoryFromRAM64  
000013d9  DL_FlashCTL_unprotectSector         
00002849  DL_I2C_setClockConfig               
000011f1  DL_Timer_initFourCCPWMMode          
00002a95  DL_Timer_setCaptCompUpdateMethod    
00002cc9  DL_Timer_setCaptureCompareOutCtl    
00002efd  DL_Timer_setCaptureCompareValue     
00002ab1  DL_Timer_setClockConfig             
00002139  DL_UART_init                        
00002eb7  DL_UART_setClockConfig              
00002fc7  DMA_IRQHandler                      
00002fc7  Default_Handler                     
202001f4  Digtal                              
00002fc7  GROUP0_IRQHandler                   
00001c3d  GROUP1_IRQHandler                   
000014b1  Get_Analog_value                    
0000238d  Get_Anolog_Value                    
00002f2d  Get_Digtal_For_User                 
00002fcb  HOSTexit                            
00002fc7  HardFault_Handler                   
00002fc7  I2C0_IRQHandler                     
00002fc7  I2C1_IRQHandler                     
00000929  Key_Process                         
00002e69  LED_KEY_Blink_SetInterval           
00002d29  LED_KEY_Blink_Start                 
00002e7d  LED_KEY_Blink_Stop                  
000023c9  LED_KEY_Blink_Update                
00002f8b  LED_init                            
000024b5  LED_off                             
0000190d  LED_setAll                          
000024e9  LED_toggle                          
00002fc7  NMI_Handler                         
00000cf1  No_MCU_Ganv_Sensor_Init             
00001af1  No_MCU_Ganv_Sensor_Init_Frist       
0000220d  No_Mcu_Ganv_Sensor_Task_Without_tick
00002fc7  PendSV_Handler                      
00002fc7  RTC_IRQHandler                      
00002fcf  Reset_Handler                       
00002fc7  SPI0_IRQHandler                     
00002fc7  SPI1_IRQHandler                     
00002fc7  SVC_Handler                         
00001b65  SYSCFG_DL_ADC_VOLTAGE_init          
00002785  SYSCFG_DL_DMA_CH0_init              
00002f9f  SYSCFG_DL_DMA_init                  
00000fc1  SYSCFG_DL_GPIO_init                 
00001dd5  SYSCFG_DL_I2C_OLED_init             
0000176d  SYSCFG_DL_PWM_MOTOR_init            
00002691  SYSCFG_DL_SYSCTL_init               
00002f67  SYSCFG_DL_SYSTICK_init              
00002181  SYSCFG_DL_UART_0_init               
00002291  SYSCFG_DL_UART_1_init               
000021c9  SYSCFG_DL_init                      
000017fd  SYSCFG_DL_initPower                 
00002fa7  SysTick_Handler                     
00002fc7  TIMA0_IRQHandler                    
00002fc7  TIMA1_IRQHandler                    
00002fc7  TIMG0_IRQHandler                    
00002fc7  TIMG12_IRQHandler                   
00002fc7  TIMG6_IRQHandler                    
00002fc7  TIMG7_IRQHandler                    
00002fc7  TIMG8_IRQHandler                    
00002ec9  TI_memcpy_small                     
00002f59  TI_memset_small                     
20200298  Tick                                
00002f0d  Tick_SysTickCallback                
000027ad  Tick_delay                          
00002fc7  UART0_IRQHandler                    
00002fc7  UART1_IRQHandler                    
00002fc7  UART2_IRQHandler                    
00002fc7  UART3_IRQHandler                    
20208000  __STACK_END                         
00000200  __STACK_SIZE                        
00000000  __TI_ATRegion0_region_sz            
00000000  __TI_ATRegion0_src_addr             
00000000  __TI_ATRegion0_trg_addr             
00000000  __TI_ATRegion1_region_sz            
00000000  __TI_ATRegion1_src_addr             
00000000  __TI_ATRegion1_trg_addr             
00000000  __TI_ATRegion2_region_sz            
00000000  __TI_ATRegion2_src_addr             
00000000  __TI_ATRegion2_trg_addr             
0000321c  __TI_CINIT_Base                     
0000322c  __TI_CINIT_Limit                    
0000322c  __TI_CINIT_Warm                     
00003200  __TI_Handler_Table_Base             
0000320c  __TI_Handler_Table_Limit            
00002055  __TI_auto_init_nopinit              
0000198d  __TI_decompress_lzss                
00002edb  __TI_decompress_none                
ffffffff  __TI_pprof_out_hndl                 
000000c1  __TI_printfi_nofloat                
ffffffff  __TI_prof_data_size                 
ffffffff  __TI_prof_data_start                
00000000  __TI_static_base__                  
00003230  __TI_table_binit                    
00002dc7  __TI_zero_init_nomemset             
00000b67  __adddf3                            
00002ff0  __aeabi_ctype_table_                
00002ff0  __aeabi_ctype_table_C               
000020ed  __aeabi_d2iz                        
00000b67  __aeabi_dadd                        
00001d71  __aeabi_dcmpeq                      
00001dad  __aeabi_dcmpge                      
00001dc1  __aeabi_dcmpgt                      
00001d99  __aeabi_dcmple                      
00001d85  __aeabi_dcmplt                      
000010e5  __aeabi_ddiv                        
000012f5  __aeabi_dmul                        
00000b5d  __aeabi_dsub                        
2020029c  __aeabi_errno                       
00002fb1  __aeabi_errno_addr                  
00002639  __aeabi_i2d                         
00000cef  __aeabi_idiv0                       
000016c7  __aeabi_ldiv0                       
00002941  __aeabi_llsl                        
000028b9  __aeabi_lmul                        
00002f75  __aeabi_memclr                      
00002f75  __aeabi_memclr4                     
00002f75  __aeabi_memclr8                     
00002fb9  __aeabi_memcpy                      
00002fb9  __aeabi_memcpy4                     
00002fb9  __aeabi_memcpy8                     
00002f3d  __aeabi_memset                      
00002f3d  __aeabi_memset4                     
00002f3d  __aeabi_memset8                     
00002895  __aeabi_ui2d                        
000022d1  __aeabi_uidiv                       
000022d1  __aeabi_uidivmod                    
00002e91  __aeabi_uldivmod                    
00002941  __ashldi3                           
00003230  __binit__                           
00001ca5  __cmpdf2                            
000010e5  __divdf3                            
00001ca5  __eqdf2                             
000020ed  __fixdfsi                           
00002639  __floatsidf                         
00002895  __floatunsidf                       
00001a09  __gedf2                             
00001a09  __gtdf2                             
00001ca5  __ledf2                             
00001ca5  __ltdf2                             
UNDEFED   __mpu_init                          
000012f5  __muldf3                            
000028b9  __muldi3                            
00002441  __muldsi3                           
00001ca5  __nedf2                             
20207e00  __stack                             
20200000  __start___llvm_prf_bits             
20200000  __start___llvm_prf_cnts             
20200000  __stop___llvm_prf_bits              
20200000  __stop___llvm_prf_cnts              
00000b5d  __subdf3                            
000016c9  __udivmoddi4                        
000027d5  _c_int00_noargs                     
UNDEFED   _system_post_cinit                  
00002fd3  _system_pre_init                    
00002fc1  abort                               
00001a7d  adc_getValue                        
00001e2d  adjust_white_black                  
00002311  atoi                                
00003230  binit                               
20200268  black                               
00001bd1  convertAnalogToDigital              
00002009  copy_in                             
20200000  gPWM_MOTORBackup                    
202001c0  gUART_0Backup                       
00000000  interruptVectors                    
202002a4  key_pressed                         
202002a0  last_key_time                       
202002a5  long_err_flag                       
202000bc  long_pressed_key_time               
00000e79  main                                
000028dd  memccpy                             
0000161d  normalizeAnalogValues               
0000251d  readBlackFromFlash                  
00002551  readWhiteFromFlash                  
202000c0  sensor                              
0000247d  sprintf                             
202001f0  state                               
00002665  uart0_send_char                     
00002405  uart0_send_string                   
00002f1d  wcslen                              
20200278  white                               
00001569  writeToFlash                        


GLOBAL SYMBOLS: SORTED BY Symbol Address 

address   name                                
-------   ----                                
00000000  __TI_ATRegion0_region_sz            
00000000  __TI_ATRegion0_src_addr             
00000000  __TI_ATRegion0_trg_addr             
00000000  __TI_ATRegion1_region_sz            
00000000  __TI_ATRegion1_src_addr             
00000000  __TI_ATRegion1_trg_addr             
00000000  __TI_ATRegion2_region_sz            
00000000  __TI_ATRegion2_src_addr             
00000000  __TI_ATRegion2_trg_addr             
00000000  __TI_static_base__                  
00000000  interruptVectors                    
000000c1  __TI_printfi_nofloat                
00000200  __STACK_SIZE                        
00000929  Key_Process                         
00000b5d  __aeabi_dsub                        
00000b5d  __subdf3                            
00000b67  __adddf3                            
00000b67  __aeabi_dadd                        
00000cef  __aeabi_idiv0                       
00000cf1  No_MCU_Ganv_Sensor_Init             
00000e79  main                                
00000fc1  SYSCFG_DL_GPIO_init                 
000010e5  __aeabi_ddiv                        
000010e5  __divdf3                            
000011f1  DL_Timer_initFourCCPWMMode          
000012f5  __aeabi_dmul                        
000012f5  __muldf3                            
000013d9  DL_FlashCTL_unprotectSector         
000014b1  Get_Analog_value                    
00001569  writeToFlash                        
0000161d  normalizeAnalogValues               
000016c7  __aeabi_ldiv0                       
000016c9  __udivmoddi4                        
0000176d  SYSCFG_DL_PWM_MOTOR_init            
000017fd  SYSCFG_DL_initPower                 
0000190d  LED_setAll                          
0000198d  __TI_decompress_lzss                
00001a09  __gedf2                             
00001a09  __gtdf2                             
00001a7d  adc_getValue                        
00001af1  No_MCU_Ganv_Sensor_Init_Frist       
00001b65  SYSCFG_DL_ADC_VOLTAGE_init          
00001bd1  convertAnalogToDigital              
00001c3d  GROUP1_IRQHandler                   
00001ca5  __cmpdf2                            
00001ca5  __eqdf2                             
00001ca5  __ledf2                             
00001ca5  __ltdf2                             
00001ca5  __nedf2                             
00001d71  __aeabi_dcmpeq                      
00001d85  __aeabi_dcmplt                      
00001d99  __aeabi_dcmple                      
00001dad  __aeabi_dcmpge                      
00001dc1  __aeabi_dcmpgt                      
00001dd5  SYSCFG_DL_I2C_OLED_init             
00001e2d  adjust_white_black                  
00001f25  DL_DMA_initChannel                  
00002009  copy_in                             
00002055  __TI_auto_init_nopinit              
000020ed  __aeabi_d2iz                        
000020ed  __fixdfsi                           
00002139  DL_UART_init                        
00002181  SYSCFG_DL_UART_0_init               
000021c9  SYSCFG_DL_init                      
0000220d  No_Mcu_Ganv_Sensor_Task_Without_tick
00002251  DL_ADC12_setClockConfig             
00002291  SYSCFG_DL_UART_1_init               
000022d1  __aeabi_uidiv                       
000022d1  __aeabi_uidivmod                    
00002311  atoi                                
0000238d  Get_Anolog_Value                    
000023c9  LED_KEY_Blink_Update                
00002405  uart0_send_string                   
00002441  __muldsi3                           
0000247d  sprintf                             
000024b5  LED_off                             
000024e9  LED_toggle                          
0000251d  readBlackFromFlash                  
00002551  readWhiteFromFlash                  
00002639  __aeabi_i2d                         
00002639  __floatsidf                         
00002665  uart0_send_char                     
00002691  SYSCFG_DL_SYSCTL_init               
00002785  SYSCFG_DL_DMA_CH0_init              
000027ad  Tick_delay                          
000027d5  _c_int00_noargs                     
00002849  DL_I2C_setClockConfig               
00002871  DL_FlashCTL_programMemoryFromRAM64  
00002895  __aeabi_ui2d                        
00002895  __floatunsidf                       
000028b9  __aeabi_lmul                        
000028b9  __muldi3                            
000028dd  memccpy                             
00002941  __aeabi_llsl                        
00002941  __ashldi3                           
00002a95  DL_Timer_setCaptCompUpdateMethod    
00002ab1  DL_Timer_setClockConfig             
00002b31  DL_FlashCTL_eraseMemoryFromRAM      
00002cc9  DL_Timer_setCaptureCompareOutCtl    
00002d29  LED_KEY_Blink_Start                 
00002dc7  __TI_zero_init_nomemset             
00002e69  LED_KEY_Blink_SetInterval           
00002e7d  LED_KEY_Blink_Stop                  
00002e91  __aeabi_uldivmod                    
00002eb7  DL_UART_setClockConfig              
00002ec9  TI_memcpy_small                     
00002edb  __TI_decompress_none                
00002efd  DL_Timer_setCaptureCompareValue     
00002f0d  Tick_SysTickCallback                
00002f1d  wcslen                              
00002f2d  Get_Digtal_For_User                 
00002f3d  __aeabi_memset                      
00002f3d  __aeabi_memset4                     
00002f3d  __aeabi_memset8                     
00002f59  TI_memset_small                     
00002f67  SYSCFG_DL_SYSTICK_init              
00002f75  __aeabi_memclr                      
00002f75  __aeabi_memclr4                     
00002f75  __aeabi_memclr8                     
00002f81  DL_Common_delayCycles               
00002f8b  LED_init                            
00002f9f  SYSCFG_DL_DMA_init                  
00002fa7  SysTick_Handler                     
00002fb1  __aeabi_errno_addr                  
00002fb9  __aeabi_memcpy                      
00002fb9  __aeabi_memcpy4                     
00002fb9  __aeabi_memcpy8                     
00002fc1  abort                               
00002fc7  ADC0_IRQHandler                     
00002fc7  ADC1_IRQHandler                     
00002fc7  AES_IRQHandler                      
00002fc7  CANFD0_IRQHandler                   
00002fc7  DAC0_IRQHandler                     
00002fc7  DMA_IRQHandler                      
00002fc7  Default_Handler                     
00002fc7  GROUP0_IRQHandler                   
00002fc7  HardFault_Handler                   
00002fc7  I2C0_IRQHandler                     
00002fc7  I2C1_IRQHandler                     
00002fc7  NMI_Handler                         
00002fc7  PendSV_Handler                      
00002fc7  RTC_IRQHandler                      
00002fc7  SPI0_IRQHandler                     
00002fc7  SPI1_IRQHandler                     
00002fc7  SVC_Handler                         
00002fc7  TIMA0_IRQHandler                    
00002fc7  TIMA1_IRQHandler                    
00002fc7  TIMG0_IRQHandler                    
00002fc7  TIMG12_IRQHandler                   
00002fc7  TIMG6_IRQHandler                    
00002fc7  TIMG7_IRQHandler                    
00002fc7  TIMG8_IRQHandler                    
00002fc7  UART0_IRQHandler                    
00002fc7  UART1_IRQHandler                    
00002fc7  UART2_IRQHandler                    
00002fc7  UART3_IRQHandler                    
00002fca  C$$EXIT                             
00002fcb  HOSTexit                            
00002fcf  Reset_Handler                       
00002fd3  _system_pre_init                    
00002ff0  __aeabi_ctype_table_                
00002ff0  __aeabi_ctype_table_C               
00003200  __TI_Handler_Table_Base             
0000320c  __TI_Handler_Table_Limit            
0000321c  __TI_CINIT_Base                     
0000322c  __TI_CINIT_Limit                    
0000322c  __TI_CINIT_Warm                     
00003230  __TI_table_binit                    
00003230  __binit__                           
00003230  binit                               
20200000  __start___llvm_prf_bits             
20200000  __start___llvm_prf_cnts             
20200000  __stop___llvm_prf_bits              
20200000  __stop___llvm_prf_cnts              
20200000  gPWM_MOTORBackup                    
202000bc  long_pressed_key_time               
202000c0  sensor                              
20200170  ADC_VALUE                           
202001c0  gUART_0Backup                       
202001f0  state                               
202001f4  Digtal                              
20200258  Anolog                              
20200268  black                               
20200278  white                               
20200298  Tick                                
2020029c  __aeabi_errno                       
202002a0  last_key_time                       
202002a4  key_pressed                         
202002a5  long_err_flag                       
20207e00  __stack                             
20208000  __STACK_END                         
ffffffff  __TI_pprof_out_hndl                 
ffffffff  __TI_prof_data_size                 
ffffffff  __TI_prof_data_start                
UNDEFED   __mpu_init                          
UNDEFED   _system_post_cinit                  

[196 symbols]
