<?xml version="1.0" encoding="ISO-8859-1" ?>
<link_info>
   <banner>TI ARM Clang Linker PC v4.0.4.LTS</banner>
   <copyright>Copyright (c) 1996-2018 Texas Instruments Incorporated</copyright>
   <command_line>D:\ti\ccs2051\ccs\tools\compiler\ti-cgt-armllvm_4.0.4.LTS\bin\tiarmlnk -ID:\ti\ccs2051\ccs\tools\compiler\ti-cgt-armllvm_4.0.4.LTS\lib -o empty_LP_MSPM0G3507_nortos_ticlang.out -mempty_LP_MSPM0G3507_nortos_ticlang.map -iD:/ti/mspm0_sdk_2_10_00_04/source -iC:/Users/21943/workspace_ccstheia/empty_LP_MSPM0G3507_nortos_ticlang -iC:/Users/21943/workspace_ccstheia/empty_LP_MSPM0G3507_nortos_ticlang/Debug/syscfg -iD:/ti/ccs2051/ccs/tools/compiler/ti-cgt-armllvm_4.0.4.LTS/lib --diag_wrap=off --display_error_number --warn_sections --xml_link_info=empty_LP_MSPM0G3507_nortos_ticlang_linkInfo.xml --rom_model ./main.o ./ti_msp_dl_config.o ./startup_mspm0g350x_ticlang.o ./Driver/No_Mcu_Ganv_Grayscale_Sensor.o ./Driver/adc.o ./Driver/delay.o ./Driver/flash.o ./Driver/key.o ./Driver/led.o ./Driver/tracker.o ./Driver/uart.o ./Drivers/MSPM0/clock.o ./Drivers/MSPM0/interrupt.o ./Drivers/OLED_Hardware_I2C/oled_hardware_i2c.o ./Motor/motor.o -l./device_linker.cmd -ldevice.cmd.genlibs -llibc.a --start-group -llibc++.a -llibc++abi.a -llibc.a -llibsys.a -llibsysbm.a -llibclang_rt.builtins.a -llibclang_rt.profile.a --end-group --cg_opt_level=0</command_line>
   <link_time>0x6a5650ed</link_time>
   <link_errors>0x0</link_errors>
   <output_file>C:\Users\21943\workspace_ccstheia\empty_LP_MSPM0G3507_nortos_ticlang\Debug\empty_LP_MSPM0G3507_nortos_ticlang.out</output_file>
   <entry_point>
      <name>_c_int00_noargs</name>
      <address>0x27d5</address>
   </entry_point>
   <input_file_list>
      <input_file id="fl-1">
         <path>C:\Users\21943\workspace_ccstheia\empty_LP_MSPM0G3507_nortos_ticlang\Debug\.\</path>
         <kind>object</kind>
         <file>main.o</file>
         <name>main.o</name>
      </input_file>
      <input_file id="fl-2">
         <path>C:\Users\21943\workspace_ccstheia\empty_LP_MSPM0G3507_nortos_ticlang\Debug\.\</path>
         <kind>object</kind>
         <file>ti_msp_dl_config.o</file>
         <name>ti_msp_dl_config.o</name>
      </input_file>
      <input_file id="fl-3">
         <path>C:\Users\21943\workspace_ccstheia\empty_LP_MSPM0G3507_nortos_ticlang\Debug\.\</path>
         <kind>object</kind>
         <file>startup_mspm0g350x_ticlang.o</file>
         <name>startup_mspm0g350x_ticlang.o</name>
      </input_file>
      <input_file id="fl-4">
         <path>C:\Users\21943\workspace_ccstheia\empty_LP_MSPM0G3507_nortos_ticlang\Debug\.\Driver\</path>
         <kind>object</kind>
         <file>No_Mcu_Ganv_Grayscale_Sensor.o</file>
         <name>No_Mcu_Ganv_Grayscale_Sensor.o</name>
      </input_file>
      <input_file id="fl-5">
         <path>C:\Users\21943\workspace_ccstheia\empty_LP_MSPM0G3507_nortos_ticlang\Debug\.\Driver\</path>
         <kind>object</kind>
         <file>adc.o</file>
         <name>adc.o</name>
      </input_file>
      <input_file id="fl-6">
         <path>C:\Users\21943\workspace_ccstheia\empty_LP_MSPM0G3507_nortos_ticlang\Debug\.\Driver\</path>
         <kind>object</kind>
         <file>delay.o</file>
         <name>delay.o</name>
      </input_file>
      <input_file id="fl-7">
         <path>C:\Users\21943\workspace_ccstheia\empty_LP_MSPM0G3507_nortos_ticlang\Debug\.\Driver\</path>
         <kind>object</kind>
         <file>flash.o</file>
         <name>flash.o</name>
      </input_file>
      <input_file id="fl-8">
         <path>C:\Users\21943\workspace_ccstheia\empty_LP_MSPM0G3507_nortos_ticlang\Debug\.\Driver\</path>
         <kind>object</kind>
         <file>key.o</file>
         <name>key.o</name>
      </input_file>
      <input_file id="fl-9">
         <path>C:\Users\21943\workspace_ccstheia\empty_LP_MSPM0G3507_nortos_ticlang\Debug\.\Driver\</path>
         <kind>object</kind>
         <file>led.o</file>
         <name>led.o</name>
      </input_file>
      <input_file id="fl-a">
         <path>C:\Users\21943\workspace_ccstheia\empty_LP_MSPM0G3507_nortos_ticlang\Debug\.\Driver\</path>
         <kind>object</kind>
         <file>tracker.o</file>
         <name>tracker.o</name>
      </input_file>
      <input_file id="fl-b">
         <path>C:\Users\21943\workspace_ccstheia\empty_LP_MSPM0G3507_nortos_ticlang\Debug\.\Driver\</path>
         <kind>object</kind>
         <file>uart.o</file>
         <name>uart.o</name>
      </input_file>
      <input_file id="fl-c">
         <path>C:\Users\21943\workspace_ccstheia\empty_LP_MSPM0G3507_nortos_ticlang\Debug\.\Drivers\MSPM0\</path>
         <kind>object</kind>
         <file>clock.o</file>
         <name>clock.o</name>
      </input_file>
      <input_file id="fl-d">
         <path>C:\Users\21943\workspace_ccstheia\empty_LP_MSPM0G3507_nortos_ticlang\Debug\.\Drivers\MSPM0\</path>
         <kind>object</kind>
         <file>interrupt.o</file>
         <name>interrupt.o</name>
      </input_file>
      <input_file id="fl-e">
         <path>C:\Users\21943\workspace_ccstheia\empty_LP_MSPM0G3507_nortos_ticlang\Debug\.\Drivers\OLED_Hardware_I2C\</path>
         <kind>object</kind>
         <file>oled_hardware_i2c.o</file>
         <name>oled_hardware_i2c.o</name>
      </input_file>
      <input_file id="fl-f">
         <path>C:\Users\21943\workspace_ccstheia\empty_LP_MSPM0G3507_nortos_ticlang\Debug\.\Motor\</path>
         <kind>object</kind>
         <file>motor.o</file>
         <name>motor.o</name>
      </input_file>
      <input_file id="fl-1c">
         <path>C:\Users\21943\workspace_ccstheia\empty_LP_MSPM0G3507_nortos_ticlang\Debug\</path>
         <kind>object</kind>
         <file>&lt;internal&gt;</file>
         <name>&lt;internal&gt;</name>
      </input_file>
      <input_file id="fl-1d">
         <path>D:\ti\mspm0_sdk_2_10_00_04\source\ti\driverlib\lib\ticlang\m0p\mspm0g1x0x_g3x0x\</path>
         <kind>archive</kind>
         <file>driverlib.a</file>
         <name>dl_adc12.o</name>
      </input_file>
      <input_file id="fl-1e">
         <path>D:\ti\mspm0_sdk_2_10_00_04\source\ti\driverlib\lib\ticlang\m0p\mspm0g1x0x_g3x0x\</path>
         <kind>archive</kind>
         <file>driverlib.a</file>
         <name>dl_common.o</name>
      </input_file>
      <input_file id="fl-1f">
         <path>D:\ti\mspm0_sdk_2_10_00_04\source\ti\driverlib\lib\ticlang\m0p\mspm0g1x0x_g3x0x\</path>
         <kind>archive</kind>
         <file>driverlib.a</file>
         <name>dl_dma.o</name>
      </input_file>
      <input_file id="fl-20">
         <path>D:\ti\mspm0_sdk_2_10_00_04\source\ti\driverlib\lib\ticlang\m0p\mspm0g1x0x_g3x0x\</path>
         <kind>archive</kind>
         <file>driverlib.a</file>
         <name>dl_flashctl.o</name>
      </input_file>
      <input_file id="fl-21">
         <path>D:\ti\mspm0_sdk_2_10_00_04\source\ti\driverlib\lib\ticlang\m0p\mspm0g1x0x_g3x0x\</path>
         <kind>archive</kind>
         <file>driverlib.a</file>
         <name>dl_i2c.o</name>
      </input_file>
      <input_file id="fl-22">
         <path>D:\ti\mspm0_sdk_2_10_00_04\source\ti\driverlib\lib\ticlang\m0p\mspm0g1x0x_g3x0x\</path>
         <kind>archive</kind>
         <file>driverlib.a</file>
         <name>dl_timer.o</name>
      </input_file>
      <input_file id="fl-23">
         <path>D:\ti\mspm0_sdk_2_10_00_04\source\ti\driverlib\lib\ticlang\m0p\mspm0g1x0x_g3x0x\</path>
         <kind>archive</kind>
         <file>driverlib.a</file>
         <name>dl_uart.o</name>
      </input_file>
      <input_file id="fl-3a">
         <path>D:\ti\ccs2051\ccs\tools\compiler\ti-cgt-armllvm_4.0.4.LTS\lib\armv6m-ti-none-eabi\c\</path>
         <kind>archive</kind>
         <file>libc.a</file>
         <name>sprintf.c.obj</name>
      </input_file>
      <input_file id="fl-3b">
         <path>D:\ti\ccs2051\ccs\tools\compiler\ti-cgt-armllvm_4.0.4.LTS\lib\armv6m-ti-none-eabi\c\</path>
         <kind>archive</kind>
         <file>libc.a</file>
         <name>boot_cortex_m.c.obj</name>
      </input_file>
      <input_file id="fl-3c">
         <path>D:\ti\ccs2051\ccs\tools\compiler\ti-cgt-armllvm_4.0.4.LTS\lib\armv6m-ti-none-eabi\c\</path>
         <kind>archive</kind>
         <file>libc.a</file>
         <name>mathacl_init.c.obj</name>
      </input_file>
      <input_file id="fl-3d">
         <path>D:\ti\ccs2051\ccs\tools\compiler\ti-cgt-armllvm_4.0.4.LTS\lib\armv6m-ti-none-eabi\c\</path>
         <kind>archive</kind>
         <file>libc.a</file>
         <name>autoinit.c.obj</name>
      </input_file>
      <input_file id="fl-3e">
         <path>D:\ti\ccs2051\ccs\tools\compiler\ti-cgt-armllvm_4.0.4.LTS\lib\armv6m-ti-none-eabi\c\</path>
         <kind>archive</kind>
         <file>libc.a</file>
         <name>pre_init.c.obj</name>
      </input_file>
      <input_file id="fl-3f">
         <path>D:\ti\ccs2051\ccs\tools\compiler\ti-cgt-armllvm_4.0.4.LTS\lib\armv6m-ti-none-eabi\c\</path>
         <kind>archive</kind>
         <file>libc.a</file>
         <name>cpy_tbl.c.obj</name>
      </input_file>
      <input_file id="fl-40">
         <path>D:\ti\ccs2051\ccs\tools\compiler\ti-cgt-armllvm_4.0.4.LTS\lib\armv6m-ti-none-eabi\c\</path>
         <kind>archive</kind>
         <file>libc.a</file>
         <name>copy_zero_init.c.obj</name>
      </input_file>
      <input_file id="fl-41">
         <path>D:\ti\ccs2051\ccs\tools\compiler\ti-cgt-armllvm_4.0.4.LTS\lib\armv6m-ti-none-eabi\c\</path>
         <kind>archive</kind>
         <file>libc.a</file>
         <name>copy_decompress_none.c.obj</name>
      </input_file>
      <input_file id="fl-42">
         <path>D:\ti\ccs2051\ccs\tools\compiler\ti-cgt-armllvm_4.0.4.LTS\lib\armv6m-ti-none-eabi\c\</path>
         <kind>archive</kind>
         <file>libc.a</file>
         <name>copy_decompress_lzss.c.obj</name>
      </input_file>
      <input_file id="fl-43">
         <path>D:\ti\ccs2051\ccs\tools\compiler\ti-cgt-armllvm_4.0.4.LTS\lib\armv6m-ti-none-eabi\c\</path>
         <kind>archive</kind>
         <file>libc.a</file>
         <name>_printfi.c.obj</name>
      </input_file>
      <input_file id="fl-44">
         <path>D:\ti\ccs2051\ccs\tools\compiler\ti-cgt-armllvm_4.0.4.LTS\lib\armv6m-ti-none-eabi\c\</path>
         <kind>archive</kind>
         <file>libc.a</file>
         <name>aeabi_portable.c.obj</name>
      </input_file>
      <input_file id="fl-45">
         <path>D:\ti\ccs2051\ccs\tools\compiler\ti-cgt-armllvm_4.0.4.LTS\lib\armv6m-ti-none-eabi\c\</path>
         <kind>archive</kind>
         <file>libc.a</file>
         <name>exit.c.obj</name>
      </input_file>
      <input_file id="fl-46">
         <path>D:\ti\ccs2051\ccs\tools\compiler\ti-cgt-armllvm_4.0.4.LTS\lib\armv6m-ti-none-eabi\c\</path>
         <kind>archive</kind>
         <file>libc.a</file>
         <name>_lock.c.obj</name>
      </input_file>
      <input_file id="fl-47">
         <path>D:\ti\ccs2051\ccs\tools\compiler\ti-cgt-armllvm_4.0.4.LTS\lib\armv6m-ti-none-eabi\c\</path>
         <kind>archive</kind>
         <file>libc.a</file>
         <name>_ltoa.c.obj</name>
      </input_file>
      <input_file id="fl-48">
         <path>D:\ti\ccs2051\ccs\tools\compiler\ti-cgt-armllvm_4.0.4.LTS\lib\armv6m-ti-none-eabi\c\</path>
         <kind>archive</kind>
         <file>libc.a</file>
         <name>args_main.c.obj</name>
      </input_file>
      <input_file id="fl-49">
         <path>D:\ti\ccs2051\ccs\tools\compiler\ti-cgt-armllvm_4.0.4.LTS\lib\armv6m-ti-none-eabi\c\</path>
         <kind>archive</kind>
         <file>libc.a</file>
         <name>assert.c.obj</name>
      </input_file>
      <input_file id="fl-4a">
         <path>D:\ti\ccs2051\ccs\tools\compiler\ti-cgt-armllvm_4.0.4.LTS\lib\armv6m-ti-none-eabi\c\</path>
         <kind>archive</kind>
         <file>libc.a</file>
         <name>atoi.c.obj</name>
      </input_file>
      <input_file id="fl-4b">
         <path>D:\ti\ccs2051\ccs\tools\compiler\ti-cgt-armllvm_4.0.4.LTS\lib\armv6m-ti-none-eabi\c\</path>
         <kind>archive</kind>
         <file>libc.a</file>
         <name>defs.c.obj</name>
      </input_file>
      <input_file id="fl-4c">
         <path>D:\ti\ccs2051\ccs\tools\compiler\ti-cgt-armllvm_4.0.4.LTS\lib\armv6m-ti-none-eabi\c\</path>
         <kind>archive</kind>
         <file>libc.a</file>
         <name>memccpy.c.obj</name>
      </input_file>
      <input_file id="fl-4d">
         <path>D:\ti\ccs2051\ccs\tools\compiler\ti-cgt-armllvm_4.0.4.LTS\lib\armv6m-ti-none-eabi\c\</path>
         <kind>archive</kind>
         <file>libc.a</file>
         <name>memory.c.obj</name>
      </input_file>
      <input_file id="fl-4e">
         <path>D:\ti\ccs2051\ccs\tools\compiler\ti-cgt-armllvm_4.0.4.LTS\lib\armv6m-ti-none-eabi\c\</path>
         <kind>archive</kind>
         <file>libc.a</file>
         <name>s_frexp.c.obj</name>
      </input_file>
      <input_file id="fl-4f">
         <path>D:\ti\ccs2051\ccs\tools\compiler\ti-cgt-armllvm_4.0.4.LTS\lib\armv6m-ti-none-eabi\c\</path>
         <kind>archive</kind>
         <file>libc.a</file>
         <name>s_scalbn.c.obj</name>
      </input_file>
      <input_file id="fl-50">
         <path>D:\ti\ccs2051\ccs\tools\compiler\ti-cgt-armllvm_4.0.4.LTS\lib\armv6m-ti-none-eabi\c\</path>
         <kind>archive</kind>
         <file>libc.a</file>
         <name>wcslen.c.obj</name>
      </input_file>
      <input_file id="fl-51">
         <path>D:\ti\ccs2051\ccs\tools\compiler\ti-cgt-armllvm_4.0.4.LTS\lib\armv6m-ti-none-eabi\c\</path>
         <kind>archive</kind>
         <file>libc.a</file>
         <name>fflush.c.obj</name>
      </input_file>
      <input_file id="fl-52">
         <path>D:\ti\ccs2051\ccs\tools\compiler\ti-cgt-armllvm_4.0.4.LTS\lib\armv6m-ti-none-eabi\c\</path>
         <kind>archive</kind>
         <file>libc.a</file>
         <name>fputs.c.obj</name>
      </input_file>
      <input_file id="fl-53">
         <path>D:\ti\ccs2051\ccs\tools\compiler\ti-cgt-armllvm_4.0.4.LTS\lib\armv6m-ti-none-eabi\c\</path>
         <kind>archive</kind>
         <file>libc.a</file>
         <name>_io_perm.c.obj</name>
      </input_file>
      <input_file id="fl-54">
         <path>D:\ti\ccs2051\ccs\tools\compiler\ti-cgt-armllvm_4.0.4.LTS\lib\armv6m-ti-none-eabi\c\</path>
         <kind>archive</kind>
         <file>libc.a</file>
         <name>setvbuf.c.obj</name>
      </input_file>
      <input_file id="fl-55">
         <path>D:\ti\ccs2051\ccs\tools\compiler\ti-cgt-armllvm_4.0.4.LTS\lib\armv6m-ti-none-eabi\c\</path>
         <kind>archive</kind>
         <file>libc.a</file>
         <name>aeabi_ctype.S.obj</name>
      </input_file>
      <input_file id="fl-56">
         <path>D:\ti\ccs2051\ccs\tools\compiler\ti-cgt-armllvm_4.0.4.LTS\lib\armv6m-ti-none-eabi\c\</path>
         <kind>archive</kind>
         <file>libc.a</file>
         <name>fopen.c.obj</name>
      </input_file>
      <input_file id="fl-57">
         <path>D:\ti\ccs2051\ccs\tools\compiler\ti-cgt-armllvm_4.0.4.LTS\lib\armv6m-ti-none-eabi\c\</path>
         <kind>archive</kind>
         <file>libc.a</file>
         <name>fseek.c.obj</name>
      </input_file>
      <input_file id="fl-58">
         <path>D:\ti\ccs2051\ccs\tools\compiler\ti-cgt-armllvm_4.0.4.LTS\lib\armv6m-ti-none-eabi\c\</path>
         <kind>archive</kind>
         <file>libc.a</file>
         <name>fclose.c.obj</name>
      </input_file>
      <input_file id="fl-f8">
         <path>D:\ti\ccs2051\ccs\tools\compiler\ti-cgt-armllvm_4.0.4.LTS\lib\armv6m-ti-none-eabi\c\</path>
         <kind>archive</kind>
         <file>libsysbm.a</file>
         <name>hostexit.c.obj</name>
      </input_file>
      <input_file id="fl-f9">
         <path>D:\ti\ccs2051\ccs\tools\compiler\ti-cgt-armllvm_4.0.4.LTS\lib\armv6m-ti-none-eabi\c\</path>
         <kind>archive</kind>
         <file>libsysbm.a</file>
         <name>write.c.obj</name>
      </input_file>
      <input_file id="fl-fa">
         <path>D:\ti\ccs2051\ccs\tools\compiler\ti-cgt-armllvm_4.0.4.LTS\lib\armv6m-ti-none-eabi\c\</path>
         <kind>archive</kind>
         <file>libsysbm.a</file>
         <name>host_device.c.obj</name>
      </input_file>
      <input_file id="fl-fb">
         <path>D:\ti\ccs2051\ccs\tools\compiler\ti-cgt-armllvm_4.0.4.LTS\lib\armv6m-ti-none-eabi\c\</path>
         <kind>archive</kind>
         <file>libsysbm.a</file>
         <name>remove.c.obj</name>
      </input_file>
      <input_file id="fl-fc">
         <path>D:\ti\ccs2051\ccs\tools\compiler\ti-cgt-armllvm_4.0.4.LTS\lib\armv6m-ti-none-eabi\c\</path>
         <kind>archive</kind>
         <file>libsysbm.a</file>
         <name>open.c.obj</name>
      </input_file>
      <input_file id="fl-fd">
         <path>D:\ti\ccs2051\ccs\tools\compiler\ti-cgt-armllvm_4.0.4.LTS\lib\armv6m-ti-none-eabi\c\</path>
         <kind>archive</kind>
         <file>libsysbm.a</file>
         <name>lseek.c.obj</name>
      </input_file>
      <input_file id="fl-fe">
         <path>D:\ti\ccs2051\ccs\tools\compiler\ti-cgt-armllvm_4.0.4.LTS\lib\armv6m-ti-none-eabi\c\</path>
         <kind>archive</kind>
         <file>libsysbm.a</file>
         <name>close.c.obj</name>
      </input_file>
      <input_file id="fl-ff">
         <path>D:\ti\ccs2051\ccs\tools\compiler\ti-cgt-armllvm_4.0.4.LTS\lib\armv6m-ti-none-eabi\c\</path>
         <kind>archive</kind>
         <file>libsysbm.a</file>
         <name>unlink.c.obj</name>
      </input_file>
      <input_file id="fl-100">
         <path>D:\ti\ccs2051\ccs\tools\compiler\ti-cgt-armllvm_4.0.4.LTS\lib\armv6m-ti-none-eabi\c\</path>
         <kind>archive</kind>
         <file>libsysbm.a</file>
         <name>hostclose.c.obj</name>
      </input_file>
      <input_file id="fl-101">
         <path>D:\ti\ccs2051\ccs\tools\compiler\ti-cgt-armllvm_4.0.4.LTS\lib\armv6m-ti-none-eabi\c\</path>
         <kind>archive</kind>
         <file>libsysbm.a</file>
         <name>hostlseek.c.obj</name>
      </input_file>
      <input_file id="fl-102">
         <path>D:\ti\ccs2051\ccs\tools\compiler\ti-cgt-armllvm_4.0.4.LTS\lib\armv6m-ti-none-eabi\c\</path>
         <kind>archive</kind>
         <file>libsysbm.a</file>
         <name>hostopen.c.obj</name>
      </input_file>
      <input_file id="fl-103">
         <path>D:\ti\ccs2051\ccs\tools\compiler\ti-cgt-armllvm_4.0.4.LTS\lib\armv6m-ti-none-eabi\c\</path>
         <kind>archive</kind>
         <file>libsysbm.a</file>
         <name>hostread.c.obj</name>
      </input_file>
      <input_file id="fl-104">
         <path>D:\ti\ccs2051\ccs\tools\compiler\ti-cgt-armllvm_4.0.4.LTS\lib\armv6m-ti-none-eabi\c\</path>
         <kind>archive</kind>
         <file>libsysbm.a</file>
         <name>hostrename.c.obj</name>
      </input_file>
      <input_file id="fl-105">
         <path>D:\ti\ccs2051\ccs\tools\compiler\ti-cgt-armllvm_4.0.4.LTS\lib\armv6m-ti-none-eabi\c\</path>
         <kind>archive</kind>
         <file>libsysbm.a</file>
         <name>hostunlink.c.obj</name>
      </input_file>
      <input_file id="fl-106">
         <path>D:\ti\ccs2051\ccs\tools\compiler\ti-cgt-armllvm_4.0.4.LTS\lib\armv6m-ti-none-eabi\c\</path>
         <kind>archive</kind>
         <file>libsysbm.a</file>
         <name>hostwrite.c.obj</name>
      </input_file>
      <input_file id="fl-107">
         <path>D:\ti\ccs2051\ccs\tools\compiler\ti-cgt-armllvm_4.0.4.LTS\lib\armv6m-ti-none-eabi\c\</path>
         <kind>archive</kind>
         <file>libsysbm.a</file>
         <name>trgmsg.c.obj</name>
      </input_file>
      <input_file id="fl-108">
         <path>D:\ti\ccs2051\ccs\tools\compiler\ti-cgt-armllvm_4.0.4.LTS\lib\armv6m-ti-none-eabi\</path>
         <kind>archive</kind>
         <file>libclang_rt.builtins.a</file>
         <name>adddf3.S.obj</name>
      </input_file>
      <input_file id="fl-109">
         <path>D:\ti\ccs2051\ccs\tools\compiler\ti-cgt-armllvm_4.0.4.LTS\lib\armv6m-ti-none-eabi\</path>
         <kind>archive</kind>
         <file>libclang_rt.builtins.a</file>
         <name>muldf3.S.obj</name>
      </input_file>
      <input_file id="fl-10a">
         <path>D:\ti\ccs2051\ccs\tools\compiler\ti-cgt-armllvm_4.0.4.LTS\lib\armv6m-ti-none-eabi\</path>
         <kind>archive</kind>
         <file>libclang_rt.builtins.a</file>
         <name>muldsi3.S.obj</name>
      </input_file>
      <input_file id="fl-10b">
         <path>D:\ti\ccs2051\ccs\tools\compiler\ti-cgt-armllvm_4.0.4.LTS\lib\armv6m-ti-none-eabi\</path>
         <kind>archive</kind>
         <file>libclang_rt.builtins.a</file>
         <name>divdf3.S.obj</name>
      </input_file>
      <input_file id="fl-10c">
         <path>D:\ti\ccs2051\ccs\tools\compiler\ti-cgt-armllvm_4.0.4.LTS\lib\armv6m-ti-none-eabi\</path>
         <kind>archive</kind>
         <file>libclang_rt.builtins.a</file>
         <name>fixdfsi.S.obj</name>
      </input_file>
      <input_file id="fl-10d">
         <path>D:\ti\ccs2051\ccs\tools\compiler\ti-cgt-armllvm_4.0.4.LTS\lib\armv6m-ti-none-eabi\</path>
         <kind>archive</kind>
         <file>libclang_rt.builtins.a</file>
         <name>fixunsdfsi.S.obj</name>
      </input_file>
      <input_file id="fl-10e">
         <path>D:\ti\ccs2051\ccs\tools\compiler\ti-cgt-armllvm_4.0.4.LTS\lib\armv6m-ti-none-eabi\</path>
         <kind>archive</kind>
         <file>libclang_rt.builtins.a</file>
         <name>floatsidf.S.obj</name>
      </input_file>
      <input_file id="fl-10f">
         <path>D:\ti\ccs2051\ccs\tools\compiler\ti-cgt-armllvm_4.0.4.LTS\lib\armv6m-ti-none-eabi\</path>
         <kind>archive</kind>
         <file>libclang_rt.builtins.a</file>
         <name>floatunsidf.S.obj</name>
      </input_file>
      <input_file id="fl-110">
         <path>D:\ti\ccs2051\ccs\tools\compiler\ti-cgt-armllvm_4.0.4.LTS\lib\armv6m-ti-none-eabi\</path>
         <kind>archive</kind>
         <file>libclang_rt.builtins.a</file>
         <name>muldi3.S.obj</name>
      </input_file>
      <input_file id="fl-111">
         <path>D:\ti\ccs2051\ccs\tools\compiler\ti-cgt-armllvm_4.0.4.LTS\lib\armv6m-ti-none-eabi\</path>
         <kind>archive</kind>
         <file>libclang_rt.builtins.a</file>
         <name>aeabi_dcmp.S.obj</name>
      </input_file>
      <input_file id="fl-112">
         <path>D:\ti\ccs2051\ccs\tools\compiler\ti-cgt-armllvm_4.0.4.LTS\lib\armv6m-ti-none-eabi\</path>
         <kind>archive</kind>
         <file>libclang_rt.builtins.a</file>
         <name>aeabi_idivmod.S.obj</name>
      </input_file>
      <input_file id="fl-113">
         <path>D:\ti\ccs2051\ccs\tools\compiler\ti-cgt-armllvm_4.0.4.LTS\lib\armv6m-ti-none-eabi\</path>
         <kind>archive</kind>
         <file>libclang_rt.builtins.a</file>
         <name>aeabi_memcpy.S.obj</name>
      </input_file>
      <input_file id="fl-114">
         <path>D:\ti\ccs2051\ccs\tools\compiler\ti-cgt-armllvm_4.0.4.LTS\lib\armv6m-ti-none-eabi\</path>
         <kind>archive</kind>
         <file>libclang_rt.builtins.a</file>
         <name>aeabi_memset.S.obj</name>
      </input_file>
      <input_file id="fl-115">
         <path>D:\ti\ccs2051\ccs\tools\compiler\ti-cgt-armllvm_4.0.4.LTS\lib\armv6m-ti-none-eabi\</path>
         <kind>archive</kind>
         <file>libclang_rt.builtins.a</file>
         <name>aeabi_uidivmod.S.obj</name>
      </input_file>
      <input_file id="fl-116">
         <path>D:\ti\ccs2051\ccs\tools\compiler\ti-cgt-armllvm_4.0.4.LTS\lib\armv6m-ti-none-eabi\</path>
         <kind>archive</kind>
         <file>libclang_rt.builtins.a</file>
         <name>aeabi_uldivmod.S.obj</name>
      </input_file>
      <input_file id="fl-117">
         <path>D:\ti\ccs2051\ccs\tools\compiler\ti-cgt-armllvm_4.0.4.LTS\lib\armv6m-ti-none-eabi\</path>
         <kind>archive</kind>
         <file>libclang_rt.builtins.a</file>
         <name>udivmoddi4.S.obj</name>
      </input_file>
      <input_file id="fl-118">
         <path>D:\ti\ccs2051\ccs\tools\compiler\ti-cgt-armllvm_4.0.4.LTS\lib\armv6m-ti-none-eabi\</path>
         <kind>archive</kind>
         <file>libclang_rt.builtins.a</file>
         <name>ashldi3.S.obj</name>
      </input_file>
      <input_file id="fl-119">
         <path>D:\ti\ccs2051\ccs\tools\compiler\ti-cgt-armllvm_4.0.4.LTS\lib\armv6m-ti-none-eabi\</path>
         <kind>archive</kind>
         <file>libclang_rt.builtins.a</file>
         <name>comparedf2.c.obj</name>
      </input_file>
      <input_file id="fl-11a">
         <path>D:\ti\ccs2051\ccs\tools\compiler\ti-cgt-armllvm_4.0.4.LTS\lib\armv6m-ti-none-eabi\</path>
         <kind>archive</kind>
         <file>libclang_rt.builtins.a</file>
         <name>aeabi_div0.c.obj</name>
      </input_file>
      <input_file id="fl-11b">
         <path>D:\ti\ccs2051\ccs\tools\compiler\ti-cgt-armllvm_4.0.4.LTS\lib\armv6m-ti-none-eabi\c\</path>
         <kind>archive</kind>
         <file>libc.a</file>
         <name>getdevice.c.obj</name>
      </input_file>
      <input_file id="fl-11c">
         <path>D:\ti\ccs2051\ccs\tools\compiler\ti-cgt-armllvm_4.0.4.LTS\lib\armv6m-ti-none-eabi\c\</path>
         <kind>archive</kind>
         <file>libc.a</file>
         <name>memcpy16.S.obj</name>
      </input_file>
      <input_file id="fl-11d">
         <path>D:\ti\ccs2051\ccs\tools\compiler\ti-cgt-armllvm_4.0.4.LTS\lib\armv6m-ti-none-eabi\c\</path>
         <kind>archive</kind>
         <file>libc.a</file>
         <name>memset16.S.obj</name>
      </input_file>
      <input_file id="fl-11e">
         <path>D:\ti\ccs2051\ccs\tools\compiler\ti-cgt-armllvm_4.0.4.LTS\lib\armv6m-ti-none-eabi\c\</path>
         <kind>archive</kind>
         <file>libc.a</file>
         <name>strcmp-armv6m.S.obj</name>
      </input_file>
   </input_file_list>
   <object_component_list>
      <object_component id="oc-18">
         <name>.intvecs</name>
         <load_address>0x0</load_address>
         <readonly>true</readonly>
         <run_address>0x0</run_address>
         <size>0xc0</size>
         <alignment>0x4</alignment>
         <input_file_ref idref="fl-3"/>
      </object_component>
      <object_component id="oc-1c3">
         <name>.text:__TI_printfi_nofloat</name>
         <load_address>0xc0</load_address>
         <readonly>true</readonly>
         <executable>true</executable>
         <run_address>0xc0</run_address>
         <size>0x868</size>
         <alignment>0x4</alignment>
         <input_file_ref idref="fl-43"/>
      </object_component>
      <object_component id="oc-b0">
         <name>.text.Key_Process</name>
         <load_address>0x928</load_address>
         <readonly>true</readonly>
         <executable>true</executable>
         <run_address>0x928</run_address>
         <size>0x234</size>
         <alignment>0x4</alignment>
         <input_file_ref idref="fl-8"/>
      </object_component>
      <object_component id="oc-104">
         <name>.text.adddf3_subdf3</name>
         <load_address>0xb5c</load_address>
         <readonly>true</readonly>
         <executable>true</executable>
         <run_address>0xb5c</run_address>
         <size>0x192</size>
         <alignment>0x4</alignment>
         <input_file_ref idref="fl-108"/>
      </object_component>
      <object_component id="oc-196">
         <name>.text.__aeabi_idiv0</name>
         <load_address>0xcee</load_address>
         <readonly>true</readonly>
         <executable>true</executable>
         <run_address>0xcee</run_address>
         <size>0x2</size>
         <alignment>0x2</alignment>
         <input_file_ref idref="fl-11a"/>
      </object_component>
      <object_component id="oc-a7">
         <name>.text.No_MCU_Ganv_Sensor_Init</name>
         <load_address>0xcf0</load_address>
         <readonly>true</readonly>
         <executable>true</executable>
         <run_address>0xcf0</run_address>
         <size>0x188</size>
         <alignment>0x4</alignment>
         <input_file_ref idref="fl-4"/>
      </object_component>
      <object_component id="oc-79">
         <name>.text.main</name>
         <load_address>0xe78</load_address>
         <readonly>true</readonly>
         <executable>true</executable>
         <run_address>0xe78</run_address>
         <size>0x148</size>
         <alignment>0x4</alignment>
         <input_file_ref idref="fl-1"/>
      </object_component>
      <object_component id="oc-e9">
         <name>.text.SYSCFG_DL_GPIO_init</name>
         <load_address>0xfc0</load_address>
         <readonly>true</readonly>
         <executable>true</executable>
         <run_address>0xfc0</run_address>
         <size>0x124</size>
         <alignment>0x4</alignment>
         <input_file_ref idref="fl-2"/>
      </object_component>
      <object_component id="oc-108">
         <name>.text.__divdf3</name>
         <load_address>0x10e4</load_address>
         <readonly>true</readonly>
         <executable>true</executable>
         <run_address>0x10e4</run_address>
         <size>0x10c</size>
         <alignment>0x4</alignment>
         <input_file_ref idref="fl-10b"/>
      </object_component>
      <object_component id="oc-15c">
         <name>.text.DL_Timer_initFourCCPWMMode</name>
         <load_address>0x11f0</load_address>
         <readonly>true</readonly>
         <executable>true</executable>
         <run_address>0x11f0</run_address>
         <size>0x104</size>
         <alignment>0x4</alignment>
         <input_file_ref idref="fl-22"/>
      </object_component>
      <object_component id="oc-1a7">
         <name>.text.__muldf3</name>
         <load_address>0x12f4</load_address>
         <readonly>true</readonly>
         <executable>true</executable>
         <run_address>0x12f4</run_address>
         <size>0xe4</size>
         <alignment>0x4</alignment>
         <input_file_ref idref="fl-109"/>
      </object_component>
      <object_component id="oc-1b3">
         <name>.text.DL_FlashCTL_unprotectSector</name>
         <load_address>0x13d8</load_address>
         <readonly>true</readonly>
         <executable>true</executable>
         <run_address>0x13d8</run_address>
         <size>0xd8</size>
         <alignment>0x4</alignment>
         <input_file_ref idref="fl-20"/>
      </object_component>
      <object_component id="oc-10e">
         <name>.text.Get_Analog_value</name>
         <load_address>0x14b0</load_address>
         <readonly>true</readonly>
         <executable>true</executable>
         <run_address>0x14b0</run_address>
         <size>0xb8</size>
         <alignment>0x4</alignment>
         <input_file_ref idref="fl-4"/>
      </object_component>
      <object_component id="oc-115">
         <name>.text.writeToFlash</name>
         <load_address>0x1568</load_address>
         <readonly>true</readonly>
         <executable>true</executable>
         <run_address>0x1568</run_address>
         <size>0xb4</size>
         <alignment>0x4</alignment>
         <input_file_ref idref="fl-7"/>
      </object_component>
      <object_component id="oc-110">
         <name>.text.normalizeAnalogValues</name>
         <load_address>0x161c</load_address>
         <readonly>true</readonly>
         <executable>true</executable>
         <run_address>0x161c</run_address>
         <size>0xaa</size>
         <alignment>0x2</alignment>
         <input_file_ref idref="fl-4"/>
      </object_component>
      <object_component id="oc-24b">
         <name>.text.__aeabi_ldiv0</name>
         <load_address>0x16c6</load_address>
         <readonly>true</readonly>
         <executable>true</executable>
         <run_address>0x16c6</run_address>
         <size>0x2</size>
         <alignment>0x2</alignment>
         <input_file_ref idref="fl-11a"/>
      </object_component>
      <object_component id="oc-233">
         <name>.text</name>
         <load_address>0x16c8</load_address>
         <readonly>true</readonly>
         <executable>true</executable>
         <run_address>0x16c8</run_address>
         <size>0xa2</size>
         <alignment>0x4</alignment>
         <input_file_ref idref="fl-117"/>
      </object_component>
      <object_component id="oc-eb">
         <name>.text.SYSCFG_DL_PWM_MOTOR_init</name>
         <load_address>0x176c</load_address>
         <readonly>true</readonly>
         <executable>true</executable>
         <run_address>0x176c</run_address>
         <size>0x90</size>
         <alignment>0x4</alignment>
         <input_file_ref idref="fl-2"/>
      </object_component>
      <object_component id="oc-e8">
         <name>.text.SYSCFG_DL_initPower</name>
         <load_address>0x17fc</load_address>
         <readonly>true</readonly>
         <executable>true</executable>
         <run_address>0x17fc</run_address>
         <size>0x8c</size>
         <alignment>0x4</alignment>
         <input_file_ref idref="fl-2"/>
      </object_component>
      <object_component id="oc-1e5">
         <name>.text.__NVIC_SetPriority</name>
         <load_address>0x1888</load_address>
         <readonly>true</readonly>
         <executable>true</executable>
         <run_address>0x1888</run_address>
         <size>0x84</size>
         <alignment>0x4</alignment>
         <input_file_ref idref="fl-2"/>
      </object_component>
      <object_component id="oc-f6">
         <name>.text.LED_setAll</name>
         <load_address>0x190c</load_address>
         <readonly>true</readonly>
         <executable>true</executable>
         <run_address>0x190c</run_address>
         <size>0x80</size>
         <alignment>0x4</alignment>
         <input_file_ref idref="fl-9"/>
      </object_component>
      <object_component id="oc-1c">
         <name>.text:decompress:lzss</name>
         <load_address>0x198c</load_address>
         <readonly>true</readonly>
         <executable>true</executable>
         <run_address>0x198c</run_address>
         <size>0x7c</size>
         <alignment>0x4</alignment>
         <input_file_ref idref="fl-42"/>
      </object_component>
      <object_component id="oc-1f6">
         <name>.text.__gedf2</name>
         <load_address>0x1a08</load_address>
         <readonly>true</readonly>
         <executable>true</executable>
         <run_address>0x1a08</run_address>
         <size>0x74</size>
         <alignment>0x4</alignment>
         <input_file_ref idref="fl-119"/>
      </object_component>
      <object_component id="oc-1a1">
         <name>.text.adc_getValue</name>
         <load_address>0x1a7c</load_address>
         <readonly>true</readonly>
         <executable>true</executable>
         <run_address>0x1a7c</run_address>
         <size>0x74</size>
         <alignment>0x4</alignment>
         <input_file_ref idref="fl-5"/>
      </object_component>
      <object_component id="oc-fb">
         <name>.text.No_MCU_Ganv_Sensor_Init_Frist</name>
         <load_address>0x1af0</load_address>
         <readonly>true</readonly>
         <executable>true</executable>
         <run_address>0x1af0</run_address>
         <size>0x72</size>
         <alignment>0x2</alignment>
         <input_file_ref idref="fl-4"/>
      </object_component>
      <object_component id="oc-ef">
         <name>.text.SYSCFG_DL_ADC_VOLTAGE_init</name>
         <load_address>0x1b64</load_address>
         <readonly>true</readonly>
         <executable>true</executable>
         <run_address>0x1b64</run_address>
         <size>0x6c</size>
         <alignment>0x4</alignment>
         <input_file_ref idref="fl-2"/>
      </object_component>
      <object_component id="oc-10f">
         <name>.text.convertAnalogToDigital</name>
         <load_address>0x1bd0</load_address>
         <readonly>true</readonly>
         <executable>true</executable>
         <run_address>0x1bd0</run_address>
         <size>0x6c</size>
         <alignment>0x2</alignment>
         <input_file_ref idref="fl-4"/>
      </object_component>
      <object_component id="oc-39">
         <name>.text.GROUP1_IRQHandler</name>
         <load_address>0x1c3c</load_address>
         <readonly>true</readonly>
         <executable>true</executable>
         <run_address>0x1c3c</run_address>
         <size>0x68</size>
         <alignment>0x4</alignment>
         <input_file_ref idref="fl-1"/>
      </object_component>
      <object_component id="oc-1f0">
         <name>.text.__ledf2</name>
         <load_address>0x1ca4</load_address>
         <readonly>true</readonly>
         <executable>true</executable>
         <run_address>0x1ca4</run_address>
         <size>0x68</size>
         <alignment>0x4</alignment>
         <input_file_ref idref="fl-119"/>
      </object_component>
      <object_component id="oc-189">
         <name>.text.DL_ADC12_initSingleSample</name>
         <load_address>0x1d0c</load_address>
         <readonly>true</readonly>
         <executable>true</executable>
         <run_address>0x1d0c</run_address>
         <size>0x64</size>
         <alignment>0x4</alignment>
         <input_file_ref idref="fl-2"/>
      </object_component>
      <object_component id="oc-1af">
         <name>.text.__aeabi_dcmp</name>
         <load_address>0x1d70</load_address>
         <readonly>true</readonly>
         <executable>true</executable>
         <run_address>0x1d70</run_address>
         <size>0x62</size>
         <alignment>0x4</alignment>
         <input_file_ref idref="fl-111"/>
      </object_component>
      <object_component id="oc-ec">
         <name>.text.SYSCFG_DL_I2C_OLED_init</name>
         <load_address>0x1dd4</load_address>
         <readonly>true</readonly>
         <executable>true</executable>
         <run_address>0x1dd4</run_address>
         <size>0x58</size>
         <alignment>0x4</alignment>
         <input_file_ref idref="fl-2"/>
      </object_component>
      <object_component id="oc-114">
         <name>.text.adjust_white_black</name>
         <load_address>0x1e2c</load_address>
         <readonly>true</readonly>
         <executable>true</executable>
         <run_address>0x1e2c</run_address>
         <size>0x58</size>
         <alignment>0x2</alignment>
         <input_file_ref idref="fl-8"/>
      </object_component>
      <object_component id="oc-147">
         <name>.text.DL_GPIO_initPeripheralInputFunctionFeatures</name>
         <load_address>0x1e84</load_address>
         <readonly>true</readonly>
         <executable>true</executable>
         <run_address>0x1e84</run_address>
         <size>0x50</size>
         <alignment>0x4</alignment>
         <input_file_ref idref="fl-2"/>
      </object_component>
      <object_component id="oc-192">
         <name>.text.SysTick_Config</name>
         <load_address>0x1ed4</load_address>
         <readonly>true</readonly>
         <executable>true</executable>
         <run_address>0x1ed4</run_address>
         <size>0x50</size>
         <alignment>0x4</alignment>
         <input_file_ref idref="fl-2"/>
      </object_component>
      <object_component id="oc-1e0">
         <name>.text.DL_DMA_initChannel</name>
         <load_address>0x1f24</load_address>
         <readonly>true</readonly>
         <executable>true</executable>
         <run_address>0x1f24</run_address>
         <size>0x4c</size>
         <alignment>0x4</alignment>
         <input_file_ref idref="fl-1f"/>
      </object_component>
      <object_component id="oc-14b">
         <name>.text.DL_GPIO_initDigitalInputFeatures</name>
         <load_address>0x1f70</load_address>
         <readonly>true</readonly>
         <executable>true</executable>
         <run_address>0x1f70</run_address>
         <size>0x4c</size>
         <alignment>0x4</alignment>
         <input_file_ref idref="fl-2"/>
      </object_component>
      <object_component id="oc-17c">
         <name>.text.DL_UART_setBaudRateDivisor</name>
         <load_address>0x1fbc</load_address>
         <readonly>true</readonly>
         <executable>true</executable>
         <run_address>0x1fbc</run_address>
         <size>0x4c</size>
         <alignment>0x4</alignment>
         <input_file_ref idref="fl-2"/>
      </object_component>
      <object_component id="oc-132">
         <name>.text.copy_in</name>
         <load_address>0x2008</load_address>
         <readonly>true</readonly>
         <executable>true</executable>
         <run_address>0x2008</run_address>
         <size>0x4c</size>
         <alignment>0x4</alignment>
         <input_file_ref idref="fl-3f"/>
      </object_component>
      <object_component id="oc-d6">
         <name>.text:__TI_auto_init_nopinit</name>
         <load_address>0x2054</load_address>
         <readonly>true</readonly>
         <executable>true</executable>
         <run_address>0x2054</run_address>
         <size>0x4c</size>
         <alignment>0x4</alignment>
         <input_file_ref idref="fl-3d"/>
      </object_component>
      <object_component id="oc-18a">
         <name>.text.DL_ADC12_configConversionMem</name>
         <load_address>0x20a0</load_address>
         <readonly>true</readonly>
         <executable>true</executable>
         <run_address>0x20a0</run_address>
         <size>0x4a</size>
         <alignment>0x2</alignment>
         <input_file_ref idref="fl-2"/>
      </object_component>
      <object_component id="oc-1ab">
         <name>.text.__fixdfsi</name>
         <load_address>0x20ec</load_address>
         <readonly>true</readonly>
         <executable>true</executable>
         <run_address>0x20ec</run_address>
         <size>0x4a</size>
         <alignment>0x4</alignment>
         <input_file_ref idref="fl-10c"/>
      </object_component>
      <object_component id="oc-17a">
         <name>.text.DL_UART_init</name>
         <load_address>0x2138</load_address>
         <readonly>true</readonly>
         <executable>true</executable>
         <run_address>0x2138</run_address>
         <size>0x48</size>
         <alignment>0x4</alignment>
         <input_file_ref idref="fl-23"/>
      </object_component>
      <object_component id="oc-ed">
         <name>.text.SYSCFG_DL_UART_0_init</name>
         <load_address>0x2180</load_address>
         <readonly>true</readonly>
         <executable>true</executable>
         <run_address>0x2180</run_address>
         <size>0x48</size>
         <alignment>0x4</alignment>
         <input_file_ref idref="fl-2"/>
      </object_component>
      <object_component id="oc-92">
         <name>.text.SYSCFG_DL_init</name>
         <load_address>0x21c8</load_address>
         <readonly>true</readonly>
         <executable>true</executable>
         <run_address>0x21c8</run_address>
         <size>0x44</size>
         <alignment>0x4</alignment>
         <input_file_ref idref="fl-2"/>
      </object_component>
      <object_component id="oc-ad">
         <name>.text.No_Mcu_Ganv_Sensor_Task_Without_tick</name>
         <load_address>0x220c</load_address>
         <readonly>true</readonly>
         <executable>true</executable>
         <run_address>0x220c</run_address>
         <size>0x42</size>
         <alignment>0x2</alignment>
         <input_file_ref idref="fl-4"/>
      </object_component>
      <object_component id="oc-183">
         <name>.text.DL_ADC12_setClockConfig</name>
         <load_address>0x2250</load_address>
         <readonly>true</readonly>
         <executable>true</executable>
         <run_address>0x2250</run_address>
         <size>0x40</size>
         <alignment>0x4</alignment>
         <input_file_ref idref="fl-1d"/>
      </object_component>
      <object_component id="oc-ee">
         <name>.text.SYSCFG_DL_UART_1_init</name>
         <load_address>0x2290</load_address>
         <readonly>true</readonly>
         <executable>true</executable>
         <run_address>0x2290</run_address>
         <size>0x40</size>
         <alignment>0x4</alignment>
         <input_file_ref idref="fl-2"/>
      </object_component>
      <object_component id="oc-fc">
         <name>.text.__aeabi_uidivmod</name>
         <load_address>0x22d0</load_address>
         <readonly>true</readonly>
         <executable>true</executable>
         <run_address>0x22d0</run_address>
         <size>0x40</size>
         <alignment>0x4</alignment>
         <input_file_ref idref="fl-115"/>
      </object_component>
      <object_component id="oc-204">
         <name>.text.atoi</name>
         <load_address>0x2310</load_address>
         <readonly>true</readonly>
         <executable>true</executable>
         <run_address>0x2310</run_address>
         <size>0x40</size>
         <alignment>0x4</alignment>
         <input_file_ref idref="fl-4a"/>
      </object_component>
      <object_component id="oc-15d">
         <name>.text.DL_Timer_setCounterControl</name>
         <load_address>0x2350</load_address>
         <readonly>true</readonly>
         <executable>true</executable>
         <run_address>0x2350</run_address>
         <size>0x3c</size>
         <alignment>0x4</alignment>
         <input_file_ref idref="fl-2"/>
      </object_component>
      <object_component id="oc-ae">
         <name>.text.Get_Anolog_Value</name>
         <load_address>0x238c</load_address>
         <readonly>true</readonly>
         <executable>true</executable>
         <run_address>0x238c</run_address>
         <size>0x3c</size>
         <alignment>0x2</alignment>
         <input_file_ref idref="fl-4"/>
      </object_component>
      <object_component id="oc-bd">
         <name>.text.LED_KEY_Blink_Update</name>
         <load_address>0x23c8</load_address>
         <readonly>true</readonly>
         <executable>true</executable>
         <run_address>0x23c8</run_address>
         <size>0x3c</size>
         <alignment>0x4</alignment>
         <input_file_ref idref="fl-9"/>
      </object_component>
      <object_component id="oc-b8">
         <name>.text.uart0_send_string</name>
         <load_address>0x2404</load_address>
         <readonly>true</readonly>
         <executable>true</executable>
         <run_address>0x2404</run_address>
         <size>0x3c</size>
         <alignment>0x2</alignment>
         <input_file_ref idref="fl-b"/>
      </object_component>
      <object_component id="oc-1ea">
         <name>.text.__muldsi3</name>
         <load_address>0x2440</load_address>
         <readonly>true</readonly>
         <executable>true</executable>
         <run_address>0x2440</run_address>
         <size>0x3a</size>
         <alignment>0x4</alignment>
         <input_file_ref idref="fl-10a"/>
      </object_component>
      <object_component id="oc-b2">
         <name>.text.sprintf</name>
         <load_address>0x247c</load_address>
         <readonly>true</readonly>
         <executable>true</executable>
         <run_address>0x247c</run_address>
         <size>0x38</size>
         <alignment>0x4</alignment>
         <input_file_ref idref="fl-3a"/>
      </object_component>
      <object_component id="oc-1bc">
         <name>.text.LED_off</name>
         <load_address>0x24b4</load_address>
         <readonly>true</readonly>
         <executable>true</executable>
         <run_address>0x24b4</run_address>
         <size>0x34</size>
         <alignment>0x4</alignment>
         <input_file_ref idref="fl-9"/>
      </object_component>
      <object_component id="oc-121">
         <name>.text.LED_toggle</name>
         <load_address>0x24e8</load_address>
         <readonly>true</readonly>
         <executable>true</executable>
         <run_address>0x24e8</run_address>
         <size>0x34</size>
         <alignment>0x4</alignment>
         <input_file_ref idref="fl-9"/>
      </object_component>
      <object_component id="oc-a6">
         <name>.text.readBlackFromFlash</name>
         <load_address>0x251c</load_address>
         <readonly>true</readonly>
         <executable>true</executable>
         <run_address>0x251c</run_address>
         <size>0x34</size>
         <alignment>0x4</alignment>
         <input_file_ref idref="fl-7"/>
      </object_component>
      <object_component id="oc-a1">
         <name>.text.readWhiteFromFlash</name>
         <load_address>0x2550</load_address>
         <readonly>true</readonly>
         <executable>true</executable>
         <run_address>0x2550</run_address>
         <size>0x34</size>
         <alignment>0x4</alignment>
         <input_file_ref idref="fl-7"/>
      </object_component>
      <object_component id="oc-1df">
         <name>.text.DL_DMA_setTransferSize</name>
         <load_address>0x2584</load_address>
         <readonly>true</readonly>
         <executable>true</executable>
         <run_address>0x2584</run_address>
         <size>0x30</size>
         <alignment>0x4</alignment>
         <input_file_ref idref="fl-2"/>
      </object_component>
      <object_component id="oc-18d">
         <name>.text.DL_ADC12_setDMASamplesCnt</name>
         <load_address>0x25b4</load_address>
         <readonly>true</readonly>
         <executable>true</executable>
         <run_address>0x25b4</run_address>
         <size>0x2c</size>
         <alignment>0x4</alignment>
         <input_file_ref idref="fl-2"/>
      </object_component>
      <object_component id="oc-1bb">
         <name>.text.DL_FlashCTL_waitForCmdDone</name>
         <load_address>0x25e0</load_address>
         <readonly>true</readonly>
         <executable>true</executable>
         <run_address>0x25e0</run_address>
         <size>0x2c</size>
         <alignment>0x4</alignment>
         <input_file_ref idref="fl-7"/>
      </object_component>
      <object_component id="oc-a0">
         <name>.text.__NVIC_EnableIRQ</name>
         <load_address>0x260c</load_address>
         <readonly>true</readonly>
         <executable>true</executable>
         <run_address>0x260c</run_address>
         <size>0x2c</size>
         <alignment>0x4</alignment>
         <input_file_ref idref="fl-1"/>
      </object_component>
      <object_component id="oc-1a3">
         <name>.text.__floatsidf</name>
         <load_address>0x2638</load_address>
         <readonly>true</readonly>
         <executable>true</executable>
         <run_address>0x2638</run_address>
         <size>0x2c</size>
         <alignment>0x4</alignment>
         <input_file_ref idref="fl-10e"/>
      </object_component>
      <object_component id="oc-11e">
         <name>.text.uart0_send_char</name>
         <load_address>0x2664</load_address>
         <readonly>true</readonly>
         <executable>true</executable>
         <run_address>0x2664</run_address>
         <size>0x2c</size>
         <alignment>0x4</alignment>
         <input_file_ref idref="fl-b"/>
      </object_component>
      <object_component id="oc-ea">
         <name>.text.SYSCFG_DL_SYSCTL_init</name>
         <load_address>0x2690</load_address>
         <readonly>true</readonly>
         <executable>true</executable>
         <run_address>0x2690</run_address>
         <size>0x2a</size>
         <alignment>0x2</alignment>
         <input_file_ref idref="fl-2"/>
      </object_component>
      <object_component id="oc-1d6">
         <name>.text.DL_Common_updateReg</name>
         <load_address>0x26ba</load_address>
         <readonly>true</readonly>
         <executable>true</executable>
         <run_address>0x26ba</run_address>
         <size>0x28</size>
         <alignment>0x2</alignment>
         <input_file_ref idref="fl-2"/>
      </object_component>
      <object_component id="oc-9d">
         <name>.text.DL_DMA_setDestAddr</name>
         <load_address>0x26e4</load_address>
         <readonly>true</readonly>
         <executable>true</executable>
         <run_address>0x26e4</run_address>
         <size>0x28</size>
         <alignment>0x4</alignment>
         <input_file_ref idref="fl-1"/>
      </object_component>
      <object_component id="oc-9c">
         <name>.text.DL_DMA_setSrcAddr</name>
         <load_address>0x270c</load_address>
         <readonly>true</readonly>
         <executable>true</executable>
         <run_address>0x270c</run_address>
         <size>0x28</size>
         <alignment>0x4</alignment>
         <input_file_ref idref="fl-1"/>
      </object_component>
      <object_component id="oc-170">
         <name>.text.DL_I2C_setControllerRXFIFOThreshold</name>
         <load_address>0x2734</load_address>
         <readonly>true</readonly>
         <executable>true</executable>
         <run_address>0x2734</run_address>
         <size>0x28</size>
         <alignment>0x4</alignment>
         <input_file_ref idref="fl-2"/>
      </object_component>
      <object_component id="oc-16f">
         <name>.text.DL_I2C_setControllerTXFIFOThreshold</name>
         <load_address>0x275c</load_address>
         <readonly>true</readonly>
         <executable>true</executable>
         <run_address>0x275c</run_address>
         <size>0x28</size>
         <alignment>0x4</alignment>
         <input_file_ref idref="fl-2"/>
      </object_component>
      <object_component id="oc-191">
         <name>.text.SYSCFG_DL_DMA_CH0_init</name>
         <load_address>0x2784</load_address>
         <readonly>true</readonly>
         <executable>true</executable>
         <run_address>0x2784</run_address>
         <size>0x28</size>
         <alignment>0x4</alignment>
         <input_file_ref idref="fl-2"/>
      </object_component>
      <object_component id="oc-ac">
         <name>.text.Tick_delay</name>
         <load_address>0x27ac</load_address>
         <readonly>true</readonly>
         <executable>true</executable>
         <run_address>0x27ac</run_address>
         <size>0x28</size>
         <alignment>0x4</alignment>
         <input_file_ref idref="fl-6"/>
      </object_component>
      <object_component id="oc-59">
         <name>.text:_c_int00_noargs</name>
         <load_address>0x27d4</load_address>
         <readonly>true</readonly>
         <executable>true</executable>
         <run_address>0x27d4</run_address>
         <size>0x28</size>
         <alignment>0x4</alignment>
         <input_file_ref idref="fl-3b"/>
      </object_component>
      <object_component id="oc-9e">
         <name>.text.DL_DMA_enableChannel</name>
         <load_address>0x27fc</load_address>
         <readonly>true</readonly>
         <executable>true</executable>
         <run_address>0x27fc</run_address>
         <size>0x26</size>
         <alignment>0x2</alignment>
         <input_file_ref idref="fl-1"/>
      </object_component>
      <object_component id="oc-16b">
         <name>.text.DL_I2C_setAnalogGlitchFilterPulseWidth</name>
         <load_address>0x2822</load_address>
         <readonly>true</readonly>
         <executable>true</executable>
         <run_address>0x2822</run_address>
         <size>0x26</size>
         <alignment>0x2</alignment>
         <input_file_ref idref="fl-2"/>
      </object_component>
      <object_component id="oc-165">
         <name>.text.DL_I2C_setClockConfig</name>
         <load_address>0x2848</load_address>
         <readonly>true</readonly>
         <executable>true</executable>
         <run_address>0x2848</run_address>
         <size>0x26</size>
         <alignment>0x2</alignment>
         <input_file_ref idref="fl-21"/>
      </object_component>
      <object_component id="oc-1ba">
         <name>.text.DL_FlashCTL_programMemoryFromRAM64</name>
         <load_address>0x2870</load_address>
         <readonly>true</readonly>
         <executable>true</executable>
         <run_address>0x2870</run_address>
         <size>0x24</size>
         <alignment>0x4</alignment>
         <input_file_ref idref="fl-20"/>
      </object_component>
      <object_component id="oc-100">
         <name>.text.__floatunsidf</name>
         <load_address>0x2894</load_address>
         <readonly>true</readonly>
         <executable>true</executable>
         <run_address>0x2894</run_address>
         <size>0x24</size>
         <alignment>0x4</alignment>
         <input_file_ref idref="fl-10f"/>
      </object_component>
      <object_component id="oc-211">
         <name>.text.__muldi3</name>
         <load_address>0x28b8</load_address>
         <readonly>true</readonly>
         <executable>true</executable>
         <run_address>0x28b8</run_address>
         <size>0x24</size>
         <alignment>0x4</alignment>
         <input_file_ref idref="fl-110"/>
      </object_component>
      <object_component id="oc-1fd">
         <name>.text.memccpy</name>
         <load_address>0x28dc</load_address>
         <readonly>true</readonly>
         <executable>true</executable>
         <run_address>0x28dc</run_address>
         <size>0x22</size>
         <alignment>0x2</alignment>
         <input_file_ref idref="fl-4c"/>
      </object_component>
      <object_component id="oc-149">
         <name>.text.DL_GPIO_initPeripheralInputFunction</name>
         <load_address>0x2900</load_address>
         <readonly>true</readonly>
         <executable>true</executable>
         <run_address>0x2900</run_address>
         <size>0x20</size>
         <alignment>0x4</alignment>
         <input_file_ref idref="fl-2"/>
      </object_component>
      <object_component id="oc-17b">
         <name>.text.DL_UART_setOversampling</name>
         <load_address>0x2920</load_address>
         <readonly>true</readonly>
         <executable>true</executable>
         <run_address>0x2920</run_address>
         <size>0x1e</size>
         <alignment>0x2</alignment>
         <input_file_ref idref="fl-2"/>
      </object_component>
      <object_component id="oc-24c">
         <name>.text.__ashldi3</name>
         <load_address>0x2940</load_address>
         <readonly>true</readonly>
         <executable>true</executable>
         <run_address>0x2940</run_address>
         <size>0x1e</size>
         <alignment>0x4</alignment>
         <input_file_ref idref="fl-118"/>
      </object_component>
      <object_component id="oc-18c">
         <name>.text.DL_ADC12_enableDMA</name>
         <load_address>0x2960</load_address>
         <readonly>true</readonly>
         <executable>true</executable>
         <run_address>0x2960</run_address>
         <size>0x1c</size>
         <alignment>0x4</alignment>
         <input_file_ref idref="fl-2"/>
      </object_component>
      <object_component id="oc-18e">
         <name>.text.DL_ADC12_enableDMATrigger</name>
         <load_address>0x297c</load_address>
         <readonly>true</readonly>
         <executable>true</executable>
         <run_address>0x297c</run_address>
         <size>0x1c</size>
         <alignment>0x4</alignment>
         <input_file_ref idref="fl-2"/>
      </object_component>
      <object_component id="oc-9f">
         <name>.text.DL_ADC12_startConversion</name>
         <load_address>0x2998</load_address>
         <readonly>true</readonly>
         <executable>true</executable>
         <run_address>0x2998</run_address>
         <size>0x1c</size>
         <alignment>0x4</alignment>
         <input_file_ref idref="fl-1"/>
      </object_component>
      <object_component id="oc-14e">
         <name>.text.DL_GPIO_clearInterruptStatus</name>
         <load_address>0x29b4</load_address>
         <readonly>true</readonly>
         <executable>true</executable>
         <run_address>0x29b4</run_address>
         <size>0x1c</size>
         <alignment>0x4</alignment>
         <input_file_ref idref="fl-2"/>
      </object_component>
      <object_component id="oc-148">
         <name>.text.DL_GPIO_enableHiZ</name>
         <load_address>0x29d0</load_address>
         <readonly>true</readonly>
         <executable>true</executable>
         <run_address>0x29d0</run_address>
         <size>0x1c</size>
         <alignment>0x4</alignment>
         <input_file_ref idref="fl-2"/>
      </object_component>
      <object_component id="oc-14f">
         <name>.text.DL_GPIO_enableInterrupt</name>
         <load_address>0x29ec</load_address>
         <readonly>true</readonly>
         <executable>true</executable>
         <run_address>0x29ec</run_address>
         <size>0x1c</size>
         <alignment>0x4</alignment>
         <input_file_ref idref="fl-2"/>
      </object_component>
      <object_component id="oc-145">
         <name>.text.DL_GPIO_initPeripheralOutputFunction</name>
         <load_address>0x2a08</load_address>
         <readonly>true</readonly>
         <executable>true</executable>
         <run_address>0x2a08</run_address>
         <size>0x1c</size>
         <alignment>0x4</alignment>
         <input_file_ref idref="fl-2"/>
      </object_component>
      <object_component id="oc-14d">
         <name>.text.DL_GPIO_setLowerPinsPolarity</name>
         <load_address>0x2a24</load_address>
         <readonly>true</readonly>
         <executable>true</executable>
         <run_address>0x2a24</run_address>
         <size>0x1c</size>
         <alignment>0x4</alignment>
         <input_file_ref idref="fl-2"/>
      </object_component>
      <object_component id="oc-155">
         <name>.text.DL_SYSCTL_setMCLKDivider</name>
         <load_address>0x2a40</load_address>
         <readonly>true</readonly>
         <executable>true</executable>
         <run_address>0x2a40</run_address>
         <size>0x1c</size>
         <alignment>0x4</alignment>
         <input_file_ref idref="fl-2"/>
      </object_component>
      <object_component id="oc-151">
         <name>.text.DL_SYSCTL_setSYSOSCFreq</name>
         <load_address>0x2a5c</load_address>
         <readonly>true</readonly>
         <executable>true</executable>
         <run_address>0x2a5c</run_address>
         <size>0x1c</size>
         <alignment>0x4</alignment>
         <input_file_ref idref="fl-2"/>
      </object_component>
      <object_component id="oc-154">
         <name>.text.DL_SYSCTL_setULPCLKDivider</name>
         <load_address>0x2a78</load_address>
         <readonly>true</readonly>
         <executable>true</executable>
         <run_address>0x2a78</run_address>
         <size>0x1c</size>
         <alignment>0x4</alignment>
         <input_file_ref idref="fl-2"/>
      </object_component>
      <object_component id="oc-15f">
         <name>.text.DL_Timer_setCaptCompUpdateMethod</name>
         <load_address>0x2a94</load_address>
         <readonly>true</readonly>
         <executable>true</executable>
         <run_address>0x2a94</run_address>
         <size>0x1c</size>
         <alignment>0x4</alignment>
         <input_file_ref idref="fl-22"/>
      </object_component>
      <object_component id="oc-156">
         <name>.text.DL_Timer_setClockConfig</name>
         <load_address>0x2ab0</load_address>
         <readonly>true</readonly>
         <executable>true</executable>
         <run_address>0x2ab0</run_address>
         <size>0x1c</size>
         <alignment>0x4</alignment>
         <input_file_ref idref="fl-22"/>
      </object_component>
      <object_component id="oc-17d">
         <name>.text.DL_UART_enableInterrupt</name>
         <load_address>0x2acc</load_address>
         <readonly>true</readonly>
         <executable>true</executable>
         <run_address>0x2acc</run_address>
         <size>0x1c</size>
         <alignment>0x4</alignment>
         <input_file_ref idref="fl-2"/>
      </object_component>
      <object_component id="oc-140">
         <name>.text.DL_ADC12_enablePower</name>
         <load_address>0x2ae8</load_address>
         <readonly>true</readonly>
         <executable>true</executable>
         <run_address>0x2ae8</run_address>
         <size>0x18</size>
         <alignment>0x4</alignment>
         <input_file_ref idref="fl-2"/>
      </object_component>
      <object_component id="oc-13b">
         <name>.text.DL_ADC12_reset</name>
         <load_address>0x2b00</load_address>
         <readonly>true</readonly>
         <executable>true</executable>
         <run_address>0x2b00</run_address>
         <size>0x18</size>
         <alignment>0x4</alignment>
         <input_file_ref idref="fl-2"/>
      </object_component>
      <object_component id="oc-18b">
         <name>.text.DL_ADC12_setSampleTime0</name>
         <load_address>0x2b18</load_address>
         <readonly>true</readonly>
         <executable>true</executable>
         <run_address>0x2b18</run_address>
         <size>0x18</size>
         <alignment>0x4</alignment>
         <input_file_ref idref="fl-2"/>
      </object_component>
      <object_component id="oc-1b9">
         <name>.text.DL_FlashCTL_eraseMemoryFromRAM</name>
         <load_address>0x2b30</load_address>
         <readonly>true</readonly>
         <executable>true</executable>
         <run_address>0x2b30</run_address>
         <size>0x18</size>
         <alignment>0x4</alignment>
         <input_file_ref idref="fl-20"/>
      </object_component>
      <object_component id="oc-146">
         <name>.text.DL_GPIO_enableOutput</name>
         <load_address>0x2b48</load_address>
         <readonly>true</readonly>
         <executable>true</executable>
         <run_address>0x2b48</run_address>
         <size>0x18</size>
         <alignment>0x4</alignment>
         <input_file_ref idref="fl-2"/>
      </object_component>
      <object_component id="oc-13c">
         <name>.text.DL_GPIO_enablePower</name>
         <load_address>0x2b60</load_address>
         <readonly>true</readonly>
         <executable>true</executable>
         <run_address>0x2b60</run_address>
         <size>0x18</size>
         <alignment>0x4</alignment>
         <input_file_ref idref="fl-2"/>
      </object_component>
      <object_component id="oc-14a">
         <name>.text.DL_GPIO_initDigitalOutput</name>
         <load_address>0x2b78</load_address>
         <readonly>true</readonly>
         <executable>true</executable>
         <run_address>0x2b78</run_address>
         <size>0x18</size>
         <alignment>0x4</alignment>
         <input_file_ref idref="fl-2"/>
      </object_component>
      <object_component id="oc-137">
         <name>.text.DL_GPIO_reset</name>
         <load_address>0x2b90</load_address>
         <readonly>true</readonly>
         <executable>true</executable>
         <run_address>0x2b90</run_address>
         <size>0x18</size>
         <alignment>0x4</alignment>
         <input_file_ref idref="fl-2"/>
      </object_component>
      <object_component id="oc-19f">
         <name>.text.DL_GPIO_setPins</name>
         <load_address>0x2ba8</load_address>
         <readonly>true</readonly>
         <executable>true</executable>
         <run_address>0x2ba8</run_address>
         <size>0x18</size>
         <alignment>0x4</alignment>
         <input_file_ref idref="fl-4"/>
      </object_component>
      <object_component id="oc-194">
         <name>.text.DL_GPIO_setPins</name>
         <load_address>0x2bc0</load_address>
         <readonly>true</readonly>
         <executable>true</executable>
         <run_address>0x2bc0</run_address>
         <size>0x18</size>
         <alignment>0x4</alignment>
         <input_file_ref idref="fl-9"/>
      </object_component>
      <object_component id="oc-1c7">
         <name>.text.DL_GPIO_togglePins</name>
         <load_address>0x2bd8</load_address>
         <readonly>true</readonly>
         <executable>true</executable>
         <run_address>0x2bd8</run_address>
         <size>0x18</size>
         <alignment>0x4</alignment>
         <input_file_ref idref="fl-9"/>
      </object_component>
      <object_component id="oc-16c">
         <name>.text.DL_I2C_enableAnalogGlitchFilter</name>
         <load_address>0x2bf0</load_address>
         <readonly>true</readonly>
         <executable>true</executable>
         <run_address>0x2bf0</run_address>
         <size>0x18</size>
         <alignment>0x2</alignment>
         <input_file_ref idref="fl-2"/>
      </object_component>
      <object_component id="oc-172">
         <name>.text.DL_I2C_enableController</name>
         <load_address>0x2c08</load_address>
         <readonly>true</readonly>
         <executable>true</executable>
         <run_address>0x2c08</run_address>
         <size>0x18</size>
         <alignment>0x4</alignment>
         <input_file_ref idref="fl-2"/>
      </object_component>
      <object_component id="oc-171">
         <name>.text.DL_I2C_enableControllerClockStretching</name>
         <load_address>0x2c20</load_address>
         <readonly>true</readonly>
         <executable>true</executable>
         <run_address>0x2c20</run_address>
         <size>0x18</size>
         <alignment>0x4</alignment>
         <input_file_ref idref="fl-2"/>
      </object_component>
      <object_component id="oc-13e">
         <name>.text.DL_I2C_enablePower</name>
         <load_address>0x2c38</load_address>
         <readonly>true</readonly>
         <executable>true</executable>
         <run_address>0x2c38</run_address>
         <size>0x18</size>
         <alignment>0x4</alignment>
         <input_file_ref idref="fl-2"/>
      </object_component>
      <object_component id="oc-139">
         <name>.text.DL_I2C_reset</name>
         <load_address>0x2c50</load_address>
         <readonly>true</readonly>
         <executable>true</executable>
         <run_address>0x2c50</run_address>
         <size>0x18</size>
         <alignment>0x4</alignment>
         <input_file_ref idref="fl-2"/>
      </object_component>
      <object_component id="oc-16e">
         <name>.text.DL_I2C_setTimerPeriod</name>
         <load_address>0x2c68</load_address>
         <readonly>true</readonly>
         <executable>true</executable>
         <run_address>0x2c68</run_address>
         <size>0x18</size>
         <alignment>0x4</alignment>
         <input_file_ref idref="fl-2"/>
      </object_component>
      <object_component id="oc-150">
         <name>.text.DL_SYSCTL_setBORThreshold</name>
         <load_address>0x2c80</load_address>
         <readonly>true</readonly>
         <executable>true</executable>
         <run_address>0x2c80</run_address>
         <size>0x18</size>
         <alignment>0x4</alignment>
         <input_file_ref idref="fl-2"/>
      </object_component>
      <object_component id="oc-13d">
         <name>.text.DL_Timer_enablePower</name>
         <load_address>0x2c98</load_address>
         <readonly>true</readonly>
         <executable>true</executable>
         <run_address>0x2c98</run_address>
         <size>0x18</size>
         <alignment>0x4</alignment>
         <input_file_ref idref="fl-2"/>
      </object_component>
      <object_component id="oc-138">
         <name>.text.DL_Timer_reset</name>
         <load_address>0x2cb0</load_address>
         <readonly>true</readonly>
         <executable>true</executable>
         <run_address>0x2cb0</run_address>
         <size>0x18</size>
         <alignment>0x4</alignment>
         <input_file_ref idref="fl-2"/>
      </object_component>
      <object_component id="oc-15e">
         <name>.text.DL_Timer_setCaptureCompareOutCtl</name>
         <load_address>0x2cc8</load_address>
         <readonly>true</readonly>
         <executable>true</executable>
         <run_address>0x2cc8</run_address>
         <size>0x18</size>
         <alignment>0x4</alignment>
         <input_file_ref idref="fl-22"/>
      </object_component>
      <object_component id="oc-13f">
         <name>.text.DL_UART_enablePower</name>
         <load_address>0x2ce0</load_address>
         <readonly>true</readonly>
         <executable>true</executable>
         <run_address>0x2ce0</run_address>
         <size>0x18</size>
         <alignment>0x4</alignment>
         <input_file_ref idref="fl-2"/>
      </object_component>
      <object_component id="oc-1c5">
         <name>.text.DL_UART_isBusy</name>
         <load_address>0x2cf8</load_address>
         <readonly>true</readonly>
         <executable>true</executable>
         <run_address>0x2cf8</run_address>
         <size>0x18</size>
         <alignment>0x4</alignment>
         <input_file_ref idref="fl-b"/>
      </object_component>
      <object_component id="oc-13a">
         <name>.text.DL_UART_reset</name>
         <load_address>0x2d10</load_address>
         <readonly>true</readonly>
         <executable>true</executable>
         <run_address>0x2d10</run_address>
         <size>0x18</size>
         <alignment>0x4</alignment>
         <input_file_ref idref="fl-2"/>
      </object_component>
      <object_component id="oc-113">
         <name>.text.LED_KEY_Blink_Start</name>
         <load_address>0x2d28</load_address>
         <readonly>true</readonly>
         <executable>true</executable>
         <run_address>0x2d28</run_address>
         <size>0x18</size>
         <alignment>0x4</alignment>
         <input_file_ref idref="fl-9"/>
      </object_component>
      <object_component id="oc-11a">
         <name>.text._outs</name>
         <load_address>0x2d40</load_address>
         <readonly>true</readonly>
         <executable>true</executable>
         <run_address>0x2d40</run_address>
         <size>0x18</size>
         <alignment>0x2</alignment>
         <input_file_ref idref="fl-3a"/>
      </object_component>
      <object_component id="oc-18f">
         <name>.text.DL_ADC12_enableConversions</name>
         <load_address>0x2d58</load_address>
         <readonly>true</readonly>
         <executable>true</executable>
         <run_address>0x2d58</run_address>
         <size>0x16</size>
         <alignment>0x2</alignment>
         <input_file_ref idref="fl-2"/>
      </object_component>
      <object_component id="oc-111">
         <name>.text.DL_GPIO_readPins</name>
         <load_address>0x2d6e</load_address>
         <readonly>true</readonly>
         <executable>true</executable>
         <run_address>0x2d6e</run_address>
         <size>0x16</size>
         <alignment>0x2</alignment>
         <input_file_ref idref="fl-8"/>
      </object_component>
      <object_component id="oc-64">
         <name>.text.DL_GPIO_readPins</name>
         <load_address>0x2d84</load_address>
         <readonly>true</readonly>
         <executable>true</executable>
         <run_address>0x2d84</run_address>
         <size>0x16</size>
         <alignment>0x2</alignment>
         <input_file_ref idref="fl-1"/>
      </object_component>
      <object_component id="oc-17e">
         <name>.text.DL_UART_enable</name>
         <load_address>0x2d9a</load_address>
         <readonly>true</readonly>
         <executable>true</executable>
         <run_address>0x2d9a</run_address>
         <size>0x16</size>
         <alignment>0x2</alignment>
         <input_file_ref idref="fl-2"/>
      </object_component>
      <object_component id="oc-1c6">
         <name>.text.DL_UART_transmitData</name>
         <load_address>0x2db0</load_address>
         <readonly>true</readonly>
         <executable>true</executable>
         <run_address>0x2db0</run_address>
         <size>0x16</size>
         <alignment>0x2</alignment>
         <input_file_ref idref="fl-b"/>
      </object_component>
      <object_component id="oc-50">
         <name>.text:decompress:ZI:__TI_zero_init_nomemset</name>
         <load_address>0x2dc6</load_address>
         <readonly>true</readonly>
         <executable>true</executable>
         <run_address>0x2dc6</run_address>
         <size>0x16</size>
         <alignment>0x2</alignment>
         <input_file_ref idref="fl-40"/>
      </object_component>
      <object_component id="oc-1a0">
         <name>.text.DL_GPIO_clearPins</name>
         <load_address>0x2ddc</load_address>
         <readonly>true</readonly>
         <executable>true</executable>
         <run_address>0x2ddc</run_address>
         <size>0x14</size>
         <alignment>0x2</alignment>
         <input_file_ref idref="fl-4"/>
      </object_component>
      <object_component id="oc-193">
         <name>.text.DL_GPIO_clearPins</name>
         <load_address>0x2df0</load_address>
         <readonly>true</readonly>
         <executable>true</executable>
         <run_address>0x2df0</run_address>
         <size>0x14</size>
         <alignment>0x2</alignment>
         <input_file_ref idref="fl-9"/>
      </object_component>
      <object_component id="oc-14c">
         <name>.text.DL_GPIO_clearPins</name>
         <load_address>0x2e04</load_address>
         <readonly>true</readonly>
         <executable>true</executable>
         <run_address>0x2e04</run_address>
         <size>0x14</size>
         <alignment>0x2</alignment>
         <input_file_ref idref="fl-2"/>
      </object_component>
      <object_component id="oc-16d">
         <name>.text.DL_I2C_resetControllerTransfer</name>
         <load_address>0x2e18</load_address>
         <readonly>true</readonly>
         <executable>true</executable>
         <run_address>0x2e18</run_address>
         <size>0x14</size>
         <alignment>0x4</alignment>
         <input_file_ref idref="fl-2"/>
      </object_component>
      <object_component id="oc-153">
         <name>.text.DL_SYSCTL_disableSYSPLL</name>
         <load_address>0x2e2c</load_address>
         <readonly>true</readonly>
         <executable>true</executable>
         <run_address>0x2e2c</run_address>
         <size>0x14</size>
         <alignment>0x4</alignment>
         <input_file_ref idref="fl-2"/>
      </object_component>
      <object_component id="oc-161">
         <name>.text.DL_Timer_enableClock</name>
         <load_address>0x2e40</load_address>
         <readonly>true</readonly>
         <executable>true</executable>
         <run_address>0x2e40</run_address>
         <size>0x14</size>
         <alignment>0x4</alignment>
         <input_file_ref idref="fl-2"/>
      </object_component>
      <object_component id="oc-162">
         <name>.text.DL_Timer_setCCPDirection</name>
         <load_address>0x2e54</load_address>
         <readonly>true</readonly>
         <executable>true</executable>
         <run_address>0x2e54</run_address>
         <size>0x14</size>
         <alignment>0x2</alignment>
         <input_file_ref idref="fl-2"/>
      </object_component>
      <object_component id="oc-112">
         <name>.text.LED_KEY_Blink_SetInterval</name>
         <load_address>0x2e68</load_address>
         <readonly>true</readonly>
         <executable>true</executable>
         <run_address>0x2e68</run_address>
         <size>0x14</size>
         <alignment>0x4</alignment>
         <input_file_ref idref="fl-9"/>
      </object_component>
      <object_component id="oc-116">
         <name>.text.LED_KEY_Blink_Stop</name>
         <load_address>0x2e7c</load_address>
         <readonly>true</readonly>
         <executable>true</executable>
         <run_address>0x2e7c</run_address>
         <size>0x14</size>
         <alignment>0x4</alignment>
         <input_file_ref idref="fl-9"/>
      </object_component>
      <object_component id="oc-216">
         <name>.text.__aeabi_uldivmod</name>
         <load_address>0x2e90</load_address>
         <readonly>true</readonly>
         <executable>true</executable>
         <run_address>0x2e90</run_address>
         <size>0x14</size>
         <alignment>0x4</alignment>
         <input_file_ref idref="fl-116"/>
      </object_component>
      <object_component id="oc-63">
         <name>.text.DL_GPIO_getPendingInterrupt</name>
         <load_address>0x2ea4</load_address>
         <readonly>true</readonly>
         <executable>true</executable>
         <run_address>0x2ea4</run_address>
         <size>0x12</size>
         <alignment>0x2</alignment>
         <input_file_ref idref="fl-1"/>
      </object_component>
      <object_component id="oc-174">
         <name>.text.DL_UART_setClockConfig</name>
         <load_address>0x2eb6</load_address>
         <readonly>true</readonly>
         <executable>true</executable>
         <run_address>0x2eb6</run_address>
         <size>0x12</size>
         <alignment>0x2</alignment>
         <input_file_ref idref="fl-23"/>
      </object_component>
      <object_component id="oc-88">
         <name>.text:TI_memcpy_small</name>
         <load_address>0x2ec8</load_address>
         <readonly>true</readonly>
         <executable>true</executable>
         <run_address>0x2ec8</run_address>
         <size>0x12</size>
         <alignment>0x1</alignment>
         <input_file_ref idref="fl-11c"/>
      </object_component>
      <object_component id="oc-20">
         <name>.text:decompress:none</name>
         <load_address>0x2eda</load_address>
         <readonly>true</readonly>
[...]
      <symbol id="sm-19b">
         <name>DMA_IRQHandler</name>
         <value>0x2fc7</value>
         <object_component_ref idref="oc-33"/>
      </symbol>
      <symbol id="sm-1bb">
         <name>Get_Analog_value</name>
         <value>0x14b1</value>
         <object_component_ref idref="oc-10e"/>
      </symbol>
      <symbol id="sm-1bc">
         <name>convertAnalogToDigital</name>
         <value>0x1bd1</value>
         <object_component_ref idref="oc-10f"/>
      </symbol>
      <symbol id="sm-1bd">
         <name>normalizeAnalogValues</name>
         <value>0x161d</value>
         <object_component_ref idref="oc-110"/>
      </symbol>
      <symbol id="sm-1be">
         <name>No_MCU_Ganv_Sensor_Init_Frist</name>
         <value>0x1af1</value>
         <object_component_ref idref="oc-fb"/>
      </symbol>
      <symbol id="sm-1bf">
         <name>No_MCU_Ganv_Sensor_Init</name>
         <value>0xcf1</value>
         <object_component_ref idref="oc-a7"/>
      </symbol>
      <symbol id="sm-1c0">
         <name>No_Mcu_Ganv_Sensor_Task_Without_tick</name>
         <value>0x220d</value>
         <object_component_ref idref="oc-ad"/>
      </symbol>
      <symbol id="sm-1c1">
         <name>Get_Digtal_For_User</name>
         <value>0x2f2d</value>
         <object_component_ref idref="oc-af"/>
      </symbol>
      <symbol id="sm-1c2">
         <name>Get_Anolog_Value</name>
         <value>0x238d</value>
         <object_component_ref idref="oc-ae"/>
      </symbol>
      <symbol id="sm-1cb">
         <name>adc_getValue</name>
         <value>0x1a7d</value>
         <object_component_ref idref="oc-1a1"/>
      </symbol>
      <symbol id="sm-1cc">
         <name>ADC_VALUE</name>
         <value>0x20200170</value>
      </symbol>
      <symbol id="sm-1db">
         <name>SysTick_Handler</name>
         <value>0x2fa7</value>
         <object_component_ref idref="oc-34"/>
      </symbol>
      <symbol id="sm-1dc">
         <name>Tick_SysTickCallback</name>
         <value>0x2f0d</value>
         <object_component_ref idref="oc-60"/>
      </symbol>
      <symbol id="sm-1dd">
         <name>Tick</name>
         <value>0x20200298</value>
         <object_component_ref idref="oc-65"/>
      </symbol>
      <symbol id="sm-1de">
         <name>Tick_delay</name>
         <value>0x27ad</value>
         <object_component_ref idref="oc-ac"/>
      </symbol>
      <symbol id="sm-1f2">
         <name>writeToFlash</name>
         <value>0x1569</value>
         <object_component_ref idref="oc-115"/>
      </symbol>
      <symbol id="sm-1f3">
         <name>readWhiteFromFlash</name>
         <value>0x2551</value>
         <object_component_ref idref="oc-a1"/>
      </symbol>
      <symbol id="sm-1f4">
         <name>readBlackFromFlash</name>
         <value>0x251d</value>
         <object_component_ref idref="oc-a6"/>
      </symbol>
      <symbol id="sm-207">
         <name>adjust_white_black</name>
         <value>0x1e2d</value>
         <object_component_ref idref="oc-114"/>
      </symbol>
      <symbol id="sm-208">
         <name>Key_Process</name>
         <value>0x929</value>
         <object_component_ref idref="oc-b0"/>
      </symbol>
      <symbol id="sm-209">
         <name>state</name>
         <value>0x202001f0</value>
      </symbol>
      <symbol id="sm-20a">
         <name>long_err_flag</name>
         <value>0x202002a5</value>
         <object_component_ref idref="oc-117"/>
      </symbol>
      <symbol id="sm-20b">
         <name>key_pressed</name>
         <value>0x202002a4</value>
         <object_component_ref idref="oc-68"/>
      </symbol>
      <symbol id="sm-20c">
         <name>long_pressed_key_time</name>
         <value>0x202000bc</value>
      </symbol>
      <symbol id="sm-20d">
         <name>last_key_time</name>
         <value>0x202002a0</value>
         <object_component_ref idref="oc-66"/>
      </symbol>
      <symbol id="sm-23a">
         <name>LED_init</name>
         <value>0x2f8b</value>
         <object_component_ref idref="oc-97"/>
      </symbol>
      <symbol id="sm-23b">
         <name>LED_setAll</name>
         <value>0x190d</value>
         <object_component_ref idref="oc-f6"/>
      </symbol>
      <symbol id="sm-23c">
         <name>LED_off</name>
         <value>0x24b5</value>
         <object_component_ref idref="oc-1bc"/>
      </symbol>
      <symbol id="sm-23d">
         <name>LED_toggle</name>
         <value>0x24e9</value>
         <object_component_ref idref="oc-121"/>
      </symbol>
      <symbol id="sm-23e">
         <name>LED_KEY_Blink_Update</name>
         <value>0x23c9</value>
         <object_component_ref idref="oc-bd"/>
      </symbol>
      <symbol id="sm-23f">
         <name>LED_KEY_Blink_SetInterval</name>
         <value>0x2e69</value>
         <object_component_ref idref="oc-112"/>
      </symbol>
      <symbol id="sm-240">
         <name>LED_KEY_Blink_Stop</name>
         <value>0x2e7d</value>
         <object_component_ref idref="oc-116"/>
      </symbol>
      <symbol id="sm-241">
         <name>LED_KEY_Blink_Start</name>
         <value>0x2d29</value>
         <object_component_ref idref="oc-113"/>
      </symbol>
      <symbol id="sm-255">
         <name>uart0_send_char</name>
         <value>0x2665</value>
         <object_component_ref idref="oc-11e"/>
      </symbol>
      <symbol id="sm-256">
         <name>uart0_send_string</name>
         <value>0x2405</value>
         <object_component_ref idref="oc-b8"/>
      </symbol>
      <symbol id="sm-25b">
         <name>__TI_ATRegion0_src_addr</name>
         <value>0x0</value>
      </symbol>
      <symbol id="sm-25c">
         <name>__TI_ATRegion0_trg_addr</name>
         <value>0x0</value>
      </symbol>
      <symbol id="sm-25d">
         <name>__TI_ATRegion0_region_sz</name>
         <value>0x0</value>
      </symbol>
      <symbol id="sm-25e">
         <name>__TI_ATRegion1_src_addr</name>
         <value>0x0</value>
      </symbol>
      <symbol id="sm-25f">
         <name>__TI_ATRegion1_trg_addr</name>
         <value>0x0</value>
      </symbol>
      <symbol id="sm-260">
         <name>__TI_ATRegion1_region_sz</name>
         <value>0x0</value>
      </symbol>
      <symbol id="sm-261">
         <name>__TI_ATRegion2_src_addr</name>
         <value>0x0</value>
      </symbol>
      <symbol id="sm-262">
         <name>__TI_ATRegion2_trg_addr</name>
         <value>0x0</value>
      </symbol>
      <symbol id="sm-263">
         <name>__TI_ATRegion2_region_sz</name>
         <value>0x0</value>
      </symbol>
      <symbol id="sm-26e">
         <name>DL_ADC12_setClockConfig</name>
         <value>0x2251</value>
         <object_component_ref idref="oc-183"/>
      </symbol>
      <symbol id="sm-277">
         <name>DL_Common_delayCycles</name>
         <value>0x2f81</value>
         <object_component_ref idref="oc-141"/>
      </symbol>
      <symbol id="sm-281">
         <name>DL_DMA_initChannel</name>
         <value>0x1f25</value>
         <object_component_ref idref="oc-1e0"/>
      </symbol>
      <symbol id="sm-296">
         <name>DL_FlashCTL_eraseMemoryFromRAM</name>
         <value>0x2b31</value>
         <object_component_ref idref="oc-1b9"/>
      </symbol>
      <symbol id="sm-297">
         <name>DL_FlashCTL_unprotectSector</name>
         <value>0x13d9</value>
         <object_component_ref idref="oc-1b3"/>
      </symbol>
      <symbol id="sm-298">
         <name>DL_FlashCTL_programMemoryFromRAM64</name>
         <value>0x2871</value>
         <object_component_ref idref="oc-1ba"/>
      </symbol>
      <symbol id="sm-2a5">
         <name>DL_I2C_setClockConfig</name>
         <value>0x2849</value>
         <object_component_ref idref="oc-165"/>
      </symbol>
      <symbol id="sm-2bc">
         <name>DL_Timer_setClockConfig</name>
         <value>0x2ab1</value>
         <object_component_ref idref="oc-156"/>
      </symbol>
      <symbol id="sm-2bd">
         <name>DL_Timer_setCaptureCompareValue</name>
         <value>0x2efd</value>
         <object_component_ref idref="oc-160"/>
      </symbol>
      <symbol id="sm-2be">
         <name>DL_Timer_setCaptCompUpdateMethod</name>
         <value>0x2a95</value>
         <object_component_ref idref="oc-15f"/>
      </symbol>
      <symbol id="sm-2bf">
         <name>DL_Timer_setCaptureCompareOutCtl</name>
         <value>0x2cc9</value>
         <object_component_ref idref="oc-15e"/>
      </symbol>
      <symbol id="sm-2c0">
         <name>DL_Timer_initFourCCPWMMode</name>
         <value>0x11f1</value>
         <object_component_ref idref="oc-15c"/>
      </symbol>
      <symbol id="sm-2cd">
         <name>DL_UART_init</name>
         <value>0x2139</value>
         <object_component_ref idref="oc-17a"/>
      </symbol>
      <symbol id="sm-2ce">
         <name>DL_UART_setClockConfig</name>
         <value>0x2eb7</value>
         <object_component_ref idref="oc-174"/>
      </symbol>
      <symbol id="sm-2df">
         <name>sprintf</name>
         <value>0x247d</value>
         <object_component_ref idref="oc-b2"/>
      </symbol>
      <symbol id="sm-2ea">
         <name>_c_int00_noargs</name>
         <value>0x27d5</value>
         <object_component_ref idref="oc-59"/>
      </symbol>
      <symbol id="sm-2eb">
         <name>__stack</name>
         <value>0x20207e00</value>
         <object_component_ref idref="oc-1a"/>
      </symbol>
      <symbol id="sm-2f7">
         <name>__TI_auto_init_nopinit</name>
         <value>0x2055</value>
         <object_component_ref idref="oc-d6"/>
      </symbol>
      <symbol id="sm-2ff">
         <name>_system_pre_init</name>
         <value>0x2fd3</value>
         <object_component_ref idref="oc-75"/>
      </symbol>
      <symbol id="sm-309">
         <name>copy_in</name>
         <value>0x2009</value>
         <object_component_ref idref="oc-132"/>
      </symbol>
      <symbol id="sm-313">
         <name>__TI_zero_init_nomemset</name>
         <value>0x2dc7</value>
         <object_component_ref idref="oc-50"/>
      </symbol>
      <symbol id="sm-31c">
         <name>__TI_decompress_none</name>
         <value>0x2edb</value>
         <object_component_ref idref="oc-20"/>
      </symbol>
      <symbol id="sm-327">
         <name>__TI_decompress_lzss</name>
         <value>0x198d</value>
         <object_component_ref idref="oc-1c"/>
      </symbol>
      <symbol id="sm-349">
         <name>__TI_printfi_nofloat</name>
         <value>0xc1</value>
         <object_component_ref idref="oc-1c3"/>
      </symbol>
      <symbol id="sm-354">
         <name>__aeabi_errno_addr</name>
         <value>0x2fb1</value>
         <object_component_ref idref="oc-20c"/>
      </symbol>
      <symbol id="sm-355">
         <name>__aeabi_errno</name>
         <value>0x2020029c</value>
         <object_component_ref idref="oc-22e"/>
      </symbol>
      <symbol id="sm-35f">
         <name>abort</name>
         <value>0x2fc1</value>
         <object_component_ref idref="oc-c8"/>
      </symbol>
      <symbol id="sm-36d">
         <name>atoi</name>
         <value>0x2311</value>
         <object_component_ref idref="oc-204"/>
      </symbol>
      <symbol id="sm-377">
         <name>memccpy</name>
         <value>0x28dd</value>
         <object_component_ref idref="oc-1fd"/>
      </symbol>
      <symbol id="sm-383">
         <name>wcslen</name>
         <value>0x2f1d</value>
         <object_component_ref idref="oc-208"/>
      </symbol>
      <symbol id="sm-388">
         <name>__aeabi_ctype_table_</name>
         <value>0x2ff0</value>
         <object_component_ref idref="oc-227"/>
      </symbol>
      <symbol id="sm-389">
         <name>__aeabi_ctype_table_C</name>
         <value>0x2ff0</value>
         <object_component_ref idref="oc-227"/>
      </symbol>
      <symbol id="sm-394">
         <name>HOSTexit</name>
         <value>0x2fcb</value>
         <object_component_ref idref="oc-126"/>
      </symbol>
      <symbol id="sm-395">
         <name>C$$EXIT</name>
         <value>0x2fca</value>
         <object_component_ref idref="oc-126"/>
      </symbol>
      <symbol id="sm-3aa">
         <name>__aeabi_dadd</name>
         <value>0xb67</value>
         <object_component_ref idref="oc-104"/>
      </symbol>
      <symbol id="sm-3ab">
         <name>__adddf3</name>
         <value>0xb67</value>
         <object_component_ref idref="oc-104"/>
      </symbol>
      <symbol id="sm-3ac">
         <name>__aeabi_dsub</name>
         <value>0xb5d</value>
         <object_component_ref idref="oc-104"/>
      </symbol>
      <symbol id="sm-3ad">
         <name>__subdf3</name>
         <value>0xb5d</value>
         <object_component_ref idref="oc-104"/>
      </symbol>
      <symbol id="sm-3b3">
         <name>__aeabi_dmul</name>
         <value>0x12f5</value>
         <object_component_ref idref="oc-1a7"/>
      </symbol>
      <symbol id="sm-3b4">
         <name>__muldf3</name>
         <value>0x12f5</value>
         <object_component_ref idref="oc-1a7"/>
      </symbol>
      <symbol id="sm-3ba">
         <name>__muldsi3</name>
         <value>0x2441</value>
         <object_component_ref idref="oc-1ea"/>
      </symbol>
      <symbol id="sm-3c0">
         <name>__aeabi_ddiv</name>
         <value>0x10e5</value>
         <object_component_ref idref="oc-108"/>
      </symbol>
      <symbol id="sm-3c1">
         <name>__divdf3</name>
         <value>0x10e5</value>
         <object_component_ref idref="oc-108"/>
      </symbol>
      <symbol id="sm-3c7">
         <name>__aeabi_d2iz</name>
         <value>0x20ed</value>
         <object_component_ref idref="oc-1ab"/>
      </symbol>
      <symbol id="sm-3c8">
         <name>__fixdfsi</name>
         <value>0x20ed</value>
         <object_component_ref idref="oc-1ab"/>
      </symbol>
      <symbol id="sm-3ce">
         <name>__aeabi_i2d</name>
         <value>0x2639</value>
         <object_component_ref idref="oc-1a3"/>
      </symbol>
      <symbol id="sm-3cf">
         <name>__floatsidf</name>
         <value>0x2639</value>
         <object_component_ref idref="oc-1a3"/>
      </symbol>
      <symbol id="sm-3d5">
         <name>__aeabi_ui2d</name>
         <value>0x2895</value>
         <object_component_ref idref="oc-100"/>
      </symbol>
      <symbol id="sm-3d6">
         <name>__floatunsidf</name>
         <value>0x2895</value>
         <object_component_ref idref="oc-100"/>
      </symbol>
      <symbol id="sm-3dc">
         <name>__aeabi_lmul</name>
         <value>0x28b9</value>
         <object_component_ref idref="oc-211"/>
      </symbol>
      <symbol id="sm-3dd">
         <name>__muldi3</name>
         <value>0x28b9</value>
         <object_component_ref idref="oc-211"/>
      </symbol>
      <symbol id="sm-3e3">
         <name>__aeabi_dcmpeq</name>
         <value>0x1d71</value>
         <object_component_ref idref="oc-1af"/>
      </symbol>
      <symbol id="sm-3e4">
         <name>__aeabi_dcmplt</name>
         <value>0x1d85</value>
         <object_component_ref idref="oc-1af"/>
      </symbol>
      <symbol id="sm-3e5">
         <name>__aeabi_dcmple</name>
         <value>0x1d99</value>
         <object_component_ref idref="oc-1af"/>
      </symbol>
      <symbol id="sm-3e6">
         <name>__aeabi_dcmpge</name>
         <value>0x1dad</value>
         <object_component_ref idref="oc-1af"/>
      </symbol>
      <symbol id="sm-3e7">
         <name>__aeabi_dcmpgt</name>
         <value>0x1dc1</value>
         <object_component_ref idref="oc-1af"/>
      </symbol>
      <symbol id="sm-3ed">
         <name>__aeabi_memcpy</name>
         <value>0x2fb9</value>
         <object_component_ref idref="oc-49"/>
      </symbol>
      <symbol id="sm-3ee">
         <name>__aeabi_memcpy4</name>
         <value>0x2fb9</value>
         <object_component_ref idref="oc-49"/>
      </symbol>
      <symbol id="sm-3ef">
         <name>__aeabi_memcpy8</name>
         <value>0x2fb9</value>
         <object_component_ref idref="oc-49"/>
      </symbol>
      <symbol id="sm-3f8">
         <name>__aeabi_memset</name>
         <value>0x2f3d</value>
         <object_component_ref idref="oc-1fc"/>
      </symbol>
      <symbol id="sm-3f9">
         <name>__aeabi_memset4</name>
         <value>0x2f3d</value>
         <object_component_ref idref="oc-1fc"/>
      </symbol>
      <symbol id="sm-3fa">
         <name>__aeabi_memset8</name>
         <value>0x2f3d</value>
         <object_component_ref idref="oc-1fc"/>
      </symbol>
      <symbol id="sm-3fb">
         <name>__aeabi_memclr</name>
         <value>0x2f75</value>
         <object_component_ref idref="oc-70"/>
      </symbol>
      <symbol id="sm-3fc">
         <name>__aeabi_memclr4</name>
         <value>0x2f75</value>
         <object_component_ref idref="oc-70"/>
      </symbol>
      <symbol id="sm-3fd">
         <name>__aeabi_memclr8</name>
         <value>0x2f75</value>
         <object_component_ref idref="oc-70"/>
      </symbol>
      <symbol id="sm-403">
         <name>__aeabi_uidiv</name>
         <value>0x22d1</value>
         <object_component_ref idref="oc-fc"/>
      </symbol>
      <symbol id="sm-404">
         <name>__aeabi_uidivmod</name>
         <value>0x22d1</value>
         <object_component_ref idref="oc-fc"/>
      </symbol>
      <symbol id="sm-40a">
         <name>__aeabi_uldivmod</name>
         <value>0x2e91</value>
         <object_component_ref idref="oc-216"/>
      </symbol>
      <symbol id="sm-410">
         <name>__udivmoddi4</name>
         <value>0x16c9</value>
         <object_component_ref idref="oc-233"/>
      </symbol>
      <symbol id="sm-416">
         <name>__aeabi_llsl</name>
         <value>0x2941</value>
         <object_component_ref idref="oc-24c"/>
      </symbol>
      <symbol id="sm-417">
         <name>__ashldi3</name>
         <value>0x2941</value>
         <object_component_ref idref="oc-24c"/>
      </symbol>
      <symbol id="sm-425">
         <name>__ledf2</name>
         <value>0x1ca5</value>
         <object_component_ref idref="oc-1f0"/>
      </symbol>
      <symbol id="sm-426">
         <name>__gedf2</name>
         <value>0x1a09</value>
         <object_component_ref idref="oc-1f6"/>
      </symbol>
      <symbol id="sm-427">
         <name>__cmpdf2</name>
         <value>0x1ca5</value>
         <object_component_ref idref="oc-1f0"/>
      </symbol>
      <symbol id="sm-428">
         <name>__eqdf2</name>
         <value>0x1ca5</value>
         <object_component_ref idref="oc-1f0"/>
      </symbol>
      <symbol id="sm-429">
         <name>__ltdf2</name>
         <value>0x1ca5</value>
         <object_component_ref idref="oc-1f0"/>
      </symbol>
      <symbol id="sm-42a">
         <name>__nedf2</name>
         <value>0x1ca5</value>
         <object_component_ref idref="oc-1f0"/>
      </symbol>
      <symbol id="sm-42b">
         <name>__gtdf2</name>
         <value>0x1a09</value>
         <object_component_ref idref="oc-1f6"/>
      </symbol>
      <symbol id="sm-437">
         <name>__aeabi_idiv0</name>
         <value>0xcef</value>
         <object_component_ref idref="oc-196"/>
      </symbol>
      <symbol id="sm-438">
         <name>__aeabi_ldiv0</name>
         <value>0x16c7</value>
         <object_component_ref idref="oc-24b"/>
      </symbol>
      <symbol id="sm-442">
         <name>TI_memcpy_small</name>
         <value>0x2ec9</value>
         <object_component_ref idref="oc-88"/>
      </symbol>
      <symbol id="sm-44b">
         <name>TI_memset_small</name>
         <value>0x2f59</value>
         <object_component_ref idref="oc-e2"/>
      </symbol>
      <symbol id="sm-44c">
         <name>__TI_static_base__</name>
         <value>0x0</value>
      </symbol>
      <symbol id="sm-450">
         <name>__mpu_init</name>
         <value>0x0</value>
      </symbol>
      <symbol id="sm-451">
         <name>_system_post_cinit</name>
         <value>0x0</value>
      </symbol>
   </symbol_table>
   <title>Link successful</title>
</link_info>
